             VMA              LMA     Size Align Out     In      Symbol
               0                0 80200000     1 . = 0x80200000
        80200000                0        0     1 __kernel_base = .
        80200000         80200000     1f1a     4 .text
        80200000         80200000        e     2         /tmp/boot-f91489.o:(.text.boot)
        80200000         80200000        0     1                 
        80200000         80200000        0     1                 
        80200000         80200000        0     1                 .Lpcrel_hi0
        80200000         80200000        0     1                 $x.0
        80200000         80200000        0     1                 
        80200000         80200000        e     1                 boot
        8020000e         8020000e        0     1                 
        8020000e         8020000e        0     1                 
        8020000e         8020000e        0     2         /tmp/boot-f91489.o:(.text)
        8020000e         8020000e       3a     2         /tmp/kernel-ad408b.o:(.text)
        8020000e         8020000e        0     1                 
        8020000e         8020000e        0     1                 
        8020000e         8020000e        0     1                 $x.0
        8020000e         8020000e        0     1                 
        8020000e         8020000e       3a     1                 kernel_main
        80200012         80200012        0     1                 
        80200016         80200016        0     1                 
        80200016         80200016        0     1                 
        8020001a         8020001a        0     1                 .Lpcrel_hi0
        8020001a         8020001a        0     1                 
        80200026         80200026        0     1                 
        80200026         80200026        0     1                 .Lpcrel_hi1
        80200026         80200026        0     1                 
        80200032         80200032        0     1                 
        80200032         80200032        0     1                 
        80200036         80200036        0     1                 
        8020003a         8020003a        0     1                 
        8020003a         8020003a        0     1                 
        8020003e         8020003e        0     1                 
        8020003e         8020003e        0     1                 
        80200042         80200042        0     1                 
        80200042         80200042        0     1                 
        80200046         80200046        0     1                 
        80200046         80200046        0     1                 .LBB0_1
        80200046         80200046        0     1                 
        80200048         80200048        0     1                 
        80200048         80200048        0     1                 
        80200048         80200048      230     2         /tmp/string-92212f.o:(.text)
        80200048         80200048        0     1                 
        80200048         80200048        0     1                 
        80200048         80200048        0     1                 $x.0
        80200048         80200048        0     1                 
        80200048         80200048       2e     1                 strcmp
        8020004c         8020004c        0     1                 
        8020004e         8020004e        0     1                 
        80200050         80200050        0     1                 
        80200050         80200050        0     1                 .LBB0_2
        80200050         80200050        0     1                 
        80200054         80200054        0     1                 
        80200058         80200058        0     1                 
        8020005c         8020005c        0     1                 
        8020005c         8020005c        0     1                 
        80200060         80200060        0     1                 
        80200062         80200062        0     1                 
        80200064         80200064        0     1                 
        80200066         80200066        0     1                 .LBB0_4
        80200066         80200066        0     1                 
        8020006c         8020006c        0     1                 .LBB0_5
        8020006c         8020006c        0     1                 
        8020006c         8020006c        0     1                 
        8020006e         8020006e        0     1                 .LBB0_6
        8020006e         8020006e        0     1                 
        8020006e         8020006e        0     1                 
        80200072         80200072        0     1                 
        80200072         80200072        0     1                 
        80200074         80200074        0     1                 
        80200076         80200076        0     1                 
        80200076         80200076        0     1                 
        80200076         80200076        0     1                 
        80200076         80200076        0     1                 
        80200076         80200076        0     1                 
        80200076         80200076       2e     1                 strncmp
        80200078         80200078        0     1                 
        8020007a         8020007a        0     1                 
        8020007c         8020007c        0     1                 
        80200080         80200080        0     1                 
        80200080         80200080        0     1                 .LBB1_2
        80200080         80200080        0     1                 
        80200084         80200084        0     1                 
        80200088         80200088        0     1                 
        8020008c         8020008c        0     1                 
        8020008e         8020008e        0     1                 
        80200090         80200090        0     1                 
        80200092         80200092        0     1                 
        8020009a         8020009a        0     1                 .LBB1_5
        8020009a         8020009a        0     1                 
        8020009a         8020009a        0     1                 
        8020009e         8020009e        0     1                 .LBB1_6
        8020009e         8020009e        0     1                 
        8020009e         8020009e        0     1                 
        802000a2         802000a2        0     1                 
        802000a2         802000a2        0     1                 
        802000a4         802000a4        0     1                 
        802000a4         802000a4        0     1                 
        802000a4         802000a4        0     1                 
        802000a4         802000a4        0     1                 
        802000a4         802000a4        0     1                 
        802000a4         802000a4       14     1                 strlen
        802000a6         802000a6        0     1                 
        802000a6         802000a6        0     1                 .LBB2_1
        802000a6         802000a6        0     1                 
        802000ae         802000ae        0     1                 
        802000b0         802000b0        0     1                 
        802000b2         802000b2        0     1                 
        802000b6         802000b6        0     1                 
        802000b8         802000b8        0     1                 
        802000b8         802000b8        0     1                 
        802000b8         802000b8        0     1                 
        802000b8         802000b8        0     1                 
        802000b8         802000b8        0     1                 
        802000b8         802000b8       1e     1                 strnlen
        802000ba         802000ba        0     1                 
        802000bc         802000bc        0     1                 
        802000be         802000be        0     1                 
        802000be         802000be        0     1                 .LBB3_2
        802000be         802000be        0     1                 
        802000c6         802000c6        0     1                 
        802000c8         802000c8        0     1                 
        802000ca         802000ca        0     1                 
        802000ce         802000ce        0     1                 
        802000d0         802000d0        0     1                 .LBB3_5
        802000d0         802000d0        0     1                 
        802000d0         802000d0        0     1                 
        802000d2         802000d2        0     1                 .LBB3_6
        802000d2         802000d2        0     1                 
        802000d2         802000d2        0     1                 
        802000d4         802000d4        0     1                 
        802000d4         802000d4        0     1                 
        802000d6         802000d6        0     1                 
        802000d6         802000d6        0     1                 
        802000d6         802000d6        0     1                 
        802000d6         802000d6        0     1                 
        802000d6         802000d6        0     1                 
        802000d6         802000d6       24     1                 strcpy
        802000dc         802000dc        0     1                 
        802000e0         802000e0        0     1                 
        802000e0         802000e0        0     1                 
        802000e2         802000e2        0     1                 
        802000e2         802000e2        0     1                 .LBB4_2
        802000e2         802000e2        0     1                 
        802000e6         802000e6        0     1                 
        802000ea         802000ea        0     1                 
        802000ee         802000ee        0     1                 
        802000ee         802000ee        0     1                 
        802000f0         802000f0        0     1                 
        802000f0         802000f0        0     1                 
        802000f2         802000f2        0     1                 
        802000f4         802000f4        0     1                 .LBB4_3
        802000f4         802000f4        0     1                 
        802000f4         802000f4        0     1                 
        802000f8         802000f8        0     1                 
        802000fa         802000fa        0     1                 
        802000fa         802000fa        0     1                 
        802000fa         802000fa        0     1                 
        802000fa         802000fa        0     1                 
        802000fa         802000fa        0     1                 
        802000fa         802000fa       32     1                 strncpy
        802000fc         802000fc        0     1                 
        802000fe         802000fe        0     1                 
        802000fe         802000fe        0     1                 .LBB5_1
        802000fe         802000fe        0     1                 
        80200106         80200106        0     1                 
        80200108         80200108        0     1                 
        8020010c         8020010c        0     1                 
        8020010e         8020010e        0     1                 
        80200112         80200112        0     1                 
        80200118         80200118        0     1                 .LBB5_3
        80200118         80200118        0     1                 
        8020011c         8020011c        0     1                 
        8020011e         8020011e        0     1                 
        80200120         80200120        0     1                 
        80200120         80200120        0     1                 .LBB5_5
        80200120         80200120        0     1                 
        80200124         80200124        0     1                 
        80200126         80200126        0     1                 
        8020012a         8020012a        0     1                 .LBB5_6
        8020012a         8020012a        0     1                 
        8020012c         8020012c        0     1                 
        8020012c         8020012c        0     1                 
        8020012c         8020012c        0     1                 
        8020012c         8020012c        0     1                 
        8020012c         8020012c        0     1                 
        8020012c         8020012c       3e     1                 strstr
        80200130         80200130        0     1                 
        80200132         80200132        0     1                 
        80200136         80200136        0     1                 
        8020013c         8020013c        0     1                 .LBB6_3
        8020013c         8020013c        0     1                 
        80200140         80200140        0     1                 
        80200140         80200140        0     1                 .LBB6_4
        80200140         80200140        0     1                 
        80200148         80200148        0     1                 
        8020014c         8020014c        0     1                 
        80200150         80200150        0     1                 
        80200152         80200152        0     1                 
        80200156         80200156        0     1                 
        8020015a         8020015a        0     1                 .LBB6_7
        8020015a         8020015a        0     1                 
        8020015a         8020015a        0     1                 
        8020015c         8020015c        0     1                 
        80200160         80200160        0     1                 
        80200162         80200162        0     1                 
        80200166         80200166        0     1                 .LBB6_9
        80200166         80200166        0     1                 
        80200168         80200168        0     1                 .LBB6_10
        80200168         80200168        0     1                 
        80200168         80200168        0     1                 
        8020016a         8020016a        0     1                 
        8020016a         8020016a        0     1                 
        8020016a         8020016a        0     1                 
        8020016a         8020016a        0     1                 
        8020016a         8020016a        0     1                 
        8020016a         8020016a       32     1                 strcat
        8020016e         8020016e        0     1                 
        8020016e         8020016e        0     1                 .LBB7_1
        8020016e         8020016e        0     1                 
        80200172         80200172        0     1                 
        80200174         80200174        0     1                 
        80200174         80200174        0     1                 
        80200176         80200176        0     1                 
        8020017a         8020017a        0     1                 
        8020017e         8020017e        0     1                 
        8020017e         8020017e        0     1                 .LBB7_4
        8020017e         8020017e        0     1                 
        80200182         80200182        0     1                 
        80200186         80200186        0     1                 
        8020018a         8020018a        0     1                 
        8020018a         8020018a        0     1                 
        8020018c         8020018c        0     1                 
        8020018c         8020018c        0     1                 
        8020018e         8020018e        0     1                 
        80200190         80200190        0     1                 
        80200194         80200194        0     1                 
        80200196         80200196        0     1                 .LBB7_6
        80200196         80200196        0     1                 
        80200196         80200196        0     1                 
        8020019a         8020019a        0     1                 
        8020019c         8020019c        0     1                 
        8020019c         8020019c        0     1                 
        8020019c         8020019c        0     1                 
        8020019c         8020019c        0     1                 
        8020019c         8020019c        0     1                 
        8020019c         8020019c       1e     1                 strchr
        802001a0         802001a0        0     1                 
        802001a0         802001a0        0     1                 
        802001a2         802001a2        0     1                 
        802001a6         802001a6        0     1                 
        802001a6         802001a6        0     1                 .LBB8_2
        802001a6         802001a6        0     1                 
        802001aa         802001aa        0     1                 
        802001ae         802001ae        0     1                 
        802001b2         802001b2        0     1                 
        802001b4         802001b4        0     1                 
        802001b6         802001b6        0     1                 .LBB8_4
        802001b6         802001b6        0     1                 
        802001b8         802001b8        0     1                 .LBB8_5
        802001b8         802001b8        0     1                 
        802001b8         802001b8        0     1                 
        802001ba         802001ba        0     1                 
        802001ba         802001ba        0     1                 
        802001ba         802001ba        0     1                 
        802001ba         802001ba        0     1                 
        802001ba         802001ba        0     1                 .Lpcrel_hi0
        802001ba         802001ba        0     1                 
        802001ba         802001ba       94     1                 strtok
        802001be         802001be        0     1                 
        802001c0         802001c0        0     1                 
        802001c6         802001c6        0     1                 .LBB9_2
        802001c6         802001c6        0     1                 
        802001ca         802001ca        0     1                 
        802001ca         802001ca        0     1                 
        802001cc         802001cc        0     1                 .LBB9_3
        802001cc         802001cc        0     1                 
        802001d0         802001d0        0     1                 
        802001d2         802001d2        0     1                 
        802001d6         802001d6        0     1                 
        802001dc         802001dc        0     1                 
        802001dc         802001dc        0     1                 .LBB9_5
        802001dc         802001dc        0     1                 
        802001e0         802001e0        0     1                 
        802001e8         802001e8        0     1                 
        802001e8         802001e8        0     1                 .LBB9_7
        802001e8         802001e8        0     1                 
        802001ec         802001ec        0     1                 
        802001f0         802001f0        0     1                 
        802001f0         802001f0        0     1                 
        802001f4         802001f4        0     1                 
        802001f6         802001f6        0     1                 
        802001fa         802001fa        0     1                 .LBB9_9
        802001fa         802001fa        0     1                 
        802001fa         802001fa        0     1                 
        80200202         80200202        0     1                 
        80200208         80200208        0     1                 
        8020020a         8020020a        0     1                 .LBB9_10
        8020020a         8020020a        0     1                 
        8020020c         8020020c        0     1                 
        8020020e         8020020e        0     1                 .LBB9_11
        8020020e         8020020e        0     1                 
        80200210         80200210        0     1                 .LBB9_12
        80200210         80200210        0     1                 
        80200216         80200216        0     1                 
        80200216         80200216        0     1                 .LBB9_13
        80200216         80200216        0     1                 
        8020021a         8020021a        0     1                 
        8020021e         8020021e        0     1                 .LBB9_14
        8020021e         8020021e        0     1                 
        8020022e         8020022e        0     1                 .LBB9_16
        8020022e         8020022e        0     1                 
        8020022e         8020022e        0     1                 
        80200236         80200236        0     1                 
        80200236         80200236        0     1                 
        8020023a         8020023a        0     1                 
        8020023c         8020023c        0     1                 
        8020023c         8020023c        0     1                 
        80200240         80200240        0     1                 .LBB9_18
        80200240         80200240        0     1                 
        80200240         80200240        0     1                 
        80200244         80200244        0     1                 .LBB9_19
        80200244         80200244        0     1                 
        80200248         80200248        0     1                 .LBB9_20
        80200248         80200248        0     1                 
        8020024a         8020024a        0     1                 .LBB9_21
        8020024a         8020024a        0     1                 
        8020024e         8020024e        0     1                 
        8020024e         8020024e        0     1                 
        8020024e         8020024e        0     1                 
        8020024e         8020024e        0     1                 
        8020024e         8020024e        0     1                 
        8020024e         8020024e       18     1                 memcpy
        80200252         80200252        0     1                 
        80200252         80200252        0     1                 
        80200254         80200254        0     1                 
        80200254         80200254        0     1                 .LBB10_2
        80200254         80200254        0     1                 
        80200258         80200258        0     1                 
        8020025c         8020025c        0     1                 
        8020025c         8020025c        0     1                 
        8020025e         8020025e        0     1                 
        80200260         80200260        0     1                 
        80200264         80200264        0     1                 .LBB10_3
        80200264         80200264        0     1                 
        80200264         80200264        0     1                 
        80200266         80200266        0     1                 
        80200266         80200266        0     1                 
        80200266         80200266        0     1                 
        80200266         80200266        0     1                 
        80200266         80200266        0     1                 
        80200266         80200266       12     1                 memset
        8020026a         8020026a        0     1                 
        8020026a         8020026a        0     1                 
        8020026c         8020026c        0     1                 
        8020026c         8020026c        0     1                 .LBB11_2
        8020026c         8020026c        0     1                 
        80200270         80200270        0     1                 
        80200270         80200270        0     1                 
        80200272         80200272        0     1                 
        80200272         80200272        0     1                 
        80200276         80200276        0     1                 .LBB11_3
        80200276         80200276        0     1                 
        80200276         80200276        0     1                 
        80200278         80200278        0     1                 
        80200278         80200278        0     1                 
        80200278         80200278      5a2     2         /tmp/common-dc828e.o:(.text)
        80200278         80200278        0     1                 
        80200278         80200278        0     1                 
        80200278         80200278        0     1                 $x.0
        80200278         80200278        0     1                 
        80200278         80200278       88     1                 itoa_unsigned
        8020027a         8020027a        0     1                 
        80200284         80200284        0     1                 
        80200288         80200288        0     1                 .LBB0_2
        8020028a         8020028a        0     1                 .Lpcrel_hi0
        80200296         80200296        0     1                 
        80200296         80200296        0     1                 .LBB0_3
        80200298         80200298        0     1                 
        8020029c         8020029c        0     1                 
        8020029c         8020029c        0     1                 
        802002a4         802002a4        0     1                 
        802002ac         802002ac        0     1                 
        802002ac         802002ac        0     1                 
        802002ae         802002ae        0     1                 
        802002ae         802002ae        0     1                 
        802002b6         802002b6        0     1                 
        802002b6         802002b6        0     1                 
        802002ba         802002ba        0     1                 
        802002bc         802002bc        0     1                 
        802002bc         802002bc        0     1                 
        802002c4         802002c4        0     1                 
        802002c8         802002c8        0     1                 
        802002ca         802002ca        0     1                 .LBB0_6
        802002ca         802002ca        0     1                 
        802002de         802002de        0     1                 
        802002de         802002de        0     1                 .LBB0_7
        802002de         802002de        0     1                 
        802002e2         802002e2        0     1                 
        802002e8         802002e8        0     1                 
        802002ec         802002ec        0     1                 
        802002ec         802002ec        0     1                 
        802002f0         802002f0        0     1                 
        802002f4         802002f4        0     1                 
        802002f8         802002f8        0     1                 .LBB0_8
        802002f8         802002f8        0     1                 
        802002f8         802002f8        0     1                 
        802002fc         802002fc        0     1                 
        80200300         80200300        0     1                 
        80200300         80200300        0     1                 
        80200300         80200300        0     1                 
        80200300         80200300        0     1                 
        80200300         80200300        0     1                 
        80200300         80200300      124     1                 itoa_signed
        8020030a         8020030a        0     1                 
        8020030e         8020030e        0     1                 
        80200310         80200310        0     1                 .LBB1_2
        80200312         80200312        0     1                 
        80200318         80200318        0     1                 
        8020031c         8020031c        0     1                 
        8020031e         8020031e        0     1                 
        80200322         80200322        0     1                 
        80200328         80200328        0     1                 
        80200328         80200328        0     1                 
        8020032c         8020032c        0     1                 
        80200334         80200334        0     1                 
        80200334         80200334        0     1                 
        8020033c         8020033c        0     1                 .Lpcrel_hi1
        8020034a         8020034a        0     1                 
        8020034a         8020034a        0     1                 .LBB1_5
        8020034c         8020034c        0     1                 
        8020034c         8020034c        0     1                 
        80200356         80200356        0     1                 
        80200356         80200356        0     1                 
        8020035e         8020035e        0     1                 
        80200366         80200366        0     1                 
        80200366         80200366        0     1                 
        80200368         80200368        0     1                 
        80200368         80200368        0     1                 
        80200370         80200370        0     1                 
        80200374         80200374        0     1                 
        80200374         80200374        0     1                 
        8020037e         8020037e        0     1                 
        8020037e         8020037e        0     1                 
        80200380         80200380        0     1                 .LBB1_8
        80200380         80200380        0     1                 
        80200384         80200384        0     1                 
        80200384         80200384        0     1                 
        80200396         80200396        0     1                 
        80200396         80200396        0     1                 .LBB1_9
        80200396         80200396        0     1                 
        8020039a         8020039a        0     1                 
        802003a0         802003a0        0     1                 
        802003a4         802003a4        0     1                 
        802003a6         802003a6        0     1                 
        802003a8         802003a8        0     1                 
        802003ac         802003ac        0     1                 
        802003b2         802003b2        0     1                 
        802003b2         802003b2        0     1                 
        802003b4         802003b4        0     1                 .LBB1_11
        802003b4         802003b4        0     1                 
        802003b4         802003b4        0     1                 
        802003b6         802003b6        0     1                 .Lpcrel_hi2
        802003c2         802003c2        0     1                 
        802003c2         802003c2        0     1                 .LBB1_12
        802003c4         802003c4        0     1                 
        802003c4         802003c4        0     1                 
        802003c8         802003c8        0     1                 
        802003c8         802003c8        0     1                 
        802003d0         802003d0        0     1                 
        802003d8         802003d8        0     1                 
        802003d8         802003d8        0     1                 
        802003da         802003da        0     1                 
        802003da         802003da        0     1                 
        802003e2         802003e2        0     1                 
        802003e2         802003e2        0     1                 
        802003e6         802003e6        0     1                 
        802003ec         802003ec        0     1                 
        802003f0         802003f0        0     1                 
        802003f2         802003f2        0     1                 .LBB1_15
        802003f2         802003f2        0     1                 
        80200406         80200406        0     1                 
        80200406         80200406        0     1                 .LBB1_16
        80200406         80200406        0     1                 
        8020040a         8020040a        0     1                 
        80200410         80200410        0     1                 
        80200414         80200414        0     1                 
        80200416         80200416        0     1                 
        80200418         80200418        0     1                 
        8020041c         8020041c        0     1                 
        80200422         80200422        0     1                 
        80200422         80200422        0     1                 
        80200424         80200424        0     1                 
        80200424         80200424        0     1                 
        80200424         80200424        0     1                 
        80200424         80200424        0     1                 
        80200424         80200424        0     1                 
        80200424         80200424      3da     1                 kvnprintf
        80200440         80200440        0     1                 
        80200444         80200444        0     1                 
        80200444         80200444        0     1                 
        80200446         80200446        0     1                 
        8020044a         8020044a        0     1                 
        8020044e         8020044e        0     1                 
        80200452         80200452        0     1                 
        80200456         80200456        0     1                 
        8020045e         8020045e        0     1                 
        80200468         80200468        0     1                 .Lpcrel_hi3
        80200486         80200486        0     1                 .Lpcrel_hi4
        8020049c         8020049c        0     1                 
        8020049c         8020049c        0     1                 .LBB2_3
        8020049c         8020049c        0     1                 
        802004a0         802004a0        0     1                 
        802004a4         802004a4        0     1                 
        802004a8         802004a8        0     1                 
        802004aa         802004aa        0     1                 
        802004aa         802004aa        0     1                 
        802004ae         802004ae        0     1                 
        802004b0         802004b0        0     1                 
        802004bc         802004bc        0     1                 
        802004bc         802004bc        0     1                 .LBB2_7
        802004bc         802004bc        0     1                 
        802004c0         802004c0        0     1                 
        802004c2         802004c2        0     1                 
        802004c6         802004c6        0     1                 
        802004c8         802004c8        0     1                 
        802004ce         802004ce        0     1                 .LBB2_8
        802004ce         802004ce        0     1                 
        802004ce         802004ce        0     1                 
        802004d0         802004d0        0     1                 
        802004d4         802004d4        0     1                 
        802004d6         802004d6        0     1                 
        802004da         802004da        0     1                 .LBB2_9
        802004da         802004da        0     1                 
        802004de         802004de        0     1                 
        802004e8         802004e8        0     1                 .LBB2_11
        802004e8         802004e8        0     1                 
        802004e8         802004e8        0     1                 
        802004ec         802004ec        0     1                 
        802004f0         802004f0        0     1                 
        802004f0         802004f0        0     1                 
        802004f2         802004f2        0     1                 
        802004f8         802004f8        0     1                 .LBB2_13
        802004f8         802004f8        0     1                 
        802004f8         802004f8        0     1                 
        802004fc         802004fc        0     1                 
        802004fc         802004fc        0     1                 
        80200500         80200500        0     1                 
        80200504         80200504        0     1                 
        80200508         80200508        0     1                 
        8020050a         8020050a        0     1                 
        8020050a         8020050a        0     1                 
        8020050c         8020050c        0     1                 
        80200512         80200512        0     1                 
        80200512         80200512        0     1                 .LBB2_15
        80200512         80200512        0     1                 
        80200514         80200514        0     1                 
        80200514         80200514        0     1                 
        80200518         80200518        0     1                 
        80200518         80200518        0     1                 
        8020051c         8020051c        0     1                 
        80200520         80200520        0     1                 
        80200524         80200524        0     1                 
        80200528         80200528        0     1                 
        8020052c         8020052c        0     1                 
        80200530         80200530        0     1                 .LBB2_17
        80200530         80200530        0     1                 
        80200530         80200530        0     1                 
        80200534         80200534        0     1                 
        80200538         80200538        0     1                 
        80200538         80200538        0     1                 .LBB2_18
        80200538         80200538        0     1                 
        80200542         80200542        0     1                 
        80200544         80200544        0     1                 
        80200544         80200544        0     1                 
        80200548         80200548        0     1                 
        8020054c         8020054c        0     1                 
        80200552         80200552        0     1                 
        80200556         80200556        0     1                 
        8020055a         8020055a        0     1                 
        80200560         80200560        0     1                 
        80200560         80200560        0     1                 .LBB2_20
        80200560         80200560        0     1                 
        80200564         80200564        0     1                 
        80200564         80200564        0     1                 
        8020056a         8020056a        0     1                 
        8020056a         8020056a        0     1                 
        8020056e         8020056e        0     1                 
        80200570         80200570        0     1                 
        80200572         80200572        0     1                 
        80200572         80200572        0     1                 
        80200574         80200574        0     1                 
        80200576         80200576        0     1                 
        80200576         80200576        0     1                 
        8020057a         8020057a        0     1                 
        8020057a         8020057a        0     1                 
        8020057e         8020057e        0     1                 
        8020057e         8020057e        0     1                 
        80200580         80200580        0     1                 
        80200584         80200584        0     1                 
        80200586         80200586        0     1                 
        80200586         80200586        0     1                 .LBB2_24
        80200586         80200586        0     1                 
        8020058a         8020058a        0     1                 
        8020058e         8020058e        0     1                 
        80200592         80200592        0     1                 
        80200594         80200594        0     1                 
        80200598         80200598        0     1                 
        8020059c         8020059c        0     1                 .LBB2_26
        8020059c         8020059c        0     1                 
        8020059c         8020059c        0     1                 
        8020059e         8020059e        0     1                 
        802005a0         802005a0        0     1                 
        802005a0         802005a0        0     1                 .LBB2_27
        802005a0         802005a0        0     1                 
        802005a2         802005a2        0     1                 
        802005a2         802005a2        0     1                 
        802005a8         802005a8        0     1                 
        802005a8         802005a8        0     1                 .LBB2_28
        802005a8         802005a8        0     1                 
        802005b2         802005b2        0     1                 
        802005b4         802005b4        0     1                 
        802005b4         802005b4        0     1                 
        802005b8         802005b8        0     1                 
        802005bc         802005bc        0     1                 
        802005c2         802005c2        0     1                 
        802005c6         802005c6        0     1                 
        802005d0         802005d0        0     1                 
        802005d0         802005d0        0     1                 .LBB2_30
        802005d0         802005d0        0     1                 
        802005d4         802005d4        0     1                 
        802005d4         802005d4        0     1                 
        802005da         802005da        0     1                 
        802005da         802005da        0     1                 
        802005de         802005de        0     1                 
        802005e0         802005e0        0     1                 
        802005e2         802005e2        0     1                 
        802005e2         802005e2        0     1                 
        802005e4         802005e4        0     1                 
        802005e6         802005e6        0     1                 
        802005e6         802005e6        0     1                 
        802005ea         802005ea        0     1                 
        802005ea         802005ea        0     1                 
        802005ee         802005ee        0     1                 
        802005ee         802005ee        0     1                 
        802005f2         802005f2        0     1                 
        802005f6         802005f6        0     1                 
        802005f8         802005f8        0     1                 
        802005f8         802005f8        0     1                 .LBB2_34
        802005f8         802005f8        0     1                 
        802005fc         802005fc        0     1                 
        80200600         80200600        0     1                 
        80200604         80200604        0     1                 
        80200606         80200606        0     1                 
        8020060c         8020060c        0     1                 
        80200612         80200612        0     1                 
        80200612         80200612        0     1                 .LBB2_36
        80200612         80200612        0     1                 
        80200614         80200614        0     1                 
        80200616         80200616        0     1                 
        8020061a         8020061a        0     1                 
        8020061e         8020061e        0     1                 
        8020061e         8020061e        0     1                 
        80200626         80200626        0     1                 
        80200628         80200628        0     1                 .LBB2_40
        80200628         80200628        0     1                 
        8020062c         8020062c        0     1                 
        80200630         80200630        0     1                 
        80200634         80200634        0     1                 
        80200636         80200636        0     1                 
        8020063c         8020063c        0     1                 
        80200642         80200642        0     1                 
        80200642         80200642        0     1                 .LBB2_42
        80200642         80200642        0     1                 
        80200646         80200646        0     1                 
        80200646         80200646        0     1                 
        8020064a         8020064a        0     1                 
        80200650         80200650        0     1                 
        80200650         80200650        0     1                 .LBB2_44
        80200652         80200652        0     1                 
        80200652         80200652        0     1                 
        8020065e         8020065e        0     1                 
        8020065e         8020065e        0     1                 
        80200666         80200666        0     1                 
        80200670         80200670        0     1                 
        80200670         80200670        0     1                 
        80200672         80200672        0     1                 
        80200672         80200672        0     1                 
        8020067a         8020067a        0     1                 
        80200682         80200682        0     1                 
        80200686         80200686        0     1                 
        8020068a         8020068a        0     1                 
        8020068c         8020068c        0     1                 .LBB2_47
        8020068c         8020068c        0     1                 
        8020069a         8020069a        0     1                 
        8020069a         8020069a        0     1                 .LBB2_48
        8020069a         8020069a        0     1                 
        8020069e         8020069e        0     1                 
        802006a4         802006a4        0     1                 
        802006a4         802006a4        0     1                 
        802006a8         802006a8        0     1                 
        802006aa         802006aa        0     1                 
        802006ac         802006ac        0     1                 
        802006b2         802006b2        0     1                 
        802006b2         802006b2        0     1                 .LBB2_49
        802006b2         802006b2        0     1                 
        802006b4         802006b4        0     1                 
        802006ba         802006ba        0     1                 
        802006ba         802006ba        0     1                 .LBB2_50
        802006bc         802006bc        0     1                 
        802006bc         802006bc        0     1                 
        802006c6         802006c6        0     1                 
        802006c6         802006c6        0     1                 
        802006ce         802006ce        0     1                 
        802006d8         802006d8        0     1                 
        802006d8         802006d8        0     1                 
        802006da         802006da        0     1                 
        802006da         802006da        0     1                 
        802006e2         802006e2        0     1                 
        802006ea         802006ea        0     1                 
        802006f2         802006f2        0     1                 
        802006f4         802006f4        0     1                 .LBB2_53
        802006f4         802006f4        0     1                 
        80200702         80200702        0     1                 
        80200702         80200702        0     1                 .LBB2_54
        80200702         80200702        0     1                 
        80200706         80200706        0     1                 
        8020070c         8020070c        0     1                 
        8020070c         8020070c        0     1                 
        80200710         80200710        0     1                 
        80200712         80200712        0     1                 
        80200714         80200714        0     1                 
        80200718         80200718        0     1                 
        80200718         80200718        0     1                 
        8020071c         8020071c        0     1                 
        8020071c         8020071c        0     1                 
        80200720         80200720        0     1                 
        80200722         80200722        0     1                 
        80200726         80200726        0     1                 
        80200728         80200728        0     1                 
        80200728         80200728        0     1                 .LBB2_58
        80200728         80200728        0     1                 
        8020072c         8020072c        0     1                 
        80200730         80200730        0     1                 
        80200734         80200734        0     1                 
        80200736         80200736        0     1                 
        8020073a         8020073a        0     1                 
        80200740         80200740        0     1                 .LBB2_60
        80200740         80200740        0     1                 
        80200740         80200740        0     1                 
        80200742         80200742        0     1                 
        80200744         80200744        0     1                 .LBB2_61
        80200744         80200744        0     1                 
        80200746         80200746        0     1                 
        80200746         80200746        0     1                 
        8020074a         8020074a        0     1                 
        80200750         80200750        0     1                 
        80200750         80200750        0     1                 .LBB2_62
        80200750         80200750        0     1                 
        80200752         80200752        0     1                 
        80200752         80200752        0     1                 
        8020075c         8020075c        0     1                 
        8020075c         8020075c        0     1                 
        80200764         80200764        0     1                 
        8020076e         8020076e        0     1                 
        8020076e         8020076e        0     1                 
        80200770         80200770        0     1                 
        80200770         80200770        0     1                 
        80200778         80200778        0     1                 
        80200780         80200780        0     1                 
        80200788         80200788        0     1                 
        8020078a         8020078a        0     1                 .LBB2_65
        8020078a         8020078a        0     1                 
        80200794         80200794        0     1                 
        80200794         80200794        0     1                 .LBB2_66
        80200794         80200794        0     1                 
        80200798         80200798        0     1                 
        8020079e         8020079e        0     1                 
        8020079e         8020079e        0     1                 
        802007a2         802007a2        0     1                 
        802007a4         802007a4        0     1                 
        802007a6         802007a6        0     1                 
        802007aa         802007aa        0     1                 .LBB2_67
        802007aa         802007aa        0     1                 
        802007aa         802007aa        0     1                 
        802007ae         802007ae        0     1                 
        802007ae         802007ae        0     1                 
        802007b2         802007b2        0     1                 
        802007b4         802007b4        0     1                 
        802007b8         802007b8        0     1                 
        802007ba         802007ba        0     1                 
        802007ba         802007ba        0     1                 .LBB2_70
        802007ba         802007ba        0     1                 
        802007be         802007be        0     1                 
        802007c2         802007c2        0     1                 
        802007c6         802007c6        0     1                 
        802007c8         802007c8        0     1                 
        802007cc         802007cc        0     1                 
        802007d0         802007d0        0     1                 .LBB2_72
        802007d0         802007d0        0     1                 
        802007d0         802007d0        0     1                 
        802007d2         802007d2        0     1                 
        802007d4         802007d4        0     1                 .LBB2_73
        802007d4         802007d4        0     1                 
        802007d4         802007d4        0     1                 
        802007d8         802007d8        0     1                 
        802007dc         802007dc        0     1                 
        802007dc         802007dc        0     1                 
        802007fa         802007fa        0     1                 
        802007fe         802007fe        0     1                 
        802007fe         802007fe        0     1                 
        802007fe         802007fe        0     1                 
        802007fe         802007fe        0     1                 
        802007fe         802007fe        0     1                 
        802007fe         802007fe       1c     1                 ksnprintf
        8020080e         8020080e        0     1                 
        80200810         80200810        0     1                 
        80200814         80200814        0     1                 
        80200814         80200814        0     1                 
        80200816         80200816        0     1                 
        8020081a         8020081a        0     1                 
        8020081a         8020081a        0     1                 
        8020081a         8020081a        6     2         /tmp/sbi-41023a.o:(.text)
        8020081a         8020081a        0     1                 
        8020081a         8020081a        0     1                 
        8020081a         8020081a        0     1                 $x.0
        8020081a         8020081a        0     1                 
        8020081a         8020081a        6     1                 sbi_call
        8020081e         8020081e        0     1                 
        80200820         80200820        0     1                 
        80200820         80200820      84c     2         /tmp/uart-b4ed48.o:(.text)
        80200820         80200820        0     1                 
        80200820         80200820        0     1                 
        80200820         80200820        0     1                 $x.0
        80200820         80200820        0     1                 
        80200820         80200820       12     1                 uart_getc
        80200832         80200832        0     1                 
        80200832         80200832        0     1                 
        80200832         80200832        0     1                 
        80200832         80200832        0     1                 
        80200832         80200832        0     1                 
        80200832         80200832        0     1                 
        80200832         80200832       10     1                 uart_putc
        80200842         80200842        0     1                 
        80200842         80200842        0     1                 
        80200842         80200842        0     1                 
        80200842         80200842        0     1                 
        80200842         80200842        0     1                 
        80200842         80200842        0     1                 
        80200842         80200842       36     1                 uart_puts
        80200846         80200846        0     1                 
        8020084a         8020084a        0     1                 
        80200852         80200852        0     1                 
        80200852         80200852        0     1                 .LBB2_2
        80200852         80200852        0     1                 
        80200856         80200856        0     1                 
        8020085a         8020085a        0     1                 
        80200868         80200868        0     1                 
        80200868         80200868        0     1                 
        8020086c         8020086c        0     1                 
        8020086e         8020086e        0     1                 
        80200870         80200870        0     1                 
        80200876         80200876        0     1                 .LBB2_4
        80200876         80200876        0     1                 
        80200878         80200878        0     1                 
        80200878         80200878        0     1                 
        80200878         80200878        0     1                 
        80200878         80200878        0     1                 
        80200878         80200878        0     1                 
        80200878         80200878       4c     1                 uart_puthex8
        80200882         80200882        0     1                 
        80200884         80200884        0     1                 .Lpcrel_hi0
        80200884         80200884        0     1                 
        80200892         80200892        0     1                 
        80200892         80200892        0     1                 
        802008a4         802008a4        0     1                 
        802008a4         802008a4        0     1                 
        802008a6         802008a6        0     1                 
        802008a6         802008a6        0     1                 
        802008ac         802008ac        0     1                 
        802008ac         802008ac        0     1                 
        802008c0         802008c0        0     1                 
        802008c4         802008c4        0     1                 
        802008c4         802008c4        0     1                 
        802008c4         802008c4        0     1                 
        802008c4         802008c4        0     1                 
        802008c4         802008c4        0     1                 
        802008c4         802008c4        0     1                 
        802008c4         802008c4       7a     1                 uart_puthex8_prefixed
        802008ce         802008ce        0     1                 
        802008ce         802008ce        0     1                 
        802008e4         802008e4        0     1                 
        802008fa         802008fa        0     1                 
        802008fa         802008fa        0     1                 
        802008fe         802008fe        0     1                 
        802008fe         802008fe        0     1                 .Lpcrel_hi1
        802008fe         802008fe        0     1                 
        8020090c         8020090c        0     1                 
        8020090c         8020090c        0     1                 
        8020091e         8020091e        0     1                 
        8020091e         8020091e        0     1                 
        80200920         80200920        0     1                 
        80200920         80200920        0     1                 
        80200926         80200926        0     1                 
        80200926         80200926        0     1                 
        8020093a         8020093a        0     1                 
        8020093e         8020093e        0     1                 
        8020093e         8020093e        0     1                 
        8020093e         8020093e        0     1                 
        8020093e         8020093e        0     1                 
        8020093e         8020093e        0     1                 
        8020093e         8020093e        0     1                 
        8020093e         8020093e       88     1                 uart_puthex16
        80200948         80200948        0     1                 
        8020094a         8020094a        0     1                 .Lpcrel_hi2
        8020094a         8020094a        0     1                 
        8020094a         8020094a        0     1                 
        80200958         80200958        0     1                 
        80200958         80200958        0     1                 
        8020096a         8020096a        0     1                 
        8020096a         8020096a        0     1                 
        80200970         80200970        0     1                 
        80200976         80200976        0     1                 
        80200976         80200976        0     1                 
        80200988         80200988        0     1                 
        80200988         80200988        0     1                 
        8020098e         8020098e        0     1                 
        8020098e         8020098e        0     1                 
        80200994         80200994        0     1                 
        80200994         80200994        0     1                 
        802009a6         802009a6        0     1                 
        802009a6         802009a6        0     1                 
        802009a8         802009a8        0     1                 
        802009a8         802009a8        0     1                 
        802009ae         802009ae        0     1                 
        802009ae         802009ae        0     1                 
        802009c2         802009c2        0     1                 
        802009c6         802009c6        0     1                 
        802009c6         802009c6        0     1                 
        802009c6         802009c6        0     1                 
        802009c6         802009c6        0     1                 
        802009c6         802009c6        0     1                 
        802009c6         802009c6        0     1                 
        802009c6         802009c6       3e     1                 uart_puthex16_prefixed
        802009ce         802009ce        0     1                 
        802009ce         802009ce        0     1                 
        802009e4         802009e4        0     1                 
        802009fa         802009fa        0     1                 
        802009fa         802009fa        0     1                 
        802009fc         802009fc        0     1                 
        802009fc         802009fc        0     1                 
        80200a00         80200a00        0     1                 
        80200a04         80200a04        0     1                 
        80200a04         80200a04        0     1                 
        80200a04         80200a04        0     1                 
        80200a04         80200a04        0     1                 
        80200a04         80200a04        0     1                 
        80200a04         80200a04        0     1                 
        80200a04         80200a04       1e     1                 uart_puthex32
        80200a0c         80200a0c        0     1                 
        80200a0c         80200a0c        0     1                 
        80200a10         80200a10        0     1                 
        80200a14         80200a14        0     1                 
        80200a14         80200a14        0     1                 
        80200a1e         80200a1e        0     1                 
        80200a1e         80200a1e        0     1                 
        80200a22         80200a22        0     1                 
        80200a22         80200a22        0     1                 
        80200a22         80200a22        0     1                 
        80200a22         80200a22        0     1                 
        80200a22         80200a22        0     1                 
        80200a22         80200a22        0     1                 
        80200a22         80200a22       4a     1                 uart_puthex32_prefixed
        80200a2a         80200a2a        0     1                 
        80200a2a         80200a2a        0     1                 
        80200a40         80200a40        0     1                 
        80200a56         80200a56        0     1                 
        80200a56         80200a56        0     1                 
        80200a5a         80200a5a        0     1                 
        80200a5e         80200a5e        0     1                 
        80200a5e         80200a5e        0     1                 
        80200a68         80200a68        0     1                 
        80200a68         80200a68        0     1                 
        80200a6c         80200a6c        0     1                 
        80200a6c         80200a6c        0     1                 
        80200a6c         80200a6c        0     1                 
        80200a6c         80200a6c        0     1                 
        80200a6c         80200a6c        0     1                 
        80200a6c         80200a6c        0     1                 
        80200a6c         80200a6c       2e     1                 uart_puthex64
        80200a74         80200a74        0     1                 
        80200a74         80200a74        0     1                 
        80200a76         80200a76        0     1                 
        80200a7a         80200a7a        0     1                 
        80200a7a         80200a7a        0     1                 
        80200a84         80200a84        0     1                 
        80200a84         80200a84        0     1                 
        80200a8c         80200a8c        0     1                 
        80200a8c         80200a8c        0     1                 
        80200a96         80200a96        0     1                 
        80200a96         80200a96        0     1                 
        80200a9a         80200a9a        0     1                 
        80200a9a         80200a9a        0     1                 
        80200a9a         80200a9a        0     1                 
        80200a9a         80200a9a        0     1                 
        80200a9a         80200a9a        0     1                 
        80200a9a         80200a9a        0     1                 
        80200a9a         80200a9a       5c     1                 uart_puthex64_prefixed
        80200aa2         80200aa2        0     1                 
        80200aa2         80200aa2        0     1                 
        80200ab8         80200ab8        0     1                 
        80200ace         80200ace        0     1                 
        80200ace         80200ace        0     1                 
        80200ad2         80200ad2        0     1                 
        80200ad6         80200ad6        0     1                 
        80200ad6         80200ad6        0     1                 
        80200ae0         80200ae0        0     1                 
        80200ae0         80200ae0        0     1                 
        80200ae8         80200ae8        0     1                 
        80200ae8         80200ae8        0     1                 
        80200af2         80200af2        0     1                 
        80200af2         80200af2        0     1                 
        80200af6         80200af6        0     1                 
        80200af6         80200af6        0     1                 
        80200af6         80200af6        0     1                 
        80200af6         80200af6        0     1                 
        80200af6         80200af6        0     1                 
        80200af6         80200af6        0     1                 
        80200af6         80200af6       8c     1                 uart_put_udec
        80200afc         80200afc        0     1                 
        80200afc         80200afc        0     1                 
        80200b00         80200b00        0     1                 
        80200b02         80200b02        0     1                 
        80200b04         80200b04        0     1                 
        80200b16         80200b16        0     1                 
        80200b16         80200b16        0     1                 .LBB11_2
        80200b16         80200b16        0     1                 
        80200b1a         80200b1a        0     1                 
        80200b1a         80200b1a        0     1                 
        80200b20         80200b20        0     1                 
        80200b20         80200b20        0     1                 
        80200b28         80200b28        0     1                 
        80200b2c         80200b2c        0     1                 
        80200b30         80200b30        0     1                 
        80200b32         80200b32        0     1                 
        80200b3c         80200b3c        0     1                 .LBB11_4
        80200b3c         80200b3c        0     1                 
        80200b3c         80200b3c        0     1                 
        80200b40         80200b40        0     1                 
        80200b40         80200b40        0     1                 
        80200b42         80200b42        0     1                 
        80200b42         80200b42        0     1                 .LBB11_5
        80200b42         80200b42        0     1                 
        80200b46         80200b46        0     1                 
        80200b46         80200b46        0     1                 
        80200b58         80200b58        0     1                 
        80200b58         80200b58        0     1                 
        80200b5c         80200b5c        0     1                 
        80200b60         80200b60        0     1                 .LBB11_6
        80200b60         80200b60        0     1                 
        80200b60         80200b60        0     1                 
        80200b64         80200b64        0     1                 
        80200b68         80200b68        0     1                 .LBB11_7
        80200b68         80200b68        0     1                 
        80200b68         80200b68        0     1                 
        80200b6c         80200b6c        0     1                 
        80200b7e         80200b7e        0     1                 
        80200b82         80200b82        0     1                 
        80200b82         80200b82        0     1                 
        80200b82         80200b82        0     1                 
        80200b82         80200b82        0     1                 
        80200b82         80200b82        0     1                 
        80200b82         80200b82        0     1                 
        80200b82         80200b82       30     1                 uart_put_dec
        80200b86         80200b86        0     1                 
        80200b88         80200b88        0     1                 .LBB12_2
        80200b88         80200b88        0     1                 
        80200b8a         80200b8a        0     1                 
        80200b90         80200b90        0     1                 
        80200b90         80200b90        0     1                 
        80200ba6         80200ba6        0     1                 
        80200ba6         80200ba6        0     1                 
        80200bae         80200bae        0     1                 
        80200bae         80200bae        0     1                 
        80200bb2         80200bb2        0     1                 
        80200bb2         80200bb2        0     1                 
        80200bb2         80200bb2        0     1                 
        80200bb2         80200bb2        0     1                 
        80200bb2         80200bb2        0     1                 
        80200bb2         80200bb2        0     1                 
        80200bb2         80200bb2       b0     1                 uart_puthex
        80200bba         80200bba        0     1                 
        80200bba         80200bba        0     1                 
        80200bbe         80200bbe        0     1                 
        80200bc0         80200bc0        0     1                 
        80200bc2         80200bc2        0     1                 .Lpcrel_hi3
        80200bd2         80200bd2        0     1                 
        80200bd2         80200bd2        0     1                 .LBB13_2
        80200bd2         80200bd2        0     1                 
        80200bd6         80200bd6        0     1                 
        80200bdc         80200bdc        0     1                 
        80200bdc         80200bdc        0     1                 
        80200be4         80200be4        0     1                 
        80200be4         80200be4        0     1                 
        80200bea         80200bea        0     1                 
        80200bf0         80200bf0        0     1                 
        80200bf2         80200bf2        0     1                 
        80200bf2         80200bf2        0     1                 
        80200bf6         80200bf6        0     1                 .LBB13_4
        80200bf6         80200bf6        0     1                 
        80200bf6         80200bf6        0     1                 
        80200bfa         80200bfa        0     1                 
        80200bfa         80200bfa        0     1                 
        80200c00         80200c00        0     1                 .LBB13_5
        80200c00         80200c00        0     1                 
        80200c00         80200c00        0     1                 
        80200c02         80200c02        0     1                 
        80200c06         80200c06        0     1                 
        80200c06         80200c06        0     1                 
        80200c0a         80200c0a        0     1                 
        80200c0a         80200c0a        0     1                 .LBB13_6
        80200c0a         80200c0a        0     1                 
        80200c20         80200c20        0     1                 
        80200c20         80200c20        0     1                 
        80200c22         80200c22        0     1                 
        80200c24         80200c24        0     1                 .LBB13_7
        80200c24         80200c24        0     1                 
        80200c24         80200c24        0     1                 
        80200c2c         80200c2c        0     1                 
        80200c2e         80200c2e        0     1                 
        80200c2e         80200c2e        0     1                 
        80200c32         80200c32        0     1                 
        80200c32         80200c32        0     1                 
        80200c3a         80200c3a        0     1                 
        80200c3a         80200c3a        0     1                 .LBB13_9
        80200c3a         80200c3a        0     1                 
        80200c3e         80200c3e        0     1                 
        80200c3e         80200c3e        0     1                 
        80200c50         80200c50        0     1                 
        80200c50         80200c50        0     1                 
        80200c54         80200c54        0     1                 
        80200c56         80200c56        0     1                 
        80200c58         80200c58        0     1                 .LBB13_10
        80200c58         80200c58        0     1                 
        80200c58         80200c58        0     1                 
        80200c5e         80200c5e        0     1                 
        80200c62         80200c62        0     1                 
        80200c62         80200c62        0     1                 
        80200c62         80200c62        0     1                 
        80200c62         80200c62        0     1                 
        80200c62         80200c62        0     1                 
        80200c62         80200c62      102     1                 uart_putpad
        80200c72         80200c72        0     1                 
        80200c74         80200c74        0     1                 
        80200c74         80200c74        0     1                 
        80200c80         80200c80        0     1                 
        80200c84         80200c84        0     1                 
        80200c88         80200c88        0     1                 
        80200c88         80200c88        0     1                 
        80200c8c         80200c8c        0     1                 
        80200c90         80200c90        0     1                 .LBB14_2
        80200c90         80200c90        0     1                 
        80200c90         80200c90        0     1                 
        80200c92         80200c92        0     1                 
        80200c98         80200c98        0     1                 
        80200c9a         80200c9a        0     1                 
        80200c9a         80200c9a        0     1                 .LBB14_4
        80200c9a         80200c9a        0     1                 
        80200caa         80200caa        0     1                 
        80200caa         80200caa        0     1                 
        80200cae         80200cae        0     1                 
        80200cb2         80200cb2        0     1                 .LBB14_6
        80200cb2         80200cb2        0     1                 
        80200cb4         80200cb4        0     1                 
        80200cb4         80200cb4        0     1                 
        80200cbc         80200cbc        0     1                 
        80200cbc         80200cbc        0     1                 
        80200cc2         80200cc2        0     1                 
        80200cc8         80200cc8        0     1                 
        80200cca         80200cca        0     1                 
        80200cce         80200cce        0     1                 .LBB14_8
        80200cce         80200cce        0     1                 
        80200cce         80200cce        0     1                 
        80200cd2         80200cd2        0     1                 
        80200cd2         80200cd2        0     1                 
        80200cd8         80200cd8        0     1                 .LBB14_9
        80200cd8         80200cd8        0     1                 
[...]
            2563             2563       d0     1         /tmp/stack-5b74fb.o:(.debug_info)
            2563             2563        0     1                 $d.4
            2633             2633      109     1         /tmp/ram-b4be46.o:(.debug_info)
            2633             2633        0     1                 $d.5
            273c             273c      21f     1         /tmp/heap-b97e8f.o:(.debug_info)
            273c             273c        0     1                 $d.5
               0                0      5e3     1 .debug_str
               0                0      5e3     1         <internal>:(.debug_str)
               0                0       42     1 .comment
               0                0       42     1         <internal>:(.comment)
               0                0       2b     1 .riscv.attributes
               0                0       2b     1         <internal>:(.riscv.attributes)
               0                0      708     8 .debug_frame
               0                0       30     8         /tmp/boot-f91489.o:(.debug_frame)
               0                0        0     1                 
               0                0        0     1                 $d.6
              30               30       38     8         /tmp/kernel-ad408b.o:(.debug_frame)
              30               30        0     1                 
              30               30        0     1                 $d.7
              68               68      138     8         /tmp/string-92212f.o:(.debug_frame)
              68               68        0     1                 
              68               68        0     1                 $d.9
             1a0              1a0       b0     8         /tmp/common-dc828e.o:(.debug_frame)
             1a0              1a0        0     1                 
             1a0              1a0        0     1                 $d.10
             250              250       30     8         /tmp/sbi-41023a.o:(.debug_frame)
             250              250        0     1                 
             250              250        0     1                 $d.7
             280              280      280     8         /tmp/uart-b4ed48.o:(.debug_frame)
             280              280        0     1                 
             280              280        0     1                 $d.10
             500              500       60     8         /tmp/test-253519.o:(.debug_frame)
             500              500        0     1                 
             500              500        0     1                 $d.8
             560              560       90     8         /tmp/trap-448935.o:(.debug_frame)
             560              560        0     1                 
             560              560        0     1                 $d.10
             5f0              5f0       30     8         /tmp/bss-70d3cf.o:(.debug_frame)
             5f0              5f0        0     1                 
             5f0              5f0        0     1                 $d.6
             620              620       30     8         /tmp/stack-5b74fb.o:(.debug_frame)
             620              620        0     1                 
             620              620        0     1                 $d.8
             650              650       48     8         /tmp/ram-b4be46.o:(.debug_frame)
             650              650        0     1                 
             650              650        0     1                 $d.9
             698              698       70     8         /tmp/heap-b97e8f.o:(.debug_frame)
             698              698        0     1                 
             698              698        0     1                 $d.9
               0                0     2091     1 .debug_line
               0                0       42     1         /tmp/boot-f91489.o:(.debug_line)
               0                0        0     1                 .Lline_table_start0
               0                0        0     1                 $d.7
              42               42       c7     1         /tmp/kernel-ad408b.o:(.debug_line)
              42               42        0     1                 .Lline_table_start0
              42               42        0     1                 $d.8
             109              109      57f     1         /tmp/string-92212f.o:(.debug_line)
             109              109        0     1                 .Lline_table_start0
             109              109        0     1                 $d.10
             688              688      875     1         /tmp/common-dc828e.o:(.debug_line)
             688              688        0     1                 .Lline_table_start0
             688              688        0     1                 $d.11
             efd              efd       5e     1         /tmp/sbi-41023a.o:(.debug_line)
             efd              efd        0     1                 .Lline_table_start0
             efd              efd        0     1                 $d.8
             f5b              f5b      8f2     1         /tmp/uart-b4ed48.o:(.debug_line)
             f5b              f5b        0     1                 .Lline_table_start0
             f5b              f5b        0     1                 $d.11
            184d             184d      13f     1         /tmp/test-253519.o:(.debug_line)
            184d             184d        0     1                 .Lline_table_start0
            184d             184d        0     1                 $d.9
            198c             198c      2cf     1         /tmp/trap-448935.o:(.debug_line)
            198c             198c        0     1                 .Lline_table_start0
            198c             198c        0     1                 $d.11
            1c5b             1c5b       94     1         /tmp/bss-70d3cf.o:(.debug_line)
            1c5b             1c5b        0     1                 .Lline_table_start0
            1c5b             1c5b        0     1                 $d.7
            1cef             1cef       a8     1         /tmp/stack-5b74fb.o:(.debug_line)
            1cef             1cef        0     1                 .Lline_table_start0
            1cef             1cef        0     1                 $d.9
            1d97             1d97       da     1         /tmp/ram-b4be46.o:(.debug_line)
            1d97             1d97        0     1                 .Lline_table_start0
            1d97             1d97        0     1                 $d.10
            1e71             1e71      220     1         /tmp/heap-b97e8f.o:(.debug_line)
            1e71             1e71        0     1                 .Lline_table_start0
            1e71             1e71        0     1                 $d.10
               0                0     20fe     1 .debug_loc
               0                0      5ea     1         /tmp/string-92212f.o:(.debug_loc)
               0                0        0     1                 
               0                0        0     1                 $d.2
              5e               5e        0     1                 
              81               81        0     1                 
              a4               a4        0     1                 
              c7               c7        0     1                 
              ea               ea        0     1                 
             10e              10e        0     1                 
             131              131        0     1                 
             168              168        0     1                 
             1b1              1b1        0     1                 
             1fc              1fc        0     1                 
             232              232        0     1                 
             27b              27b        0     1                 
             29e              29e        0     1                 
             2d5              2d5        0     1                 
             2f8              2f8        0     1                 
             32e              32e        0     1                 
             3a1              3a1        0     1                 
             3c4              3c4        0     1                 
             3e7              3e7        0     1                 
             40a              40a        0     1                 
             42d              42d        0     1                 
             478              478        0     1                 
             4b0              4b0        0     1                 
             4d3              4d3        0     1                 
             4f6              4f6        0     1                 
             519              519        0     1                 
             570              570        0     1                 
             593              593        0     1                 
             5ea              5ea      ae1     1         /tmp/common-dc828e.o:(.debug_loc)
             5ea              5ea        0     1                 
             5ea              5ea        0     1                 $d.3
             633              633        0     1                 
             669              669        0     1                 
             68c              68c        0     1                 
             6d7              6d7        0     1                 
             70d              70d        0     1                 
             756              756        0     1                 
             78c              78c        0     1                 
             7d5              7d5        0     1                 
             80f              80f        0     1                 
             847              847        0     1                 
             87d              87d        0     1                 
             8a0              8a0        0     1                 
             8e9              8e9        0     1                 
             90c              90c        0     1                 
             942              942        0     1                 
             965              965        0     1                 
             988              988        0     1                 
             a0a              a0a        0     1                 
             ab3              ab3        0     1                 
             b5b              b5b        0     1                 
             b7e              b7e        0     1                 
             ba1              ba1        0     1                 
             bd9              bd9        0     1                 
             bfc              bfc        0     1                 
             c52              c52        0     1                 
             c8a              c8a        0     1                 
             cc2              cc2        0     1                 
             ce5              ce5        0     1                 
             d3b              d3b        0     1                 
             d73              d73        0     1                 
             d96              d96        0     1                 
             dd0              dd0        0     1                 
             e08              e08        0     1                 
             e3e              e3e        0     1                 
             e76              e76        0     1                 
             eac              eac        0     1                 
             ee4              ee4        0     1                 
             f1a              f1a        0     1                 
             f50              f50        0     1                 
             f88              f88        0     1                 
             fbe              fbe        0     1                 
             ff4              ff4        0     1                 
            102a             102a        0     1                 
            1062             1062        0     1                 
            1085             1085        0     1                 
            10a8             10a8        0     1                 
            10cb             10cb       46     1         /tmp/sbi-41023a.o:(.debug_loc)
            10cb             10cb        0     1                 
            10cb             10cb        0     1                 $d.1
            10ee             10ee        0     1                 
            1111             1111      ceb     1         /tmp/uart-b4ed48.o:(.debug_loc)
            1111             1111        0     1                 
            1111             1111        0     1                 $d.3
            1147             1147        0     1                 
            116a             116a        0     1                 
            11a0             11a0        0     1                 
            11d6             11d6        0     1                 
            1210             1210        0     1                 
            1233             1233        0     1                 
            1269             1269        0     1                 
            1293             1293        0     1                 
            12dc             12dc        0     1                 
            1316             1316        0     1                 
            134c             134c        0     1                 
            1382             1382        0     1                 
            13bc             13bc        0     1                 
            13df             13df        0     1                 
            1415             1415        0     1                 
            143a             143a        0     1                 
            1470             1470        0     1                 
            14aa             14aa        0     1                 
            14cd             14cd        0     1                 
            14f2             14f2        0     1                 
            154e             154e        0     1                 
            15d0             15d0        0     1                 
            15f3             15f3        0     1                 
            1629             1629        0     1                 
            165f             165f        0     1                 
            1682             1682        0     1                 
            16e2             16e2        0     1                 
            170a             170a        0     1                 
            172f             172f        0     1                 
            1765             1765        0     1                 
            1788             1788        0     1                 
            17d1             17d1        0     1                 
            17f4             17f4        0     1                 
            182a             182a        0     1                 
            1860             1860        0     1                 
            1896             1896        0     1                 
            1909             1909        0     1                 
            192e             192e        0     1                 
            1951             1951        0     1                 
            1974             1974        0     1                 
            1997             1997        0     1                 
            19cd             19cd        0     1                 
            19f0             19f0        0     1                 
            1b43             1b43        0     1                 
            1b68             1b68        0     1                 
            1bb3             1bb3        0     1                 
            1c2c             1c2c        0     1                 
            1c66             1c66        0     1                 
            1c89             1c89        0     1                 
            1cac             1cac        0     1                 
            1ccf             1ccf        0     1                 
            1d32             1d32        0     1                 
            1d80             1d80        0     1                 
            1da3             1da3        0     1                 
            1dd9             1dd9        0     1                 
            1dfc             1dfc       8e     1         /tmp/test-253519.o:(.debug_loc)
            1dfc             1dfc        0     1                 
            1dfc             1dfc        0     1                 $d.2
            1e1f             1e1f        0     1                 
            1e42             1e42        0     1                 
            1e65             1e65        0     1                 
            1e8a             1e8a       fb     1         /tmp/trap-448935.o:(.debug_loc)
            1e8a             1e8a        0     1                 
            1e8a             1e8a        0     1                 $d.3
            1ee6             1ee6        0     1                 
            1f09             1f09        0     1                 
            1f2c             1f2c        0     1                 
            1f62             1f62        0     1                 
            1f85             1f85       23     1         /tmp/stack-5b74fb.o:(.debug_loc)
            1f85             1f85        0     1                 
            1f85             1f85        0     1                 $d.2
            1fa8             1fa8       23     1         /tmp/ram-b4be46.o:(.debug_loc)
            1fa8             1fa8        0     1                 
            1fa8             1fa8        0     1                 $d.3
            1fcb             1fcb      133     1         /tmp/heap-b97e8f.o:(.debug_loc)
            1fcb             1fcb        0     1                 
            1fcb             1fcb        0     1                 $d.3
            2001             2001        0     1                 
            204a             204a        0     1                 
            206d             206d        0     1                 
            20a3             20a3        0     1                 
            20d9             20d9        0     1                 
               0                0      220     1 .debug_ranges
               0                0       30     1         /tmp/string-92212f.o:(.debug_ranges)
               0                0        0     1                 
               0                0        0     1                 $d.5
              30               30      160     1         /tmp/common-dc828e.o:(.debug_ranges)
              30               30        0     1                 
              30               30        0     1                 $d.6
              60               60        0     1                 
              a0               a0        0     1                 
              d0               d0        0     1                 
             100              100        0     1                 
             130              130        0     1                 
             160              160        0     1                 
             190              190       60     1         /tmp/uart-b4ed48.o:(.debug_ranges)
             190              190        0     1                 
             190              190        0     1                 $d.6
             1f0              1f0       30     1         /tmp/trap-448935.o:(.debug_ranges)
             1f0              1f0        0     1                 
             1f0              1f0        0     1                 $d.6
               0                0     cd68     8 .symtab
               0                0     cd68     8         <internal>:(.symtab)
               0                0       a0     1 .shstrtab
               0                0       a0     1         <internal>:(.shstrtab)
               0                0      5a6     1 .strtab
               0                0      5a6     1         <internal>:(.strtab)
