             VMA              LMA     Size Align Out     In      Symbol
               0                0 80200000     1 . = 0x80200000
        80200000                0        0     1 __kernel_base = .
        80200000         80200000     4e36     4 .text
        80200000         80200000        e     2         /tmp/boot-f6f70f.o:(.text.boot)
        80200000         80200000        0     1                 
        80200000         80200000        0     1                 
        80200000         80200000        0     1                 .Lpcrel_hi0
        80200000         80200000        0     1                 $x.0
        80200000         80200000        0     1                 
        80200000         80200000        e     1                 boot
        8020000e         8020000e        0     1                 
        8020000e         8020000e        0     1                 
        8020000e         8020000e        0     2         /tmp/boot-f6f70f.o:(.text)
        8020000e         8020000e      156     2         /tmp/kernel-f28fee.o:(.text)
        8020000e         8020000e        0     1                 
        8020000e         8020000e        0     1                 
        8020000e         8020000e        0     1                 $x.0
        8020000e         8020000e        0     1                 
        8020000e         8020000e      156     1                 kernel_main
        80200016         80200016        0     1                 
        8020001a         8020001a        0     1                 
        8020001a         8020001a        0     1                 
        8020001e         8020001e        0     1                 .Lpcrel_hi0
        8020001e         8020001e        0     1                 
        8020002a         8020002a        0     1                 
        8020002a         8020002a        0     1                 .Lpcrel_hi1
        8020002a         8020002a        0     1                 
        80200036         80200036        0     1                 
        80200036         80200036        0     1                 
        8020003a         8020003a        0     1                 
        8020003e         8020003e        0     1                 
        8020003e         8020003e        0     1                 
        80200042         80200042        0     1                 
        80200042         80200042        0     1                 
        80200046         80200046        0     1                 
        80200046         80200046        0     1                 
        8020004a         8020004a        0     1                 
        8020004a         8020004a        0     1                 
        8020004e         8020004e        0     1                 
        8020004e         8020004e        0     1                 
        80200052         80200052        0     1                 .Lpcrel_hi2
        80200052         80200052        0     1                 
        80200062         80200062        0     1                 
        80200062         80200062        0     1                 
        80200064         80200064        0     1                 
        8020006a         8020006a        0     1                 
        8020006a         8020006a        0     1                 .Lpcrel_hi7
        8020006a         8020006a        0     1                 
        80200072         80200072        0     1                 
        8020007c         8020007c        0     1                 
        8020007e         8020007e        0     1                 .Lpcrel_hi8
        8020007e         8020007e        0     1                 
        8020008a         8020008a        0     1                 
        8020008a         8020008a        0     1                 
        8020008e         8020008e        0     1                 .Lpcrel_hi9
        8020008e         8020008e        0     1                 
        80200096         80200096        0     1                 .Lpcrel_hi10
        80200096         80200096        0     1                 
        8020009e         8020009e        0     1                 .Lpcrel_hi11
        802000ac         802000ac        0     1                 
        802000ac         802000ac        0     1                 .Lpcrel_hi12
        802000ac         802000ac        0     1                 
        802000bc         802000bc        0     1                 
        802000bc         802000bc        0     1                 
        802000be         802000be        0     1                 
        802000c4         802000c4        0     1                 
        802000c4         802000c4        0     1                 
        802000c6         802000c6        0     1                 
        802000c6         802000c6        0     1                 .Lpcrel_hi17
        802000c6         802000c6        0     1                 
        802000d2         802000d2        0     1                 
        802000d2         802000d2        0     1                 .Lpcrel_hi18
        802000d2         802000d2        0     1                 
        802000da         802000da        0     1                 .Lpcrel_hi19
        802000ea         802000ea        0     1                 
        802000ea         802000ea        0     1                 .Lpcrel_hi20
        802000ea         802000ea        0     1                 
        802000fa         802000fa        0     1                 
        802000fa         802000fa        0     1                 .LBB0_3
        802000fa         802000fa        0     1                 
        802000fe         802000fe        0     1                 
        802000fe         802000fe        0     1                 
        80200100         80200100        0     1                 .LBB0_4
        80200100         80200100        0     1                 
        80200100         80200100        0     1                 .Lpcrel_hi3
        80200100         80200100        0     1                 
        80200104         80200104        0     1                 
        8020010c         8020010c        0     1                 
        8020010c         8020010c        0     1                 .Lpcrel_hi4
        80200114         80200114        0     1                 .Lpcrel_hi5
        80200124         80200124        0     1                 
        80200124         80200124        0     1                 .Lpcrel_hi6
        80200130         80200130        0     1                 
        80200130         80200130        0     1                 .LBB0_5
        80200132         80200132        0     1                 .LBB0_6
        80200132         80200132        0     1                 
        80200132         80200132        0     1                 .Lpcrel_hi13
        80200132         80200132        0     1                 
        80200136         80200136        0     1                 
        8020013e         8020013e        0     1                 
        8020013e         8020013e        0     1                 .Lpcrel_hi14
        80200146         80200146        0     1                 .Lpcrel_hi15
        80200156         80200156        0     1                 
        80200156         80200156        0     1                 .Lpcrel_hi16
        80200162         80200162        0     1                 
        80200162         80200162        0     1                 .LBB0_7
        80200164         80200164        0     1                 
        80200164         80200164        0     1                 
        80200164         80200164      230     2         /tmp/string-87101f.o:(.text)
        80200164         80200164        0     1                 
        80200164         80200164        0     1                 
        80200164         80200164        0     1                 $x.0
        80200164         80200164        0     1                 
        80200164         80200164       2e     1                 strcmp
        80200168         80200168        0     1                 
        8020016a         8020016a        0     1                 
        8020016c         8020016c        0     1                 
        8020016c         8020016c        0     1                 .LBB0_2
        8020016c         8020016c        0     1                 
        80200170         80200170        0     1                 
        80200174         80200174        0     1                 
        80200178         80200178        0     1                 
        80200178         80200178        0     1                 
        8020017c         8020017c        0     1                 
        8020017e         8020017e        0     1                 
        80200180         80200180        0     1                 
        80200182         80200182        0     1                 .LBB0_4
        80200182         80200182        0     1                 
        80200188         80200188        0     1                 .LBB0_5
        80200188         80200188        0     1                 
        80200188         80200188        0     1                 
        8020018a         8020018a        0     1                 .LBB0_6
        8020018a         8020018a        0     1                 
        8020018a         8020018a        0     1                 
        8020018e         8020018e        0     1                 
        8020018e         8020018e        0     1                 
        80200190         80200190        0     1                 
        80200192         80200192        0     1                 
        80200192         80200192        0     1                 
        80200192         80200192        0     1                 
        80200192         80200192        0     1                 
        80200192         80200192        0     1                 
        80200192         80200192       2e     1                 strncmp
        80200194         80200194        0     1                 
        80200196         80200196        0     1                 
        80200198         80200198        0     1                 
        8020019c         8020019c        0     1                 
        8020019c         8020019c        0     1                 .LBB1_2
        8020019c         8020019c        0     1                 
        802001a0         802001a0        0     1                 
        802001a4         802001a4        0     1                 
        802001a8         802001a8        0     1                 
        802001aa         802001aa        0     1                 
        802001ac         802001ac        0     1                 
        802001ae         802001ae        0     1                 
        802001b6         802001b6        0     1                 .LBB1_5
        802001b6         802001b6        0     1                 
        802001b6         802001b6        0     1                 
        802001ba         802001ba        0     1                 .LBB1_6
        802001ba         802001ba        0     1                 
        802001ba         802001ba        0     1                 
        802001be         802001be        0     1                 
        802001be         802001be        0     1                 
        802001c0         802001c0        0     1                 
        802001c0         802001c0        0     1                 
        802001c0         802001c0        0     1                 
        802001c0         802001c0        0     1                 
        802001c0         802001c0        0     1                 
        802001c0         802001c0       14     1                 strlen
        802001c2         802001c2        0     1                 
        802001c2         802001c2        0     1                 .LBB2_1
        802001c2         802001c2        0     1                 
        802001ca         802001ca        0     1                 
        802001cc         802001cc        0     1                 
        802001ce         802001ce        0     1                 
        802001d2         802001d2        0     1                 
        802001d4         802001d4        0     1                 
        802001d4         802001d4        0     1                 
        802001d4         802001d4        0     1                 
        802001d4         802001d4        0     1                 
        802001d4         802001d4        0     1                 
        802001d4         802001d4       1e     1                 strnlen
        802001d6         802001d6        0     1                 
        802001d8         802001d8        0     1                 
        802001da         802001da        0     1                 
        802001da         802001da        0     1                 .LBB3_2
        802001da         802001da        0     1                 
        802001e2         802001e2        0     1                 
        802001e4         802001e4        0     1                 
        802001e6         802001e6        0     1                 
        802001ea         802001ea        0     1                 
        802001ec         802001ec        0     1                 .LBB3_5
        802001ec         802001ec        0     1                 
        802001ec         802001ec        0     1                 
        802001ee         802001ee        0     1                 .LBB3_6
        802001ee         802001ee        0     1                 
        802001ee         802001ee        0     1                 
        802001f0         802001f0        0     1                 
        802001f0         802001f0        0     1                 
        802001f2         802001f2        0     1                 
        802001f2         802001f2        0     1                 
        802001f2         802001f2        0     1                 
        802001f2         802001f2        0     1                 
        802001f2         802001f2        0     1                 
        802001f2         802001f2       24     1                 strcpy
        802001f8         802001f8        0     1                 
        802001fc         802001fc        0     1                 
        802001fc         802001fc        0     1                 
        802001fe         802001fe        0     1                 
        802001fe         802001fe        0     1                 .LBB4_2
        802001fe         802001fe        0     1                 
        80200202         80200202        0     1                 
        80200206         80200206        0     1                 
        8020020a         8020020a        0     1                 
        8020020a         8020020a        0     1                 
        8020020c         8020020c        0     1                 
        8020020c         8020020c        0     1                 
        8020020e         8020020e        0     1                 
        80200210         80200210        0     1                 .LBB4_3
        80200210         80200210        0     1                 
        80200210         80200210        0     1                 
        80200214         80200214        0     1                 
        80200216         80200216        0     1                 
        80200216         80200216        0     1                 
        80200216         80200216        0     1                 
        80200216         80200216        0     1                 
        80200216         80200216        0     1                 
        80200216         80200216       32     1                 strncpy
        80200218         80200218        0     1                 
        8020021a         8020021a        0     1                 
        8020021a         8020021a        0     1                 .LBB5_1
        8020021a         8020021a        0     1                 
        80200222         80200222        0     1                 
        80200224         80200224        0     1                 
        80200228         80200228        0     1                 
        8020022a         8020022a        0     1                 
        8020022e         8020022e        0     1                 
        80200234         80200234        0     1                 .LBB5_3
        80200234         80200234        0     1                 
        80200238         80200238        0     1                 
        8020023a         8020023a        0     1                 
        8020023c         8020023c        0     1                 
        8020023c         8020023c        0     1                 .LBB5_5
        8020023c         8020023c        0     1                 
        80200240         80200240        0     1                 
        80200242         80200242        0     1                 
        80200246         80200246        0     1                 .LBB5_6
        80200246         80200246        0     1                 
        80200248         80200248        0     1                 
        80200248         80200248        0     1                 
        80200248         80200248        0     1                 
        80200248         80200248        0     1                 
        80200248         80200248        0     1                 
        80200248         80200248       3e     1                 strstr
        8020024c         8020024c        0     1                 
        8020024e         8020024e        0     1                 
        80200252         80200252        0     1                 
        80200258         80200258        0     1                 .LBB6_3
        80200258         80200258        0     1                 
        8020025c         8020025c        0     1                 
        8020025c         8020025c        0     1                 .LBB6_4
        8020025c         8020025c        0     1                 
        80200264         80200264        0     1                 
        80200268         80200268        0     1                 
        8020026c         8020026c        0     1                 
        8020026e         8020026e        0     1                 
        80200272         80200272        0     1                 
        80200276         80200276        0     1                 .LBB6_7
        80200276         80200276        0     1                 
        80200276         80200276        0     1                 
        80200278         80200278        0     1                 
        8020027c         8020027c        0     1                 
        8020027e         8020027e        0     1                 
        80200282         80200282        0     1                 .LBB6_9
        80200282         80200282        0     1                 
        80200284         80200284        0     1                 .LBB6_10
        80200284         80200284        0     1                 
        80200284         80200284        0     1                 
        80200286         80200286        0     1                 
        80200286         80200286        0     1                 
        80200286         80200286        0     1                 
        80200286         80200286        0     1                 
        80200286         80200286        0     1                 
        80200286         80200286       32     1                 strcat
        8020028a         8020028a        0     1                 
        8020028a         8020028a        0     1                 .LBB7_1
        8020028a         8020028a        0     1                 
        8020028e         8020028e        0     1                 
        80200290         80200290        0     1                 
        80200290         80200290        0     1                 
        80200292         80200292        0     1                 
        80200296         80200296        0     1                 
        8020029a         8020029a        0     1                 
        8020029a         8020029a        0     1                 .LBB7_4
        8020029a         8020029a        0     1                 
        8020029e         8020029e        0     1                 
        802002a2         802002a2        0     1                 
        802002a6         802002a6        0     1                 
        802002a6         802002a6        0     1                 
        802002a8         802002a8        0     1                 
        802002a8         802002a8        0     1                 
        802002aa         802002aa        0     1                 
        802002ac         802002ac        0     1                 
        802002b0         802002b0        0     1                 
        802002b2         802002b2        0     1                 .LBB7_6
        802002b2         802002b2        0     1                 
        802002b2         802002b2        0     1                 
        802002b6         802002b6        0     1                 
        802002b8         802002b8        0     1                 
        802002b8         802002b8        0     1                 
        802002b8         802002b8        0     1                 
        802002b8         802002b8        0     1                 
        802002b8         802002b8        0     1                 
        802002b8         802002b8       1e     1                 strchr
        802002bc         802002bc        0     1                 
        802002bc         802002bc        0     1                 
        802002be         802002be        0     1                 
        802002c2         802002c2        0     1                 
        802002c2         802002c2        0     1                 .LBB8_2
        802002c2         802002c2        0     1                 
        802002c6         802002c6        0     1                 
        802002ca         802002ca        0     1                 
        802002ce         802002ce        0     1                 
        802002d0         802002d0        0     1                 
        802002d2         802002d2        0     1                 .LBB8_4
        802002d2         802002d2        0     1                 
        802002d4         802002d4        0     1                 .LBB8_5
        802002d4         802002d4        0     1                 
        802002d4         802002d4        0     1                 
        802002d6         802002d6        0     1                 
        802002d6         802002d6        0     1                 
        802002d6         802002d6        0     1                 
        802002d6         802002d6        0     1                 
        802002d6         802002d6        0     1                 .Lpcrel_hi0
        802002d6         802002d6        0     1                 
        802002d6         802002d6       94     1                 strtok
        802002da         802002da        0     1                 
        802002dc         802002dc        0     1                 
        802002e2         802002e2        0     1                 .LBB9_2
        802002e2         802002e2        0     1                 
        802002e6         802002e6        0     1                 
        802002e6         802002e6        0     1                 
        802002e8         802002e8        0     1                 .LBB9_3
        802002e8         802002e8        0     1                 
        802002ec         802002ec        0     1                 
        802002ee         802002ee        0     1                 
        802002f2         802002f2        0     1                 
        802002f8         802002f8        0     1                 
        802002f8         802002f8        0     1                 .LBB9_5
        802002f8         802002f8        0     1                 
        802002fc         802002fc        0     1                 
        80200304         80200304        0     1                 
        80200304         80200304        0     1                 .LBB9_7
        80200304         80200304        0     1                 
        80200308         80200308        0     1                 
        8020030c         8020030c        0     1                 
        8020030c         8020030c        0     1                 
        80200310         80200310        0     1                 
        80200312         80200312        0     1                 
        80200316         80200316        0     1                 .LBB9_9
        80200316         80200316        0     1                 
        80200316         80200316        0     1                 
        8020031e         8020031e        0     1                 
        80200324         80200324        0     1                 
        80200326         80200326        0     1                 .LBB9_10
        80200326         80200326        0     1                 
        80200328         80200328        0     1                 
        8020032a         8020032a        0     1                 .LBB9_11
        8020032a         8020032a        0     1                 
        8020032c         8020032c        0     1                 .LBB9_12
        8020032c         8020032c        0     1                 
        80200332         80200332        0     1                 
        80200332         80200332        0     1                 .LBB9_13
        80200332         80200332        0     1                 
        80200336         80200336        0     1                 
        8020033a         8020033a        0     1                 .LBB9_14
        8020033a         8020033a        0     1                 
        8020034a         8020034a        0     1                 .LBB9_16
        8020034a         8020034a        0     1                 
        8020034a         8020034a        0     1                 
        80200352         80200352        0     1                 
        80200352         80200352        0     1                 
        80200356         80200356        0     1                 
        80200358         80200358        0     1                 
        80200358         80200358        0     1                 
        8020035c         8020035c        0     1                 .LBB9_18
        8020035c         8020035c        0     1                 
        8020035c         8020035c        0     1                 
        80200360         80200360        0     1                 .LBB9_19
        80200360         80200360        0     1                 
        80200364         80200364        0     1                 .LBB9_20
        80200364         80200364        0     1                 
        80200366         80200366        0     1                 .LBB9_21
        80200366         80200366        0     1                 
        8020036a         8020036a        0     1                 
        8020036a         8020036a        0     1                 
        8020036a         8020036a        0     1                 
        8020036a         8020036a        0     1                 
        8020036a         8020036a        0     1                 
        8020036a         8020036a       18     1                 memcpy
        8020036e         8020036e        0     1                 
        8020036e         8020036e        0     1                 
        80200370         80200370        0     1                 
        80200370         80200370        0     1                 .LBB10_2
        80200370         80200370        0     1                 
        80200374         80200374        0     1                 
        80200378         80200378        0     1                 
        80200378         80200378        0     1                 
        8020037a         8020037a        0     1                 
        8020037c         8020037c        0     1                 
        80200380         80200380        0     1                 .LBB10_3
        80200380         80200380        0     1                 
        80200380         80200380        0     1                 
        80200382         80200382        0     1                 
        80200382         80200382        0     1                 
        80200382         80200382        0     1                 
        80200382         80200382        0     1                 
        80200382         80200382        0     1                 
        80200382         80200382       12     1                 memset
        80200386         80200386        0     1                 
        80200386         80200386        0     1                 
        80200388         80200388        0     1                 
        80200388         80200388        0     1                 .LBB11_2
        80200388         80200388        0     1                 
        8020038c         8020038c        0     1                 
        8020038c         8020038c        0     1                 
        8020038e         8020038e        0     1                 
        8020038e         8020038e        0     1                 
        80200392         80200392        0     1                 .LBB11_3
        80200392         80200392        0     1                 
        80200392         80200392        0     1                 
        80200394         80200394        0     1                 
        80200394         80200394        0     1                 
        80200394         80200394      5a2     2         /tmp/common-7965c5.o:(.text)
        80200394         80200394        0     1                 
        80200394         80200394        0     1                 
        80200394         80200394        0     1                 $x.0
        80200394         80200394        0     1                 
        80200394         80200394       88     1                 itoa_unsigned
        80200396         80200396        0     1                 
        802003a0         802003a0        0     1                 
        802003a4         802003a4        0     1                 .LBB0_2
        802003a6         802003a6        0     1                 .Lpcrel_hi0
        802003b2         802003b2        0     1                 
        802003b2         802003b2        0     1                 .LBB0_3
        802003b4         802003b4        0     1                 
        802003b8         802003b8        0     1                 
        802003b8         802003b8        0     1                 
        802003c0         802003c0        0     1                 
        802003c8         802003c8        0     1                 
        802003c8         802003c8        0     1                 
        802003ca         802003ca        0     1                 
        802003ca         802003ca        0     1                 
        802003d2         802003d2        0     1                 
        802003d2         802003d2        0     1                 
        802003d6         802003d6        0     1                 
        802003d8         802003d8        0     1                 
        802003d8         802003d8        0     1                 
        802003e0         802003e0        0     1                 
        802003e4         802003e4        0     1                 
        802003e6         802003e6        0     1                 .LBB0_6
        802003e6         802003e6        0     1                 
        802003fa         802003fa        0     1                 
        802003fa         802003fa        0     1                 .LBB0_7
        802003fa         802003fa        0     1                 
        802003fe         802003fe        0     1                 
        80200404         80200404        0     1                 
        80200408         80200408        0     1                 
        80200408         80200408        0     1                 
        8020040c         8020040c        0     1                 
        80200410         80200410        0     1                 
        80200414         80200414        0     1                 .LBB0_8
        80200414         80200414        0     1                 
        80200414         80200414        0     1                 
        80200418         80200418        0     1                 
        8020041c         8020041c        0     1                 
        8020041c         8020041c        0     1                 
        8020041c         8020041c        0     1                 
        8020041c         8020041c        0     1                 
        8020041c         8020041c        0     1                 
        8020041c         8020041c      124     1                 itoa_signed
        80200426         80200426        0     1                 
        8020042a         8020042a        0     1                 
        8020042c         8020042c        0     1                 .LBB1_2
        8020042e         8020042e        0     1                 
        80200434         80200434        0     1                 
        80200438         80200438        0     1                 
        8020043a         8020043a        0     1                 
        8020043e         8020043e        0     1                 
        80200444         80200444        0     1                 
        80200444         80200444        0     1                 
        80200448         80200448        0     1                 
        80200450         80200450        0     1                 
        80200450         80200450        0     1                 
        80200458         80200458        0     1                 .Lpcrel_hi1
        80200466         80200466        0     1                 
        80200466         80200466        0     1                 .LBB1_5
        80200468         80200468        0     1                 
        80200468         80200468        0     1                 
        80200472         80200472        0     1                 
        80200472         80200472        0     1                 
        8020047a         8020047a        0     1                 
        80200482         80200482        0     1                 
        80200482         80200482        0     1                 
        80200484         80200484        0     1                 
        80200484         80200484        0     1                 
        8020048c         8020048c        0     1                 
        80200490         80200490        0     1                 
        80200490         80200490        0     1                 
        8020049a         8020049a        0     1                 
        8020049a         8020049a        0     1                 
        8020049c         8020049c        0     1                 .LBB1_8
        8020049c         8020049c        0     1                 
        802004a0         802004a0        0     1                 
        802004a0         802004a0        0     1                 
        802004b2         802004b2        0     1                 
        802004b2         802004b2        0     1                 .LBB1_9
        802004b2         802004b2        0     1                 
        802004b6         802004b6        0     1                 
        802004bc         802004bc        0     1                 
        802004c0         802004c0        0     1                 
        802004c2         802004c2        0     1                 
        802004c4         802004c4        0     1                 
        802004c8         802004c8        0     1                 
        802004ce         802004ce        0     1                 
        802004ce         802004ce        0     1                 
        802004d0         802004d0        0     1                 .LBB1_11
        802004d0         802004d0        0     1                 
        802004d0         802004d0        0     1                 
        802004d2         802004d2        0     1                 .Lpcrel_hi2
        802004de         802004de        0     1                 
        802004de         802004de        0     1                 .LBB1_12
        802004e0         802004e0        0     1                 
        802004e0         802004e0        0     1                 
        802004e4         802004e4        0     1                 
        802004e4         802004e4        0     1                 
        802004ec         802004ec        0     1                 
        802004f4         802004f4        0     1                 
        802004f4         802004f4        0     1                 
        802004f6         802004f6        0     1                 
        802004f6         802004f6        0     1                 
        802004fe         802004fe        0     1                 
        802004fe         802004fe        0     1                 
        80200502         80200502        0     1                 
        80200508         80200508        0     1                 
        8020050c         8020050c        0     1                 
        8020050e         8020050e        0     1                 .LBB1_15
        8020050e         8020050e        0     1                 
        80200522         80200522        0     1                 
        80200522         80200522        0     1                 .LBB1_16
        80200522         80200522        0     1                 
        80200526         80200526        0     1                 
        8020052c         8020052c        0     1                 
        80200530         80200530        0     1                 
        80200532         80200532        0     1                 
        80200534         80200534        0     1                 
        80200538         80200538        0     1                 
        8020053e         8020053e        0     1                 
        8020053e         8020053e        0     1                 
        80200540         80200540        0     1                 
        80200540         80200540        0     1                 
        80200540         80200540        0     1                 
        80200540         80200540        0     1                 
        80200540         80200540        0     1                 
        80200540         80200540      3da     1                 kvnprintf
        8020055c         8020055c        0     1                 
        80200560         80200560        0     1                 
        80200560         80200560        0     1                 
        80200562         80200562        0     1                 
        80200566         80200566        0     1                 
        8020056a         8020056a        0     1                 
        8020056e         8020056e        0     1                 
        80200572         80200572        0     1                 
        8020057a         8020057a        0     1                 
        80200584         80200584        0     1                 .Lpcrel_hi3
        802005a2         802005a2        0     1                 .Lpcrel_hi4
        802005b8         802005b8        0     1                 
        802005b8         802005b8        0     1                 .LBB2_3
        802005b8         802005b8        0     1                 
        802005bc         802005bc        0     1                 
        802005c0         802005c0        0     1                 
        802005c4         802005c4        0     1                 
        802005c6         802005c6        0     1                 
        802005c6         802005c6        0     1                 
        802005ca         802005ca        0     1                 
        802005cc         802005cc        0     1                 
        802005d8         802005d8        0     1                 
        802005d8         802005d8        0     1                 .LBB2_7
        802005d8         802005d8        0     1                 
        802005dc         802005dc        0     1                 
        802005de         802005de        0     1                 
        802005e2         802005e2        0     1                 
        802005e4         802005e4        0     1                 
        802005ea         802005ea        0     1                 .LBB2_8
        802005ea         802005ea        0     1                 
        802005ea         802005ea        0     1                 
        802005ec         802005ec        0     1                 
        802005f0         802005f0        0     1                 
        802005f2         802005f2        0     1                 
        802005f6         802005f6        0     1                 .LBB2_9
        802005f6         802005f6        0     1                 
        802005fa         802005fa        0     1                 
        80200604         80200604        0     1                 .LBB2_11
        80200604         80200604        0     1                 
        80200604         80200604        0     1                 
        80200608         80200608        0     1                 
        8020060c         8020060c        0     1                 
        8020060c         8020060c        0     1                 
        8020060e         8020060e        0     1                 
        80200614         80200614        0     1                 .LBB2_13
        80200614         80200614        0     1                 
        80200614         80200614        0     1                 
        80200618         80200618        0     1                 
        80200618         80200618        0     1                 
        8020061c         8020061c        0     1                 
        80200620         80200620        0     1                 
        80200624         80200624        0     1                 
        80200626         80200626        0     1                 
        80200626         80200626        0     1                 
        80200628         80200628        0     1                 
        8020062e         8020062e        0     1                 
        8020062e         8020062e        0     1                 .LBB2_15
        8020062e         8020062e        0     1                 
        80200630         80200630        0     1                 
        80200630         80200630        0     1                 
        80200634         80200634        0     1                 
        80200634         80200634        0     1                 
        80200638         80200638        0     1                 
        8020063c         8020063c        0     1                 
        80200640         80200640        0     1                 
        80200644         80200644        0     1                 
        80200648         80200648        0     1                 
        8020064c         8020064c        0     1                 .LBB2_17
        8020064c         8020064c        0     1                 
        8020064c         8020064c        0     1                 
        80200650         80200650        0     1                 
        80200654         80200654        0     1                 
        80200654         80200654        0     1                 .LBB2_18
        80200654         80200654        0     1                 
        8020065e         8020065e        0     1                 
        80200660         80200660        0     1                 
        80200660         80200660        0     1                 
        80200664         80200664        0     1                 
        80200668         80200668        0     1                 
        8020066e         8020066e        0     1                 
        80200672         80200672        0     1                 
        80200676         80200676        0     1                 
        8020067c         8020067c        0     1                 
        8020067c         8020067c        0     1                 .LBB2_20
        8020067c         8020067c        0     1                 
        80200680         80200680        0     1                 
        80200680         80200680        0     1                 
        80200686         80200686        0     1                 
        80200686         80200686        0     1                 
        8020068a         8020068a        0     1                 
        8020068c         8020068c        0     1                 
        8020068e         8020068e        0     1                 
        8020068e         8020068e        0     1                 
        80200690         80200690        0     1                 
        80200692         80200692        0     1                 
        80200692         80200692        0     1                 
        80200696         80200696        0     1                 
        80200696         80200696        0     1                 
        8020069a         8020069a        0     1                 
        8020069a         8020069a        0     1                 
        8020069c         8020069c        0     1                 
        802006a0         802006a0        0     1                 
        802006a2         802006a2        0     1                 
        802006a2         802006a2        0     1                 .LBB2_24
        802006a2         802006a2        0     1                 
        802006a6         802006a6        0     1                 
        802006aa         802006aa        0     1                 
        802006ae         802006ae        0     1                 
        802006b0         802006b0        0     1                 
        802006b4         802006b4        0     1                 
        802006b8         802006b8        0     1                 .LBB2_26
        802006b8         802006b8        0     1                 
        802006b8         802006b8        0     1                 
        802006ba         802006ba        0     1                 
        802006bc         802006bc        0     1                 
        802006bc         802006bc        0     1                 .LBB2_27
        802006bc         802006bc        0     1                 
        802006be         802006be        0     1                 
        802006be         802006be        0     1                 
        802006c4         802006c4        0     1                 
        802006c4         802006c4        0     1                 .LBB2_28
        802006c4         802006c4        0     1                 
        802006ce         802006ce        0     1                 
        802006d0         802006d0        0     1                 
        802006d0         802006d0        0     1                 
        802006d4         802006d4        0     1                 
        802006d8         802006d8        0     1                 
        802006de         802006de        0     1                 
        802006e2         802006e2        0     1                 
        802006ec         802006ec        0     1                 
        802006ec         802006ec        0     1                 .LBB2_30
        802006ec         802006ec        0     1                 
        802006f0         802006f0        0     1                 
        802006f0         802006f0        0     1                 
        802006f6         802006f6        0     1                 
        802006f6         802006f6        0     1                 
        802006fa         802006fa        0     1                 
        802006fc         802006fc        0     1                 
        802006fe         802006fe        0     1                 
        802006fe         802006fe        0     1                 
        80200700         80200700        0     1                 
        80200702         80200702        0     1                 
        80200702         80200702        0     1                 
        80200706         80200706        0     1                 
        80200706         80200706        0     1                 
        8020070a         8020070a        0     1                 
        8020070a         8020070a        0     1                 
        8020070e         8020070e        0     1                 
        80200712         80200712        0     1                 
        80200714         80200714        0     1                 
        80200714         80200714        0     1                 .LBB2_34
        80200714         80200714        0     1                 
        80200718         80200718        0     1                 
        8020071c         8020071c        0     1                 
        80200720         80200720        0     1                 
        80200722         80200722        0     1                 
        80200728         80200728        0     1                 
        8020072e         8020072e        0     1                 
        8020072e         8020072e        0     1                 .LBB2_36
        8020072e         8020072e        0     1                 
        80200730         80200730        0     1                 
        80200732         80200732        0     1                 
        80200736         80200736        0     1                 
        8020073a         8020073a        0     1                 
        8020073a         8020073a        0     1                 
        80200742         80200742        0     1                 
        80200744         80200744        0     1                 .LBB2_40
        80200744         80200744        0     1                 
        80200748         80200748        0     1                 
        8020074c         8020074c        0     1                 
        80200750         80200750        0     1                 
        80200752         80200752        0     1                 
        80200758         80200758        0     1                 
        8020075e         8020075e        0     1                 
        8020075e         8020075e        0     1                 .LBB2_42
        8020075e         8020075e        0     1                 
        80200762         80200762        0     1                 
        80200762         80200762        0     1                 
        80200766         80200766        0     1                 
        8020076c         8020076c        0     1                 
        8020076c         8020076c        0     1                 .LBB2_44
        8020076e         8020076e        0     1                 
        8020076e         8020076e        0     1                 
        8020077a         8020077a        0     1                 
        8020077a         8020077a        0     1                 
        80200782         80200782        0     1                 
        8020078c         8020078c        0     1                 
        8020078c         8020078c        0     1                 
        8020078e         8020078e        0     1                 
        8020078e         8020078e        0     1                 
        80200796         80200796        0     1                 
        8020079e         8020079e        0     1                 
        802007a2         802007a2        0     1                 
        802007a6         802007a6        0     1                 
        802007a8         802007a8        0     1                 .LBB2_47
        802007a8         802007a8        0     1                 
        802007b6         802007b6        0     1                 
        802007b6         802007b6        0     1                 .LBB2_48
        802007b6         802007b6        0     1                 
        802007ba         802007ba        0     1                 
        802007c0         802007c0        0     1                 
        802007c0         802007c0        0     1                 
        802007c4         802007c4        0     1                 
        802007c6         802007c6        0     1                 
        802007c8         802007c8        0     1                 
        802007ce         802007ce        0     1                 
        802007ce         802007ce        0     1                 .LBB2_49
        802007ce         802007ce        0     1                 
        802007d0         802007d0        0     1                 
        802007d6         802007d6        0     1                 
        802007d6         802007d6        0     1                 .LBB2_50
        802007d8         802007d8        0     1                 
        802007d8         802007d8        0     1                 
        802007e2         802007e2        0     1                 
        802007e2         802007e2        0     1                 
        802007ea         802007ea        0     1                 
        802007f4         802007f4        0     1                 
        802007f4         802007f4        0     1                 
        802007f6         802007f6        0     1                 
        802007f6         802007f6        0     1                 
        802007fe         802007fe        0     1                 
        80200806         80200806        0     1                 
        8020080e         8020080e        0     1                 
        80200810         80200810        0     1                 .LBB2_53
        80200810         80200810        0     1                 
        8020081e         8020081e        0     1                 
        8020081e         8020081e        0     1                 .LBB2_54
        8020081e         8020081e        0     1                 
        80200822         80200822        0     1                 
        80200828         80200828        0     1                 
        80200828         80200828        0     1                 
        8020082c         8020082c        0     1                 
        8020082e         8020082e        0     1                 
        80200830         80200830        0     1                 
        80200834         80200834        0     1                 
        80200834         80200834        0     1                 
        80200838         80200838        0     1                 
        80200838         80200838        0     1                 
        8020083c         8020083c        0     1                 
        8020083e         8020083e        0     1                 
        80200842         80200842        0     1                 
        80200844         80200844        0     1                 
        80200844         80200844        0     1                 .LBB2_58
        80200844         80200844        0     1                 
        80200848         80200848        0     1                 
        8020084c         8020084c        0     1                 
        80200850         80200850        0     1                 
        80200852         80200852        0     1                 
        80200856         80200856        0     1                 
        8020085c         8020085c        0     1                 .LBB2_60
        8020085c         8020085c        0     1                 
        8020085c         8020085c        0     1                 
        8020085e         8020085e        0     1                 
        80200860         80200860        0     1                 .LBB2_61
        80200860         80200860        0     1                 
        80200862         80200862        0     1                 
        80200862         80200862        0     1                 
        80200866         80200866        0     1                 
        8020086c         8020086c        0     1                 
        8020086c         8020086c        0     1                 .LBB2_62
        8020086c         8020086c        0     1                 
        8020086e         8020086e        0     1                 
        8020086e         8020086e        0     1                 
        80200878         80200878        0     1                 
        80200878         80200878        0     1                 
        80200880         80200880        0     1                 
        8020088a         8020088a        0     1                 
        8020088a         8020088a        0     1                 
        8020088c         8020088c        0     1                 
        8020088c         8020088c        0     1                 
        80200894         80200894        0     1                 
        8020089c         8020089c        0     1                 
        802008a4         802008a4        0     1                 
        802008a6         802008a6        0     1                 .LBB2_65
        802008a6         802008a6        0     1                 
        802008b0         802008b0        0     1                 
        802008b0         802008b0        0     1                 .LBB2_66
        802008b0         802008b0        0     1                 
        802008b4         802008b4        0     1                 
        802008ba         802008ba        0     1                 
        802008ba         802008ba        0     1                 
        802008be         802008be        0     1                 
        802008c0         802008c0        0     1                 
        802008c2         802008c2        0     1                 
        802008c6         802008c6        0     1                 .LBB2_67
        802008c6         802008c6        0     1                 
        802008c6         802008c6        0     1                 
        802008ca         802008ca        0     1                 
        802008ca         802008ca        0     1                 
        802008ce         802008ce        0     1                 
        802008d0         802008d0        0     1                 
        802008d4         802008d4        0     1                 
        802008d6         802008d6        0     1                 
        802008d6         802008d6        0     1                 .LBB2_70
        802008d6         802008d6        0     1                 
        802008da         802008da        0     1                 
        802008de         802008de        0     1                 
        802008e2         802008e2        0     1                 
        802008e4         802008e4        0     1                 
        802008e8         802008e8        0     1                 
        802008ec         802008ec        0     1                 .LBB2_72
        802008ec         802008ec        0     1                 
        802008ec         802008ec        0     1                 
        802008ee         802008ee        0     1                 
        802008f0         802008f0        0     1                 .LBB2_73
        802008f0         802008f0        0     1                 
        802008f0         802008f0        0     1                 
        802008f4         802008f4        0     1                 
        802008f8         802008f8        0     1                 
        802008f8         802008f8        0     1                 
        80200916         80200916        0     1                 
        8020091a         8020091a        0     1                 
        8020091a         8020091a        0     1                 
        8020091a         8020091a        0     1                 
        8020091a         8020091a        0     1                 
        8020091a         8020091a        0     1                 
        8020091a         8020091a       1c     1                 ksnprintf
        8020092a         8020092a        0     1                 
        8020092c         8020092c        0     1                 
        80200930         80200930        0     1                 
        80200930         80200930        0     1                 
        80200932         80200932        0     1                 
        80200936         80200936        0     1                 
        80200936         80200936        0     1                 
        80200936         80200936        6     2         /tmp/sbi-ae6b56.o:(.text)
        80200936         80200936        0     1                 
        80200936         80200936        0     1                 
        80200936         80200936        0     1                 $x.0
        80200936         80200936        0     1                 
        80200936         80200936        6     1                 sbi_call
        8020093a         8020093a        0     1                 
        8020093c         8020093c        0     1                 
        8020093c         8020093c      84c     2         /tmp/uart-4681d1.o:(.text)
        8020093c         8020093c        0     1                 
        8020093c         8020093c        0     1                 
        8020093c         8020093c        0     1                 $x.0
        8020093c         8020093c        0     1                 
        8020093c         8020093c       12     1                 uart_getc
        8020094e         8020094e        0     1                 
        8020094e         8020094e        0     1                 
        8020094e         8020094e        0     1                 
        8020094e         8020094e        0     1                 
        8020094e         8020094e        0     1                 
        8020094e         8020094e        0     1                 
        8020094e         8020094e       10     1                 uart_putc
        8020095e         8020095e        0     1                 
        8020095e         8020095e        0     1                 
        8020095e         8020095e        0     1                 
        8020095e         8020095e        0     1                 
        8020095e         8020095e        0     1                 
        8020095e         8020095e        0     1                 
        8020095e         8020095e       36     1                 uart_puts
        80200962         80200962        0     1                 
        80200966         80200966        0     1                 
        8020096e         8020096e        0     1                 
        8020096e         8020096e        0     1                 .LBB2_2
        8020096e         8020096e        0     1                 
        80200972         80200972        0     1                 
        80200976         80200976        0     1                 
        80200984         80200984        0     1                 
        80200984         80200984        0     1                 
        80200988         80200988        0     1                 
        8020098a         8020098a        0     1                 
        8020098c         8020098c        0     1                 
        80200992         80200992        0     1                 .LBB2_4
        80200992         80200992        0     1                 
        80200994         80200994        0     1                 
        80200994         80200994        0     1                 
        80200994         80200994        0     1                 
        80200994         80200994        0     1                 
        80200994         80200994        0     1                 
        80200994         80200994       4c     1                 uart_puthex8
        8020099e         8020099e        0     1                 
        802009a0         802009a0        0     1                 .Lpcrel_hi0
        802009a0         802009a0        0     1                 
        802009ae         802009ae        0     1                 
        802009ae         802009ae        0     1                 
        802009c0         802009c0        0     1                 
        802009c0         802009c0        0     1                 
        802009c2         802009c2        0     1                 
        802009c2         802009c2        0     1                 
        802009c8         802009c8        0     1                 
        802009c8         802009c8        0     1                 
        802009dc         802009dc        0     1                 
        802009e0         802009e0        0     1                 
        802009e0         802009e0        0     1                 
        802009e0         802009e0        0     1                 
        802009e0         802009e0        0     1                 
        802009e0         802009e0        0     1                 
        802009e0         802009e0        0     1                 
        802009e0         802009e0       7a     1                 uart_puthex8_prefixed
        802009ea         802009ea        0     1                 
        802009ea         802009ea        0     1                 
        80200a00         80200a00        0     1                 
        80200a16         80200a16        0     1                 
        80200a16         80200a16        0     1                 
        80200a1a         80200a1a        0     1                 
        80200a1a         80200a1a        0     1                 .Lpcrel_hi1
        80200a1a         80200a1a        0     1                 
        80200a28         80200a28        0     1                 
        80200a28         80200a28        0     1                 
        80200a3a         80200a3a        0     1                 
        80200a3a         80200a3a        0     1                 
        80200a3c         80200a3c        0     1                 
        80200a3c         80200a3c        0     1                 
        80200a42         80200a42        0     1                 
        80200a42         80200a42        0     1                 
        80200a56         80200a56        0     1                 
        80200a5a         80200a5a        0     1                 
        80200a5a         80200a5a        0     1                 
        80200a5a         80200a5a        0     1                 
        80200a5a         80200a5a        0     1                 
        80200a5a         80200a5a        0     1                 
        80200a5a         80200a5a        0     1                 
        80200a5a         80200a5a       88     1                 uart_puthex16
        80200a64         80200a64        0     1                 
        80200a66         80200a66        0     1                 .Lpcrel_hi2
        80200a66         80200a66        0     1                 
        80200a66         80200a66        0     1                 
        80200a74         80200a74        0     1                 
        80200a74         80200a74        0     1                 
        80200a86         80200a86        0     1                 
        80200a86         80200a86        0     1                 
        80200a8c         80200a8c        0     1                 
        80200a92         80200a92        0     1                 
        80200a92         80200a92        0     1                 
        80200aa4         80200aa4        0     1                 
        80200aa4         80200aa4        0     1                 
        80200aaa         80200aaa        0     1                 
        80200aaa         80200aaa        0     1                 
        80200ab0         80200ab0        0     1                 
        80200ab0         80200ab0        0     1                 
        80200ac2         80200ac2        0     1                 
        80200ac2         80200ac2        0     1                 
        80200ac4         80200ac4        0     1                 
        80200ac4         80200ac4        0     1                 
        80200aca         80200aca        0     1                 
        80200aca         80200aca        0     1                 
        80200ade         80200ade        0     1                 
        80200ae2         80200ae2        0     1                 
        80200ae2         80200ae2        0     1                 
        80200ae2         80200ae2        0     1                 
        80200ae2         80200ae2        0     1                 
        80200ae2         80200ae2        0     1                 
        80200ae2         80200ae2        0     1                 
        80200ae2         80200ae2       3e     1                 uart_puthex16_prefixed
        80200aea         80200aea        0     1                 
        80200aea         80200aea        0     1                 
        80200b00         80200b00        0     1                 
        80200b16         80200b16        0     1                 
        80200b16         80200b16        0     1                 
        80200b18         80200b18        0     1                 
        80200b18         80200b18        0     1                 
        80200b1c         80200b1c        0     1                 
        80200b20         80200b20        0     1                 
        80200b20         80200b20        0     1                 
        80200b20         80200b20        0     1                 
        80200b20         80200b20        0     1                 
        80200b20         80200b20        0     1                 
        80200b20         80200b20        0     1                 
        80200b20         80200b20       1e     1                 uart_puthex32
        80200b28         80200b28        0     1                 
        80200b28         80200b28        0     1                 
        80200b2c         80200b2c        0     1                 
        80200b30         80200b30        0     1                 
        80200b30         80200b30        0     1                 
        80200b3a         80200b3a        0     1                 
        80200b3a         80200b3a        0     1                 
        80200b3e         80200b3e        0     1                 
        80200b3e         80200b3e        0     1                 
        80200b3e         80200b3e        0     1                 
        80200b3e         80200b3e        0     1                 
        80200b3e         80200b3e        0     1                 
        80200b3e         80200b3e        0     1                 
        80200b3e         80200b3e       4a     1                 uart_puthex32_prefixed
        80200b46         80200b46        0     1                 
        80200b46         80200b46        0     1                 
        80200b5c         80200b5c        0     1                 
        80200b72         80200b72        0     1                 
        80200b72         80200b72        0     1                 
        80200b76         80200b76        0     1                 
        80200b7a         80200b7a        0     1                 
        80200b7a         80200b7a        0     1                 
        80200b84         80200b84        0     1                 
        80200b84         80200b84        0     1                 
        80200b88         80200b88        0     1                 
        80200b88         80200b88        0     1                 
        80200b88         80200b88        0     1                 
        80200b88         80200b88        0     1                 
        80200b88         80200b88        0     1                 
        80200b88         80200b88        0     1                 
        80200b88         80200b88       2e     1                 uart_puthex64
        80200b90         80200b90        0     1                 
        80200b90         80200b90        0     1                 
        80200b92         80200b92        0     1                 
        80200b96         80200b96        0     1                 
        80200b96         80200b96        0     1                 
        80200ba0         80200ba0        0     1                 
        80200ba0         80200ba0        0     1                 
        80200ba8         80200ba8        0     1                 
        80200ba8         80200ba8        0     1                 
        80200bb2         80200bb2        0     1                 
        80200bb2         80200bb2        0     1                 
        80200bb6         80200bb6        0     1                 
        80200bb6         80200bb6        0     1                 
        80200bb6         80200bb6        0     1                 
        80200bb6         80200bb6        0     1                 
        80200bb6         80200bb6        0     1                 
        80200bb6         80200bb6        0     1                 
        80200bb6         80200bb6       5c     1                 uart_puthex64_prefixed
        80200bbe         80200bbe        0     1                 
        80200bbe         80200bbe        0     1                 
        80200bd4         80200bd4        0     1                 
        80200bea         80200bea        0     1                 
        80200bea         80200bea        0     1                 
        80200bee         80200bee        0     1                 
        80200bf2         80200bf2        0     1                 
        80200bf2         80200bf2        0     1                 
        80200bfc         80200bfc        0     1                 
        80200bfc         80200bfc        0     1                 
        80200c04         80200c04        0     1                 
        80200c04         80200c04        0     1                 
        80200c0e         80200c0e        0     1                 
        80200c0e         80200c0e        0     1                 
        80200c12         80200c12        0     1                 
        80200c12         80200c12        0     1                 
        80200c12         80200c12        0     1                 
        80200c12         80200c12        0     1                 
        80200c12         80200c12        0     1                 
        80200c12         80200c12        0     1                 
        80200c12         80200c12       8c     1                 uart_put_udec
        80200c18         80200c18        0     1                 
        80200c18         80200c18        0     1                 
        80200c1c         80200c1c        0     1                 
        80200c1e         80200c1e        0     1                 
        80200c20         80200c20        0     1                 
        80200c32         80200c32        0     1                 
        80200c32         80200c32        0     1                 .LBB11_2
        80200c32         80200c32        0     1                 
        80200c36         80200c36        0     1                 
        80200c36         80200c36        0     1                 
        80200c3c         80200c3c        0     1                 
        80200c3c         80200c3c        0     1                 
        80200c44         80200c44        0     1                 
        80200c48         80200c48        0     1                 
        80200c4c         80200c4c        0     1                 
        80200c4e         80200c4e        0     1                 
        80200c58         80200c58        0     1                 .LBB11_4
        80200c58         80200c58        0     1                 
        80200c58         80200c58        0     1                 
        80200c5c         80200c5c        0     1                 
        80200c5c         80200c5c        0     1                 
        80200c5e         80200c5e        0     1                 
        80200c5e         80200c5e        0     1                 .LBB11_5
        80200c5e         80200c5e        0     1                 
        80200c62         80200c62        0     1                 
        80200c62         80200c62        0     1                 
        80200c74         80200c74        0     1                 
        80200c74         80200c74        0     1                 
        80200c78         80200c78        0     1                 
        80200c7c         80200c7c        0     1                 .LBB11_6
        80200c7c         80200c7c        0     1                 
        80200c7c         80200c7c        0     1                 
        80200c80         80200c80        0     1                 
        80200c84         80200c84        0     1                 .LBB11_7
        80200c84         80200c84        0     1                 
        80200c84         80200c84        0     1                 
        80200c88         80200c88        0     1                 
        80200c9a         80200c9a        0     1                 
        80200c9e         80200c9e        0     1                 
        80200c9e         80200c9e        0     1                 
        80200c9e         80200c9e        0     1                 
        80200c9e         80200c9e        0     1                 
        80200c9e         80200c9e        0     1                 
        80200c9e         80200c9e        0     1                 
        80200c9e         80200c9e       30     1                 uart_put_dec
        80200ca2         80200ca2        0     1                 
        80200ca4         80200ca4        0     1                 .LBB12_2
        80200ca4         80200ca4        0     1                 
        80200ca6         80200ca6        0     1                 
        80200cac         80200cac        0     1                 
        80200cac         80200cac        0     1                 
        80200cc2         80200cc2        0     1                 
        80200cc2         80200cc2        0     1                 
        80200cca         80200cca        0     1                 
        80200cca         80200cca        0     1                 
        80200cce         80200cce        0     1                 
        80200cce         80200cce        0     1                 
        80200cce         80200cce        0     1                 
        80200cce         80200cce        0     1                 
        80200cce         80200cce        0     1                 
        80200cce         80200cce        0     1                 
        80200cce         80200cce       b0     1                 uart_puthex
        80200cd6         80200cd6        0     1                 
        80200cd6         80200cd6        0     1                 
        80200cda         80200cda        0     1                 
        80200cdc         80200cdc        0     1                 
        80200cde         80200cde        0     1                 .Lpcrel_hi3
        80200cee         80200cee        0     1                 
        80200cee         80200cee        0     1                 .LBB13_2
        80200cee         80200cee        0     1                 
        80200cf2         80200cf2        0     1                 
        80200cf8         80200cf8        0     1                 
        80200cf8         80200cf8        0     1                 
        80200d00         80200d00        0     1                 
        80200d00         80200d00        0     1                 
        80200d06         80200d06        0     1                 
        80200d0c         80200d0c        0     1                 
        80200d0e         80200d0e        0     1                 
        80200d0e         80200d0e        0     1                 
        80200d12         80200d12        0     1                 .LBB13_4
        80200d12         80200d12        0     1                 
        80200d12         80200d12        0     1                 
        80200d16         80200d16        0     1                 
        80200d16         80200d16        0     1                 
        80200d1c         80200d1c        0     1                 .LBB13_5
        80200d1c         80200d1c        0     1                 
        80200d1c         80200d1c        0     1                 
        80200d1e         80200d1e        0     1                 
        80200d22         80200d22        0     1                 
[...]
            317a             317a        0     1                 
            3286             3286        0     1                 
            32bf             32bf        0     1                 
            32f7             32f7      612     1         /tmp/time-7056ba.o:(.debug_loc)
            32f7             32f7        0     1                 
            32f7             32f7        0     1                 $d.4
            331a             331a        0     1                 
            333d             333d        0     1                 
            3360             3360        0     1                 
            3399             3399        0     1                 
            341d             341d        0     1                 
            347b             347b        0     1                 
            349e             349e        0     1                 
            34fa             34fa        0     1                 
            351d             351d        0     1                 
            3569             3569        0     1                 
            358c             358c        0     1                 
            35b4             35b4        0     1                 
            35ec             35ec        0     1                 
            3622             3622        0     1                 
            3645             3645        0     1                 
            3696             3696        0     1                 
            36b9             36b9        0     1                 
            36dc             36dc        0     1                 
            3709             3709        0     1                 
            3765             3765        0     1                 
            3788             3788        0     1                 
            37d4             37d4        0     1                 
            37f7             37f7        0     1                 
            381f             381f        0     1                 
            3857             3857        0     1                 
            388d             388d        0     1                 
            38b0             38b0        0     1                 
            38e6             38e6        0     1                 
            3909             3909       cc     1         /tmp/virtio-35b993.o:(.debug_loc)
            3909             3909        0     1                 
            3909             3909        0     1                 $d.4
            397c             397c        0     1                 
            39b2             39b2        0     1                 
            39d5             39d5      666     1         /tmp/virtio-emerg-a2a58d.o:(.debug_loc)
            39d5             39d5        0     1                 
            39d5             39d5        0     1                 $d.3
            3a0b             3a0b        0     1                 
            3a54             3a54        0     1                 
            3a77             3a77        0     1                 
            3ac0             3ac0        0     1                 
            3b0b             3b0b        0     1                 
            3b2e             3b2e        0     1                 
            3b77             3b77        0     1                 
            3b9a             3b9a        0     1                 
            3be3             3be3        0     1                 
            3c1b             3c1b        0     1                 
            3c66             3c66        0     1                 
            3c89             3c89        0     1                 
            3cbf             3cbf        0     1                 
            3cf5             3cf5        0     1                 
            3d3e             3d3e        0     1                 
            3d74             3d74        0     1                 
            3dbd             3dbd        0     1                 
            3df5             3df5        0     1                 
            3e40             3e40        0     1                 
            3e63             3e63        0     1                 
            3e99             3e99        0     1                 
            3ebc             3ebc        0     1                 
            3f05             3f05        0     1                 
            3f4e             3f4e        0     1                 
            3f86             3f86        0     1                 
            3fcf             3fcf        0     1                 
            3ff2             3ff2        0     1                 
            4015             4015        0     1                 
            403b             403b      31f     1         /tmp/user-583fb3.o:(.debug_loc)
            403b             403b        0     1                 
            403b             403b        0     1                 $d.2
            4084             4084        0     1                 
            40cd             40cd        0     1                 
            4116             4116        0     1                 
            415f             415f        0     1                 
            41aa             41aa        0     1                 
            41e0             41e0        0     1                 
            423c             423c        0     1                 
            4298             4298        0     1                 
            42ce             42ce        0     1                 
            42f1             42f1        0     1                 
            4314             4314        0     1                 
            4337             4337        0     1                 
            435a             435a      689     1         /tmp/process-69041b.o:(.debug_loc)
            435a             435a        0     1                 
            435a             435a        0     1                 $d.4
            437d             437d        0     1                 
            44dd             44dd        0     1                 
            4513             4513        0     1                 
            4549             4549        0     1                 
            456c             456c        0     1                 
            45a2             45a2        0     1                 
            45d9             45d9        0     1                 
            460f             460f        0     1                 
            4645             4645        0     1                 
            46fd             46fd        0     1                 
            4734             4734        0     1                 
            476e             476e        0     1                 
            4791             4791        0     1                 
            47b4             47b4        0     1                 
            47d7             47d7        0     1                 
            47fa             47fa        0     1                 
            4830             4830        0     1                 
            4853             4853        0     1                 
            488e             488e        0     1                 
            48b1             48b1        0     1                 
            48d4             48d4        0     1                 
            48f7             48f7        0     1                 
            492d             492d        0     1                 
            4977             4977        0     1                 
            49ad             49ad        0     1                 
            49e3             49e3      6ad     1         /tmp/elf-loader-7b1a84.o:(.debug_loc)
            49e3             49e3        0     1                 
            49e3             49e3        0     1                 $d.3
            4a19             4a19        0     1                 
            4a62             4a62        0     1                 
            4a98             4a98        0     1                 
            4ad0             4ad0        0     1                 
            4b1a             4b1a        0     1                 
            4b77             4b77        0     1                 
            4bad             4bad        0     1                 
            4bd0             4bd0        0     1                 
            4bf3             4bf3        0     1                 
            4c1d             4c1d        0     1                 
            4c53             4c53        0     1                 
            4c76             4c76        0     1                 
            4c9a             4c9a        0     1                 
            4cbd             4cbd        0     1                 
            4d06             4d06        0     1                 
            4d88             4d88        0     1                 
            4dd1             4dd1        0     1                 
            4e53             4e53        0     1                 
            4ed7             4ed7        0     1                 
            4f83             4f83        0     1                 
            4fa6             4fa6        0     1                 
            4fdc             4fdc        0     1                 
            5012             5012        0     1                 
            504a             504a        0     1                 
            506d             506d        0     1                 
            5090             5090       4f     1         /tmp/util-e89fbe.o:(.debug_loc)
            5090             5090        0     1                 
            5090             5090        0     1                 $d.2
            50df             50df      20e     1         /tmp/scheduler-cf613d.o:(.debug_loc)
            50df             50df        0     1                 
            50df             50df        0     1                 $d.3
            5150             5150        0     1                 
            5199             5199        0     1                 
            523c             523c        0     1                 
            52ed             52ed      c32     1         /tmp/syscall-09b3b9.o:(.debug_loc)
            52ed             52ed        0     1                 
            52ed             52ed        0     1                 $d.2
            5310             5310        0     1                 
            5333             5333        0     1                 
            5356             5356        0     1                 
            5379             5379        0     1                 
            539c             539c        0     1                 
            53bf             53bf        0     1                 
            53e2             53e2        0     1                 
            5418             5418        0     1                 
            544e             544e        0     1                 
            5484             5484        0     1                 
            54a7             54a7        0     1                 
            54dd             54dd        0     1                 
            5500             5500        0     1                 
            5523             5523        0     1                 
            5559             5559        0     1                 
            558f             558f        0     1                 
            55b2             55b2        0     1                 
            55d5             55d5        0     1                 
            55f8             55f8        0     1                 
            5654             5654        0     1                 
            5677             5677        0     1                 
            569a             569a        0     1                 
            56bd             56bd        0     1                 
            56e0             56e0        0     1                 
            5703             5703        0     1                 
            5739             5739        0     1                 
            576f             576f        0     1                 
            5792             5792        0     1                 
            57b5             57b5        0     1                 
            57d8             57d8        0     1                 
            582f             582f        0     1                 
            5852             5852        0     1                 
            5875             5875        0     1                 
            5898             5898        0     1                 
            58bb             58bb        0     1                 
            58f1             58f1        0     1                 
            5914             5914        0     1                 
            594a             594a        0     1                 
            5980             5980        0     1                 
            59a3             59a3        0     1                 
            59cb             59cb        0     1                 
            59ee             59ee        0     1                 
            5a29             5a29        0     1                 
            5a5f             5a5f        0     1                 
            5a82             5a82        0     1                 
            5acb             5acb        0     1                 
            5aee             5aee        0     1                 
            5b11             5b11        0     1                 
            5b34             5b34        0     1                 
            5b57             5b57        0     1                 
            5b7a             5b7a        0     1                 
            5bd6             5bd6        0     1                 
            5bf9             5bf9        0     1                 
            5c1c             5c1c        0     1                 
            5c3f             5c3f        0     1                 
            5c62             5c62        0     1                 
            5c85             5c85        0     1                 
            5ca8             5ca8        0     1                 
            5ccb             5ccb        0     1                 
            5cee             5cee        0     1                 
            5d11             5d11        0     1                 
            5d47             5d47        0     1                 
            5d6a             5d6a        0     1                 
            5d8d             5d8d        0     1                 
            5db0             5db0        0     1                 
            5dd3             5dd3        0     1                 
            5df6             5df6        0     1                 
            5e19             5e19        0     1                 
            5e3c             5e3c        0     1                 
            5e5f             5e5f        0     1                 
            5eb6             5eb6        0     1                 
            5ed9             5ed9        0     1                 
            5efc             5efc        0     1                 
               0                0      770     1 .debug_ranges
               0                0       30     1         /tmp/string-87101f.o:(.debug_ranges)
               0                0        0     1                 
               0                0        0     1                 $d.5
              30               30      160     1         /tmp/common-7965c5.o:(.debug_ranges)
              30               30        0     1                 
              30               30        0     1                 $d.6
              60               60        0     1                 
              a0               a0        0     1                 
              d0               d0        0     1                 
             100              100        0     1                 
             130              130        0     1                 
             160              160        0     1                 
             190              190       60     1         /tmp/uart-4681d1.o:(.debug_ranges)
             190              190        0     1                 
             190              190        0     1                 $d.6
             1f0              1f0       30     1         /tmp/trap-b424ec.o:(.debug_ranges)
             1f0              1f0        0     1                 
             1f0              1f0        0     1                 $d.6
             220              220      170     1         /tmp/page-428385.o:(.debug_ranges)
             220              220        0     1                 
             220              220        0     1                 $d.7
             250              250        0     1                 
             280              280        0     1                 
             2b0              2b0        0     1                 
             2e0              2e0        0     1                 
             320              320        0     1                 
             360              360        0     1                 
             390              390       30     1         /tmp/tar-parser-685dd8.o:(.debug_ranges)
             390              390        0     1                 
             390              390        0     1                 $d.5
             3c0              3c0      110     1         /tmp/time-7056ba.o:(.debug_ranges)
             3c0              3c0        0     1                 
             3c0              3c0        0     1                 $d.7
             400              400        0     1                 
             430              430        0     1                 
             460              460        0     1                 
             4a0              4a0        0     1                 
             4d0              4d0       30     1         /tmp/virtio-35b993.o:(.debug_ranges)
             4d0              4d0        0     1                 
             4d0              4d0        0     1                 $d.7
             500              500       50     1         /tmp/user-583fb3.o:(.debug_ranges)
             500              500        0     1                 
             500              500        0     1                 $d.5
             550              550       90     1         /tmp/process-69041b.o:(.debug_ranges)
             550              550        0     1                 
             550              550        0     1                 $d.7
             580              580        0     1                 
             5b0              5b0        0     1                 
             5e0              5e0       70     1         /tmp/elf-loader-7b1a84.o:(.debug_ranges)
             5e0              5e0        0     1                 
             5e0              5e0        0     1                 $d.6
             620              620        0     1                 
             650              650      120     1         /tmp/syscall-09b3b9.o:(.debug_ranges)
             650              650        0     1                 
             650              650        0     1                 $d.5
             680              680        0     1                 
             6c0              6c0        0     1                 
             700              700        0     1                 
             740              740        0     1                 
               0                0    226c8     8 .symtab
               0                0    226c8     8         <internal>:(.symtab)
               0                0       b2     1 .shstrtab
               0                0       b2     1         <internal>:(.shstrtab)
               0                0      d06     1 .strtab
               0                0      d06     1         <internal>:(.strtab)
