             VMA              LMA     Size Align Out     In      Symbol
               0                0  1000000     1 . = 0x1000000
         1000000          1000000      7d8     2 .text
         1000000          1000000        8     1         user/bin/crt0.o:(.text.start)
         1000000          1000000        0     1                 
         1000000          1000000        0     1                 $x.0
         1000000          1000000        0     1                 
         1000000          1000000        0     1                 start
         1000004          1000004        0     1                 
         1000008          1000008        0     1                 
         1000008          1000008        0     2         user/bin/crt0.o:(.text)
         1000008          1000008       18     2         user/bin/hello.o:(.text)
         1000008          1000008        0     1                 
         1000008          1000008        0     1                 
         1000008          1000008        0     1                 $x.0
         1000008          1000008        0     1                 
         1000008          1000008       18     1                 main
         100000c          100000c        0     1                 .Lpcrel_hi0
         100000c          100000c        0     1                 
         1000014          1000014        0     1                 
         1000018          1000018        0     1                 
         1000018          1000018        0     1                 
         100001c          100001c        0     1                 
         1000020          1000020        0     1                 
         1000020          1000020        0     1                 
         1000020          1000020        0     1                 
         1000020          1000020      4d2     2         user/lib/libuser.a(printf.o):(.text)
         1000020          1000020        0     1                 
         1000020          1000020        0     1                 
         1000020          1000020        0     1                 $x.0
         1000020          1000020        0     1                 
         1000020          1000020        c     1                 putc
         1000022          1000022        0     1                 
         100002c          100002c        0     1                 
         100002c          100002c        0     1                 
         100002c          100002c        0     1                 
         100002c          100002c        0     1                 
         100002c          100002c        0     1                 
         100002c          100002c        0     1                 
         100002c          100002c       1a     1                 puts
         1000034          1000034        0     1                 
         1000034          1000034        0     1                 
         1000038          1000038        0     1                 
         100003a          100003a        0     1                 
         1000042          1000042        0     1                 
         1000042          1000042        0     1                 
         1000046          1000046        0     1                 
         1000046          1000046        0     1                 
         1000046          1000046        0     1                 
         1000046          1000046        0     1                 
         1000046          1000046        0     1                 
         1000046          1000046        0     1                 
         1000046          1000046       8e     1                 puthex
         100004e          100004e        0     1                 
         100004e          100004e        0     1                 
         1000052          1000052        0     1                 
         1000054          1000054        0     1                 
         1000056          1000056        0     1                 .Lpcrel_hi0
         1000066          1000066        0     1                 
         1000066          1000066        0     1                 .LBB2_2
         1000066          1000066        0     1                 
         100006a          100006a        0     1                 
         1000070          1000070        0     1                 
         1000070          1000070        0     1                 
         1000078          1000078        0     1                 
         1000078          1000078        0     1                 
         100007e          100007e        0     1                 
         1000084          1000084        0     1                 
         1000086          1000086        0     1                 
         1000086          1000086        0     1                 
         100008a          100008a        0     1                 .LBB2_4
         100008a          100008a        0     1                 
         100008a          100008a        0     1                 
         100008e          100008e        0     1                 
         100008e          100008e        0     1                 
         1000094          1000094        0     1                 .LBB2_5
         1000094          1000094        0     1                 
         1000094          1000094        0     1                 
         1000096          1000096        0     1                 
         100009a          100009a        0     1                 
         100009a          100009a        0     1                 
         100009e          100009e        0     1                 
         100009e          100009e        0     1                 .LBB2_6
         100009e          100009e        0     1                 
         10000ae          10000ae        0     1                 
         10000ae          10000ae        0     1                 
         10000b0          10000b0        0     1                 
         10000b2          10000b2        0     1                 .LBB2_7
         10000b2          10000b2        0     1                 
         10000b2          10000b2        0     1                 
         10000b4          10000b4        0     1                 
         10000b4          10000b4        0     1                 
         10000b8          10000b8        0     1                 
         10000ba          10000ba        0     1                 
         10000ba          10000ba        0     1                 
         10000c0          10000c0        0     1                 
         10000c2          10000c2        0     1                 
         10000ca          10000ca        0     1                 
         10000ca          10000ca        0     1                 
         10000ce          10000ce        0     1                 
         10000d0          10000d0        0     1                 
         10000d0          10000d0        0     1                 
         10000d4          10000d4        0     1                 
         10000d4          10000d4        0     1                 
         10000d4          10000d4        0     1                 
         10000d4          10000d4        0     1                 
         10000d4          10000d4        0     1                 
         10000d4          10000d4       dc     1                 putpad
         10000e4          10000e4        0     1                 
         10000e6          10000e6        0     1                 
         10000e6          10000e6        0     1                 
         10000f2          10000f2        0     1                 
         10000f6          10000f6        0     1                 
         10000fa          10000fa        0     1                 
         10000fa          10000fa        0     1                 
         10000fe          10000fe        0     1                 
         1000102          1000102        0     1                 .LBB3_2
         1000102          1000102        0     1                 
         1000102          1000102        0     1                 
         1000104          1000104        0     1                 
         100010a          100010a        0     1                 
         100010c          100010c        0     1                 
         100010c          100010c        0     1                 .LBB3_4
         100010c          100010c        0     1                 
         100011c          100011c        0     1                 
         100011c          100011c        0     1                 
         1000120          1000120        0     1                 
         1000124          1000124        0     1                 .LBB3_6
         1000124          1000124        0     1                 
         1000126          1000126        0     1                 
         1000126          1000126        0     1                 
         100012e          100012e        0     1                 
         100012e          100012e        0     1                 
         1000134          1000134        0     1                 
         100013a          100013a        0     1                 
         100013c          100013c        0     1                 
         1000140          1000140        0     1                 .LBB3_8
         1000140          1000140        0     1                 
         1000140          1000140        0     1                 
         1000144          1000144        0     1                 
         1000144          1000144        0     1                 
         100014a          100014a        0     1                 .LBB3_9
         100014a          100014a        0     1                 
         100014a          100014a        0     1                 
         100014c          100014c        0     1                 
         100014e          100014e        0     1                 
         100014e          100014e        0     1                 
         1000152          1000152        0     1                 
         1000152          1000152        0     1                 
         100015a          100015a        0     1                 
         1000162          1000162        0     1                 .LBB3_11
         1000162          1000162        0     1                 
         1000162          1000162        0     1                 
         1000166          1000166        0     1                 
         1000172          1000172        0     1                 .LBB3_14
         1000172          1000172        0     1                 
         1000176          1000176        0     1                 
         1000178          1000178        0     1                 
         1000178          1000178        0     1                 .LBB3_15
         1000178          1000178        0     1                 
         1000186          1000186        0     1                 
         1000186          1000186        0     1                 
         1000188          1000188        0     1                 
         100018a          100018a        0     1                 .LBB3_16
         100018a          100018a        0     1                 
         100018a          100018a        0     1                 
         100018c          100018c        0     1                 
         100018c          100018c        0     1                 
         100018e          100018e        0     1                 
         1000190          1000190        0     1                 
         1000190          1000190        0     1                 
         1000196          1000196        0     1                 
         1000198          1000198        0     1                 
         10001a0          10001a0        0     1                 
         10001a0          10001a0        0     1                 
         10001a4          10001a4        0     1                 
         10001a8          10001a8        0     1                 
         10001aa          10001aa        0     1                 
         10001ac          10001ac        0     1                 
         10001ac          10001ac        0     1                 
         10001b0          10001b0        0     1                 
         10001b0          10001b0        0     1                 
         10001b0          10001b0        0     1                 
         10001b0          10001b0        0     1                 
         10001b0          10001b0        0     1                 
         10001b0          10001b0      342     1                 printf
         10001ce          10001ce        0     1                 
         10001de          10001de        0     1                 
         1000202          1000202        0     1                 
         1000202          1000202        0     1                 .LBB4_1
         1000202          1000202        0     1                 
         1000204          1000204        0     1                 .LBB4_2
         1000208          1000208        0     1                 .LBB4_3
         100020c          100020c        0     1                 
         100020c          100020c        0     1                 
         1000210          1000210        0     1                 .LBB4_4
         1000210          1000210        0     1                 
         1000210          1000210        0     1                 
         1000214          1000214        0     1                 
         100021c          100021c        0     1                 
         100021c          100021c        0     1                 
         1000228          1000228        0     1                 
         1000228          1000228        0     1                 
         100022a          100022a        0     1                 
         100022c          100022c        0     1                 .LBB4_7
         100022c          100022c        0     1                 
         100022c          100022c        0     1                 
         1000230          1000230        0     1                 
         1000234          1000234        0     1                 
         1000234          1000234        0     1                 
         1000238          1000238        0     1                 
         100023a          100023a        0     1                 .LBB4_9
         100023a          100023a        0     1                 
         100023e          100023e        0     1                 .LBB4_10
         1000248          1000248        0     1                 
         1000248          1000248        0     1                 
         100024c          100024c        0     1                 
         100025a          100025a        0     1                 
         100025c          100025c        0     1                 
         100025c          100025c        0     1                 .LBB4_12
         100025c          100025c        0     1                 
         1000264          1000264        0     1                 
         1000268          1000268        0     1                 
         1000268          1000268        0     1                 
         100026a          100026a        0     1                 
         100026e          100026e        0     1                 
         100026e          100026e        0     1                 
         1000276          1000276        0     1                 
         100027a          100027a        0     1                 
         100027a          100027a        0     1                 
         100027c          100027c        0     1                 
         1000280          1000280        0     1                 .LBB4_13
         1000280          1000280        0     1                 
         1000280          1000280        0     1                 
         1000284          1000284        0     1                 
         1000284          1000284        0     1                 
         1000288          1000288        0     1                 
         100028c          100028c        0     1                 
         1000292          1000292        0     1                 
         1000294          1000294        0     1                 
         1000294          1000294        0     1                 
         1000296          1000296        0     1                 
         1000296          1000296        0     1                 
         10002a0          10002a0        0     1                 .LBB4_16
         10002a0          10002a0        0     1                 
         10002a0          10002a0        0     1                 
         10002a4          10002a4        0     1                 
         10002a4          10002a4        0     1                 
         10002ac          10002ac        0     1                 .LBB4_17
         10002ae          10002ae        0     1                 .Lpcrel_hi1
         10002ba          10002ba        0     1                 .Lpcrel_hi2
         10002c4          10002c4        0     1                 .LBB4_18
         10002c4          10002c4        0     1                 
         10002d0          10002d0        0     1                 
         10002d2          10002d2        0     1                 .LBB4_19
         10002d2          10002d2        0     1                 
         10002d6          10002d6        0     1                 
         10002d8          10002d8        0     1                 
         10002d8          10002d8        0     1                 
         10002e0          10002e0        0     1                 .LBB4_20
         10002e4          10002e4        0     1                 
         10002e4          10002e4        0     1                 
         10002ee          10002ee        0     1                 .LBB4_22
         10002ee          10002ee        0     1                 
         10002ee          10002ee        0     1                 
         10002fe          10002fe        0     1                 
         10002fe          10002fe        0     1                 
         1000302          1000302        0     1                 .LBB4_23
         1000302          1000302        0     1                 
         1000302          1000302        0     1                 
         1000306          1000306        0     1                 .LBB4_24
         100030e          100030e        0     1                 
         100030e          100030e        0     1                 
         1000312          1000312        0     1                 
         1000312          1000312        0     1                 
         1000314          1000314        0     1                 
         1000314          1000314        0     1                 .LBB4_25
         1000314          1000314        0     1                 .Lpcrel_hi4
         1000314          1000314        0     1                 
         100031c          100031c        0     1                 
         1000322          1000322        0     1                 
         1000324          1000324        0     1                 
         100032c          100032c        0     1                 
         100032c          100032c        0     1                 
         1000336          1000336        0     1                 
         1000336          1000336        0     1                 
         100033a          100033a        0     1                 
         100033a          100033a        0     1                 
         100033c          100033c        0     1                 
         100033c          100033c        0     1                 
         1000340          1000340        0     1                 
         1000340          1000340        0     1                 .LBB4_27
         1000342          1000342        0     1                 
         1000342          1000342        0     1                 
         1000344          1000344        0     1                 
         100034a          100034a        0     1                 
         100034a          100034a        0     1                 
         1000352          1000352        0     1                 
         1000352          1000352        0     1                 
         1000356          1000356        0     1                 
         1000358          1000358        0     1                 
         100035c          100035c        0     1                 
         100035c          100035c        0     1                 
         1000360          1000360        0     1                 .LBB4_29
         1000360          1000360        0     1                 
         1000360          1000360        0     1                 
         1000368          1000368        0     1                 
         1000368          1000368        0     1                 
         100036e          100036e        0     1                 
         100036e          100036e        0     1                 .LBB4_30
         100036e          100036e        0     1                 
         1000370          1000370        0     1                 
         1000372          1000372        0     1                 
         100037c          100037c        0     1                 
         100037e          100037e        0     1                 
         100037e          100037e        0     1                 
         1000380          1000380        0     1                 
         1000380          1000380        0     1                 
         1000384          1000384        0     1                 
         1000384          1000384        0     1                 
         1000386          1000386        0     1                 
         100038a          100038a        0     1                 
         100038a          100038a        0     1                 .LBB4_33
         100038c          100038c        0     1                 
         100038c          100038c        0     1                 
         100038e          100038e        0     1                 
         1000394          1000394        0     1                 
         1000394          1000394        0     1                 
         100039c          100039c        0     1                 
         100039c          100039c        0     1                 
         10003a0          10003a0        0     1                 
         10003a2          10003a2        0     1                 
         10003a6          10003a6        0     1                 
         10003a6          10003a6        0     1                 
         10003ac          10003ac        0     1                 
         10003ac          10003ac        0     1                 .LBB4_35
         10003ac          10003ac        0     1                 
         10003b6          10003b6        0     1                 
         10003b6          10003b6        0     1                 
         10003b8          10003b8        0     1                 .Lpcrel_hi3
         10003b8          10003b8        0     1                 
         10003c0          10003c0        0     1                 .LBB4_37
         10003c0          10003c0        0     1                 
         10003c0          10003c0        0     1                 
         10003c6          10003c6        0     1                 
         10003c8          10003c8        0     1                 
         10003d0          10003d0        0     1                 
         10003d0          10003d0        0     1                 
         10003d4          10003d4        0     1                 
         10003d4          10003d4        0     1                 
         10003d6          10003d6        0     1                 
         10003d6          10003d6        0     1                 .LBB4_38
         10003de          10003de        0     1                 
         10003e2          10003e2        0     1                 
         10003e6          10003e6        0     1                 
         10003ea          10003ea        0     1                 .LBB4_41
         10003ea          10003ea        0     1                 
         10003f2          10003f2        0     1                 
         10003f4          10003f4        0     1                 
         10003f6          10003f6        0     1                 .LBB4_43
         10003f6          10003f6        0     1                 
         10003fa          10003fa        0     1                 .LBB4_44
         10003fa          10003fa        0     1                 
         10003fa          10003fa        0     1                 
         10003fe          10003fe        0     1                 
         10003fe          10003fe        0     1                 
         1000402          1000402        0     1                 
         1000402          1000402        0     1                 
         1000404          1000404        0     1                 
         1000406          1000406        0     1                 
         1000408          1000408        0     1                 
         1000408          1000408        0     1                 .LBB4_46
         100040a          100040a        0     1                 
         100040a          100040a        0     1                 
         100040c          100040c        0     1                 
         1000412          1000412        0     1                 
         1000412          1000412        0     1                 
         100041a          100041a        0     1                 
         100041a          100041a        0     1                 
         100041e          100041e        0     1                 
         1000420          1000420        0     1                 
         1000424          1000424        0     1                 
         1000424          1000424        0     1                 
         100042a          100042a        0     1                 .LBB4_48
         100042a          100042a        0     1                 
         100042a          100042a        0     1                 
         1000432          1000432        0     1                 
         1000432          1000432        0     1                 
         1000434          1000434        0     1                 .LBB4_49
         1000434          1000434        0     1                 
         1000434          1000434        0     1                 
         1000436          1000436        0     1                 
         1000436          1000436        0     1                 .LBB4_50
         1000436          1000436        0     1                 
         1000446          1000446        0     1                 
         1000446          1000446        0     1                 
         1000448          1000448        0     1                 
         100044a          100044a        0     1                 .LBB4_51
         100044a          100044a        0     1                 
         100044a          100044a        0     1                 
         100044c          100044c        0     1                 
         100044c          100044c        0     1                 
         1000452          1000452        0     1                 
         1000454          1000454        0     1                 
         100045c          100045c        0     1                 
         100045c          100045c        0     1                 
         1000460          1000460        0     1                 
         1000460          1000460        0     1                 
         1000464          1000464        0     1                 .LBB4_52
         1000464          1000464        0     1                 
         1000464          1000464        0     1                 
         1000468          1000468        0     1                 .LBB4_53
         1000468          1000468        0     1                 
         100046e          100046e        0     1                 .LBB4_54
         100046e          100046e        0     1                 
         100046e          100046e        0     1                 
         1000474          1000474        0     1                 .LBB4_55
         1000474          1000474        0     1                 
         1000474          1000474        0     1                 
         1000476          1000476        0     1                 
         100047a          100047a        0     1                 
         100047a          100047a        0     1                 
         100047e          100047e        0     1                 
         100047e          100047e        0     1                 .LBB4_56
         100047e          100047e        0     1                 
         100048e          100048e        0     1                 
         100048e          100048e        0     1                 
         1000490          1000490        0     1                 
         1000494          1000494        0     1                 .LBB4_57
         1000494          1000494        0     1                 
         1000494          1000494        0     1                 
         100049a          100049a        0     1                 .LBB4_58
         100049a          100049a        0     1                 
         100049a          100049a        0     1                 
         100049c          100049c        0     1                 
         10004a0          10004a0        0     1                 
         10004a0          10004a0        0     1                 
         10004a4          10004a4        0     1                 
         10004a4          10004a4        0     1                 .LBB4_59
         10004a4          10004a4        0     1                 
         10004b4          10004b4        0     1                 
         10004b4          10004b4        0     1                 
         10004b6          10004b6        0     1                 
         10004b8          10004b8        0     1                 .LBB4_60
         10004b8          10004b8        0     1                 
         10004b8          10004b8        0     1                 
         10004ba          10004ba        0     1                 
         10004be          10004be        0     1                 
         10004be          10004be        0     1                 
         10004c4          10004c4        0     1                 
         10004c6          10004c6        0     1                 
         10004ce          10004ce        0     1                 
         10004ce          10004ce        0     1                 
         10004d4          10004d4        0     1                 .LBB4_61
         10004d4          10004d4        0     1                 
         10004e6          10004e6        0     1                 
         10004ee          10004ee        0     1                 
         10004f2          10004f2        0     1                 
         10004f2          10004f2        0     1                 
         10004f2          10004f2      230     2         user/lib/libuser.a(string.o):(.text)
         10004f2          10004f2        0     1                 
         10004f2          10004f2        0     1                 
         10004f2          10004f2        0     1                 $x.0
         10004f2          10004f2        0     1                 
         10004f2          10004f2       2e     1                 strcmp
         10004f6          10004f6        0     1                 
         10004f8          10004f8        0     1                 
         10004fa          10004fa        0     1                 
         10004fa          10004fa        0     1                 .LBB0_2
         10004fa          10004fa        0     1                 
         10004fe          10004fe        0     1                 
         1000502          1000502        0     1                 
         1000506          1000506        0     1                 
         1000506          1000506        0     1                 
         100050a          100050a        0     1                 
         100050c          100050c        0     1                 
         100050e          100050e        0     1                 
         1000510          1000510        0     1                 .LBB0_4
         1000510          1000510        0     1                 
         1000516          1000516        0     1                 .LBB0_5
         1000516          1000516        0     1                 
         1000516          1000516        0     1                 
         1000518          1000518        0     1                 .LBB0_6
         1000518          1000518        0     1                 
         1000518          1000518        0     1                 
         100051c          100051c        0     1                 
         100051c          100051c        0     1                 
         100051e          100051e        0     1                 
         1000520          1000520        0     1                 
         1000520          1000520        0     1                 
         1000520          1000520        0     1                 
         1000520          1000520        0     1                 
         1000520          1000520        0     1                 
         1000520          1000520       2e     1                 strncmp
         1000522          1000522        0     1                 
         1000524          1000524        0     1                 
         1000526          1000526        0     1                 
         100052a          100052a        0     1                 
         100052a          100052a        0     1                 .LBB1_2
         100052a          100052a        0     1                 
         100052e          100052e        0     1                 
         1000532          1000532        0     1                 
         1000536          1000536        0     1                 
         1000538          1000538        0     1                 
         100053a          100053a        0     1                 
         100053c          100053c        0     1                 
         1000544          1000544        0     1                 .LBB1_5
         1000544          1000544        0     1                 
         1000544          1000544        0     1                 
         1000548          1000548        0     1                 .LBB1_6
         1000548          1000548        0     1                 
         1000548          1000548        0     1                 
         100054c          100054c        0     1                 
         100054c          100054c        0     1                 
         100054e          100054e        0     1                 
         100054e          100054e        0     1                 
         100054e          100054e        0     1                 
         100054e          100054e        0     1                 
         100054e          100054e        0     1                 
         100054e          100054e       14     1                 strlen
         1000550          1000550        0     1                 
         1000550          1000550        0     1                 .LBB2_1
         1000550          1000550        0     1                 
         1000558          1000558        0     1                 
         100055a          100055a        0     1                 
         100055c          100055c        0     1                 
         1000560          1000560        0     1                 
         1000562          1000562        0     1                 
         1000562          1000562        0     1                 
         1000562          1000562        0     1                 
         1000562          1000562        0     1                 
         1000562          1000562        0     1                 
         1000562          1000562       1e     1                 strnlen
         1000564          1000564        0     1                 
         1000566          1000566        0     1                 
         1000568          1000568        0     1                 
         1000568          1000568        0     1                 .LBB3_2
         1000568          1000568        0     1                 
         1000570          1000570        0     1                 
         1000572          1000572        0     1                 
         1000574          1000574        0     1                 
         1000578          1000578        0     1                 
         100057a          100057a        0     1                 .LBB3_5
         100057a          100057a        0     1                 
         100057a          100057a        0     1                 
         100057c          100057c        0     1                 .LBB3_6
         100057c          100057c        0     1                 
         100057c          100057c        0     1                 
         100057e          100057e        0     1                 
         100057e          100057e        0     1                 
         1000580          1000580        0     1                 
         1000580          1000580        0     1                 
         1000580          1000580        0     1                 
         1000580          1000580        0     1                 
         1000580          1000580        0     1                 
         1000580          1000580       24     1                 strcpy
         1000586          1000586        0     1                 
         100058a          100058a        0     1                 
         100058a          100058a        0     1                 
         100058c          100058c        0     1                 
         100058c          100058c        0     1                 .LBB4_2
         100058c          100058c        0     1                 
         1000590          1000590        0     1                 
         1000594          1000594        0     1                 
         1000598          1000598        0     1                 
         1000598          1000598        0     1                 
         100059a          100059a        0     1                 
         100059a          100059a        0     1                 
         100059c          100059c        0     1                 
         100059e          100059e        0     1                 .LBB4_3
         100059e          100059e        0     1                 
         100059e          100059e        0     1                 
         10005a2          10005a2        0     1                 
         10005a4          10005a4        0     1                 
         10005a4          10005a4        0     1                 
         10005a4          10005a4        0     1                 
         10005a4          10005a4        0     1                 
         10005a4          10005a4        0     1                 
         10005a4          10005a4       32     1                 strncpy
         10005a6          10005a6        0     1                 
         10005a8          10005a8        0     1                 
         10005a8          10005a8        0     1                 .LBB5_1
         10005a8          10005a8        0     1                 
         10005b0          10005b0        0     1                 
         10005b2          10005b2        0     1                 
         10005b6          10005b6        0     1                 
         10005b8          10005b8        0     1                 
         10005bc          10005bc        0     1                 
         10005c2          10005c2        0     1                 .LBB5_3
         10005c2          10005c2        0     1                 
         10005c6          10005c6        0     1                 
         10005c8          10005c8        0     1                 
         10005ca          10005ca        0     1                 
         10005ca          10005ca        0     1                 .LBB5_5
         10005ca          10005ca        0     1                 
         10005ce          10005ce        0     1                 
         10005d0          10005d0        0     1                 
         10005d4          10005d4        0     1                 .LBB5_6
         10005d4          10005d4        0     1                 
         10005d6          10005d6        0     1                 
         10005d6          10005d6        0     1                 
         10005d6          10005d6        0     1                 
         10005d6          10005d6        0     1                 
         10005d6          10005d6        0     1                 
         10005d6          10005d6       3e     1                 strstr
         10005da          10005da        0     1                 
         10005dc          10005dc        0     1                 
         10005e0          10005e0        0     1                 
         10005e6          10005e6        0     1                 .LBB6_3
         10005e6          10005e6        0     1                 
         10005ea          10005ea        0     1                 
         10005ea          10005ea        0     1                 .LBB6_4
         10005ea          10005ea        0     1                 
         10005f2          10005f2        0     1                 
         10005f6          10005f6        0     1                 
         10005fa          10005fa        0     1                 
         10005fc          10005fc        0     1                 
         1000600          1000600        0     1                 
         1000604          1000604        0     1                 .LBB6_7
         1000604          1000604        0     1                 
         1000604          1000604        0     1                 
         1000606          1000606        0     1                 
         100060a          100060a        0     1                 
         100060c          100060c        0     1                 
         1000610          1000610        0     1                 .LBB6_9
         1000610          1000610        0     1                 
         1000612          1000612        0     1                 .LBB6_10
         1000612          1000612        0     1                 
         1000612          1000612        0     1                 
         1000614          1000614        0     1                 
         1000614          1000614        0     1                 
         1000614          1000614        0     1                 
         1000614          1000614        0     1                 
         1000614          1000614        0     1                 
         1000614          1000614       32     1                 strcat
         1000618          1000618        0     1                 
         1000618          1000618        0     1                 .LBB7_1
         1000618          1000618        0     1                 
         100061c          100061c        0     1                 
         100061e          100061e        0     1                 
         100061e          100061e        0     1                 
         1000620          1000620        0     1                 
         1000624          1000624        0     1                 
         1000628          1000628        0     1                 
         1000628          1000628        0     1                 .LBB7_4
         1000628          1000628        0     1                 
         100062c          100062c        0     1                 
         1000630          1000630        0     1                 
         1000634          1000634        0     1                 
         1000634          1000634        0     1                 
         1000636          1000636        0     1                 
         1000636          1000636        0     1                 
         1000638          1000638        0     1                 
         100063a          100063a        0     1                 
         100063e          100063e        0     1                 
         1000640          1000640        0     1                 .LBB7_6
         1000640          1000640        0     1                 
         1000640          1000640        0     1                 
         1000644          1000644        0     1                 
         1000646          1000646        0     1                 
         1000646          1000646        0     1                 
         1000646          1000646        0     1                 
         1000646          1000646        0     1                 
         1000646          1000646        0     1                 
         1000646          1000646       1e     1                 strchr
         100064a          100064a        0     1                 
         100064a          100064a        0     1                 
         100064c          100064c        0     1                 
         1000650          1000650        0     1                 
         1000650          1000650        0     1                 .LBB8_2
         1000650          1000650        0     1                 
         1000654          1000654        0     1                 
         1000658          1000658        0     1                 
         100065c          100065c        0     1                 
         100065e          100065e        0     1                 
         1000660          1000660        0     1                 .LBB8_4
         1000660          1000660        0     1                 
         1000662          1000662        0     1                 .LBB8_5
         1000662          1000662        0     1                 
         1000662          1000662        0     1                 
         1000664          1000664        0     1                 
         1000664          1000664        0     1                 
         1000664          1000664        0     1                 
         1000664          1000664        0     1                 
         1000664          1000664        0     1                 .Lpcrel_hi0
         1000664          1000664        0     1                 
         1000664          1000664       94     1                 strtok
         1000668          1000668        0     1                 
         100066a          100066a        0     1                 
         1000670          1000670        0     1                 .LBB9_2
         1000670          1000670        0     1                 
         1000674          1000674        0     1                 
         1000674          1000674        0     1                 
         1000676          1000676        0     1                 .LBB9_3
         1000676          1000676        0     1                 
         100067a          100067a        0     1                 
         100067c          100067c        0     1                 
         1000680          1000680        0     1                 
         1000686          1000686        0     1                 
         1000686          1000686        0     1                 .LBB9_5
         1000686          1000686        0     1                 
         100068a          100068a        0     1                 
         1000692          1000692        0     1                 
         1000692          1000692        0     1                 .LBB9_7
         1000692          1000692        0     1                 
         1000696          1000696        0     1                 
         100069a          100069a        0     1                 
         100069a          100069a        0     1                 
         100069e          100069e        0     1                 
         10006a0          10006a0        0     1                 
         10006a4          10006a4        0     1                 .LBB9_9
         10006a4          10006a4        0     1                 
         10006a4          10006a4        0     1                 
         10006ac          10006ac        0     1                 
         10006b2          10006b2        0     1                 
         10006b4          10006b4        0     1                 .LBB9_10
         10006b4          10006b4        0     1                 
         10006b6          10006b6        0     1                 
         10006b8          10006b8        0     1                 .LBB9_11
         10006b8          10006b8        0     1                 
         10006ba          10006ba        0     1                 .LBB9_12
         10006ba          10006ba        0     1                 
         10006c0          10006c0        0     1                 
         10006c0          10006c0        0     1                 .LBB9_13
         10006c0          10006c0        0     1                 
         10006c4          10006c4        0     1                 
         10006c8          10006c8        0     1                 .LBB9_14
         10006c8          10006c8        0     1                 
         10006d8          10006d8        0     1                 .LBB9_16
         10006d8          10006d8        0     1                 
         10006d8          10006d8        0     1                 
         10006e0          10006e0        0     1                 
         10006e0          10006e0        0     1                 
         10006e4          10006e4        0     1                 
         10006e6          10006e6        0     1                 
         10006e6          10006e6        0     1                 
         10006ea          10006ea        0     1                 .LBB9_18
         10006ea          10006ea        0     1                 
         10006ea          10006ea        0     1                 
         10006ee          10006ee        0     1                 .LBB9_19
         10006ee          10006ee        0     1                 
         10006f2          10006f2        0     1                 .LBB9_20
         10006f2          10006f2        0     1                 
         10006f4          10006f4        0     1                 .LBB9_21
         10006f4          10006f4        0     1                 
         10006f8          10006f8        0     1                 
         10006f8          10006f8        0     1                 
         10006f8          10006f8        0     1                 
         10006f8          10006f8        0     1                 
         10006f8          10006f8        0     1                 
         10006f8          10006f8       18     1                 memcpy
         10006fc          10006fc        0     1                 
         10006fc          10006fc        0     1                 
         10006fe          10006fe        0     1                 
         10006fe          10006fe        0     1                 .LBB10_2
         10006fe          10006fe        0     1                 
         1000702          1000702        0     1                 
         1000706          1000706        0     1                 
         1000706          1000706        0     1                 
         1000708          1000708        0     1                 
         100070a          100070a        0     1                 
         100070e          100070e        0     1                 .LBB10_3
         100070e          100070e        0     1                 
         100070e          100070e        0     1                 
         1000710          1000710        0     1                 
         1000710          1000710        0     1                 
         1000710          1000710        0     1                 
         1000710          1000710        0     1                 
         1000710          1000710        0     1                 
         1000710          1000710       12     1                 memset
         1000714          1000714        0     1                 
         1000714          1000714        0     1                 
         1000716          1000716        0     1                 
         1000716          1000716        0     1                 .LBB11_2
         1000716          1000716        0     1                 
         100071a          100071a        0     1                 
         100071a          100071a        0     1                 
         100071c          100071c        0     1                 
         100071c          100071c        0     1                 
         1000720          1000720        0     1                 .LBB11_3
         1000720          1000720        0     1                 
         1000720          1000720        0     1                 
         1000722          1000722        0     1                 
         1000722          1000722        0     1                 
         1000722          1000722       b6     2         user/lib/libuser.a(syscall.o):(.text)
         1000722          1000722        0     1                 
         1000722          1000722        0     1                 
         1000722          1000722        0     1                 $x.0
         1000722          1000722        0     1                 
         1000722          1000722       10     1                 syscall
         1000724          1000724        0     1                 
         1000730          1000730        0     1                 
         1000732          1000732        0     1                 
         1000732          1000732        0     1                 
         1000732          1000732        0     1                 
         1000732          1000732        a     1                 read
         100073a          100073a        0     1                 
         100073c          100073c        0     1                 
         100073c          100073c        0     1                 
         100073c          100073c        0     1                 
         100073c          100073c        c     1                 write
         1000744          1000744        0     1                 
         1000748          1000748        0     1                 
         1000748          1000748        0     1                 
         1000748          1000748        0     1                 
         1000748          1000748       10     1                 cls
         1000756          1000756        0     1                 
         1000758          1000758        0     1                 
         1000758          1000758        0     1                 
         1000758          1000758        0     1                 
         1000758          1000758       10     1                 yield
         1000766          1000766        0     1                 
         1000768          1000768        0     1                 
         1000768          1000768        0     1                 
         1000768          1000768        0     1                 
         1000768          1000768       12     1                 fork
         1000776          1000776        0     1                 
         100077a          100077a        0     1                 
         100077a          100077a        0     1                 
         100077a          100077a        0     1                 
         100077a          100077a       10     1                 exec
         1000786          1000786        0     1                 
         100078a          100078a        0     1                 
         100078a          100078a        0     1                 
         100078a          100078a        0     1                 
         100078a          100078a        e     1                 exit
         1000796          1000796        0     1                 .LBB7_1
         1000796          1000796        0     1                 
         1000798          1000798        0     1                 
         1000798          1000798        0     1                 
         1000798          1000798        0     1                 
         1000798          1000798        0     1                 
         1000798          1000798        0     1                 
         1000798          1000798       10     1                 wait
         10007a4          10007a4        0     1                 
         10007a4          10007a4        0     1                 
         10007a8          10007a8        0     1                 
         10007a8          10007a8        0     1                 
         10007a8          10007a8        0     1                 
         10007a8          10007a8       10     1                 tarfs_exists
         10007b4          10007b4        0     1                 
         10007b4          10007b4        0     1                 
         10007b8          10007b8        0     1                 
         10007b8          10007b8        0     1                 
         10007b8          10007b8        0     1                 
         10007b8          10007b8       10     1                 ps
         10007c6          10007c6        0     1                 
         10007c6          10007c6        0     1                 
         10007c8          10007c8        0     1                 
         10007c8          10007c8        0     1                 
         10007c8          10007c8        0     1                 
         10007c8          10007c8       10     1                 ls
         10007d6          10007d6        0     1                 
         10007d6          10007d6        0     1                 
         10007d8          10007d8        0     1                 
         10007d8          10007d8       e8     8 .rodata
         10007d8          10007d8       35     1         <internal>:(.rodata.str1.1)
         1000810          1000810       b0     8         user/lib/libuser.a(printf.o):(.rodata)
         1000810          1000810        0     1                 .LJTI4_0
         1000810          1000810        0     1                 $d.1
         10008c0          10008c0        8     8 .bss
         10008c0          10008c0        8     8         user/lib/libuser.a(string.o):(.sbss)
         10008c0          10008c0        8     1                 strtok.saved
         10008c0          10008c0        0     1                 $d.1
         10008c8          10008c8        0     1         
         10008c8          10008c8     f738     1 . = 0x1010000
         1010000          1010000    10000     1 .stack
         1010000          1010000        0     1         __user_stack_bottom = .
         1010000          1010000    10000     1         . += 64 * 1024
         1020000          1020000        0     1         __user_stack_top = .
         1020000          1020000        0     1 . = ALIGN ( 4096 )
         1020000          1020000        0     1 __user_heap_start = 0x03000000
         1020000          1020000  2000000     1 . += 32 * 1024 * 1024
         3020000          3020000        0     1 __user_heap_end = .
               0                0     13b9     1 .debug_info
               0                0       91     1         user/bin/crt0.o:(.debug_info)
               0                0        0     1                 
               0                0        0     1                 $d.4
              91               91       c5     1         user/bin/hello.o:(.debug_info)
              91               91        0     1                 $d.4
             156              156      79d     1         user/lib/libuser.a(printf.o):(.debug_info)
             156              156        0     1                 $d.5
             8f3              8f3      49c     1         user/lib/libuser.a(string.o):(.debug_info)
             8f3              8f3        0     1                 $d.4
             d8f              d8f      62a     1         user/lib/libuser.a(syscall.o):(.debug_info)
             d8f              d8f        0     1                 $d.3
               0                0      4f2     1 .debug_abbrev
               0                0       21     1         user/bin/crt0.o:(.debug_abbrev)
               0                0        0     1                 
               0                0        0     1                 $d.3
              21               21       ab     1         user/bin/hello.o:(.debug_abbrev)
              21               21        0     1                 $d.3
              cc               cc      1d2     1         user/lib/libuser.a(printf.o):(.debug_abbrev)
              cc               cc        0     1                 $d.4
             29e              29e      119     1         user/lib/libuser.a(string.o):(.debug_abbrev)
             29e              29e        0     1                 $d.3
             3b7              3b7      13b     1         user/lib/libuser.a(syscall.o):(.debug_abbrev)
             3b7              3b7        0     1                 $d.2
               0                0       30     1 .debug_aranges
               0                0       30     1         user/bin/crt0.o:(.debug_aranges)
               0                0        0     1                 $d.2
               0                0      e99     1 .debug_line
               0                0       49     1         user/bin/crt0.o:(.debug_line)
               0                0        0     1                 .Lline_table_start0
               0                0        0     1                 $d.5
              49               49       7c     1         user/bin/hello.o:(.debug_line)
              49               49        0     1                 .Lline_table_start0
              49               49        0     1                 $d.9
              c5               c5      6f9     1         user/lib/libuser.a(printf.o):(.debug_line)
              c5               c5        0     1                 .Lline_table_start0
              c5               c5        0     1                 $d.11
             7be              7be      581     1         user/lib/libuser.a(string.o):(.debug_line)
             7be              7be        0     1                 .Lline_table_start0
             7be              7be        0     1                 $d.10
             d3f              d3f      15a     1         user/lib/libuser.a(syscall.o):(.debug_line)
             d3f              d3f        0     1                 .Lline_table_start0
             d3f              d3f        0     1                 $d.8
               0                0     14b1     1 .debug_loc
               0                0       23     1         user/bin/hello.o:(.debug_loc)
               0                0        0     1                 
               0                0        0     1                 $d.2
              23               23      b12     1         user/lib/libuser.a(printf.o):(.debug_loc)
              23               23        0     1                 
              23               23        0     1                 $d.3
              59               59        0     1                 
              8f               8f        0     1                 
              c5               c5        0     1                 
              e8               e8        0     1                 
             148              148        0     1                 
             170              170        0     1                 
             195              195        0     1                 
             1b8              1b8        0     1                 
             201              201        0     1                 
             224              224        0     1                 
             25a              25a        0     1                 
             290              290        0     1                 
             2c6              2c6        0     1                 
             339              339        0     1                 
             35e              35e        0     1                 
             381              381        0     1                 
             3a4              3a4        0     1                 
             3c7              3c7        0     1                 
             3ea              3ea        0     1                 
             53d              53d        0     1                 
             562              562        0     1                 
             5ad              5ad        0     1                 
             626              626        0     1                 
             649              649        0     1                 
             6a9              6a9        0     1                 
             6e3              6e3        0     1                 
             761              761        0     1                 
             7bd              7bd        0     1                 
             7e5              7e5        0     1                 
             81f              81f        0     1                 
             87f              87f        0     1                 
             8df              8df        0     1                 
             915              915        0     1                 
             959              959        0     1                 
             9b5              9b5        0     1                 
             9d8              9d8        0     1                 
             a0e              a0e        0     1                 
             a57              a57        0     1                 
             a9b              a9b        0     1                 
             ac3              ac3        0     1                 
             ae8              ae8        0     1                 
             b10              b10        0     1                 
             b35              b35      5ea     1         user/lib/libuser.a(string.o):(.debug_loc)
             b35              b35        0     1                 
             b35              b35        0     1                 $d.2
             b93              b93        0     1                 
             bb6              bb6        0     1                 
             bd9              bd9        0     1                 
             bfc              bfc        0     1                 
             c1f              c1f        0     1                 
             c43              c43        0     1                 
             c66              c66        0     1                 
             c9d              c9d        0     1                 
             ce6              ce6        0     1                 
             d31              d31        0     1                 
             d67              d67        0     1                 
             db0              db0        0     1                 
             dd3              dd3        0     1                 
             e0a              e0a        0     1                 
             e2d              e2d        0     1                 
             e63              e63        0     1                 
             ed6              ed6        0     1                 
             ef9              ef9        0     1                 
             f1c              f1c        0     1                 
             f3f              f3f        0     1                 
             f62              f62        0     1                 
             fad              fad        0     1                 
             fe5              fe5        0     1                 
            1008             1008        0     1                 
            102b             102b        0     1                 
            104e             104e        0     1                 
            10a5             10a5        0     1                 
            10c8             10c8        0     1                 
            111f             111f      392     1         user/lib/libuser.a(syscall.o):(.debug_loc)
            111f             111f        0     1                 
            111f             111f        0     1                 $d.1
            1155             1155        0     1                 
            119e             119e        0     1                 
            11d4             11d4        0     1                 
            120a             120a        0     1                 
            1253             1253        0     1                 
            1289             1289        0     1                 
            12bf             12bf        0     1                 
            12f5             12f5        0     1                 
            1318             1318        0     1                 
            133b             133b        0     1                 
            135f             135f        0     1                 
            1383             1383        0     1                 
            13ba             13ba        0     1                 
            13dd             13dd        0     1                 
            1400             1400        0     1                 
            1423             1423        0     1                 
            1446             1446        0     1                 
            1469             1469        0     1                 
            148d             148d        0     1                 
               0                0      2e3     1 .debug_str
               0                0      2e3     1         <internal>:(.debug_str)
               0                0       42     1 .comment
               0                0       42     1         <internal>:(.comment)
               0                0      380     8 .debug_frame
               0                0       38     8         user/bin/hello.o:(.debug_frame)
               0                0        0     1                 
               0                0        0     1                 $d.8
              38               38       d8     8         user/lib/libuser.a(printf.o):(.debug_frame)
              38               38        0     1                 
              38               38        0     1                 $d.10
             110              110      138     8         user/lib/libuser.a(string.o):(.debug_frame)
             110              110        0     1                 
             110              110        0     1                 $d.9
             248              248      138     8         user/lib/libuser.a(syscall.o):(.debug_frame)
             248              248        0     1                 
             248              248        0     1                 $d.7
               0                0      160     1 .debug_ranges
               0                0      130     1         user/lib/libuser.a(printf.o):(.debug_ranges)
               0                0        0     1                 
               0                0        0     1                 $d.6
              70               70        0     1                 
              a0               a0        0     1                 
              d0               d0        0     1                 
             100              100        0     1                 
             130              130       30     1         user/lib/libuser.a(string.o):(.debug_ranges)
             130              130        0     1                 
             130              130        0     1                 $d.5
               0                0     6018     8 .symtab
               0                0     6018     8         <internal>:(.symtab)
               0                0       a4     1 .shstrtab
               0                0       a4     1         <internal>:(.shstrtab)
               0                0      231     1 .strtab
               0                0      231     1         <internal>:(.strtab)
