             VMA              LMA     Size Align Out     In      Symbol
               0                0  1000000     1 . = 0x1000000
         1000000          1000000      786     2 .text
         1000000          1000000        8     1         user/bin/crt0.o:(.text.start)
         1000000          1000000        0     1                 
         1000000          1000000        0     1                 $x.0
         1000000          1000000        0     1                 
         1000000          1000000        0     1                 start
         1000004          1000004        0     1                 
         1000008          1000008        0     1                 
         1000008          1000008        0     2         user/bin/crt0.o:(.text)
         1000008          1000008       12     2         user/bin/hello.o:(.text)
         1000008          1000008        0     1                 
         1000008          1000008        0     1                 
         1000008          1000008        0     1                 $x.0
         1000008          1000008        0     1                 
         1000008          1000008       12     1                 main
         100000c          100000c        0     1                 .Lpcrel_hi0
         100000c          100000c        0     1                 
         1000014          1000014        0     1                 
         1000018          1000018        0     1                 
         1000018          1000018        0     1                 .LBB0_1
         1000018          1000018        0     1                 
         100001a          100001a        0     1                 
         100001a          100001a        0     1                 
         100001a          100001a        2     2         user/lib/libuser.a(exit.o):(.text)
         100001a          100001a        0     1                 
         100001a          100001a        0     1                 
         100001a          100001a        0     1                 .LBB0_1
         100001a          100001a        0     1                 $x.0
         100001a          100001a        0     1                 
         100001a          100001a        2     1                 exit
         100001c          100001c        0     1                 
         100001c          100001c        0     1                 
         100001c          100001c      4d2     2         user/lib/libuser.a(printf.o):(.text)
         100001c          100001c        0     1                 
         100001c          100001c        0     1                 
         100001c          100001c        0     1                 $x.0
         100001c          100001c        0     1                 
         100001c          100001c        c     1                 putc
         100001e          100001e        0     1                 
         1000028          1000028        0     1                 
         1000028          1000028        0     1                 
         1000028          1000028        0     1                 
         1000028          1000028        0     1                 
         1000028          1000028        0     1                 
         1000028          1000028        0     1                 
         1000028          1000028       1a     1                 puts
         1000030          1000030        0     1                 
         1000030          1000030        0     1                 
         1000034          1000034        0     1                 
         1000036          1000036        0     1                 
         100003e          100003e        0     1                 
         100003e          100003e        0     1                 
         1000042          1000042        0     1                 
         1000042          1000042        0     1                 
         1000042          1000042        0     1                 
         1000042          1000042        0     1                 
         1000042          1000042        0     1                 
         1000042          1000042        0     1                 
         1000042          1000042       8e     1                 puthex
         100004a          100004a        0     1                 
         100004a          100004a        0     1                 
         100004e          100004e        0     1                 
         1000050          1000050        0     1                 
         1000052          1000052        0     1                 .Lpcrel_hi0
         1000062          1000062        0     1                 
         1000062          1000062        0     1                 .LBB2_2
         1000062          1000062        0     1                 
         1000066          1000066        0     1                 
         100006c          100006c        0     1                 
         100006c          100006c        0     1                 
         1000074          1000074        0     1                 
         1000074          1000074        0     1                 
         100007a          100007a        0     1                 
         1000080          1000080        0     1                 
         1000082          1000082        0     1                 
         1000082          1000082        0     1                 
         1000086          1000086        0     1                 .LBB2_4
         1000086          1000086        0     1                 
         1000086          1000086        0     1                 
         100008a          100008a        0     1                 
         100008a          100008a        0     1                 
         1000090          1000090        0     1                 .LBB2_5
         1000090          1000090        0     1                 
         1000090          1000090        0     1                 
         1000092          1000092        0     1                 
         1000096          1000096        0     1                 
         1000096          1000096        0     1                 
         100009a          100009a        0     1                 
         100009a          100009a        0     1                 .LBB2_6
         100009a          100009a        0     1                 
         10000aa          10000aa        0     1                 
         10000aa          10000aa        0     1                 
         10000ac          10000ac        0     1                 
         10000ae          10000ae        0     1                 .LBB2_7
         10000ae          10000ae        0     1                 
         10000ae          10000ae        0     1                 
         10000b0          10000b0        0     1                 
         10000b0          10000b0        0     1                 
         10000b4          10000b4        0     1                 
         10000b6          10000b6        0     1                 
         10000b6          10000b6        0     1                 
         10000bc          10000bc        0     1                 
         10000be          10000be        0     1                 
         10000c6          10000c6        0     1                 
         10000c6          10000c6        0     1                 
         10000ca          10000ca        0     1                 
         10000cc          10000cc        0     1                 
         10000cc          10000cc        0     1                 
         10000d0          10000d0        0     1                 
         10000d0          10000d0        0     1                 
         10000d0          10000d0        0     1                 
         10000d0          10000d0        0     1                 
         10000d0          10000d0        0     1                 
         10000d0          10000d0       dc     1                 putpad
         10000e0          10000e0        0     1                 
         10000e2          10000e2        0     1                 
         10000e2          10000e2        0     1                 
         10000ee          10000ee        0     1                 
         10000f2          10000f2        0     1                 
         10000f6          10000f6        0     1                 
         10000f6          10000f6        0     1                 
         10000fa          10000fa        0     1                 
         10000fe          10000fe        0     1                 .LBB3_2
         10000fe          10000fe        0     1                 
         10000fe          10000fe        0     1                 
         1000100          1000100        0     1                 
         1000106          1000106        0     1                 
         1000108          1000108        0     1                 
         1000108          1000108        0     1                 .LBB3_4
         1000108          1000108        0     1                 
         1000118          1000118        0     1                 
         1000118          1000118        0     1                 
         100011c          100011c        0     1                 
         1000120          1000120        0     1                 .LBB3_6
         1000120          1000120        0     1                 
         1000122          1000122        0     1                 
         1000122          1000122        0     1                 
         100012a          100012a        0     1                 
         100012a          100012a        0     1                 
         1000130          1000130        0     1                 
         1000136          1000136        0     1                 
         1000138          1000138        0     1                 
         100013c          100013c        0     1                 .LBB3_8
         100013c          100013c        0     1                 
         100013c          100013c        0     1                 
         1000140          1000140        0     1                 
         1000140          1000140        0     1                 
         1000146          1000146        0     1                 .LBB3_9
         1000146          1000146        0     1                 
         1000146          1000146        0     1                 
         1000148          1000148        0     1                 
         100014a          100014a        0     1                 
         100014a          100014a        0     1                 
         100014e          100014e        0     1                 
         100014e          100014e        0     1                 
         1000156          1000156        0     1                 
         100015e          100015e        0     1                 .LBB3_11
         100015e          100015e        0     1                 
         100015e          100015e        0     1                 
         1000162          1000162        0     1                 
         100016e          100016e        0     1                 .LBB3_14
         100016e          100016e        0     1                 
         1000172          1000172        0     1                 
         1000174          1000174        0     1                 
         1000174          1000174        0     1                 .LBB3_15
         1000174          1000174        0     1                 
         1000182          1000182        0     1                 
         1000182          1000182        0     1                 
         1000184          1000184        0     1                 
         1000186          1000186        0     1                 .LBB3_16
         1000186          1000186        0     1                 
         1000186          1000186        0     1                 
         1000188          1000188        0     1                 
         1000188          1000188        0     1                 
         100018a          100018a        0     1                 
         100018c          100018c        0     1                 
         100018c          100018c        0     1                 
         1000192          1000192        0     1                 
         1000194          1000194        0     1                 
         100019c          100019c        0     1                 
         100019c          100019c        0     1                 
         10001a0          10001a0        0     1                 
         10001a4          10001a4        0     1                 
         10001a6          10001a6        0     1                 
         10001a8          10001a8        0     1                 
         10001a8          10001a8        0     1                 
         10001ac          10001ac        0     1                 
         10001ac          10001ac        0     1                 
         10001ac          10001ac        0     1                 
         10001ac          10001ac        0     1                 
         10001ac          10001ac        0     1                 
         10001ac          10001ac      342     1                 printf
         10001ca          10001ca        0     1                 
         10001da          10001da        0     1                 
         10001fe          10001fe        0     1                 
         10001fe          10001fe        0     1                 .LBB4_1
         10001fe          10001fe        0     1                 
         1000200          1000200        0     1                 .LBB4_2
         1000204          1000204        0     1                 .LBB4_3
         1000208          1000208        0     1                 
         1000208          1000208        0     1                 
         100020c          100020c        0     1                 .LBB4_4
         100020c          100020c        0     1                 
         100020c          100020c        0     1                 
         1000210          1000210        0     1                 
         1000218          1000218        0     1                 
         1000218          1000218        0     1                 
         1000224          1000224        0     1                 
         1000224          1000224        0     1                 
         1000226          1000226        0     1                 
         1000228          1000228        0     1                 .LBB4_7
         1000228          1000228        0     1                 
         1000228          1000228        0     1                 
         100022c          100022c        0     1                 
         1000230          1000230        0     1                 
         1000230          1000230        0     1                 
         1000234          1000234        0     1                 
         1000236          1000236        0     1                 .LBB4_9
         1000236          1000236        0     1                 
         100023a          100023a        0     1                 .LBB4_10
         1000244          1000244        0     1                 
         1000244          1000244        0     1                 
         1000248          1000248        0     1                 
         1000256          1000256        0     1                 
         1000258          1000258        0     1                 
         1000258          1000258        0     1                 .LBB4_12
         1000258          1000258        0     1                 
         1000260          1000260        0     1                 
         1000264          1000264        0     1                 
         1000264          1000264        0     1                 
         1000266          1000266        0     1                 
         100026a          100026a        0     1                 
         100026a          100026a        0     1                 
         1000272          1000272        0     1                 
         1000276          1000276        0     1                 
         1000276          1000276        0     1                 
         1000278          1000278        0     1                 
         100027c          100027c        0     1                 .LBB4_13
         100027c          100027c        0     1                 
         100027c          100027c        0     1                 
         1000280          1000280        0     1                 
         1000280          1000280        0     1                 
         1000284          1000284        0     1                 
         1000288          1000288        0     1                 
         100028e          100028e        0     1                 
         1000290          1000290        0     1                 
         1000290          1000290        0     1                 
         1000292          1000292        0     1                 
         1000292          1000292        0     1                 
         100029c          100029c        0     1                 .LBB4_16
         100029c          100029c        0     1                 
         100029c          100029c        0     1                 
         10002a0          10002a0        0     1                 
         10002a0          10002a0        0     1                 
         10002a8          10002a8        0     1                 .LBB4_17
         10002aa          10002aa        0     1                 .Lpcrel_hi1
         10002b6          10002b6        0     1                 .Lpcrel_hi2
         10002c0          10002c0        0     1                 .LBB4_18
         10002c0          10002c0        0     1                 
         10002cc          10002cc        0     1                 
         10002ce          10002ce        0     1                 .LBB4_19
         10002ce          10002ce        0     1                 
         10002d2          10002d2        0     1                 
         10002d4          10002d4        0     1                 
         10002d4          10002d4        0     1                 
         10002dc          10002dc        0     1                 .LBB4_20
         10002e0          10002e0        0     1                 
         10002e0          10002e0        0     1                 
         10002ea          10002ea        0     1                 .LBB4_22
         10002ea          10002ea        0     1                 
         10002ea          10002ea        0     1                 
         10002fa          10002fa        0     1                 
         10002fa          10002fa        0     1                 
         10002fe          10002fe        0     1                 .LBB4_23
         10002fe          10002fe        0     1                 
         10002fe          10002fe        0     1                 
         1000302          1000302        0     1                 .LBB4_24
         100030a          100030a        0     1                 
         100030a          100030a        0     1                 
         100030e          100030e        0     1                 
         100030e          100030e        0     1                 
         1000310          1000310        0     1                 
         1000310          1000310        0     1                 .LBB4_25
         1000310          1000310        0     1                 .Lpcrel_hi4
         1000310          1000310        0     1                 
         1000318          1000318        0     1                 
         100031e          100031e        0     1                 
         1000320          1000320        0     1                 
         1000328          1000328        0     1                 
         1000328          1000328        0     1                 
         1000332          1000332        0     1                 
         1000332          1000332        0     1                 
         1000336          1000336        0     1                 
         1000336          1000336        0     1                 
         1000338          1000338        0     1                 
         1000338          1000338        0     1                 
         100033c          100033c        0     1                 
         100033c          100033c        0     1                 .LBB4_27
         100033e          100033e        0     1                 
         100033e          100033e        0     1                 
         1000340          1000340        0     1                 
         1000346          1000346        0     1                 
         1000346          1000346        0     1                 
         100034e          100034e        0     1                 
         100034e          100034e        0     1                 
         1000352          1000352        0     1                 
         1000354          1000354        0     1                 
         1000358          1000358        0     1                 
         1000358          1000358        0     1                 
         100035c          100035c        0     1                 .LBB4_29
         100035c          100035c        0     1                 
         100035c          100035c        0     1                 
         1000364          1000364        0     1                 
         1000364          1000364        0     1                 
         100036a          100036a        0     1                 
         100036a          100036a        0     1                 .LBB4_30
         100036a          100036a        0     1                 
         100036c          100036c        0     1                 
         100036e          100036e        0     1                 
         1000378          1000378        0     1                 
         100037a          100037a        0     1                 
         100037a          100037a        0     1                 
         100037c          100037c        0     1                 
         100037c          100037c        0     1                 
         1000380          1000380        0     1                 
         1000380          1000380        0     1                 
         1000382          1000382        0     1                 
         1000386          1000386        0     1                 
         1000386          1000386        0     1                 .LBB4_33
         1000388          1000388        0     1                 
         1000388          1000388        0     1                 
         100038a          100038a        0     1                 
         1000390          1000390        0     1                 
         1000390          1000390        0     1                 
         1000398          1000398        0     1                 
         1000398          1000398        0     1                 
         100039c          100039c        0     1                 
         100039e          100039e        0     1                 
         10003a2          10003a2        0     1                 
         10003a2          10003a2        0     1                 
         10003a8          10003a8        0     1                 
         10003a8          10003a8        0     1                 .LBB4_35
         10003a8          10003a8        0     1                 
         10003b2          10003b2        0     1                 
         10003b2          10003b2        0     1                 
         10003b4          10003b4        0     1                 .Lpcrel_hi3
         10003b4          10003b4        0     1                 
         10003bc          10003bc        0     1                 .LBB4_37
         10003bc          10003bc        0     1                 
         10003bc          10003bc        0     1                 
         10003c2          10003c2        0     1                 
         10003c4          10003c4        0     1                 
         10003cc          10003cc        0     1                 
         10003cc          10003cc        0     1                 
         10003d0          10003d0        0     1                 
         10003d0          10003d0        0     1                 
         10003d2          10003d2        0     1                 
         10003d2          10003d2        0     1                 .LBB4_38
         10003da          10003da        0     1                 
         10003de          10003de        0     1                 
         10003e2          10003e2        0     1                 
         10003e6          10003e6        0     1                 .LBB4_41
         10003e6          10003e6        0     1                 
         10003ee          10003ee        0     1                 
         10003f0          10003f0        0     1                 
         10003f2          10003f2        0     1                 .LBB4_43
         10003f2          10003f2        0     1                 
         10003f6          10003f6        0     1                 .LBB4_44
         10003f6          10003f6        0     1                 
         10003f6          10003f6        0     1                 
         10003fa          10003fa        0     1                 
         10003fa          10003fa        0     1                 
         10003fe          10003fe        0     1                 
         10003fe          10003fe        0     1                 
         1000400          1000400        0     1                 
         1000402          1000402        0     1                 
         1000404          1000404        0     1                 
         1000404          1000404        0     1                 .LBB4_46
         1000406          1000406        0     1                 
         1000406          1000406        0     1                 
         1000408          1000408        0     1                 
         100040e          100040e        0     1                 
         100040e          100040e        0     1                 
         1000416          1000416        0     1                 
         1000416          1000416        0     1                 
         100041a          100041a        0     1                 
         100041c          100041c        0     1                 
         1000420          1000420        0     1                 
         1000420          1000420        0     1                 
         1000426          1000426        0     1                 .LBB4_48
         1000426          1000426        0     1                 
         1000426          1000426        0     1                 
         100042e          100042e        0     1                 
         100042e          100042e        0     1                 
         1000430          1000430        0     1                 .LBB4_49
         1000430          1000430        0     1                 
         1000430          1000430        0     1                 
         1000432          1000432        0     1                 
         1000432          1000432        0     1                 .LBB4_50
         1000432          1000432        0     1                 
         1000442          1000442        0     1                 
         1000442          1000442        0     1                 
         1000444          1000444        0     1                 
         1000446          1000446        0     1                 .LBB4_51
         1000446          1000446        0     1                 
         1000446          1000446        0     1                 
         1000448          1000448        0     1                 
         1000448          1000448        0     1                 
         100044e          100044e        0     1                 
         1000450          1000450        0     1                 
         1000458          1000458        0     1                 
         1000458          1000458        0     1                 
         100045c          100045c        0     1                 
         100045c          100045c        0     1                 
         1000460          1000460        0     1                 .LBB4_52
         1000460          1000460        0     1                 
         1000460          1000460        0     1                 
         1000464          1000464        0     1                 .LBB4_53
         1000464          1000464        0     1                 
         100046a          100046a        0     1                 .LBB4_54
         100046a          100046a        0     1                 
         100046a          100046a        0     1                 
         1000470          1000470        0     1                 .LBB4_55
         1000470          1000470        0     1                 
         1000470          1000470        0     1                 
         1000472          1000472        0     1                 
         1000476          1000476        0     1                 
         1000476          1000476        0     1                 
         100047a          100047a        0     1                 
         100047a          100047a        0     1                 .LBB4_56
         100047a          100047a        0     1                 
         100048a          100048a        0     1                 
         100048a          100048a        0     1                 
         100048c          100048c        0     1                 
         1000490          1000490        0     1                 .LBB4_57
         1000490          1000490        0     1                 
         1000490          1000490        0     1                 
         1000496          1000496        0     1                 .LBB4_58
         1000496          1000496        0     1                 
         1000496          1000496        0     1                 
         1000498          1000498        0     1                 
         100049c          100049c        0     1                 
         100049c          100049c        0     1                 
         10004a0          10004a0        0     1                 
         10004a0          10004a0        0     1                 .LBB4_59
         10004a0          10004a0        0     1                 
         10004b0          10004b0        0     1                 
         10004b0          10004b0        0     1                 
         10004b2          10004b2        0     1                 
         10004b4          10004b4        0     1                 .LBB4_60
         10004b4          10004b4        0     1                 
         10004b4          10004b4        0     1                 
         10004b6          10004b6        0     1                 
         10004ba          10004ba        0     1                 
         10004ba          10004ba        0     1                 
         10004c0          10004c0        0     1                 
         10004c2          10004c2        0     1                 
         10004ca          10004ca        0     1                 
         10004ca          10004ca        0     1                 
         10004d0          10004d0        0     1                 .LBB4_61
         10004d0          10004d0        0     1                 
         10004e2          10004e2        0     1                 
         10004ea          10004ea        0     1                 
         10004ee          10004ee        0     1                 
         10004ee          10004ee        0     1                 
         10004ee          10004ee      230     2         user/lib/libuser.a(string.o):(.text)
         10004ee          10004ee        0     1                 
         10004ee          10004ee        0     1                 
         10004ee          10004ee        0     1                 $x.0
         10004ee          10004ee        0     1                 
         10004ee          10004ee       2e     1                 strcmp
         10004f2          10004f2        0     1                 
         10004f4          10004f4        0     1                 
         10004f6          10004f6        0     1                 
         10004f6          10004f6        0     1                 .LBB0_2
         10004f6          10004f6        0     1                 
         10004fa          10004fa        0     1                 
         10004fe          10004fe        0     1                 
         1000502          1000502        0     1                 
         1000502          1000502        0     1                 
         1000506          1000506        0     1                 
         1000508          1000508        0     1                 
         100050a          100050a        0     1                 
         100050c          100050c        0     1                 .LBB0_4
         100050c          100050c        0     1                 
         1000512          1000512        0     1                 .LBB0_5
         1000512          1000512        0     1                 
         1000512          1000512        0     1                 
         1000514          1000514        0     1                 .LBB0_6
         1000514          1000514        0     1                 
         1000514          1000514        0     1                 
         1000518          1000518        0     1                 
         1000518          1000518        0     1                 
         100051a          100051a        0     1                 
         100051c          100051c        0     1                 
         100051c          100051c        0     1                 
         100051c          100051c        0     1                 
         100051c          100051c        0     1                 
         100051c          100051c        0     1                 
         100051c          100051c       2e     1                 strncmp
         100051e          100051e        0     1                 
         1000520          1000520        0     1                 
         1000522          1000522        0     1                 
         1000526          1000526        0     1                 
         1000526          1000526        0     1                 .LBB1_2
         1000526          1000526        0     1                 
         100052a          100052a        0     1                 
         100052e          100052e        0     1                 
         1000532          1000532        0     1                 
         1000534          1000534        0     1                 
         1000536          1000536        0     1                 
         1000538          1000538        0     1                 
         1000540          1000540        0     1                 .LBB1_5
         1000540          1000540        0     1                 
         1000540          1000540        0     1                 
         1000544          1000544        0     1                 .LBB1_6
         1000544          1000544        0     1                 
         1000544          1000544        0     1                 
         1000548          1000548        0     1                 
         1000548          1000548        0     1                 
         100054a          100054a        0     1                 
         100054a          100054a        0     1                 
         100054a          100054a        0     1                 
         100054a          100054a        0     1                 
         100054a          100054a        0     1                 
         100054a          100054a       14     1                 strlen
         100054c          100054c        0     1                 
         100054c          100054c        0     1                 .LBB2_1
         100054c          100054c        0     1                 
         1000554          1000554        0     1                 
         1000556          1000556        0     1                 
         1000558          1000558        0     1                 
         100055c          100055c        0     1                 
         100055e          100055e        0     1                 
         100055e          100055e        0     1                 
         100055e          100055e        0     1                 
         100055e          100055e        0     1                 
         100055e          100055e        0     1                 
         100055e          100055e       1e     1                 strnlen
         1000560          1000560        0     1                 
         1000562          1000562        0     1                 
         1000564          1000564        0     1                 
         1000564          1000564        0     1                 .LBB3_2
         1000564          1000564        0     1                 
         100056c          100056c        0     1                 
         100056e          100056e        0     1                 
         1000570          1000570        0     1                 
         1000574          1000574        0     1                 
         1000576          1000576        0     1                 .LBB3_5
         1000576          1000576        0     1                 
         1000576          1000576        0     1                 
         1000578          1000578        0     1                 .LBB3_6
         1000578          1000578        0     1                 
         1000578          1000578        0     1                 
         100057a          100057a        0     1                 
         100057a          100057a        0     1                 
         100057c          100057c        0     1                 
         100057c          100057c        0     1                 
         100057c          100057c        0     1                 
         100057c          100057c        0     1                 
         100057c          100057c        0     1                 
         100057c          100057c       24     1                 strcpy
         1000582          1000582        0     1                 
         1000586          1000586        0     1                 
         1000586          1000586        0     1                 
         1000588          1000588        0     1                 
         1000588          1000588        0     1                 .LBB4_2
         1000588          1000588        0     1                 
         100058c          100058c        0     1                 
         1000590          1000590        0     1                 
         1000594          1000594        0     1                 
         1000594          1000594        0     1                 
         1000596          1000596        0     1                 
         1000596          1000596        0     1                 
         1000598          1000598        0     1                 
         100059a          100059a        0     1                 .LBB4_3
         100059a          100059a        0     1                 
         100059a          100059a        0     1                 
         100059e          100059e        0     1                 
         10005a0          10005a0        0     1                 
         10005a0          10005a0        0     1                 
         10005a0          10005a0        0     1                 
         10005a0          10005a0        0     1                 
         10005a0          10005a0        0     1                 
         10005a0          10005a0       32     1                 strncpy
         10005a2          10005a2        0     1                 
         10005a4          10005a4        0     1                 
         10005a4          10005a4        0     1                 .LBB5_1
         10005a4          10005a4        0     1                 
         10005ac          10005ac        0     1                 
         10005ae          10005ae        0     1                 
         10005b2          10005b2        0     1                 
         10005b4          10005b4        0     1                 
         10005b8          10005b8        0     1                 
         10005be          10005be        0     1                 .LBB5_3
         10005be          10005be        0     1                 
         10005c2          10005c2        0     1                 
         10005c4          10005c4        0     1                 
         10005c6          10005c6        0     1                 
         10005c6          10005c6        0     1                 .LBB5_5
         10005c6          10005c6        0     1                 
         10005ca          10005ca        0     1                 
         10005cc          10005cc        0     1                 
         10005d0          10005d0        0     1                 .LBB5_6
         10005d0          10005d0        0     1                 
         10005d2          10005d2        0     1                 
         10005d2          10005d2        0     1                 
         10005d2          10005d2        0     1                 
         10005d2          10005d2        0     1                 
         10005d2          10005d2        0     1                 
         10005d2          10005d2       3e     1                 strstr
         10005d6          10005d6        0     1                 
         10005d8          10005d8        0     1                 
         10005dc          10005dc        0     1                 
         10005e2          10005e2        0     1                 .LBB6_3
         10005e2          10005e2        0     1                 
         10005e6          10005e6        0     1                 
         10005e6          10005e6        0     1                 .LBB6_4
         10005e6          10005e6        0     1                 
         10005ee          10005ee        0     1                 
         10005f2          10005f2        0     1                 
         10005f6          10005f6        0     1                 
         10005f8          10005f8        0     1                 
         10005fc          10005fc        0     1                 
         1000600          1000600        0     1                 .LBB6_7
         1000600          1000600        0     1                 
         1000600          1000600        0     1                 
         1000602          1000602        0     1                 
         1000606          1000606        0     1                 
         1000608          1000608        0     1                 
         100060c          100060c        0     1                 .LBB6_9
         100060c          100060c        0     1                 
         100060e          100060e        0     1                 .LBB6_10
         100060e          100060e        0     1                 
         100060e          100060e        0     1                 
         1000610          1000610        0     1                 
         1000610          1000610        0     1                 
         1000610          1000610        0     1                 
         1000610          1000610        0     1                 
         1000610          1000610        0     1                 
         1000610          1000610       32     1                 strcat
         1000614          1000614        0     1                 
         1000614          1000614        0     1                 .LBB7_1
         1000614          1000614        0     1                 
         1000618          1000618        0     1                 
         100061a          100061a        0     1                 
         100061a          100061a        0     1                 
         100061c          100061c        0     1                 
         1000620          1000620        0     1                 
         1000624          1000624        0     1                 
         1000624          1000624        0     1                 .LBB7_4
         1000624          1000624        0     1                 
         1000628          1000628        0     1                 
         100062c          100062c        0     1                 
         1000630          1000630        0     1                 
         1000630          1000630        0     1                 
         1000632          1000632        0     1                 
         1000632          1000632        0     1                 
         1000634          1000634        0     1                 
         1000636          1000636        0     1                 
         100063a          100063a        0     1                 
         100063c          100063c        0     1                 .LBB7_6
         100063c          100063c        0     1                 
         100063c          100063c        0     1                 
         1000640          1000640        0     1                 
         1000642          1000642        0     1                 
         1000642          1000642        0     1                 
         1000642          1000642        0     1                 
         1000642          1000642        0     1                 
         1000642          1000642        0     1                 
         1000642          1000642       1e     1                 strchr
         1000646          1000646        0     1                 
         1000646          1000646        0     1                 
         1000648          1000648        0     1                 
         100064c          100064c        0     1                 
         100064c          100064c        0     1                 .LBB8_2
         100064c          100064c        0     1                 
         1000650          1000650        0     1                 
         1000654          1000654        0     1                 
         1000658          1000658        0     1                 
         100065a          100065a        0     1                 
         100065c          100065c        0     1                 .LBB8_4
         100065c          100065c        0     1                 
         100065e          100065e        0     1                 .LBB8_5
         100065e          100065e        0     1                 
         100065e          100065e        0     1                 
         1000660          1000660        0     1                 
         1000660          1000660        0     1                 
         1000660          1000660        0     1                 
         1000660          1000660        0     1                 
         1000660          1000660        0     1                 .Lpcrel_hi0
         1000660          1000660        0     1                 
         1000660          1000660       94     1                 strtok
         1000664          1000664        0     1                 
         1000666          1000666        0     1                 
         100066c          100066c        0     1                 .LBB9_2
         100066c          100066c        0     1                 
         1000670          1000670        0     1                 
         1000670          1000670        0     1                 
         1000672          1000672        0     1                 .LBB9_3
         1000672          1000672        0     1                 
         1000676          1000676        0     1                 
         1000678          1000678        0     1                 
         100067c          100067c        0     1                 
         1000682          1000682        0     1                 
         1000682          1000682        0     1                 .LBB9_5
         1000682          1000682        0     1                 
         1000686          1000686        0     1                 
         100068e          100068e        0     1                 
         100068e          100068e        0     1                 .LBB9_7
         100068e          100068e        0     1                 
         1000692          1000692        0     1                 
         1000696          1000696        0     1                 
         1000696          1000696        0     1                 
         100069a          100069a        0     1                 
         100069c          100069c        0     1                 
         10006a0          10006a0        0     1                 .LBB9_9
         10006a0          10006a0        0     1                 
         10006a0          10006a0        0     1                 
         10006a8          10006a8        0     1                 
         10006ae          10006ae        0     1                 
         10006b0          10006b0        0     1                 .LBB9_10
         10006b0          10006b0        0     1                 
         10006b2          10006b2        0     1                 
         10006b4          10006b4        0     1                 .LBB9_11
         10006b4          10006b4        0     1                 
         10006b6          10006b6        0     1                 .LBB9_12
         10006b6          10006b6        0     1                 
         10006bc          10006bc        0     1                 
         10006bc          10006bc        0     1                 .LBB9_13
         10006bc          10006bc        0     1                 
         10006c0          10006c0        0     1                 
         10006c4          10006c4        0     1                 .LBB9_14
         10006c4          10006c4        0     1                 
         10006d4          10006d4        0     1                 .LBB9_16
         10006d4          10006d4        0     1                 
         10006d4          10006d4        0     1                 
         10006dc          10006dc        0     1                 
         10006dc          10006dc        0     1                 
         10006e0          10006e0        0     1                 
         10006e2          10006e2        0     1                 
         10006e2          10006e2        0     1                 
         10006e6          10006e6        0     1                 .LBB9_18
         10006e6          10006e6        0     1                 
         10006e6          10006e6        0     1                 
         10006ea          10006ea        0     1                 .LBB9_19
         10006ea          10006ea        0     1                 
         10006ee          10006ee        0     1                 .LBB9_20
         10006ee          10006ee        0     1                 
         10006f0          10006f0        0     1                 .LBB9_21
         10006f0          10006f0        0     1                 
         10006f4          10006f4        0     1                 
         10006f4          10006f4        0     1                 
         10006f4          10006f4        0     1                 
         10006f4          10006f4        0     1                 
         10006f4          10006f4        0     1                 
         10006f4          10006f4       18     1                 memcpy
         10006f8          10006f8        0     1                 
         10006f8          10006f8        0     1                 
         10006fa          10006fa        0     1                 
         10006fa          10006fa        0     1                 .LBB10_2
         10006fa          10006fa        0     1                 
         10006fe          10006fe        0     1                 
         1000702          1000702        0     1                 
         1000702          1000702        0     1                 
         1000704          1000704        0     1                 
         1000706          1000706        0     1                 
         100070a          100070a        0     1                 .LBB10_3
         100070a          100070a        0     1                 
         100070a          100070a        0     1                 
         100070c          100070c        0     1                 
         100070c          100070c        0     1                 
         100070c          100070c        0     1                 
         100070c          100070c        0     1                 
         100070c          100070c        0     1                 
         100070c          100070c       12     1                 memset
         1000710          1000710        0     1                 
         1000710          1000710        0     1                 
         1000712          1000712        0     1                 
         1000712          1000712        0     1                 .LBB11_2
         1000712          1000712        0     1                 
         1000716          1000716        0     1                 
         1000716          1000716        0     1                 
         1000718          1000718        0     1                 
         1000718          1000718        0     1                 
         100071c          100071c        0     1                 .LBB11_3
         100071c          100071c        0     1                 
         100071c          100071c        0     1                 
         100071e          100071e        0     1                 
         100071e          100071e        0     1                 
         100071e          100071e       68     2         user/lib/libuser.a(syscall.o):(.text)
         100071e          100071e        0     1                 
         100071e          100071e        0     1                 
         100071e          100071e        0     1                 $x.0
         100071e          100071e        0     1                 
         100071e          100071e       10     1                 syscall
         1000720          1000720        0     1                 
         100072c          100072c        0     1                 
         100072e          100072e        0     1                 
         100072e          100072e        0     1                 
         100072e          100072e        0     1                 
         100072e          100072e        a     1                 read
         1000736          1000736        0     1                 
         1000738          1000738        0     1                 
         1000738          1000738        0     1                 
         1000738          1000738        0     1                 
         1000738          1000738        c     1                 write
         1000740          1000740        0     1                 
         1000744          1000744        0     1                 
         1000744          1000744        0     1                 
         1000744          1000744        0     1                 
         1000744          1000744       10     1                 cls
         1000752          1000752        0     1                 
         1000754          1000754        0     1                 
         1000754          1000754        0     1                 
         1000754          1000754        0     1                 
         1000754          1000754       12     1                 fork
         1000762          1000762        0     1                 
         1000766          1000766        0     1                 
         1000766          1000766        0     1                 
         1000766          1000766        0     1                 
         1000766          1000766       10     1                 yield
         1000774          1000774        0     1                 
         1000776          1000776        0     1                 
         1000776          1000776        0     1                 
         1000776          1000776        0     1                 
         1000776          1000776       10     1                 exec
         1000782          1000782        0     1                 
         1000786          1000786        0     1                 
         1000788          1000788       e8     8 .rodata
         1000788          1000788       35     1         <internal>:(.rodata.str1.1)
         10007c0          10007c0       b0     8         user/lib/libuser.a(printf.o):(.rodata)
         10007c0          10007c0        0     1                 .LJTI4_0
         10007c0          10007c0        0     1                 $d.1
         1000870          1000870        8     8 .bss
         1000870          1000870        8     8         user/lib/libuser.a(string.o):(.sbss)
         1000870          1000870        8     1                 strtok.saved
         1000870          1000870        0     1                 $d.1
         1000878          1000878        0     1         
         1000878          1000878     f788     1 . = 0x1010000
         1010000          1010000    10000     1 .stack
         1010000          1010000        0     1         __user_stack_bottom = .
         1010000          1010000    10000     1         . += 64 * 1024
         1020000          1020000        0     1         __user_stack_top = .
         1020000          1020000        0     1 . = ALIGN ( 4096 )
         1020000          1020000        0     1 __user_heap_start = 0x03000000
         1020000          1020000  2000000     1 . += 32 * 1024 * 1024
         3020000          3020000        0     1 __user_heap_end = .
               0                0     11a8     1 .debug_info
               0                0       91     1         user/bin/crt0.o:(.debug_info)
               0                0        0     1                 
               0                0        0     1                 $d.4
              91               91       a4     1         user/bin/hello.o:(.debug_info)
              91               91        0     1                 $d.4
             135              135       40     1         user/lib/libuser.a(exit.o):(.debug_info)
             135              135        0     1                 $d.2
             175              175      79d     1         user/lib/libuser.a(printf.o):(.debug_info)
             175              175        0     1                 $d.5
             912              912      49c     1         user/lib/libuser.a(string.o):(.debug_info)
             912              912        0     1                 $d.4
             dae              dae      3fa     1         user/lib/libuser.a(syscall.o):(.debug_info)
             dae              dae        0     1                 $d.3
               0                0      513     1 .debug_abbrev
               0                0       21     1         user/bin/crt0.o:(.debug_abbrev)
               0                0        0     1                 
               0                0        0     1                 $d.3
              21               21       9d     1         user/bin/hello.o:(.debug_abbrev)
              21               21        0     1                 $d.3
              be               be       2f     1         user/lib/libuser.a(exit.o):(.debug_abbrev)
              be               be        0     1                 $d.1
              ed               ed      1d2     1         user/lib/libuser.a(printf.o):(.debug_abbrev)
              ed               ed        0     1                 $d.4
             2bf              2bf      119     1         user/lib/libuser.a(string.o):(.debug_abbrev)
             2bf              2bf        0     1                 $d.3
             3d8              3d8      13b     1         user/lib/libuser.a(syscall.o):(.debug_abbrev)
             3d8              3d8        0     1                 $d.2
               0                0       30     1 .debug_aranges
               0                0       30     1         user/bin/crt0.o:(.debug_aranges)
               0                0        0     1                 $d.2
               0                0      e83     1 .debug_line
               0                0       49     1         user/bin/crt0.o:(.debug_line)
               0                0        0     1                 .Lline_table_start0
               0                0        0     1                 $d.5
              49               49       67     1         user/bin/hello.o:(.debug_line)
              49               49        0     1                 .Lline_table_start0
              49               49        0     1                 $d.9
              b0               b0       46     1         user/lib/libuser.a(exit.o):(.debug_line)
              b0               b0        0     1                 .Lline_table_start0
              b0               b0        0     1                 $d.7
              f6               f6      6f9     1         user/lib/libuser.a(printf.o):(.debug_line)
              f6               f6        0     1                 .Lline_table_start0
              f6               f6        0     1                 $d.11
             7ef              7ef      581     1         user/lib/libuser.a(string.o):(.debug_line)
             7ef              7ef        0     1                 .Lline_table_start0
             7ef              7ef        0     1                 $d.10
             d70              d70      113     1         user/lib/libuser.a(syscall.o):(.debug_line)
             d70              d70        0     1                 .Lline_table_start0
             d70              d70        0     1                 $d.8
               0                0     13dd     1 .debug_loc
               0                0       23     1         user/bin/hello.o:(.debug_loc)
               0                0        0     1                 
               0                0        0     1                 $d.2
              23               23      b12     1         user/lib/libuser.a(printf.o):(.debug_loc)
              23               23        0     1                 
              23               23        0     1                 $d.3
              59               59        0     1                 
              8f               8f        0     1                 
              c5               c5        0     1                 
              e8               e8        0     1                 
             148              148        0     1                 
             170              170        0     1                 
             195              195        0     1                 
             1b8              1b8        0     1                 
             201              201        0     1                 
             224              224        0     1                 
             25a              25a        0     1                 
             290              290        0     1                 
             2c6              2c6        0     1                 
             339              339        0     1                 
             35e              35e        0     1                 
             381              381        0     1                 
             3a4              3a4        0     1                 
             3c7              3c7        0     1                 
             3ea              3ea        0     1                 
             53d              53d        0     1                 
             562              562        0     1                 
             5ad              5ad        0     1                 
             626              626        0     1                 
             649              649        0     1                 
             6a9              6a9        0     1                 
             6e3              6e3        0     1                 
             761              761        0     1                 
             7bd              7bd        0     1                 
             7e5              7e5        0     1                 
             81f              81f        0     1                 
             87f              87f        0     1                 
             8df              8df        0     1                 
             915              915        0     1                 
             959              959        0     1                 
             9b5              9b5        0     1                 
             9d8              9d8        0     1                 
             a0e              a0e        0     1                 
             a57              a57        0     1                 
             a9b              a9b        0     1                 
             ac3              ac3        0     1                 
             ae8              ae8        0     1                 
             b10              b10        0     1                 
             b35              b35      5ea     1         user/lib/libuser.a(string.o):(.debug_loc)
             b35              b35        0     1                 
             b35              b35        0     1                 $d.2
             b93              b93        0     1                 
             bb6              bb6        0     1                 
             bd9              bd9        0     1                 
             bfc              bfc        0     1                 
             c1f              c1f        0     1                 
             c43              c43        0     1                 
             c66              c66        0     1                 
             c9d              c9d        0     1                 
             ce6              ce6        0     1                 
             d31              d31        0     1                 
             d67              d67        0     1                 
             db0              db0        0     1                 
             dd3              dd3        0     1                 
             e0a              e0a        0     1                 
             e2d              e2d        0     1                 
             e63              e63        0     1                 
             ed6              ed6        0     1                 
             ef9              ef9        0     1                 
             f1c              f1c        0     1                 
             f3f              f3f        0     1                 
             f62              f62        0     1                 
             fad              fad        0     1                 
             fe5              fe5        0     1                 
            1008             1008        0     1                 
            102b             102b        0     1                 
            104e             104e        0     1                 
            10a5             10a5        0     1                 
            10c8             10c8        0     1                 
            111f             111f      2be     1         user/lib/libuser.a(syscall.o):(.debug_loc)
            111f             111f        0     1                 
            111f             111f        0     1                 $d.1
            1155             1155        0     1                 
            119e             119e        0     1                 
            11d4             11d4        0     1                 
            120a             120a        0     1                 
            1253             1253        0     1                 
            1289             1289        0     1                 
            12bf             12bf        0     1                 
            12f5             12f5        0     1                 
            1318             1318        0     1                 
            133b             133b        0     1                 
            135f             135f        0     1                 
            1396             1396        0     1                 
            13ba             13ba        0     1                 
               0                0      2c3     1 .debug_str
               0                0      2c3     1         <internal>:(.debug_str)
               0                0       42     1 .comment
               0                0       42     1         <internal>:(.comment)
               0                0      338     8 .debug_frame
               0                0       38     8         user/bin/hello.o:(.debug_frame)
               0                0        0     1                 
               0                0        0     1                 $d.8
              38               38       30     8         user/lib/libuser.a(exit.o):(.debug_frame)
              38               38        0     1                 
              38               38        0     1                 $d.6
              68               68       d8     8         user/lib/libuser.a(printf.o):(.debug_frame)
              68               68        0     1                 
              68               68        0     1                 $d.10
             140              140      138     8         user/lib/libuser.a(string.o):(.debug_frame)
             140              140        0     1                 
             140              140        0     1                 $d.9
             278              278       c0     8         user/lib/libuser.a(syscall.o):(.debug_frame)
             278              278        0     1                 
             278              278        0     1                 $d.7
               0                0      160     1 .debug_ranges
               0                0      130     1         user/lib/libuser.a(printf.o):(.debug_ranges)
               0                0        0     1                 
               0                0        0     1                 $d.6
              70               70        0     1                 
              a0               a0        0     1                 
              d0               d0        0     1                 
             100              100        0     1                 
             130              130       30     1         user/lib/libuser.a(string.o):(.debug_ranges)
             130              130        0     1                 
             130              130        0     1                 $d.5
               0                0     5d30     8 .symtab
               0                0     5d30     8         <internal>:(.symtab)
               0                0       a4     1 .shstrtab
               0                0       a4     1         <internal>:(.shstrtab)
               0                0      248     1 .strtab
               0                0      248     1         <internal>:(.strtab)
