             VMA              LMA     Size Align Out     In      Symbol
               0                0  1000000     1 . = 0x1000000
         1000000          1000000       c8     2 .text
         1000000          1000000       10     1         user/bin/init_crt0.o:(.text.start)
         1000000          1000000        0     1                 
         1000000          1000000        0     1                 .Lpcrel_hi0
         1000000          1000000        0     1                 $x.0
         1000000          1000000        0     1                 
         1000000          1000000        0     1                 start
         1000008          1000008        0     1                 
         100000c          100000c        0     1                 
         1000010          1000010        0     1                 
         1000010          1000010        0     2         user/bin/init_crt0.o:(.text)
         1000010          1000010        6     2         user/bin/idle.o:(.text)
         1000010          1000010        0     1                 
         1000010          1000010        0     1                 
         1000010          1000010        0     1                 .LBB0_1
         1000010          1000010        0     1                 $x.0
         1000010          1000010        0     1                 
         1000010          1000010        6     1                 main
         1000014          1000014        0     1                 
         1000016          1000016        0     1                 
         1000016          1000016        0     1                 
         1000016          1000016       b2     2         user/lib/libuser.a(syscall.o):(.text)
         1000016          1000016        0     1                 
         1000016          1000016        0     1                 
         1000016          1000016        0     1                 $x.0
         1000016          1000016        0     1                 
         1000016          1000016       10     1                 syscall
         1000018          1000018        0     1                 
         1000024          1000024        0     1                 
         1000026          1000026        0     1                 
         1000026          1000026        0     1                 
         1000026          1000026        0     1                 
         1000026          1000026        a     1                 read
         100002e          100002e        0     1                 
         1000030          1000030        0     1                 
         1000030          1000030        0     1                 
         1000030          1000030        0     1                 
         1000030          1000030        c     1                 write
         1000038          1000038        0     1                 
         100003c          100003c        0     1                 
         100003c          100003c        0     1                 
         100003c          100003c        0     1                 
         100003c          100003c       10     1                 cls
         100004a          100004a        0     1                 
         100004c          100004c        0     1                 
         100004c          100004c        0     1                 
         100004c          100004c        0     1                 
         100004c          100004c       10     1                 yield
         100005a          100005a        0     1                 
         100005c          100005c        0     1                 
         100005c          100005c        0     1                 
         100005c          100005c        0     1                 
         100005c          100005c       12     1                 fork
         100006a          100006a        0     1                 
         100006e          100006e        0     1                 
         100006e          100006e        0     1                 
         100006e          100006e        0     1                 
         100006e          100006e        c     1                 exec
         1000076          1000076        0     1                 
         100007a          100007a        0     1                 
         100007a          100007a        0     1                 
         100007a          100007a        0     1                 
         100007a          100007a        e     1                 exit
         1000086          1000086        0     1                 .LBB7_1
         1000086          1000086        0     1                 
         1000088          1000088        0     1                 
         1000088          1000088        0     1                 
         1000088          1000088        0     1                 
         1000088          1000088        0     1                 
         1000088          1000088        0     1                 
         1000088          1000088       10     1                 wait
         1000094          1000094        0     1                 
         1000094          1000094        0     1                 
         1000098          1000098        0     1                 
         1000098          1000098        0     1                 
         1000098          1000098        0     1                 
         1000098          1000098       10     1                 tarfs_exists
         10000a4          10000a4        0     1                 
         10000a4          10000a4        0     1                 
         10000a8          10000a8        0     1                 
         10000a8          10000a8        0     1                 
         10000a8          10000a8        0     1                 
         10000a8          10000a8       10     1                 ps
         10000b6          10000b6        0     1                 
         10000b6          10000b6        0     1                 
         10000b8          10000b8        0     1                 
         10000b8          10000b8        0     1                 
         10000b8          10000b8        0     1                 
         10000b8          10000b8       10     1                 ls
         10000c6          10000c6        0     1                 
         10000c6          10000c6        0     1                 
         10000c8          10000c8        0     1                 
         10000c8          10000c8        0     4 .bss
         10000c8          10000c8        0     1         
         10000c8          10000c8     ff38     1 . = 0x1010000
         1010000          1010000    10000     1 .stack
         1010000          1010000        0     1         __user_stack_bottom = .
         1010000          1010000    10000     1         . += 64 * 1024
         1020000          1020000        0     1         __user_stack_top = .
         1020000          1020000        0     1 . = ALIGN ( 4096 )
         1020000          1020000        0     1 __user_heap_start = 0x03000000
         1020000          1020000  2000000     1 . += 32 * 1024 * 1024
         3020000          3020000        0     1 __user_heap_end = .
               0                0      728     1 .debug_info
               0                0       96     1         user/bin/init_crt0.o:(.debug_info)
               0                0        0     1                 
               0                0        0     1                 $d.4
              96               96       40     1         user/bin/idle.o:(.debug_info)
              96               96        0     1                 $d.2
              d6               d6      652     1         user/lib/libuser.a(syscall.o):(.debug_info)
              d6               d6        0     1                 $d.3
               0                0      186     1 .debug_abbrev
               0                0       21     1         user/bin/init_crt0.o:(.debug_abbrev)
               0                0        0     1                 
               0                0        0     1                 $d.3
              21               21       2a     1         user/bin/idle.o:(.debug_abbrev)
              21               21        0     1                 $d.1
              4b               4b      13b     1         user/lib/libuser.a(syscall.o):(.debug_abbrev)
              4b               4b        0     1                 $d.2
               0                0       30     1 .debug_aranges
               0                0       30     1         user/bin/init_crt0.o:(.debug_aranges)
               0                0        0     1                 $d.2
               0                0      1f8     1 .debug_line
               0                0       54     1         user/bin/init_crt0.o:(.debug_line)
               0                0        0     1                 .Lline_table_start0
               0                0        0     1                 $d.5
              54               54       4a     1         user/bin/idle.o:(.debug_line)
              54               54        0     1                 .Lline_table_start0
              54               54        0     1                 $d.7
              9e               9e      15a     1         user/lib/libuser.a(syscall.o):(.debug_line)
              9e               9e        0     1                 .Lline_table_start0
              9e               9e        0     1                 $d.8
               0                0      15f     1 .debug_str
               0                0      15f     1         <internal>:(.debug_str)
               0                0       42     1 .comment
               0                0       42     1         <internal>:(.comment)
               0                0      168     8 .debug_frame
               0                0       30     8         user/bin/idle.o:(.debug_frame)
               0                0        0     1                 
               0                0        0     1                 $d.6
              30               30      138     8         user/lib/libuser.a(syscall.o):(.debug_frame)
              30               30        0     1                 
              30               30        0     1                 $d.7
               0                0      392     1 .debug_loc
               0                0      392     1         user/lib/libuser.a(syscall.o):(.debug_loc)
               0                0        0     1                 
               0                0        0     1                 $d.1
              36               36        0     1                 
              7f               7f        0     1                 
              b5               b5        0     1                 
              eb               eb        0     1                 
             134              134        0     1                 
             16a              16a        0     1                 
             1a0              1a0        0     1                 
             1d6              1d6        0     1                 
             1f9              1f9        0     1                 
             21c              21c        0     1                 
             240              240        0     1                 
             264              264        0     1                 
             29b              29b        0     1                 
             2be              2be        0     1                 
             2e1              2e1        0     1                 
             304              304        0     1                 
             327              327        0     1                 
             34a              34a        0     1                 
             36e              36e        0     1                 
               0                0     1110     8 .symtab
               0                0     1110     8         <internal>:(.symtab)
               0                0       8e     1 .shstrtab
               0                0       8e     1         <internal>:(.shstrtab)
               0                0      11b     1 .strtab
               0                0      11b     1         <internal>:(.strtab)
