             VMA              LMA     Size Align Out     In      Symbol
               0                0  1000000     1 . = 0x1000000
         1000000          1000000      824     2 .text
         1000000          1000000        8     1         user/bin/crt0.o:(.text.start)
         1000000          1000000        0     1                 
         1000000          1000000        0     1                 $x.0
         1000000          1000000        0     1                 
         1000000          1000000        0     1                 start
         1000004          1000004        0     1                 
         1000008          1000008        0     1                 
         1000008          1000008        0     2         user/bin/crt0.o:(.text)
         1000008          1000008       68     2         user/bin/mem.o:(.text)
         1000008          1000008        0     1                 
         1000008          1000008        0     1                 
         1000008          1000008        0     1                 $x.0
         1000008          1000008        0     1                 
         1000008          1000008       68     1                 main
         100000c          100000c        0     1                 
         100001a          100001a        0     1                 
         100001a          100001a        0     1                 
         100001c          100001c        0     1                 .Lpcrel_hi0
         100001c          100001c        0     1                 
         1000020          1000020        0     1                 
         1000028          1000028        0     1                 
         1000028          1000028        0     1                 
         100002c          100002c        0     1                 .LBB0_2
         100002c          100002c        0     1                 
         100002c          100002c        0     1                 .Lpcrel_hi1
         100002c          100002c        0     1                 
         1000030          1000030        0     1                 
         1000038          1000038        0     1                 
         1000038          1000038        0     1                 
         100003a          100003a        0     1                 .Lpcrel_hi2
         100003a          100003a        0     1                 
         1000046          1000046        0     1                 
         1000046          1000046        0     1                 
         1000048          1000048        0     1                 .Lpcrel_hi3
         1000048          1000048        0     1                 
         1000054          1000054        0     1                 
         1000054          1000054        0     1                 
         1000056          1000056        0     1                 
         1000058          1000058        0     1                 
         100005c          100005c        0     1                 .Lpcrel_hi4
         100005c          100005c        0     1                 
         1000068          1000068        0     1                 
         1000068          1000068        0     1                 
         100006a          100006a        0     1                 .LBB0_3
         100006c          100006c        0     1                 
         1000070          1000070        0     1                 
         1000070          1000070        0     1                 
         1000070          1000070      4d2     2         user/lib/libuser.a(printf.o):(.text)
         1000070          1000070        0     1                 
         1000070          1000070        0     1                 
         1000070          1000070        0     1                 $x.0
         1000070          1000070        0     1                 
         1000070          1000070        c     1                 putc
         1000072          1000072        0     1                 
         100007c          100007c        0     1                 
         100007c          100007c        0     1                 
         100007c          100007c        0     1                 
         100007c          100007c        0     1                 
         100007c          100007c        0     1                 
         100007c          100007c        0     1                 
         100007c          100007c       1a     1                 puts
         1000084          1000084        0     1                 
         1000084          1000084        0     1                 
         1000088          1000088        0     1                 
         100008a          100008a        0     1                 
         1000092          1000092        0     1                 
         1000092          1000092        0     1                 
         1000096          1000096        0     1                 
         1000096          1000096        0     1                 
         1000096          1000096        0     1                 
         1000096          1000096        0     1                 
         1000096          1000096        0     1                 
         1000096          1000096        0     1                 
         1000096          1000096       8e     1                 puthex
         100009e          100009e        0     1                 
         100009e          100009e        0     1                 
         10000a2          10000a2        0     1                 
         10000a4          10000a4        0     1                 
         10000a6          10000a6        0     1                 .Lpcrel_hi0
         10000b6          10000b6        0     1                 
         10000b6          10000b6        0     1                 .LBB2_2
         10000b6          10000b6        0     1                 
         10000ba          10000ba        0     1                 
         10000c0          10000c0        0     1                 
         10000c0          10000c0        0     1                 
         10000c8          10000c8        0     1                 
         10000c8          10000c8        0     1                 
         10000ce          10000ce        0     1                 
         10000d4          10000d4        0     1                 
         10000d6          10000d6        0     1                 
         10000d6          10000d6        0     1                 
         10000da          10000da        0     1                 .LBB2_4
         10000da          10000da        0     1                 
         10000da          10000da        0     1                 
         10000de          10000de        0     1                 
         10000de          10000de        0     1                 
         10000e4          10000e4        0     1                 .LBB2_5
         10000e4          10000e4        0     1                 
         10000e4          10000e4        0     1                 
         10000e6          10000e6        0     1                 
         10000ea          10000ea        0     1                 
         10000ea          10000ea        0     1                 
         10000ee          10000ee        0     1                 
         10000ee          10000ee        0     1                 .LBB2_6
         10000ee          10000ee        0     1                 
         10000fe          10000fe        0     1                 
         10000fe          10000fe        0     1                 
         1000100          1000100        0     1                 
         1000102          1000102        0     1                 .LBB2_7
         1000102          1000102        0     1                 
         1000102          1000102        0     1                 
         1000104          1000104        0     1                 
         1000104          1000104        0     1                 
         1000108          1000108        0     1                 
         100010a          100010a        0     1                 
         100010a          100010a        0     1                 
         1000110          1000110        0     1                 
         1000112          1000112        0     1                 
         100011a          100011a        0     1                 
         100011a          100011a        0     1                 
         100011e          100011e        0     1                 
         1000120          1000120        0     1                 
         1000120          1000120        0     1                 
         1000124          1000124        0     1                 
         1000124          1000124        0     1                 
         1000124          1000124        0     1                 
         1000124          1000124        0     1                 
         1000124          1000124        0     1                 
         1000124          1000124       dc     1                 putpad
         1000134          1000134        0     1                 
         1000136          1000136        0     1                 
         1000136          1000136        0     1                 
         1000142          1000142        0     1                 
         1000146          1000146        0     1                 
         100014a          100014a        0     1                 
         100014a          100014a        0     1                 
         100014e          100014e        0     1                 
         1000152          1000152        0     1                 .LBB3_2
         1000152          1000152        0     1                 
         1000152          1000152        0     1                 
         1000154          1000154        0     1                 
         100015a          100015a        0     1                 
         100015c          100015c        0     1                 
         100015c          100015c        0     1                 .LBB3_4
         100015c          100015c        0     1                 
         100016c          100016c        0     1                 
         100016c          100016c        0     1                 
         1000170          1000170        0     1                 
         1000174          1000174        0     1                 .LBB3_6
         1000174          1000174        0     1                 
         1000176          1000176        0     1                 
         1000176          1000176        0     1                 
         100017e          100017e        0     1                 
         100017e          100017e        0     1                 
         1000184          1000184        0     1                 
         100018a          100018a        0     1                 
         100018c          100018c        0     1                 
         1000190          1000190        0     1                 .LBB3_8
         1000190          1000190        0     1                 
         1000190          1000190        0     1                 
         1000194          1000194        0     1                 
         1000194          1000194        0     1                 
         100019a          100019a        0     1                 .LBB3_9
         100019a          100019a        0     1                 
         100019a          100019a        0     1                 
         100019c          100019c        0     1                 
         100019e          100019e        0     1                 
         100019e          100019e        0     1                 
         10001a2          10001a2        0     1                 
         10001a2          10001a2        0     1                 
         10001aa          10001aa        0     1                 
         10001b2          10001b2        0     1                 .LBB3_11
         10001b2          10001b2        0     1                 
         10001b2          10001b2        0     1                 
         10001b6          10001b6        0     1                 
         10001c2          10001c2        0     1                 .LBB3_14
         10001c2          10001c2        0     1                 
         10001c6          10001c6        0     1                 
         10001c8          10001c8        0     1                 
         10001c8          10001c8        0     1                 .LBB3_15
         10001c8          10001c8        0     1                 
         10001d6          10001d6        0     1                 
         10001d6          10001d6        0     1                 
         10001d8          10001d8        0     1                 
         10001da          10001da        0     1                 .LBB3_16
         10001da          10001da        0     1                 
         10001da          10001da        0     1                 
         10001dc          10001dc        0     1                 
         10001dc          10001dc        0     1                 
         10001de          10001de        0     1                 
         10001e0          10001e0        0     1                 
         10001e0          10001e0        0     1                 
         10001e6          10001e6        0     1                 
         10001e8          10001e8        0     1                 
         10001f0          10001f0        0     1                 
         10001f0          10001f0        0     1                 
         10001f4          10001f4        0     1                 
         10001f8          10001f8        0     1                 
         10001fa          10001fa        0     1                 
         10001fc          10001fc        0     1                 
         10001fc          10001fc        0     1                 
         1000200          1000200        0     1                 
         1000200          1000200        0     1                 
         1000200          1000200        0     1                 
         1000200          1000200        0     1                 
         1000200          1000200        0     1                 
         1000200          1000200      342     1                 printf
         100021e          100021e        0     1                 
         100022e          100022e        0     1                 
         1000252          1000252        0     1                 
         1000252          1000252        0     1                 .LBB4_1
         1000252          1000252        0     1                 
         1000254          1000254        0     1                 .LBB4_2
         1000258          1000258        0     1                 .LBB4_3
         100025c          100025c        0     1                 
         100025c          100025c        0     1                 
         1000260          1000260        0     1                 .LBB4_4
         1000260          1000260        0     1                 
         1000260          1000260        0     1                 
         1000264          1000264        0     1                 
         100026c          100026c        0     1                 
         100026c          100026c        0     1                 
         1000278          1000278        0     1                 
         1000278          1000278        0     1                 
         100027a          100027a        0     1                 
         100027c          100027c        0     1                 .LBB4_7
         100027c          100027c        0     1                 
         100027c          100027c        0     1                 
         1000280          1000280        0     1                 
         1000284          1000284        0     1                 
         1000284          1000284        0     1                 
         1000288          1000288        0     1                 
         100028a          100028a        0     1                 .LBB4_9
         100028a          100028a        0     1                 
         100028e          100028e        0     1                 .LBB4_10
         1000298          1000298        0     1                 
         1000298          1000298        0     1                 
         100029c          100029c        0     1                 
         10002aa          10002aa        0     1                 
         10002ac          10002ac        0     1                 
         10002ac          10002ac        0     1                 .LBB4_12
         10002ac          10002ac        0     1                 
         10002b4          10002b4        0     1                 
         10002b8          10002b8        0     1                 
         10002b8          10002b8        0     1                 
         10002ba          10002ba        0     1                 
         10002be          10002be        0     1                 
         10002be          10002be        0     1                 
         10002c6          10002c6        0     1                 
         10002ca          10002ca        0     1                 
         10002ca          10002ca        0     1                 
         10002cc          10002cc        0     1                 
         10002d0          10002d0        0     1                 .LBB4_13
         10002d0          10002d0        0     1                 
         10002d0          10002d0        0     1                 
         10002d4          10002d4        0     1                 
         10002d4          10002d4        0     1                 
         10002d8          10002d8        0     1                 
         10002dc          10002dc        0     1                 
         10002e2          10002e2        0     1                 
         10002e4          10002e4        0     1                 
         10002e4          10002e4        0     1                 
         10002e6          10002e6        0     1                 
         10002e6          10002e6        0     1                 
         10002f0          10002f0        0     1                 .LBB4_16
         10002f0          10002f0        0     1                 
         10002f0          10002f0        0     1                 
         10002f4          10002f4        0     1                 
         10002f4          10002f4        0     1                 
         10002fc          10002fc        0     1                 .LBB4_17
         10002fe          10002fe        0     1                 .Lpcrel_hi1
         100030a          100030a        0     1                 .Lpcrel_hi2
         1000314          1000314        0     1                 .LBB4_18
         1000314          1000314        0     1                 
         1000320          1000320        0     1                 
         1000322          1000322        0     1                 .LBB4_19
         1000322          1000322        0     1                 
         1000326          1000326        0     1                 
         1000328          1000328        0     1                 
         1000328          1000328        0     1                 
         1000330          1000330        0     1                 .LBB4_20
         1000334          1000334        0     1                 
         1000334          1000334        0     1                 
         100033e          100033e        0     1                 .LBB4_22
         100033e          100033e        0     1                 
         100033e          100033e        0     1                 
         100034e          100034e        0     1                 
         100034e          100034e        0     1                 
         1000352          1000352        0     1                 .LBB4_23
         1000352          1000352        0     1                 
         1000352          1000352        0     1                 
         1000356          1000356        0     1                 .LBB4_24
         100035e          100035e        0     1                 
         100035e          100035e        0     1                 
         1000362          1000362        0     1                 
         1000362          1000362        0     1                 
         1000364          1000364        0     1                 
         1000364          1000364        0     1                 .LBB4_25
         1000364          1000364        0     1                 .Lpcrel_hi4
         1000364          1000364        0     1                 
         100036c          100036c        0     1                 
         1000372          1000372        0     1                 
         1000374          1000374        0     1                 
         100037c          100037c        0     1                 
         100037c          100037c        0     1                 
         1000386          1000386        0     1                 
         1000386          1000386        0     1                 
         100038a          100038a        0     1                 
         100038a          100038a        0     1                 
         100038c          100038c        0     1                 
         100038c          100038c        0     1                 
         1000390          1000390        0     1                 
         1000390          1000390        0     1                 .LBB4_27
         1000392          1000392        0     1                 
         1000392          1000392        0     1                 
         1000394          1000394        0     1                 
         100039a          100039a        0     1                 
         100039a          100039a        0     1                 
         10003a2          10003a2        0     1                 
         10003a2          10003a2        0     1                 
         10003a6          10003a6        0     1                 
         10003a8          10003a8        0     1                 
         10003ac          10003ac        0     1                 
         10003ac          10003ac        0     1                 
         10003b0          10003b0        0     1                 .LBB4_29
         10003b0          10003b0        0     1                 
         10003b0          10003b0        0     1                 
         10003b8          10003b8        0     1                 
         10003b8          10003b8        0     1                 
         10003be          10003be        0     1                 
         10003be          10003be        0     1                 .LBB4_30
         10003be          10003be        0     1                 
         10003c0          10003c0        0     1                 
         10003c2          10003c2        0     1                 
         10003cc          10003cc        0     1                 
         10003ce          10003ce        0     1                 
         10003ce          10003ce        0     1                 
         10003d0          10003d0        0     1                 
         10003d0          10003d0        0     1                 
         10003d4          10003d4        0     1                 
         10003d4          10003d4        0     1                 
         10003d6          10003d6        0     1                 
         10003da          10003da        0     1                 
         10003da          10003da        0     1                 .LBB4_33
         10003dc          10003dc        0     1                 
         10003dc          10003dc        0     1                 
         10003de          10003de        0     1                 
         10003e4          10003e4        0     1                 
         10003e4          10003e4        0     1                 
         10003ec          10003ec        0     1                 
         10003ec          10003ec        0     1                 
         10003f0          10003f0        0     1                 
         10003f2          10003f2        0     1                 
         10003f6          10003f6        0     1                 
         10003f6          10003f6        0     1                 
         10003fc          10003fc        0     1                 
         10003fc          10003fc        0     1                 .LBB4_35
         10003fc          10003fc        0     1                 
         1000406          1000406        0     1                 
         1000406          1000406        0     1                 
         1000408          1000408        0     1                 .Lpcrel_hi3
         1000408          1000408        0     1                 
         1000410          1000410        0     1                 .LBB4_37
         1000410          1000410        0     1                 
         1000410          1000410        0     1                 
         1000416          1000416        0     1                 
         1000418          1000418        0     1                 
         1000420          1000420        0     1                 
         1000420          1000420        0     1                 
         1000424          1000424        0     1                 
         1000424          1000424        0     1                 
         1000426          1000426        0     1                 
         1000426          1000426        0     1                 .LBB4_38
         100042e          100042e        0     1                 
         1000432          1000432        0     1                 
         1000436          1000436        0     1                 
         100043a          100043a        0     1                 .LBB4_41
         100043a          100043a        0     1                 
         1000442          1000442        0     1                 
         1000444          1000444        0     1                 
         1000446          1000446        0     1                 .LBB4_43
         1000446          1000446        0     1                 
         100044a          100044a        0     1                 .LBB4_44
         100044a          100044a        0     1                 
         100044a          100044a        0     1                 
         100044e          100044e        0     1                 
         100044e          100044e        0     1                 
         1000452          1000452        0     1                 
         1000452          1000452        0     1                 
         1000454          1000454        0     1                 
         1000456          1000456        0     1                 
         1000458          1000458        0     1                 
         1000458          1000458        0     1                 .LBB4_46
         100045a          100045a        0     1                 
         100045a          100045a        0     1                 
         100045c          100045c        0     1                 
         1000462          1000462        0     1                 
         1000462          1000462        0     1                 
         100046a          100046a        0     1                 
         100046a          100046a        0     1                 
         100046e          100046e        0     1                 
         1000470          1000470        0     1                 
         1000474          1000474        0     1                 
         1000474          1000474        0     1                 
         100047a          100047a        0     1                 .LBB4_48
         100047a          100047a        0     1                 
         100047a          100047a        0     1                 
         1000482          1000482        0     1                 
         1000482          1000482        0     1                 
         1000484          1000484        0     1                 .LBB4_49
         1000484          1000484        0     1                 
         1000484          1000484        0     1                 
         1000486          1000486        0     1                 
         1000486          1000486        0     1                 .LBB4_50
         1000486          1000486        0     1                 
         1000496          1000496        0     1                 
         1000496          1000496        0     1                 
         1000498          1000498        0     1                 
         100049a          100049a        0     1                 .LBB4_51
         100049a          100049a        0     1                 
         100049a          100049a        0     1                 
         100049c          100049c        0     1                 
         100049c          100049c        0     1                 
         10004a2          10004a2        0     1                 
         10004a4          10004a4        0     1                 
         10004ac          10004ac        0     1                 
         10004ac          10004ac        0     1                 
         10004b0          10004b0        0     1                 
         10004b0          10004b0        0     1                 
         10004b4          10004b4        0     1                 .LBB4_52
         10004b4          10004b4        0     1                 
         10004b4          10004b4        0     1                 
         10004b8          10004b8        0     1                 .LBB4_53
         10004b8          10004b8        0     1                 
         10004be          10004be        0     1                 .LBB4_54
         10004be          10004be        0     1                 
         10004be          10004be        0     1                 
         10004c4          10004c4        0     1                 .LBB4_55
         10004c4          10004c4        0     1                 
         10004c4          10004c4        0     1                 
         10004c6          10004c6        0     1                 
         10004ca          10004ca        0     1                 
         10004ca          10004ca        0     1                 
         10004ce          10004ce        0     1                 
         10004ce          10004ce        0     1                 .LBB4_56
         10004ce          10004ce        0     1                 
         10004de          10004de        0     1                 
         10004de          10004de        0     1                 
         10004e0          10004e0        0     1                 
         10004e4          10004e4        0     1                 .LBB4_57
         10004e4          10004e4        0     1                 
         10004e4          10004e4        0     1                 
         10004ea          10004ea        0     1                 .LBB4_58
         10004ea          10004ea        0     1                 
         10004ea          10004ea        0     1                 
         10004ec          10004ec        0     1                 
         10004f0          10004f0        0     1                 
         10004f0          10004f0        0     1                 
         10004f4          10004f4        0     1                 
         10004f4          10004f4        0     1                 .LBB4_59
         10004f4          10004f4        0     1                 
         1000504          1000504        0     1                 
         1000504          1000504        0     1                 
         1000506          1000506        0     1                 
         1000508          1000508        0     1                 .LBB4_60
         1000508          1000508        0     1                 
         1000508          1000508        0     1                 
         100050a          100050a        0     1                 
         100050e          100050e        0     1                 
         100050e          100050e        0     1                 
         1000514          1000514        0     1                 
         1000516          1000516        0     1                 
         100051e          100051e        0     1                 
         100051e          100051e        0     1                 
         1000524          1000524        0     1                 .LBB4_61
         1000524          1000524        0     1                 
         1000536          1000536        0     1                 
         100053e          100053e        0     1                 
         1000542          1000542        0     1                 
         1000542          1000542        0     1                 
         1000542          1000542      230     2         user/lib/libuser.a(string.o):(.text)
         1000542          1000542        0     1                 
         1000542          1000542        0     1                 
         1000542          1000542        0     1                 $x.0
         1000542          1000542        0     1                 
         1000542          1000542       2e     1                 strcmp
         1000546          1000546        0     1                 
         1000548          1000548        0     1                 
         100054a          100054a        0     1                 
         100054a          100054a        0     1                 .LBB0_2
         100054a          100054a        0     1                 
         100054e          100054e        0     1                 
         1000552          1000552        0     1                 
         1000556          1000556        0     1                 
         1000556          1000556        0     1                 
         100055a          100055a        0     1                 
         100055c          100055c        0     1                 
         100055e          100055e        0     1                 
         1000560          1000560        0     1                 .LBB0_4
         1000560          1000560        0     1                 
         1000566          1000566        0     1                 .LBB0_5
         1000566          1000566        0     1                 
         1000566          1000566        0     1                 
         1000568          1000568        0     1                 .LBB0_6
         1000568          1000568        0     1                 
         1000568          1000568        0     1                 
         100056c          100056c        0     1                 
         100056c          100056c        0     1                 
         100056e          100056e        0     1                 
         1000570          1000570        0     1                 
         1000570          1000570        0     1                 
         1000570          1000570        0     1                 
         1000570          1000570        0     1                 
         1000570          1000570        0     1                 
         1000570          1000570       2e     1                 strncmp
         1000572          1000572        0     1                 
         1000574          1000574        0     1                 
         1000576          1000576        0     1                 
         100057a          100057a        0     1                 
         100057a          100057a        0     1                 .LBB1_2
         100057a          100057a        0     1                 
         100057e          100057e        0     1                 
         1000582          1000582        0     1                 
         1000586          1000586        0     1                 
         1000588          1000588        0     1                 
         100058a          100058a        0     1                 
         100058c          100058c        0     1                 
         1000594          1000594        0     1                 .LBB1_5
         1000594          1000594        0     1                 
         1000594          1000594        0     1                 
         1000598          1000598        0     1                 .LBB1_6
         1000598          1000598        0     1                 
         1000598          1000598        0     1                 
         100059c          100059c        0     1                 
         100059c          100059c        0     1                 
         100059e          100059e        0     1                 
         100059e          100059e        0     1                 
         100059e          100059e        0     1                 
         100059e          100059e        0     1                 
         100059e          100059e        0     1                 
         100059e          100059e       14     1                 strlen
         10005a0          10005a0        0     1                 
         10005a0          10005a0        0     1                 .LBB2_1
         10005a0          10005a0        0     1                 
         10005a8          10005a8        0     1                 
         10005aa          10005aa        0     1                 
         10005ac          10005ac        0     1                 
         10005b0          10005b0        0     1                 
         10005b2          10005b2        0     1                 
         10005b2          10005b2        0     1                 
         10005b2          10005b2        0     1                 
         10005b2          10005b2        0     1                 
         10005b2          10005b2        0     1                 
         10005b2          10005b2       1e     1                 strnlen
         10005b4          10005b4        0     1                 
         10005b6          10005b6        0     1                 
         10005b8          10005b8        0     1                 
         10005b8          10005b8        0     1                 .LBB3_2
         10005b8          10005b8        0     1                 
         10005c0          10005c0        0     1                 
         10005c2          10005c2        0     1                 
         10005c4          10005c4        0     1                 
         10005c8          10005c8        0     1                 
         10005ca          10005ca        0     1                 .LBB3_5
         10005ca          10005ca        0     1                 
         10005ca          10005ca        0     1                 
         10005cc          10005cc        0     1                 .LBB3_6
         10005cc          10005cc        0     1                 
         10005cc          10005cc        0     1                 
         10005ce          10005ce        0     1                 
         10005ce          10005ce        0     1                 
         10005d0          10005d0        0     1                 
         10005d0          10005d0        0     1                 
         10005d0          10005d0        0     1                 
         10005d0          10005d0        0     1                 
         10005d0          10005d0        0     1                 
         10005d0          10005d0       24     1                 strcpy
         10005d6          10005d6        0     1                 
         10005da          10005da        0     1                 
         10005da          10005da        0     1                 
         10005dc          10005dc        0     1                 
         10005dc          10005dc        0     1                 .LBB4_2
         10005dc          10005dc        0     1                 
         10005e0          10005e0        0     1                 
         10005e4          10005e4        0     1                 
         10005e8          10005e8        0     1                 
         10005e8          10005e8        0     1                 
         10005ea          10005ea        0     1                 
         10005ea          10005ea        0     1                 
         10005ec          10005ec        0     1                 
         10005ee          10005ee        0     1                 .LBB4_3
         10005ee          10005ee        0     1                 
         10005ee          10005ee        0     1                 
         10005f2          10005f2        0     1                 
         10005f4          10005f4        0     1                 
         10005f4          10005f4        0     1                 
         10005f4          10005f4        0     1                 
         10005f4          10005f4        0     1                 
         10005f4          10005f4        0     1                 
         10005f4          10005f4       32     1                 strncpy
         10005f6          10005f6        0     1                 
         10005f8          10005f8        0     1                 
         10005f8          10005f8        0     1                 .LBB5_1
         10005f8          10005f8        0     1                 
         1000600          1000600        0     1                 
         1000602          1000602        0     1                 
         1000606          1000606        0     1                 
         1000608          1000608        0     1                 
         100060c          100060c        0     1                 
         1000612          1000612        0     1                 .LBB5_3
         1000612          1000612        0     1                 
         1000616          1000616        0     1                 
         1000618          1000618        0     1                 
         100061a          100061a        0     1                 
         100061a          100061a        0     1                 .LBB5_5
         100061a          100061a        0     1                 
         100061e          100061e        0     1                 
         1000620          1000620        0     1                 
         1000624          1000624        0     1                 .LBB5_6
         1000624          1000624        0     1                 
         1000626          1000626        0     1                 
         1000626          1000626        0     1                 
         1000626          1000626        0     1                 
         1000626          1000626        0     1                 
         1000626          1000626        0     1                 
         1000626          1000626       3e     1                 strstr
         100062a          100062a        0     1                 
         100062c          100062c        0     1                 
         1000630          1000630        0     1                 
         1000636          1000636        0     1                 .LBB6_3
         1000636          1000636        0     1                 
         100063a          100063a        0     1                 
         100063a          100063a        0     1                 .LBB6_4
         100063a          100063a        0     1                 
         1000642          1000642        0     1                 
         1000646          1000646        0     1                 
         100064a          100064a        0     1                 
         100064c          100064c        0     1                 
         1000650          1000650        0     1                 
         1000654          1000654        0     1                 .LBB6_7
         1000654          1000654        0     1                 
         1000654          1000654        0     1                 
         1000656          1000656        0     1                 
         100065a          100065a        0     1                 
         100065c          100065c        0     1                 
         1000660          1000660        0     1                 .LBB6_9
         1000660          1000660        0     1                 
         1000662          1000662        0     1                 .LBB6_10
         1000662          1000662        0     1                 
         1000662          1000662        0     1                 
         1000664          1000664        0     1                 
         1000664          1000664        0     1                 
         1000664          1000664        0     1                 
         1000664          1000664        0     1                 
         1000664          1000664        0     1                 
         1000664          1000664       32     1                 strcat
         1000668          1000668        0     1                 
         1000668          1000668        0     1                 .LBB7_1
         1000668          1000668        0     1                 
         100066c          100066c        0     1                 
         100066e          100066e        0     1                 
         100066e          100066e        0     1                 
         1000670          1000670        0     1                 
         1000674          1000674        0     1                 
         1000678          1000678        0     1                 
         1000678          1000678        0     1                 .LBB7_4
         1000678          1000678        0     1                 
         100067c          100067c        0     1                 
         1000680          1000680        0     1                 
         1000684          1000684        0     1                 
         1000684          1000684        0     1                 
         1000686          1000686        0     1                 
         1000686          1000686        0     1                 
         1000688          1000688        0     1                 
         100068a          100068a        0     1                 
         100068e          100068e        0     1                 
         1000690          1000690        0     1                 .LBB7_6
         1000690          1000690        0     1                 
         1000690          1000690        0     1                 
         1000694          1000694        0     1                 
         1000696          1000696        0     1                 
         1000696          1000696        0     1                 
         1000696          1000696        0     1                 
         1000696          1000696        0     1                 
         1000696          1000696        0     1                 
         1000696          1000696       1e     1                 strchr
         100069a          100069a        0     1                 
         100069a          100069a        0     1                 
         100069c          100069c        0     1                 
         10006a0          10006a0        0     1                 
         10006a0          10006a0        0     1                 .LBB8_2
         10006a0          10006a0        0     1                 
         10006a4          10006a4        0     1                 
         10006a8          10006a8        0     1                 
         10006ac          10006ac        0     1                 
         10006ae          10006ae        0     1                 
         10006b0          10006b0        0     1                 .LBB8_4
         10006b0          10006b0        0     1                 
         10006b2          10006b2        0     1                 .LBB8_5
         10006b2          10006b2        0     1                 
         10006b2          10006b2        0     1                 
         10006b4          10006b4        0     1                 
         10006b4          10006b4        0     1                 
         10006b4          10006b4        0     1                 
         10006b4          10006b4        0     1                 
         10006b4          10006b4        0     1                 .Lpcrel_hi0
         10006b4          10006b4        0     1                 
         10006b4          10006b4       94     1                 strtok
         10006b8          10006b8        0     1                 
         10006ba          10006ba        0     1                 
         10006c0          10006c0        0     1                 .LBB9_2
         10006c0          10006c0        0     1                 
         10006c4          10006c4        0     1                 
         10006c4          10006c4        0     1                 
         10006c6          10006c6        0     1                 .LBB9_3
         10006c6          10006c6        0     1                 
         10006ca          10006ca        0     1                 
         10006cc          10006cc        0     1                 
         10006d0          10006d0        0     1                 
         10006d6          10006d6        0     1                 
         10006d6          10006d6        0     1                 .LBB9_5
         10006d6          10006d6        0     1                 
         10006da          10006da        0     1                 
         10006e2          10006e2        0     1                 
         10006e2          10006e2        0     1                 .LBB9_7
         10006e2          10006e2        0     1                 
         10006e6          10006e6        0     1                 
         10006ea          10006ea        0     1                 
         10006ea          10006ea        0     1                 
         10006ee          10006ee        0     1                 
         10006f0          10006f0        0     1                 
         10006f4          10006f4        0     1                 .LBB9_9
         10006f4          10006f4        0     1                 
         10006f4          10006f4        0     1                 
         10006fc          10006fc        0     1                 
         1000702          1000702        0     1                 
         1000704          1000704        0     1                 .LBB9_10
         1000704          1000704        0     1                 
         1000706          1000706        0     1                 
         1000708          1000708        0     1                 .LBB9_11
         1000708          1000708        0     1                 
         100070a          100070a        0     1                 .LBB9_12
         100070a          100070a        0     1                 
         1000710          1000710        0     1                 
         1000710          1000710        0     1                 .LBB9_13
         1000710          1000710        0     1                 
         1000714          1000714        0     1                 
         1000718          1000718        0     1                 .LBB9_14
         1000718          1000718        0     1                 
         1000728          1000728        0     1                 .LBB9_16
         1000728          1000728        0     1                 
         1000728          1000728        0     1                 
         1000730          1000730        0     1                 
         1000730          1000730        0     1                 
         1000734          1000734        0     1                 
         1000736          1000736        0     1                 
         1000736          1000736        0     1                 
         100073a          100073a        0     1                 .LBB9_18
         100073a          100073a        0     1                 
         100073a          100073a        0     1                 
         100073e          100073e        0     1                 .LBB9_19
         100073e          100073e        0     1                 
         1000742          1000742        0     1                 .LBB9_20
         1000742          1000742        0     1                 
         1000744          1000744        0     1                 .LBB9_21
         1000744          1000744        0     1                 
         1000748          1000748        0     1                 
         1000748          1000748        0     1                 
         1000748          1000748        0     1                 
         1000748          1000748        0     1                 
         1000748          1000748        0     1                 
         1000748          1000748       18     1                 memcpy
         100074c          100074c        0     1                 
         100074c          100074c        0     1                 
         100074e          100074e        0     1                 
         100074e          100074e        0     1                 .LBB10_2
         100074e          100074e        0     1                 
         1000752          1000752        0     1                 
         1000756          1000756        0     1                 
         1000756          1000756        0     1                 
         1000758          1000758        0     1                 
         100075a          100075a        0     1                 
         100075e          100075e        0     1                 .LBB10_3
         100075e          100075e        0     1                 
         100075e          100075e        0     1                 
         1000760          1000760        0     1                 
         1000760          1000760        0     1                 
         1000760          1000760        0     1                 
         1000760          1000760        0     1                 
         1000760          1000760        0     1                 
         1000760          1000760       12     1                 memset
         1000764          1000764        0     1                 
         1000764          1000764        0     1                 
         1000766          1000766        0     1                 
         1000766          1000766        0     1                 .LBB11_2
         1000766          1000766        0     1                 
         100076a          100076a        0     1                 
         100076a          100076a        0     1                 
         100076c          100076c        0     1                 
         100076c          100076c        0     1                 
         1000770          1000770        0     1                 .LBB11_3
         1000770          1000770        0     1                 
         1000770          1000770        0     1                 
         1000772          1000772        0     1                 
         1000772          1000772        0     1                 
         1000772          1000772       b2     2         user/lib/libuser.a(syscall.o):(.text)
         1000772          1000772        0     1                 
         1000772          1000772        0     1                 
         1000772          1000772        0     1                 $x.0
         1000772          1000772        0     1                 
         1000772          1000772       10     1                 syscall
         1000774          1000774        0     1                 
         1000780          1000780        0     1                 
         1000782          1000782        0     1                 
         1000782          1000782        0     1                 
         1000782          1000782        0     1                 
         1000782          1000782        a     1                 read
         100078a          100078a        0     1                 
         100078c          100078c        0     1                 
         100078c          100078c        0     1                 
         100078c          100078c        0     1                 
         100078c          100078c        c     1                 write
         1000794          1000794        0     1                 
         1000798          1000798        0     1                 
         1000798          1000798        0     1                 
         1000798          1000798        0     1                 
         1000798          1000798       10     1                 cls
         10007a6          10007a6        0     1                 
         10007a8          10007a8        0     1                 
         10007a8          10007a8        0     1                 
         10007a8          10007a8        0     1                 
         10007a8          10007a8       10     1                 yield
         10007b6          10007b6        0     1                 
         10007b8          10007b8        0     1                 
         10007b8          10007b8        0     1                 
         10007b8          10007b8        0     1                 
         10007b8          10007b8       12     1                 fork
         10007c6          10007c6        0     1                 
         10007ca          10007ca        0     1                 
         10007ca          10007ca        0     1                 
         10007ca          10007ca        0     1                 
         10007ca          10007ca        c     1                 exec
         10007d2          10007d2        0     1                 
         10007d6          10007d6        0     1                 
         10007d6          10007d6        0     1                 
         10007d6          10007d6        0     1                 
         10007d6          10007d6        e     1                 exit
         10007e2          10007e2        0     1                 .LBB7_1
         10007e2          10007e2        0     1                 
         10007e4          10007e4        0     1                 
         10007e4          10007e4        0     1                 
         10007e4          10007e4        0     1                 
         10007e4          10007e4        0     1                 
         10007e4          10007e4        0     1                 
         10007e4          10007e4       10     1                 wait
         10007f0          10007f0        0     1                 
         10007f0          10007f0        0     1                 
         10007f4          10007f4        0     1                 
         10007f4          10007f4        0     1                 
         10007f4          10007f4        0     1                 
         10007f4          10007f4       10     1                 tarfs_exists
         1000800          1000800        0     1                 
         1000800          1000800        0     1                 
         1000804          1000804        0     1                 
         1000804          1000804        0     1                 
         1000804          1000804        0     1                 
         1000804          1000804       10     1                 ps
         1000812          1000812        0     1                 
         1000812          1000812        0     1                 
         1000814          1000814        0     1                 
         1000814          1000814        0     1                 
         1000814          1000814        0     1                 
         1000814          1000814       10     1                 ls
         1000822          1000822        0     1                 
         1000822          1000822        0     1                 
         1000824          1000824        0     1                 
         1000828          1000828      130     8 .rodata
         1000828          1000828       7c     1         <internal>:(.rodata.str1.1)
         10008a8          10008a8       b0     8         user/lib/libuser.a(printf.o):(.rodata)
         10008a8          10008a8        0     1                 .LJTI4_0
         10008a8          10008a8        0     1                 $d.1
         1000958          1000958        8     8 .bss
         1000958          1000958        8     8         user/lib/libuser.a(string.o):(.sbss)
         1000958          1000958        8     1                 strtok.saved
         1000958          1000958        0     1                 $d.1
         1000960          1000960        0     1         
         1000960          1000960     f6a0     1 . = 0x1010000
         1010000          1010000    10000     1 .stack
         1010000          1010000        0     1         __user_stack_bottom = .
         1010000          1010000    10000     1         . += 64 * 1024
         1020000          1020000        0     1         __user_stack_top = .
         1020000          1020000        0     1 . = ALIGN ( 4096 )
         1020000          1020000        0     1 __user_heap_start = 0x03000000
         1020000          1020000  2000000     1 . += 32 * 1024 * 1024
         3020000          3020000        0     1 __user_heap_end = .
               0                0     14e3     1 .debug_info
               0                0       91     1         user/bin/crt0.o:(.debug_info)
               0                0        0     1                 
               0                0        0     1                 $d.4
              91               91      1c7     1         user/bin/mem.o:(.debug_info)
              91               91        0     1                 $d.4
             258              258      79d     1         user/lib/libuser.a(printf.o):(.debug_info)
             258              258        0     1                 $d.5
             9f5              9f5      49c     1         user/lib/libuser.a(string.o):(.debug_info)
             9f5              9f5        0     1                 $d.4
             e91              e91      652     1         user/lib/libuser.a(syscall.o):(.debug_info)
             e91              e91        0     1                 $d.3
               0                0      543     1 .debug_abbrev
               0                0       21     1         user/bin/crt0.o:(.debug_abbrev)
               0                0        0     1                 
               0                0        0     1                 $d.3
              21               21       fc     1         user/bin/mem.o:(.debug_abbrev)
              21               21        0     1                 $d.3
             11d              11d      1d2     1         user/lib/libuser.a(printf.o):(.debug_abbrev)
             11d              11d        0     1                 $d.4
             2ef              2ef      119     1         user/lib/libuser.a(string.o):(.debug_abbrev)
             2ef              2ef        0     1                 $d.3
             408              408      13b     1         user/lib/libuser.a(syscall.o):(.debug_abbrev)
             408              408        0     1                 $d.2
               0                0       30     1 .debug_aranges
               0                0       30     1         user/bin/crt0.o:(.debug_aranges)
               0                0        0     1                 $d.2
               0                0      f3b     1 .debug_line
               0                0       49     1         user/bin/crt0.o:(.debug_line)
               0                0        0     1                 .Lline_table_start0
               0                0        0     1                 $d.5
              49               49      11e     1         user/bin/mem.o:(.debug_line)
              49               49        0     1                 .Lline_table_start0
              49               49        0     1                 $d.9
             167              167      6f9     1         user/lib/libuser.a(printf.o):(.debug_line)
             167              167        0     1                 .Lline_table_start0
             167              167        0     1                 $d.11
             860              860      581     1         user/lib/libuser.a(string.o):(.debug_line)
             860              860        0     1                 .Lline_table_start0
             860              860        0     1                 $d.10
             de1              de1      15a     1         user/lib/libuser.a(syscall.o):(.debug_line)
             de1              de1        0     1                 .Lline_table_start0
             de1              de1        0     1                 $d.8
               0                0     14c4     1 .debug_loc
               0                0       36     1         user/bin/mem.o:(.debug_loc)
               0                0        0     1                 
               0                0        0     1                 $d.2
              36               36      b12     1         user/lib/libuser.a(printf.o):(.debug_loc)
              36               36        0     1                 
              36               36        0     1                 $d.3
              6c               6c        0     1                 
              a2               a2        0     1                 
              d8               d8        0     1                 
              fb               fb        0     1                 
             15b              15b        0     1                 
             183              183        0     1                 
             1a8              1a8        0     1                 
             1cb              1cb        0     1                 
             214              214        0     1                 
             237              237        0     1                 
             26d              26d        0     1                 
             2a3              2a3        0     1                 
             2d9              2d9        0     1                 
             34c              34c        0     1                 
             371              371        0     1                 
             394              394        0     1                 
             3b7              3b7        0     1                 
             3da              3da        0     1                 
             3fd              3fd        0     1                 
             550              550        0     1                 
             575              575        0     1                 
             5c0              5c0        0     1                 
             639              639        0     1                 
             65c              65c        0     1                 
             6bc              6bc        0     1                 
             6f6              6f6        0     1                 
             774              774        0     1                 
             7d0              7d0        0     1                 
             7f8              7f8        0     1                 
             832              832        0     1                 
             892              892        0     1                 
             8f2              8f2        0     1                 
             928              928        0     1                 
             96c              96c        0     1                 
             9c8              9c8        0     1                 
             9eb              9eb        0     1                 
             a21              a21        0     1                 
             a6a              a6a        0     1                 
             aae              aae        0     1                 
             ad6              ad6        0     1                 
             afb              afb        0     1                 
             b23              b23        0     1                 
             b48              b48      5ea     1         user/lib/libuser.a(string.o):(.debug_loc)
             b48              b48        0     1                 
             b48              b48        0     1                 $d.2
             ba6              ba6        0     1                 
             bc9              bc9        0     1                 
             bec              bec        0     1                 
             c0f              c0f        0     1                 
             c32              c32        0     1                 
             c56              c56        0     1                 
             c79              c79        0     1                 
             cb0              cb0        0     1                 
             cf9              cf9        0     1                 
             d44              d44        0     1                 
             d7a              d7a        0     1                 
             dc3              dc3        0     1                 
             de6              de6        0     1                 
             e1d              e1d        0     1                 
             e40              e40        0     1                 
             e76              e76        0     1                 
             ee9              ee9        0     1                 
             f0c              f0c        0     1                 
             f2f              f2f        0     1                 
             f52              f52        0     1                 
             f75              f75        0     1                 
             fc0              fc0        0     1                 
             ff8              ff8        0     1                 
            101b             101b        0     1                 
            103e             103e        0     1                 
            1061             1061        0     1                 
            10b8             10b8        0     1                 
            10db             10db        0     1                 
            1132             1132      392     1         user/lib/libuser.a(syscall.o):(.debug_loc)
            1132             1132        0     1                 
            1132             1132        0     1                 $d.1
            1168             1168        0     1                 
            11b1             11b1        0     1                 
            11e7             11e7        0     1                 
            121d             121d        0     1                 
            1266             1266        0     1                 
            129c             129c        0     1                 
            12d2             12d2        0     1                 
            1308             1308        0     1                 
            132b             132b        0     1                 
            134e             134e        0     1                 
            1372             1372        0     1                 
            1396             1396        0     1                 
            13cd             13cd        0     1                 
            13f0             13f0        0     1                 
            1413             1413        0     1                 
            1436             1436        0     1                 
            1459             1459        0     1                 
            147c             147c        0     1                 
            14a0             14a0        0     1                 
               0                0      30f     1 .debug_str
               0                0      30f     1         <internal>:(.debug_str)
               0                0       42     1 .comment
               0                0       42     1         <internal>:(.comment)
               0                0      380     8 .debug_frame
               0                0       38     8         user/bin/mem.o:(.debug_frame)
               0                0        0     1                 
               0                0        0     1                 $d.8
              38               38       d8     8         user/lib/libuser.a(printf.o):(.debug_frame)
              38               38        0     1                 
              38               38        0     1                 $d.10
             110              110      138     8         user/lib/libuser.a(string.o):(.debug_frame)
             110              110        0     1                 
             110              110        0     1                 $d.9
             248              248      138     8         user/lib/libuser.a(syscall.o):(.debug_frame)
             248              248        0     1                 
             248              248        0     1                 $d.7
               0                0      160     1 .debug_ranges
               0                0      130     1         user/lib/libuser.a(printf.o):(.debug_ranges)
               0                0        0     1                 
               0                0        0     1                 $d.6
              70               70        0     1                 
              a0               a0        0     1                 
              d0               d0        0     1                 
             100              100        0     1                 
             130              130       30     1         user/lib/libuser.a(string.o):(.debug_ranges)
             130              130        0     1                 
             130              130        0     1                 $d.5
               0                0     62d0     8 .symtab
               0                0     62d0     8         <internal>:(.symtab)
               0                0       a4     1 .shstrtab
               0                0       a4     1         <internal>:(.shstrtab)
               0                0      22f     1 .strtab
               0                0      22f     1         <internal>:(.strtab)
