             VMA              LMA     Size Align Out     In      Symbol
               0                0  1000000     1 . = 0x1000000
         1000000          1000000       ce     2 .text
         1000000          1000000        8     1         user/bin/crt0.o:(.text.start)
         1000000          1000000        0     1                 
         1000000          1000000        0     1                 $x.0
         1000000          1000000        0     1                 
         1000000          1000000        0     1                 start
         1000004          1000004        0     1                 
         1000008          1000008        0     1                 
         1000008          1000008        0     2         user/bin/crt0.o:(.text)
         1000008          1000008       10     2         user/bin/ps.o:(.text)
         1000008          1000008        0     1                 
         1000008          1000008        0     1                 
         1000008          1000008        0     1                 $x.0
         1000008          1000008        0     1                 
         1000008          1000008       10     1                 main
         100000c          100000c        0     1                 
         1000010          1000010        0     1                 
         1000014          1000014        0     1                 
         1000018          1000018        0     1                 
         1000018          1000018        0     1                 
         1000018          1000018        0     1                 
         1000018          1000018       b6     2         user/lib/libuser.a(syscall.o):(.text)
         1000018          1000018        0     1                 
         1000018          1000018        0     1                 
         1000018          1000018        0     1                 $x.0
         1000018          1000018        0     1                 
         1000018          1000018       10     1                 syscall
         100001a          100001a        0     1                 
         1000026          1000026        0     1                 
         1000028          1000028        0     1                 
         1000028          1000028        0     1                 
         1000028          1000028        0     1                 
         1000028          1000028        a     1                 read
         1000030          1000030        0     1                 
         1000032          1000032        0     1                 
         1000032          1000032        0     1                 
         1000032          1000032        0     1                 
         1000032          1000032        c     1                 write
         100003a          100003a        0     1                 
         100003e          100003e        0     1                 
         100003e          100003e        0     1                 
         100003e          100003e        0     1                 
         100003e          100003e       10     1                 cls
         100004c          100004c        0     1                 
         100004e          100004e        0     1                 
         100004e          100004e        0     1                 
         100004e          100004e        0     1                 
         100004e          100004e       10     1                 yield
         100005c          100005c        0     1                 
         100005e          100005e        0     1                 
         100005e          100005e        0     1                 
         100005e          100005e        0     1                 
         100005e          100005e       12     1                 fork
         100006c          100006c        0     1                 
         1000070          1000070        0     1                 
         1000070          1000070        0     1                 
         1000070          1000070        0     1                 
         1000070          1000070       10     1                 exec
         100007c          100007c        0     1                 
         1000080          1000080        0     1                 
         1000080          1000080        0     1                 
         1000080          1000080        0     1                 
         1000080          1000080        e     1                 exit
         100008c          100008c        0     1                 .LBB7_1
         100008c          100008c        0     1                 
         100008e          100008e        0     1                 
         100008e          100008e        0     1                 
         100008e          100008e        0     1                 
         100008e          100008e        0     1                 
         100008e          100008e        0     1                 
         100008e          100008e       10     1                 wait
         100009a          100009a        0     1                 
         100009a          100009a        0     1                 
         100009e          100009e        0     1                 
         100009e          100009e        0     1                 
         100009e          100009e        0     1                 
         100009e          100009e       10     1                 tarfs_exists
         10000aa          10000aa        0     1                 
         10000aa          10000aa        0     1                 
         10000ae          10000ae        0     1                 
         10000ae          10000ae        0     1                 
         10000ae          10000ae        0     1                 
         10000ae          10000ae       10     1                 ps
         10000bc          10000bc        0     1                 
         10000bc          10000bc        0     1                 
         10000be          10000be        0     1                 
         10000be          10000be        0     1                 
         10000be          10000be        0     1                 
         10000be          10000be       10     1                 ls
         10000cc          10000cc        0     1                 
         10000cc          10000cc        0     1                 
         10000ce          10000ce        0     1                 
         10000d0          10000d0        0     4 .bss
         10000d0          10000d0        0     1         
         10000d0          10000d0     ff30     1 . = 0x1010000
         1010000          1010000    10000     1 .stack
         1010000          1010000        0     1         __user_stack_bottom = .
         1010000          1010000    10000     1         . += 64 * 1024
         1020000          1020000        0     1         __user_stack_top = .
         1020000          1020000        0     1 . = ALIGN ( 4096 )
         1020000          1020000        0     1 __user_heap_start = 0x03000000
         1020000          1020000  2000000     1 . += 32 * 1024 * 1024
         3020000          3020000        0     1 __user_heap_end = .
               0                0      71d     1 .debug_info
               0                0       91     1         user/bin/crt0.o:(.debug_info)
               0                0        0     1                 
               0                0        0     1                 $d.4
              91               91       62     1         user/bin/ps.o:(.debug_info)
              91               91        0     1                 $d.2
              f3               f3      62a     1         user/lib/libuser.a(syscall.o):(.debug_info)
              f3               f3        0     1                 $d.3
               0                0      1b7     1 .debug_abbrev
               0                0       21     1         user/bin/crt0.o:(.debug_abbrev)
               0                0        0     1                 
               0                0        0     1                 $d.3
              21               21       5b     1         user/bin/ps.o:(.debug_abbrev)
              21               21        0     1                 $d.1
              7c               7c      13b     1         user/lib/libuser.a(syscall.o):(.debug_abbrev)
              7c               7c        0     1                 $d.2
               0                0       30     1 .debug_aranges
               0                0       30     1         user/bin/crt0.o:(.debug_aranges)
               0                0        0     1                 $d.2
               0                0      211     1 .debug_line
               0                0       49     1         user/bin/crt0.o:(.debug_line)
               0                0        0     1                 .Lline_table_start0
               0                0        0     1                 $d.5
              49               49       6e     1         user/bin/ps.o:(.debug_line)
              49               49        0     1                 .Lline_table_start0
              49               49        0     1                 $d.7
              b7               b7      15a     1         user/lib/libuser.a(syscall.o):(.debug_line)
              b7               b7        0     1                 .Lline_table_start0
              b7               b7        0     1                 $d.8
               0                0      153     1 .debug_str
               0                0      153     1         <internal>:(.debug_str)
               0                0       42     1 .comment
               0                0       42     1         <internal>:(.comment)
               0                0      170     8 .debug_frame
               0                0       38     8         user/bin/ps.o:(.debug_frame)
               0                0        0     1                 
               0                0        0     1                 $d.6
              38               38      138     8         user/lib/libuser.a(syscall.o):(.debug_frame)
              38               38        0     1                 
              38               38        0     1                 $d.7
               0                0      392     1 .debug_loc
               0                0      392     1         user/lib/libuser.a(syscall.o):(.debug_loc)
               0                0        0     1                 
               0                0        0     1                 $d.1
              36               36        0     1                 
              7f               7f        0     1                 
              b5               b5        0     1                 
              eb               eb        0     1                 
             134              134        0     1                 
             16a              16a        0     1                 
             1a0              1a0        0     1                 
             1d6              1d6        0     1                 
             1f9              1f9        0     1                 
             21c              21c        0     1                 
             240              240        0     1                 
             264              264        0     1                 
             29b              29b        0     1                 
             2be              2be        0     1                 
             2e1              2e1        0     1                 
             304              304        0     1                 
             327              327        0     1                 
             34a              34a        0     1                 
             36e              36e        0     1                 
               0                0     1140     8 .symtab
               0                0     1140     8         <internal>:(.symtab)
               0                0       8e     1 .shstrtab
               0                0       8e     1         <internal>:(.shstrtab)
               0                0      119     1 .strtab
               0                0      119     1         <internal>:(.strtab)
