             VMA              LMA     Size Align Out     In      Symbol
               0                0  1000000     1 . = 0x1000000
         1000000          1000000      8ec     2 .text
         1000000          1000000       10     1         user/bin/init_crt0.o:(.text.start)
         1000000          1000000        0     1                 
         1000000          1000000        0     1                 .Lpcrel_hi0
         1000000          1000000        0     1                 $x.0
         1000000          1000000        0     1                 
         1000000          1000000        0     1                 start
         1000008          1000008        0     1                 
         100000c          100000c        0     1                 
         1000010          1000010        0     1                 
         1000010          1000010        0     2         user/bin/init_crt0.o:(.text)
         1000010          1000010       b6     2         user/bin/shell.o:(.text)
         1000010          1000010        0     1                 
         1000010          1000010        0     1                 
         1000010          1000010        0     1                 $x.0
         1000010          1000010        0     1                 
         1000010          1000010       b6     1                 main
         100001a          100001a        0     1                 
         100001e          100001e        0     1                 .Lpcrel_hi0
         100001e          100001e        0     1                 
         100002a          100002a        0     1                 
         100002a          100002a        0     1                 .Lpcrel_hi1
         100002a          100002a        0     1                 
         1000036          1000036        0     1                 
         1000036          1000036        0     1                 
         100003e          100003e        0     1                 
         1000040          1000040        0     1                 
         1000040          1000040        0     1                 
         1000048          1000048        0     1                 
         100004a          100004a        0     1                 
         100004a          100004a        0     1                 
         1000052          1000052        0     1                 
         1000054          1000054        0     1                 
         1000054          1000054        0     1                 .Lpcrel_hi2
         1000054          1000054        0     1                 
         1000062          1000062        0     1                 
         1000062          1000062        0     1                 .Lpcrel_hi3
         1000062          1000062        0     1                 
         1000070          1000070        0     1                 
         1000070          1000070        0     1                 .Lpcrel_hi4
         1000070          1000070        0     1                 
         100007e          100007e        0     1                 
         100007e          100007e        0     1                 
         1000084          1000084        0     1                 
         1000084          1000084        0     1                 
         100008c          100008c        0     1                 
         100008e          100008e        0     1                 
         100008e          100008e        0     1                 .Lpcrel_hi5
         100008e          100008e        0     1                 
         100009a          100009a        0     1                 
         100009a          100009a        0     1                 .Lpcrel_hi6
         100009a          100009a        0     1                 
         10000a6          10000a6        0     1                 
         10000a6          10000a6        0     1                 
         10000ae          10000ae        0     1                 
         10000b0          10000b0        0     1                 
         10000b0          10000b0        0     1                 .Lpcrel_hi7
         10000b0          10000b0        0     1                 
         10000be          10000be        0     1                 
         10000be          10000be        0     1                 
         10000c4          10000c4        0     1                 
         10000c4          10000c4        0     1                 .LBB0_1
         10000c4          10000c4        0     1                 
         10000c6          10000c6        0     1                 
         10000c6          10000c6        0     1                 
         10000c6          10000c6        2     2         user/lib/libuser.a(exit.o):(.text)
         10000c6          10000c6        0     1                 
         10000c6          10000c6        0     1                 
         10000c6          10000c6        0     1                 .LBB0_1
         10000c6          10000c6        0     1                 $x.0
         10000c6          10000c6        0     1                 
         10000c6          10000c6        2     1                 exit
         10000c8          10000c8        0     1                 
         10000c8          10000c8        0     1                 
         10000c8          10000c8       a0     2         user/lib/libuser.a(malloc.o):(.text)
         10000c8          10000c8        0     1                 
         10000c8          10000c8        0     1                 
         10000c8          10000c8        0     1                 $x.0
         10000c8          10000c8        0     1                 
         10000c8          10000c8       88     1                 malloc
         10000ce          10000ce        0     1                 .Lpcrel_hi0
         10000ce          10000ce        0     1                 
         10000d6          10000d6        0     1                 
         10000d6          10000d6        0     1                 
         10000d8          10000d8        0     1                 
         10000d8          10000d8        0     1                 
         10000dc          10000dc        0     1                 
         10000dc          10000dc        0     1                 
         10000de          10000de        0     1                 
         10000e0          10000e0        0     1                 
         10000e4          10000e4        0     1                 
         10000e6          10000e6        0     1                 
         10000e6          10000e6        0     1                 .LBB0_3
         10000e8          10000e8        0     1                 
         10000e8          10000e8        0     1                 
         10000ea          10000ea        0     1                 
         10000ee          10000ee        0     1                 
         10000ee          10000ee        0     1                 
         10000f0          10000f0        0     1                 
         10000f4          10000f4        0     1                 
         10000f8          10000f8        0     1                 
         10000fc          10000fc        0     1                 
         10000fc          10000fc        0     1                 .LBB0_6
         10000fc          10000fc        0     1                 
         10000fe          10000fe        0     1                 
         1000100          1000100        0     1                 .LBB0_7
         1000100          1000100        0     1                 
         1000102          1000102        0     1                 
         1000108          1000108        0     1                 .LBB0_8
         1000108          1000108        0     1                 
         100010c          100010c        0     1                 
         1000110          1000110        0     1                 
         1000110          1000110        0     1                 
         1000112          1000112        0     1                 
         1000112          1000112        0     1                 
         1000116          1000116        0     1                 
         1000116          1000116        0     1                 
         1000118          1000118        0     1                 
         100011a          100011a        0     1                 
         100011a          100011a        0     1                 
         100011c          100011c        0     1                 .LBB0_10
         100011c          100011c        0     1                 
         100011e          100011e        0     1                 
         1000122          1000122        0     1                 
         1000126          1000126        0     1                 .LBB0_11
         1000126          1000126        0     1                 
         1000126          1000126        0     1                 
         100012a          100012a        0     1                 
         100012c          100012c        0     1                 
         100012e          100012e        0     1                 
         1000130          1000130        0     1                 
         1000132          1000132        0     1                 
         1000136          1000136        0     1                 
         1000136          1000136        0     1                 
         1000138          1000138        0     1                 
         100013a          100013a        0     1                 
         100013c          100013c        0     1                 .LBB0_12
         100013c          100013c        0     1                 
         100013c          100013c        0     1                 
         1000140          1000140        0     1                 
         1000146          1000146        0     1                 .LBB0_13
         1000146          1000146        0     1                 
         1000146          1000146        0     1                 
         1000148          1000148        0     1                 .LBB0_14
         1000148          1000148        0     1                 
         100014c          100014c        0     1                 
         100014c          100014c        0     1                 
         1000150          1000150        0     1                 
         1000150          1000150        0     1                 
         1000150          1000150        0     1                 
         1000150          1000150        0     1                 
         1000150          1000150        0     1                 
         1000150          1000150       18     1                 free
         1000152          1000152        0     1                 .Lpcrel_hi1
         1000152          1000152        0     1                 
         100015a          100015a        0     1                 
         100015e          100015e        0     1                 
         100015e          100015e        0     1                 
         1000162          1000162        0     1                 
         1000166          1000166        0     1                 .LBB1_2
         1000166          1000166        0     1                 
         1000166          1000166        0     1                 
         1000168          1000168        0     1                 
         1000168          1000168        0     1                 
         1000168          1000168      4d2     2         user/lib/libuser.a(printf.o):(.text)
         1000168          1000168        0     1                 
         1000168          1000168        0     1                 
         1000168          1000168        0     1                 $x.0
         1000168          1000168        0     1                 
         1000168          1000168        c     1                 putc
         100016a          100016a        0     1                 
         1000174          1000174        0     1                 
         1000174          1000174        0     1                 
         1000174          1000174        0     1                 
         1000174          1000174        0     1                 
         1000174          1000174        0     1                 
         1000174          1000174        0     1                 
         1000174          1000174       1a     1                 puts
         100017c          100017c        0     1                 
         100017c          100017c        0     1                 
         1000180          1000180        0     1                 
         1000182          1000182        0     1                 
         100018a          100018a        0     1                 
         100018a          100018a        0     1                 
         100018e          100018e        0     1                 
         100018e          100018e        0     1                 
         100018e          100018e        0     1                 
         100018e          100018e        0     1                 
         100018e          100018e        0     1                 
         100018e          100018e        0     1                 
         100018e          100018e       8e     1                 puthex
         1000196          1000196        0     1                 
         1000196          1000196        0     1                 
         100019a          100019a        0     1                 
         100019c          100019c        0     1                 
         100019e          100019e        0     1                 .Lpcrel_hi0
         10001ae          10001ae        0     1                 
         10001ae          10001ae        0     1                 .LBB2_2
         10001ae          10001ae        0     1                 
         10001b2          10001b2        0     1                 
         10001b8          10001b8        0     1                 
         10001b8          10001b8        0     1                 
         10001c0          10001c0        0     1                 
         10001c0          10001c0        0     1                 
         10001c6          10001c6        0     1                 
         10001cc          10001cc        0     1                 
         10001ce          10001ce        0     1                 
         10001ce          10001ce        0     1                 
         10001d2          10001d2        0     1                 .LBB2_4
         10001d2          10001d2        0     1                 
         10001d2          10001d2        0     1                 
         10001d6          10001d6        0     1                 
         10001d6          10001d6        0     1                 
         10001dc          10001dc        0     1                 .LBB2_5
         10001dc          10001dc        0     1                 
         10001dc          10001dc        0     1                 
         10001de          10001de        0     1                 
         10001e2          10001e2        0     1                 
         10001e2          10001e2        0     1                 
         10001e6          10001e6        0     1                 
         10001e6          10001e6        0     1                 .LBB2_6
         10001e6          10001e6        0     1                 
         10001f6          10001f6        0     1                 
         10001f6          10001f6        0     1                 
         10001f8          10001f8        0     1                 
         10001fa          10001fa        0     1                 .LBB2_7
         10001fa          10001fa        0     1                 
         10001fa          10001fa        0     1                 
         10001fc          10001fc        0     1                 
         10001fc          10001fc        0     1                 
         1000200          1000200        0     1                 
         1000202          1000202        0     1                 
         1000202          1000202        0     1                 
         1000208          1000208        0     1                 
         100020a          100020a        0     1                 
         1000212          1000212        0     1                 
         1000212          1000212        0     1                 
         1000216          1000216        0     1                 
         1000218          1000218        0     1                 
         1000218          1000218        0     1                 
         100021c          100021c        0     1                 
         100021c          100021c        0     1                 
         100021c          100021c        0     1                 
         100021c          100021c        0     1                 
         100021c          100021c        0     1                 
         100021c          100021c       dc     1                 putpad
         100022c          100022c        0     1                 
         100022e          100022e        0     1                 
         100022e          100022e        0     1                 
         100023a          100023a        0     1                 
         100023e          100023e        0     1                 
         1000242          1000242        0     1                 
         1000242          1000242        0     1                 
         1000246          1000246        0     1                 
         100024a          100024a        0     1                 .LBB3_2
         100024a          100024a        0     1                 
         100024a          100024a        0     1                 
         100024c          100024c        0     1                 
         1000252          1000252        0     1                 
         1000254          1000254        0     1                 
         1000254          1000254        0     1                 .LBB3_4
         1000254          1000254        0     1                 
         1000264          1000264        0     1                 
         1000264          1000264        0     1                 
         1000268          1000268        0     1                 
         100026c          100026c        0     1                 .LBB3_6
         100026c          100026c        0     1                 
         100026e          100026e        0     1                 
         100026e          100026e        0     1                 
         1000276          1000276        0     1                 
         1000276          1000276        0     1                 
         100027c          100027c        0     1                 
         1000282          1000282        0     1                 
         1000284          1000284        0     1                 
         1000288          1000288        0     1                 .LBB3_8
         1000288          1000288        0     1                 
         1000288          1000288        0     1                 
         100028c          100028c        0     1                 
         100028c          100028c        0     1                 
         1000292          1000292        0     1                 .LBB3_9
         1000292          1000292        0     1                 
         1000292          1000292        0     1                 
         1000294          1000294        0     1                 
         1000296          1000296        0     1                 
         1000296          1000296        0     1                 
         100029a          100029a        0     1                 
         100029a          100029a        0     1                 
         10002a2          10002a2        0     1                 
         10002aa          10002aa        0     1                 .LBB3_11
         10002aa          10002aa        0     1                 
         10002aa          10002aa        0     1                 
         10002ae          10002ae        0     1                 
         10002ba          10002ba        0     1                 .LBB3_14
         10002ba          10002ba        0     1                 
         10002be          10002be        0     1                 
         10002c0          10002c0        0     1                 
         10002c0          10002c0        0     1                 .LBB3_15
         10002c0          10002c0        0     1                 
         10002ce          10002ce        0     1                 
         10002ce          10002ce        0     1                 
         10002d0          10002d0        0     1                 
         10002d2          10002d2        0     1                 .LBB3_16
         10002d2          10002d2        0     1                 
         10002d2          10002d2        0     1                 
         10002d4          10002d4        0     1                 
         10002d4          10002d4        0     1                 
         10002d6          10002d6        0     1                 
         10002d8          10002d8        0     1                 
         10002d8          10002d8        0     1                 
         10002de          10002de        0     1                 
         10002e0          10002e0        0     1                 
         10002e8          10002e8        0     1                 
         10002e8          10002e8        0     1                 
         10002ec          10002ec        0     1                 
         10002f0          10002f0        0     1                 
         10002f2          10002f2        0     1                 
         10002f4          10002f4        0     1                 
         10002f4          10002f4        0     1                 
         10002f8          10002f8        0     1                 
         10002f8          10002f8        0     1                 
         10002f8          10002f8        0     1                 
         10002f8          10002f8        0     1                 
         10002f8          10002f8        0     1                 
         10002f8          10002f8      342     1                 printf
         1000316          1000316        0     1                 
         1000326          1000326        0     1                 
         100034a          100034a        0     1                 
         100034a          100034a        0     1                 .LBB4_1
         100034a          100034a        0     1                 
         100034c          100034c        0     1                 .LBB4_2
         1000350          1000350        0     1                 .LBB4_3
         1000354          1000354        0     1                 
         1000354          1000354        0     1                 
         1000358          1000358        0     1                 .LBB4_4
         1000358          1000358        0     1                 
         1000358          1000358        0     1                 
         100035c          100035c        0     1                 
         1000364          1000364        0     1                 
         1000364          1000364        0     1                 
         1000370          1000370        0     1                 
         1000370          1000370        0     1                 
         1000372          1000372        0     1                 
         1000374          1000374        0     1                 .LBB4_7
         1000374          1000374        0     1                 
         1000374          1000374        0     1                 
         1000378          1000378        0     1                 
         100037c          100037c        0     1                 
         100037c          100037c        0     1                 
         1000380          1000380        0     1                 
         1000382          1000382        0     1                 .LBB4_9
         1000382          1000382        0     1                 
         1000386          1000386        0     1                 .LBB4_10
         1000390          1000390        0     1                 
         1000390          1000390        0     1                 
         1000394          1000394        0     1                 
         10003a2          10003a2        0     1                 
         10003a4          10003a4        0     1                 
         10003a4          10003a4        0     1                 .LBB4_12
         10003a4          10003a4        0     1                 
         10003ac          10003ac        0     1                 
         10003b0          10003b0        0     1                 
         10003b0          10003b0        0     1                 
         10003b2          10003b2        0     1                 
         10003b6          10003b6        0     1                 
         10003b6          10003b6        0     1                 
         10003be          10003be        0     1                 
         10003c2          10003c2        0     1                 
         10003c2          10003c2        0     1                 
         10003c4          10003c4        0     1                 
         10003c8          10003c8        0     1                 .LBB4_13
         10003c8          10003c8        0     1                 
         10003c8          10003c8        0     1                 
         10003cc          10003cc        0     1                 
         10003cc          10003cc        0     1                 
         10003d0          10003d0        0     1                 
         10003d4          10003d4        0     1                 
         10003da          10003da        0     1                 
         10003dc          10003dc        0     1                 
         10003dc          10003dc        0     1                 
         10003de          10003de        0     1                 
         10003de          10003de        0     1                 
         10003e8          10003e8        0     1                 .LBB4_16
         10003e8          10003e8        0     1                 
         10003e8          10003e8        0     1                 
         10003ec          10003ec        0     1                 
         10003ec          10003ec        0     1                 
         10003f4          10003f4        0     1                 .LBB4_17
         10003f6          10003f6        0     1                 .Lpcrel_hi1
         1000402          1000402        0     1                 .Lpcrel_hi2
         100040c          100040c        0     1                 .LBB4_18
         100040c          100040c        0     1                 
         1000418          1000418        0     1                 
         100041a          100041a        0     1                 .LBB4_19
         100041a          100041a        0     1                 
         100041e          100041e        0     1                 
         1000420          1000420        0     1                 
         1000420          1000420        0     1                 
         1000428          1000428        0     1                 .LBB4_20
         100042c          100042c        0     1                 
         100042c          100042c        0     1                 
         1000436          1000436        0     1                 .LBB4_22
         1000436          1000436        0     1                 
         1000436          1000436        0     1                 
         1000446          1000446        0     1                 
         1000446          1000446        0     1                 
         100044a          100044a        0     1                 .LBB4_23
         100044a          100044a        0     1                 
         100044a          100044a        0     1                 
         100044e          100044e        0     1                 .LBB4_24
         1000456          1000456        0     1                 
         1000456          1000456        0     1                 
         100045a          100045a        0     1                 
         100045a          100045a        0     1                 
         100045c          100045c        0     1                 
         100045c          100045c        0     1                 .LBB4_25
         100045c          100045c        0     1                 .Lpcrel_hi4
         100045c          100045c        0     1                 
         1000464          1000464        0     1                 
         100046a          100046a        0     1                 
         100046c          100046c        0     1                 
         1000474          1000474        0     1                 
         1000474          1000474        0     1                 
         100047e          100047e        0     1                 
         100047e          100047e        0     1                 
         1000482          1000482        0     1                 
         1000482          1000482        0     1                 
         1000484          1000484        0     1                 
         1000484          1000484        0     1                 
         1000488          1000488        0     1                 
         1000488          1000488        0     1                 .LBB4_27
         100048a          100048a        0     1                 
         100048a          100048a        0     1                 
         100048c          100048c        0     1                 
         1000492          1000492        0     1                 
         1000492          1000492        0     1                 
         100049a          100049a        0     1                 
         100049a          100049a        0     1                 
         100049e          100049e        0     1                 
         10004a0          10004a0        0     1                 
         10004a4          10004a4        0     1                 
         10004a4          10004a4        0     1                 
         10004a8          10004a8        0     1                 .LBB4_29
         10004a8          10004a8        0     1                 
         10004a8          10004a8        0     1                 
         10004b0          10004b0        0     1                 
         10004b0          10004b0        0     1                 
         10004b6          10004b6        0     1                 
         10004b6          10004b6        0     1                 .LBB4_30
         10004b6          10004b6        0     1                 
         10004b8          10004b8        0     1                 
         10004ba          10004ba        0     1                 
         10004c4          10004c4        0     1                 
         10004c6          10004c6        0     1                 
         10004c6          10004c6        0     1                 
         10004c8          10004c8        0     1                 
         10004c8          10004c8        0     1                 
         10004cc          10004cc        0     1                 
         10004cc          10004cc        0     1                 
         10004ce          10004ce        0     1                 
         10004d2          10004d2        0     1                 
         10004d2          10004d2        0     1                 .LBB4_33
         10004d4          10004d4        0     1                 
         10004d4          10004d4        0     1                 
         10004d6          10004d6        0     1                 
         10004dc          10004dc        0     1                 
         10004dc          10004dc        0     1                 
         10004e4          10004e4        0     1                 
         10004e4          10004e4        0     1                 
         10004e8          10004e8        0     1                 
         10004ea          10004ea        0     1                 
         10004ee          10004ee        0     1                 
         10004ee          10004ee        0     1                 
         10004f4          10004f4        0     1                 
         10004f4          10004f4        0     1                 .LBB4_35
         10004f4          10004f4        0     1                 
         10004fe          10004fe        0     1                 
         10004fe          10004fe        0     1                 
         1000500          1000500        0     1                 .Lpcrel_hi3
         1000500          1000500        0     1                 
         1000508          1000508        0     1                 .LBB4_37
         1000508          1000508        0     1                 
         1000508          1000508        0     1                 
         100050e          100050e        0     1                 
         1000510          1000510        0     1                 
         1000518          1000518        0     1                 
         1000518          1000518        0     1                 
         100051c          100051c        0     1                 
         100051c          100051c        0     1                 
         100051e          100051e        0     1                 
         100051e          100051e        0     1                 .LBB4_38
         1000526          1000526        0     1                 
         100052a          100052a        0     1                 
         100052e          100052e        0     1                 
         1000532          1000532        0     1                 .LBB4_41
         1000532          1000532        0     1                 
         100053a          100053a        0     1                 
         100053c          100053c        0     1                 
         100053e          100053e        0     1                 .LBB4_43
         100053e          100053e        0     1                 
         1000542          1000542        0     1                 .LBB4_44
         1000542          1000542        0     1                 
         1000542          1000542        0     1                 
         1000546          1000546        0     1                 
         1000546          1000546        0     1                 
         100054a          100054a        0     1                 
         100054a          100054a        0     1                 
         100054c          100054c        0     1                 
         100054e          100054e        0     1                 
         1000550          1000550        0     1                 
         1000550          1000550        0     1                 .LBB4_46
         1000552          1000552        0     1                 
         1000552          1000552        0     1                 
         1000554          1000554        0     1                 
         100055a          100055a        0     1                 
         100055a          100055a        0     1                 
         1000562          1000562        0     1                 
         1000562          1000562        0     1                 
         1000566          1000566        0     1                 
         1000568          1000568        0     1                 
         100056c          100056c        0     1                 
         100056c          100056c        0     1                 
         1000572          1000572        0     1                 .LBB4_48
         1000572          1000572        0     1                 
         1000572          1000572        0     1                 
         100057a          100057a        0     1                 
         100057a          100057a        0     1                 
         100057c          100057c        0     1                 .LBB4_49
         100057c          100057c        0     1                 
         100057c          100057c        0     1                 
         100057e          100057e        0     1                 
         100057e          100057e        0     1                 .LBB4_50
         100057e          100057e        0     1                 
         100058e          100058e        0     1                 
         100058e          100058e        0     1                 
         1000590          1000590        0     1                 
         1000592          1000592        0     1                 .LBB4_51
         1000592          1000592        0     1                 
         1000592          1000592        0     1                 
         1000594          1000594        0     1                 
         1000594          1000594        0     1                 
         100059a          100059a        0     1                 
         100059c          100059c        0     1                 
         10005a4          10005a4        0     1                 
         10005a4          10005a4        0     1                 
         10005a8          10005a8        0     1                 
         10005a8          10005a8        0     1                 
         10005ac          10005ac        0     1                 .LBB4_52
         10005ac          10005ac        0     1                 
         10005ac          10005ac        0     1                 
         10005b0          10005b0        0     1                 .LBB4_53
         10005b0          10005b0        0     1                 
         10005b6          10005b6        0     1                 .LBB4_54
         10005b6          10005b6        0     1                 
         10005b6          10005b6        0     1                 
         10005bc          10005bc        0     1                 .LBB4_55
         10005bc          10005bc        0     1                 
         10005bc          10005bc        0     1                 
         10005be          10005be        0     1                 
         10005c2          10005c2        0     1                 
         10005c2          10005c2        0     1                 
         10005c6          10005c6        0     1                 
         10005c6          10005c6        0     1                 .LBB4_56
         10005c6          10005c6        0     1                 
         10005d6          10005d6        0     1                 
         10005d6          10005d6        0     1                 
         10005d8          10005d8        0     1                 
         10005dc          10005dc        0     1                 .LBB4_57
         10005dc          10005dc        0     1                 
         10005dc          10005dc        0     1                 
         10005e2          10005e2        0     1                 .LBB4_58
         10005e2          10005e2        0     1                 
         10005e2          10005e2        0     1                 
         10005e4          10005e4        0     1                 
         10005e8          10005e8        0     1                 
         10005e8          10005e8        0     1                 
         10005ec          10005ec        0     1                 
         10005ec          10005ec        0     1                 .LBB4_59
         10005ec          10005ec        0     1                 
         10005fc          10005fc        0     1                 
         10005fc          10005fc        0     1                 
         10005fe          10005fe        0     1                 
         1000600          1000600        0     1                 .LBB4_60
         1000600          1000600        0     1                 
         1000600          1000600        0     1                 
         1000602          1000602        0     1                 
         1000606          1000606        0     1                 
         1000606          1000606        0     1                 
         100060c          100060c        0     1                 
         100060e          100060e        0     1                 
         1000616          1000616        0     1                 
         1000616          1000616        0     1                 
         100061c          100061c        0     1                 .LBB4_61
         100061c          100061c        0     1                 
         100062e          100062e        0     1                 
         1000636          1000636        0     1                 
         100063a          100063a        0     1                 
         100063a          100063a        0     1                 
         100063a          100063a       4c     2         user/lib/libuser.a(sbrk.o):(.text)
         100063a          100063a        0     1                 
         100063a          100063a        0     1                 
         100063a          100063a        0     1                 $x.0
         100063a          100063a        0     1                 
         100063a          100063a       4c     1                 sbrk
         1000644          1000644        0     1                 .Lpcrel_hi0
         1000644          1000644        0     1                 
         100064e          100064e        0     1                 
         100064e          100064e        0     1                 
         1000650          1000650        0     1                 .Lpcrel_hi1
         1000650          1000650        0     1                 
         100065c          100065c        0     1                 .LBB0_2
         100065c          100065c        0     1                 
         100065c          100065c        0     1                 
         100066a          100066a        0     1                 
         100066a          100066a        0     1                 
         100066e          100066e        0     1                 
         1000670          1000670        0     1                 
         1000670          1000670        0     1                 
         1000676          1000676        0     1                 .LBB0_4
         1000676          1000676        0     1                 
         1000676          1000676        0     1                 
         1000678          1000678        0     1                 .LBB0_5
         1000678          1000678        0     1                 
         1000678          1000678        0     1                 
         100067a          100067a        0     1                 
         100067a          100067a        0     1                 
         1000682          1000682        0     1                 
         1000686          1000686        0     1                 
         1000686          1000686        0     1                 
         1000686          1000686      230     2         user/lib/libuser.a(string.o):(.text)
         1000686          1000686        0     1                 
         1000686          1000686        0     1                 
         1000686          1000686        0     1                 $x.0
         1000686          1000686        0     1                 
         1000686          1000686       2e     1                 strcmp
         100068a          100068a        0     1                 
         100068c          100068c        0     1                 
         100068e          100068e        0     1                 
         100068e          100068e        0     1                 .LBB0_2
         100068e          100068e        0     1                 
         1000692          1000692        0     1                 
         1000696          1000696        0     1                 
         100069a          100069a        0     1                 
         100069a          100069a        0     1                 
         100069e          100069e        0     1                 
         10006a0          10006a0        0     1                 
         10006a2          10006a2        0     1                 
         10006a4          10006a4        0     1                 .LBB0_4
         10006a4          10006a4        0     1                 
         10006aa          10006aa        0     1                 .LBB0_5
         10006aa          10006aa        0     1                 
         10006aa          10006aa        0     1                 
         10006ac          10006ac        0     1                 .LBB0_6
         10006ac          10006ac        0     1                 
         10006ac          10006ac        0     1                 
         10006b0          10006b0        0     1                 
         10006b0          10006b0        0     1                 
         10006b2          10006b2        0     1                 
         10006b4          10006b4        0     1                 
         10006b4          10006b4        0     1                 
         10006b4          10006b4        0     1                 
         10006b4          10006b4        0     1                 
         10006b4          10006b4        0     1                 
         10006b4          10006b4       2e     1                 strncmp
         10006b6          10006b6        0     1                 
         10006b8          10006b8        0     1                 
         10006ba          10006ba        0     1                 
         10006be          10006be        0     1                 
         10006be          10006be        0     1                 .LBB1_2
         10006be          10006be        0     1                 
         10006c2          10006c2        0     1                 
         10006c6          10006c6        0     1                 
         10006ca          10006ca        0     1                 
         10006cc          10006cc        0     1                 
         10006ce          10006ce        0     1                 
         10006d0          10006d0        0     1                 
         10006d8          10006d8        0     1                 .LBB1_5
         10006d8          10006d8        0     1                 
         10006d8          10006d8        0     1                 
         10006dc          10006dc        0     1                 .LBB1_6
         10006dc          10006dc        0     1                 
         10006dc          10006dc        0     1                 
         10006e0          10006e0        0     1                 
         10006e0          10006e0        0     1                 
         10006e2          10006e2        0     1                 
         10006e2          10006e2        0     1                 
         10006e2          10006e2        0     1                 
         10006e2          10006e2        0     1                 
         10006e2          10006e2        0     1                 
         10006e2          10006e2       14     1                 strlen
         10006e4          10006e4        0     1                 
         10006e4          10006e4        0     1                 .LBB2_1
         10006e4          10006e4        0     1                 
         10006ec          10006ec        0     1                 
         10006ee          10006ee        0     1                 
         10006f0          10006f0        0     1                 
         10006f4          10006f4        0     1                 
         10006f6          10006f6        0     1                 
         10006f6          10006f6        0     1                 
         10006f6          10006f6        0     1                 
         10006f6          10006f6        0     1                 
         10006f6          10006f6        0     1                 
         10006f6          10006f6       1e     1                 strnlen
         10006f8          10006f8        0     1                 
         10006fa          10006fa        0     1                 
         10006fc          10006fc        0     1                 
         10006fc          10006fc        0     1                 .LBB3_2
         10006fc          10006fc        0     1                 
         1000704          1000704        0     1                 
         1000706          1000706        0     1                 
         1000708          1000708        0     1                 
         100070c          100070c        0     1                 
         100070e          100070e        0     1                 .LBB3_5
         100070e          100070e        0     1                 
         100070e          100070e        0     1                 
         1000710          1000710        0     1                 .LBB3_6
         1000710          1000710        0     1                 
         1000710          1000710        0     1                 
         1000712          1000712        0     1                 
         1000712          1000712        0     1                 
         1000714          1000714        0     1                 
         1000714          1000714        0     1                 
         1000714          1000714        0     1                 
         1000714          1000714        0     1                 
         1000714          1000714        0     1                 
         1000714          1000714       24     1                 strcpy
         100071a          100071a        0     1                 
         100071e          100071e        0     1                 
         100071e          100071e        0     1                 
         1000720          1000720        0     1                 
         1000720          1000720        0     1                 .LBB4_2
         1000720          1000720        0     1                 
         1000724          1000724        0     1                 
         1000728          1000728        0     1                 
         100072c          100072c        0     1                 
         100072c          100072c        0     1                 
         100072e          100072e        0     1                 
         100072e          100072e        0     1                 
         1000730          1000730        0     1                 
         1000732          1000732        0     1                 .LBB4_3
         1000732          1000732        0     1                 
         1000732          1000732        0     1                 
         1000736          1000736        0     1                 
         1000738          1000738        0     1                 
         1000738          1000738        0     1                 
         1000738          1000738        0     1                 
         1000738          1000738        0     1                 
         1000738          1000738        0     1                 
         1000738          1000738       32     1                 strncpy
         100073a          100073a        0     1                 
         100073c          100073c        0     1                 
         100073c          100073c        0     1                 .LBB5_1
         100073c          100073c        0     1                 
         1000744          1000744        0     1                 
         1000746          1000746        0     1                 
         100074a          100074a        0     1                 
         100074c          100074c        0     1                 
         1000750          1000750        0     1                 
         1000756          1000756        0     1                 .LBB5_3
         1000756          1000756        0     1                 
         100075a          100075a        0     1                 
         100075c          100075c        0     1                 
         100075e          100075e        0     1                 
         100075e          100075e        0     1                 .LBB5_5
         100075e          100075e        0     1                 
         1000762          1000762        0     1                 
         1000764          1000764        0     1                 
         1000768          1000768        0     1                 .LBB5_6
         1000768          1000768        0     1                 
         100076a          100076a        0     1                 
         100076a          100076a        0     1                 
         100076a          100076a        0     1                 
         100076a          100076a        0     1                 
         100076a          100076a        0     1                 
         100076a          100076a       3e     1                 strstr
         100076e          100076e        0     1                 
         1000770          1000770        0     1                 
         1000774          1000774        0     1                 
         100077a          100077a        0     1                 .LBB6_3
         100077a          100077a        0     1                 
         100077e          100077e        0     1                 
         100077e          100077e        0     1                 .LBB6_4
         100077e          100077e        0     1                 
         1000786          1000786        0     1                 
         100078a          100078a        0     1                 
         100078e          100078e        0     1                 
         1000790          1000790        0     1                 
         1000794          1000794        0     1                 
         1000798          1000798        0     1                 .LBB6_7
         1000798          1000798        0     1                 
         1000798          1000798        0     1                 
         100079a          100079a        0     1                 
         100079e          100079e        0     1                 
         10007a0          10007a0        0     1                 
         10007a4          10007a4        0     1                 .LBB6_9
         10007a4          10007a4        0     1                 
         10007a6          10007a6        0     1                 .LBB6_10
         10007a6          10007a6        0     1                 
         10007a6          10007a6        0     1                 
         10007a8          10007a8        0     1                 
         10007a8          10007a8        0     1                 
         10007a8          10007a8        0     1                 
         10007a8          10007a8        0     1                 
         10007a8          10007a8        0     1                 
         10007a8          10007a8       32     1                 strcat
         10007ac          10007ac        0     1                 
         10007ac          10007ac        0     1                 .LBB7_1
         10007ac          10007ac        0     1                 
         10007b0          10007b0        0     1                 
         10007b2          10007b2        0     1                 
         10007b2          10007b2        0     1                 
         10007b4          10007b4        0     1                 
         10007b8          10007b8        0     1                 
         10007bc          10007bc        0     1                 
         10007bc          10007bc        0     1                 .LBB7_4
         10007bc          10007bc        0     1                 
         10007c0          10007c0        0     1                 
         10007c4          10007c4        0     1                 
         10007c8          10007c8        0     1                 
         10007c8          10007c8        0     1                 
         10007ca          10007ca        0     1                 
         10007ca          10007ca        0     1                 
         10007cc          10007cc        0     1                 
         10007ce          10007ce        0     1                 
         10007d2          10007d2        0     1                 
         10007d4          10007d4        0     1                 .LBB7_6
         10007d4          10007d4        0     1                 
         10007d4          10007d4        0     1                 
         10007d8          10007d8        0     1                 
         10007da          10007da        0     1                 
         10007da          10007da        0     1                 
         10007da          10007da        0     1                 
         10007da          10007da        0     1                 
         10007da          10007da        0     1                 
         10007da          10007da       1e     1                 strchr
         10007de          10007de        0     1                 
         10007de          10007de        0     1                 
         10007e0          10007e0        0     1                 
         10007e4          10007e4        0     1                 
         10007e4          10007e4        0     1                 .LBB8_2
         10007e4          10007e4        0     1                 
         10007e8          10007e8        0     1                 
         10007ec          10007ec        0     1                 
         10007f0          10007f0        0     1                 
         10007f2          10007f2        0     1                 
         10007f4          10007f4        0     1                 .LBB8_4
         10007f4          10007f4        0     1                 
         10007f6          10007f6        0     1                 .LBB8_5
         10007f6          10007f6        0     1                 
         10007f6          10007f6        0     1                 
         10007f8          10007f8        0     1                 
         10007f8          10007f8        0     1                 
         10007f8          10007f8        0     1                 
         10007f8          10007f8        0     1                 
         10007f8          10007f8        0     1                 .Lpcrel_hi0
         10007f8          10007f8        0     1                 
         10007f8          10007f8       94     1                 strtok
         10007fc          10007fc        0     1                 
         10007fe          10007fe        0     1                 
         1000804          1000804        0     1                 .LBB9_2
         1000804          1000804        0     1                 
         1000808          1000808        0     1                 
         1000808          1000808        0     1                 
         100080a          100080a        0     1                 .LBB9_3
         100080a          100080a        0     1                 
         100080e          100080e        0     1                 
         1000810          1000810        0     1                 
         1000814          1000814        0     1                 
         100081a          100081a        0     1                 
         100081a          100081a        0     1                 .LBB9_5
         100081a          100081a        0     1                 
         100081e          100081e        0     1                 
         1000826          1000826        0     1                 
         1000826          1000826        0     1                 .LBB9_7
         1000826          1000826        0     1                 
         100082a          100082a        0     1                 
         100082e          100082e        0     1                 
         100082e          100082e        0     1                 
         1000832          1000832        0     1                 
         1000834          1000834        0     1                 
         1000838          1000838        0     1                 .LBB9_9
         1000838          1000838        0     1                 
         1000838          1000838        0     1                 
         1000840          1000840        0     1                 
         1000846          1000846        0     1                 
         1000848          1000848        0     1                 .LBB9_10
         1000848          1000848        0     1                 
         100084a          100084a        0     1                 
         100084c          100084c        0     1                 .LBB9_11
         100084c          100084c        0     1                 
         100084e          100084e        0     1                 .LBB9_12
         100084e          100084e        0     1                 
         1000854          1000854        0     1                 
         1000854          1000854        0     1                 .LBB9_13
         1000854          1000854        0     1                 
         1000858          1000858        0     1                 
         100085c          100085c        0     1                 .LBB9_14
         100085c          100085c        0     1                 
         100086c          100086c        0     1                 .LBB9_16
         100086c          100086c        0     1                 
         100086c          100086c        0     1                 
         1000874          1000874        0     1                 
         1000874          1000874        0     1                 
         1000878          1000878        0     1                 
         100087a          100087a        0     1                 
         100087a          100087a        0     1                 
         100087e          100087e        0     1                 .LBB9_18
         100087e          100087e        0     1                 
         100087e          100087e        0     1                 
         1000882          1000882        0     1                 .LBB9_19
         1000882          1000882        0     1                 
         1000886          1000886        0     1                 .LBB9_20
         1000886          1000886        0     1                 
         1000888          1000888        0     1                 .LBB9_21
         1000888          1000888        0     1                 
         100088c          100088c        0     1                 
         100088c          100088c        0     1                 
         100088c          100088c        0     1                 
         100088c          100088c        0     1                 
         100088c          100088c        0     1                 
         100088c          100088c       18     1                 memcpy
         1000890          1000890        0     1                 
         1000890          1000890        0     1                 
         1000892          1000892        0     1                 
         1000892          1000892        0     1                 .LBB10_2
         1000892          1000892        0     1                 
         1000896          1000896        0     1                 
         100089a          100089a        0     1                 
         100089a          100089a        0     1                 
         100089c          100089c        0     1                 
         100089e          100089e        0     1                 
         10008a2          10008a2        0     1                 .LBB10_3
         10008a2          10008a2        0     1                 
         10008a2          10008a2        0     1                 
         10008a4          10008a4        0     1                 
         10008a4          10008a4        0     1                 
         10008a4          10008a4        0     1                 
         10008a4          10008a4        0     1                 
         10008a4          10008a4        0     1                 
         10008a4          10008a4       12     1                 memset
         10008a8          10008a8        0     1                 
         10008a8          10008a8        0     1                 
         10008aa          10008aa        0     1                 
         10008aa          10008aa        0     1                 .LBB11_2
         10008aa          10008aa        0     1                 
         10008ae          10008ae        0     1                 
         10008ae          10008ae        0     1                 
         10008b0          10008b0        0     1                 
         10008b0          10008b0        0     1                 
         10008b4          10008b4        0     1                 .LBB11_3
         10008b4          10008b4        0     1                 
         10008b4          10008b4        0     1                 
         10008b6          10008b6        0     1                 
         10008b6          10008b6        0     1                 
         10008b6          10008b6       36     2         user/lib/libuser.a(syscall.o):(.text)
         10008b6          10008b6        0     1                 
         10008b6          10008b6        0     1                 
         10008b6          10008b6        0     1                 $x.0
         10008b6          10008b6        0     1                 
         10008b6          10008b6       10     1                 syscall
         10008b8          10008b8        0     1                 
         10008c4          10008c4        0     1                 
         10008c6          10008c6        0     1                 
         10008c6          10008c6        0     1                 
         10008c6          10008c6        0     1                 
         10008c6          10008c6        a     1                 read
         10008ce          10008ce        0     1                 
         10008d0          10008d0        0     1                 
         10008d0          10008d0        0     1                 
         10008d0          10008d0        0     1                 
         10008d0          10008d0        c     1                 write
         10008d8          10008d8        0     1                 
         10008dc          10008dc        0     1                 
         10008dc          10008dc        0     1                 
         10008dc          10008dc        0     1                 
         10008dc          10008dc       10     1                 cls
         10008ea          10008ea        0     1                 
         10008ec          10008ec        0     1                 
         10008f0          10008f0      168     8 .rodata
         10008f0          10008f0       b8     1         <internal>:(.rodata.str1.1)
         10009a8          10009a8       b0     8         user/lib/libuser.a(printf.o):(.rodata)
         10009a8          10009a8        0     1                 .LJTI4_0
         10009a8          10009a8        0     1                 $d.1
         1000a58          1000a58       18     8 .bss
         1000a58          1000a58        8     8         user/lib/libuser.a(malloc.o):(.sbss)
         1000a58          1000a58        8     1                 free_list
         1000a58          1000a58        0     1                 $d.1
         1000a60          1000a60        8     8         user/lib/libuser.a(sbrk.o):(.sbss)
         1000a60          1000a60        8     1                 heap_end
         1000a60          1000a60        0     1                 $d.1
         1000a68          1000a68        8     8         user/lib/libuser.a(string.o):(.sbss)
         1000a68          1000a68        8     1                 strtok.saved
         1000a68          1000a68        0     1                 $d.1
         1000a70          1000a70        0     1         
         1000a70          1000a70     f590     1 . = 0x1010000
         1010000          1010000    10000     1 .stack
         1010000          1010000        0     1         __user_stack_bottom = .
         1010000          1010000    10000     1         . += 64 * 1024
         1020000          1020000        0     1         __user_stack_top = .
         1020000          1020000        0     1 . = ALIGN ( 4096 )
         1020000          1020000        0     1 __user_heap_start = 0x03000000
         1020000          1020000  2000000     1 . += 32 * 1024 * 1024
         3020000          3020000        0     1 __user_heap_end = .
               0                0     14ab     1 .debug_info
               0                0       96     1         user/bin/init_crt0.o:(.debug_info)
               0                0        0     1                 
               0                0        0     1                 $d.4
              96               96      292     1         user/bin/shell.o:(.debug_info)
              96               96        0     1                 $d.4
             328              328       40     1         user/lib/libuser.a(exit.o):(.debug_info)
             328              328        0     1                 $d.2
             368              368      16e     1         user/lib/libuser.a(malloc.o):(.debug_info)
             368              368        0     1                 $d.4
             4d6              4d6      79d     1         user/lib/libuser.a(printf.o):(.debug_info)
             4d6              4d6        0     1                 $d.5
             c73              c73       e9     1         user/lib/libuser.a(sbrk.o):(.debug_info)
             c73              c73        0     1                 $d.4
             d5c              d5c      49c     1         user/lib/libuser.a(string.o):(.debug_info)
             d5c              d5c        0     1                 $d.4
            11f8             11f8      2b3     1         user/lib/libuser.a(syscall.o):(.debug_info)
            11f8             11f8        0     1                 $d.3
               0                0      6ba     1 .debug_abbrev
               0                0       21     1         user/bin/init_crt0.o:(.debug_abbrev)
               0                0        0     1                 
               0                0        0     1                 $d.3
              21               21       c9     1         user/bin/shell.o:(.debug_abbrev)
              21               21        0     1                 $d.3
              ea               ea       2f     1         user/lib/libuser.a(exit.o):(.debug_abbrev)
              ea               ea        0     1                 $d.1
             119              119       f0     1         user/lib/libuser.a(malloc.o):(.debug_abbrev)
             119              119        0     1                 $d.3
             209              209      1d2     1         user/lib/libuser.a(printf.o):(.debug_abbrev)
             209              209        0     1                 $d.4
             3db              3db       aa     1         user/lib/libuser.a(sbrk.o):(.debug_abbrev)
             3db              3db        0     1                 $d.3
             485              485      119     1         user/lib/libuser.a(string.o):(.debug_abbrev)
             485              485        0     1                 $d.3
             59e              59e      11c     1         user/lib/libuser.a(syscall.o):(.debug_abbrev)
             59e              59e        0     1                 $d.2
               0                0       30     1 .debug_aranges
               0                0       30     1         user/bin/init_crt0.o:(.debug_aranges)
               0                0        0     1                 $d.2
               0                0     122d     1 .debug_line
               0                0       54     1         user/bin/init_crt0.o:(.debug_line)
               0                0        0     1                 .Lline_table_start0
               0                0        0     1                 $d.5
              54               54      120     1         user/bin/shell.o:(.debug_line)
              54               54        0     1                 .Lline_table_start0
              54               54        0     1                 $d.9
             174              174       46     1         user/lib/libuser.a(exit.o):(.debug_line)
             174              174        0     1                 .Lline_table_start0
             174              174        0     1                 $d.7
             1ba              1ba      224     1         user/lib/libuser.a(malloc.o):(.debug_line)
             1ba              1ba        0     1                 .Lline_table_start0
             1ba              1ba        0     1                 $d.9
             3de              3de      6f9     1         user/lib/libuser.a(printf.o):(.debug_line)
             3de              3de        0     1                 .Lline_table_start0
             3de              3de        0     1                 $d.11
             ad7              ad7       ef     1         user/lib/libuser.a(sbrk.o):(.debug_line)
             ad7              ad7        0     1                 .Lline_table_start0
             ad7              ad7        0     1                 $d.9
             bc6              bc6      581     1         user/lib/libuser.a(string.o):(.debug_line)
             bc6              bc6        0     1                 .Lline_table_start0
             bc6              bc6        0     1                 $d.10
            1147             1147       e6     1         user/lib/libuser.a(syscall.o):(.debug_line)
            1147             1147        0     1                 .Lline_table_start0
            1147             1147        0     1                 $d.8
               0                0     1649     1 .debug_loc
               0                0       af     1         user/bin/shell.o:(.debug_loc)
               0                0        0     1                 
               0                0        0     1                 $d.2
              23               23        0     1                 
              46               46        0     1                 
              69               69        0     1                 
              8c               8c        0     1                 
              af               af      17c     1         user/lib/libuser.a(malloc.o):(.debug_loc)
              af               af        0     1                 
              af               af        0     1                 $d.2
              e5               e5        0     1                 
             143              143        0     1                 
             18c              18c        0     1                 
             1c2              1c2        0     1                 
             1e5              1e5        0     1                 
             208              208        0     1                 
             22b              22b      b12     1         user/lib/libuser.a(printf.o):(.debug_loc)
             22b              22b        0     1                 
             22b              22b        0     1                 $d.3
             261              261        0     1                 
             297              297        0     1                 
             2cd              2cd        0     1                 
             2f0              2f0        0     1                 
             350              350        0     1                 
             378              378        0     1                 
             39d              39d        0     1                 
             3c0              3c0        0     1                 
             409              409        0     1                 
             42c              42c        0     1                 
             462              462        0     1                 
             498              498        0     1                 
             4ce              4ce        0     1                 
             541              541        0     1                 
             566              566        0     1                 
             589              589        0     1                 
             5ac              5ac        0     1                 
             5cf              5cf        0     1                 
             5f2              5f2        0     1                 
             745              745        0     1                 
             76a              76a        0     1                 
             7b5              7b5        0     1                 
             82e              82e        0     1                 
             851              851        0     1                 
             8b1              8b1        0     1                 
             8eb              8eb        0     1                 
             969              969        0     1                 
             9c5              9c5        0     1                 
             9ed              9ed        0     1                 
             a27              a27        0     1                 
             a87              a87        0     1                 
             ae7              ae7        0     1                 
             b1d              b1d        0     1                 
             b61              b61        0     1                 
             bbd              bbd        0     1                 
             be0              be0        0     1                 
             c16              c16        0     1                 
             c5f              c5f        0     1                 
             ca3              ca3        0     1                 
             ccb              ccb        0     1                 
             cf0              cf0        0     1                 
             d18              d18        0     1                 
             d3d              d3d       e2     1         user/lib/libuser.a(sbrk.o):(.debug_loc)
             d3d              d3d        0     1                 
             d3d              d3d        0     1                 $d.2
             d86              d86        0     1                 
             da9              da9        0     1                 
             dfc              dfc        0     1                 
             e1f              e1f      5ea     1         user/lib/libuser.a(string.o):(.debug_loc)
             e1f              e1f        0     1                 
             e1f              e1f        0     1                 $d.2
             e7d              e7d        0     1                 
             ea0              ea0        0     1                 
             ec3              ec3        0     1                 
             ee6              ee6        0     1                 
             f09              f09        0     1                 
             f2d              f2d        0     1                 
             f50              f50        0     1                 
             f87              f87        0     1                 
             fd0              fd0        0     1                 
            101b             101b        0     1                 
            1051             1051        0     1                 
            109a             109a        0     1                 
            10bd             10bd        0     1                 
            10f4             10f4        0     1                 
            1117             1117        0     1                 
            114d             114d        0     1                 
            11c0             11c0        0     1                 
            11e3             11e3        0     1                 
            1206             1206        0     1                 
            1229             1229        0     1                 
            124c             124c        0     1                 
            1297             1297        0     1                 
            12cf             12cf        0     1                 
            12f2             12f2        0     1                 
            1315             1315        0     1                 
            1338             1338        0     1                 
            138f             138f        0     1                 
            13b2             13b2        0     1                 
            1409             1409      240     1         user/lib/libuser.a(syscall.o):(.debug_loc)
            1409             1409        0     1                 
            1409             1409        0     1                 $d.1
            143f             143f        0     1                 
            1488             1488        0     1                 
            14be             14be        0     1                 
            14f4             14f4        0     1                 
            153d             153d        0     1                 
            1573             1573        0     1                 
            15a9             15a9        0     1                 
            15df             15df        0     1                 
            1602             1602        0     1                 
            1625             1625        0     1                 
               0                0      342     1 .debug_str
               0                0      342     1         <internal>:(.debug_str)
               0                0       42     1 .comment
               0                0       42     1         <internal>:(.comment)
               0                0      388     8 .debug_frame
               0                0       40     8         user/bin/shell.o:(.debug_frame)
               0                0        0     1                 
               0                0        0     1                 $d.8
              40               40       30     8         user/lib/libuser.a(exit.o):(.debug_frame)
              40               40        0     1                 
              40               40        0     1                 $d.6
              70               70       50     8         user/lib/libuser.a(malloc.o):(.debug_frame)
              70               70        0     1                 
              70               70        0     1                 $d.8
              c0               c0       d8     8         user/lib/libuser.a(printf.o):(.debug_frame)
              c0               c0        0     1                 
              c0               c0        0     1                 $d.10
             198              198       40     8         user/lib/libuser.a(sbrk.o):(.debug_frame)
             198              198        0     1                 
             198              198        0     1                 $d.8
             1d8              1d8      138     8         user/lib/libuser.a(string.o):(.debug_frame)
             1d8              1d8        0     1                 
             1d8              1d8        0     1                 $d.9
             310              310       78     8         user/lib/libuser.a(syscall.o):(.debug_frame)
             310              310        0     1                 
             310              310        0     1                 $d.7
               0                0      160     1 .debug_ranges
               0                0      130     1         user/lib/libuser.a(printf.o):(.debug_ranges)
               0                0        0     1                 
               0                0        0     1                 $d.6
              70               70        0     1                 
              a0               a0        0     1                 
              d0               d0        0     1                 
             100              100        0     1                 
             130              130       30     1         user/lib/libuser.a(string.o):(.debug_ranges)
             130              130        0     1                 
             130              130        0     1                 $d.5
               0                0     6fc0     8 .symtab
               0                0     6fc0     8         <internal>:(.symtab)
               0                0       a4     1 .shstrtab
               0                0       a4     1         <internal>:(.shstrtab)
               0                0      2d0     1 .strtab
               0                0      2d0     1         <internal>:(.strtab)
