             VMA              LMA     Size Align Out     In      Symbol
               0                0  1000000     1 . = 0x1000000
         1000000          1000000     1110     2 .text
         1000000          1000000       10     1         user/bin/init_crt0.o:(.text.start)
         1000000          1000000        0     1                 
         1000000          1000000        0     1                 .Lpcrel_hi0
         1000000          1000000        0     1                 $x.0
         1000000          1000000        0     1                 
         1000000          1000000        0     1                 start
         1000008          1000008        0     1                 
         100000c          100000c        0     1                 
         1000010          1000010        0     1                 
         1000010          1000010        0     2         user/bin/init_crt0.o:(.text)
         1000010          1000010      31c     2         user/bin/shell.o:(.text)
         1000010          1000010        0     1                 
         1000010          1000010        0     1                 
         1000010          1000010        0     1                 $x.0
         1000010          1000010        0     1                 
         1000010          1000010       74     1                 print_help
         1000014          1000014        0     1                 .Lpcrel_hi0
         1000014          1000014        0     1                 
         1000020          1000020        0     1                 
         1000020          1000020        0     1                 .Lpcrel_hi1
         1000020          1000020        0     1                 
         100002c          100002c        0     1                 
         100002c          100002c        0     1                 .Lpcrel_hi2
         100002c          100002c        0     1                 
         1000038          1000038        0     1                 
         1000038          1000038        0     1                 .Lpcrel_hi3
         1000038          1000038        0     1                 
         1000044          1000044        0     1                 
         1000044          1000044        0     1                 .Lpcrel_hi4
         1000044          1000044        0     1                 
         1000050          1000050        0     1                 
         1000050          1000050        0     1                 .Lpcrel_hi5
         1000050          1000050        0     1                 
         100005c          100005c        0     1                 
         100005c          100005c        0     1                 .Lpcrel_hi6
         100005c          100005c        0     1                 
         1000068          1000068        0     1                 
         1000068          1000068        0     1                 .Lpcrel_hi7
         1000068          1000068        0     1                 
         1000074          1000074        0     1                 
         1000074          1000074        0     1                 .Lpcrel_hi8
         1000074          1000074        0     1                 
         100007e          100007e        0     1                 
         1000084          1000084        0     1                 
         1000084          1000084        0     1                 
         1000084          1000084        0     1                 
         1000084          1000084        0     1                 
         1000084          1000084        0     1                 
         1000084          1000084        0     1                 
         1000084          1000084      2a8     1                 main
         10000b2          10000b2        0     1                 .Lpcrel_hi9
         10000b2          10000b2        0     1                 
         10000be          10000be        0     1                 
         10000be          10000be        0     1                 
         10000c2          10000c2        0     1                 .Lpcrel_hi10
         10000c2          10000c2        0     1                 
         10000ca          10000ca        0     1                 
         10000ca          10000ca        0     1                 
         10000cc          10000cc        0     1                 
         10000cc          10000cc        0     1                 
         10000d0          10000d0        0     1                 
         10000d0          10000d0        0     1                 .Lpcrel_hi11
         10000d0          10000d0        0     1                 
         10000e0          10000e0        0     1                 .Lpcrel_hi12
         10000ea          10000ea        0     1                 .Lpcrel_hi13
         10000f4          10000f4        0     1                 .Lpcrel_hi14
         10000fe          10000fe        0     1                 .Lpcrel_hi15
         1000108          1000108        0     1                 .Lpcrel_hi16
         1000112          1000112        0     1                 .Lpcrel_hi17
         100011c          100011c        0     1                 .Lpcrel_hi18
         1000126          1000126        0     1                 .Lpcrel_hi19
         1000130          1000130        0     1                 .Lpcrel_hi20
         100013a          100013a        0     1                 .Lpcrel_hi21
         1000144          1000144        0     1                 .Lpcrel_hi22
         100014e          100014e        0     1                 .Lpcrel_hi23
         1000158          1000158        0     1                 .Lpcrel_hi24
         1000162          1000162        0     1                 .Lpcrel_hi25
         100016c          100016c        0     1                 .Lpcrel_hi26
         1000178          1000178        0     1                 .Lpcrel_hi27
         1000188          1000188        0     1                 
         1000188          1000188        0     1                 .LBB1_1
         1000188          1000188        0     1                 
         100018c          100018c        0     1                 
         1000192          1000192        0     1                 .LBB1_2
         1000192          1000192        0     1                 
         1000192          1000192        0     1                 
         1000198          1000198        0     1                 
         1000198          1000198        0     1                 
         100019c          100019c        0     1                 
         100019c          100019c        0     1                 .LBB1_3
         100019c          100019c        0     1                 
         10001a0          10001a0        0     1                 .LBB1_4
         10001a0          10001a0        0     1                 
         10001ac          10001ac        0     1                 
         10001ac          10001ac        0     1                 
         10001ae          10001ae        0     1                 
         10001ae          10001ae        0     1                 
         10001b2          10001b2        0     1                 
         10001b6          10001b6        0     1                 
         10001ba          10001ba        0     1                 
         10001ba          10001ba        0     1                 
         10001be          10001be        0     1                 
         10001c6          10001c6        0     1                 
         10001d6          10001d6        0     1                 
         10001de          10001de        0     1                 
         10001e0          10001e0        0     1                 
         10001e2          10001e2        0     1                 
         10001e6          10001e6        0     1                 
         10001e6          10001e6        0     1                 
         10001e8          10001e8        0     1                 .LBB1_10
         10001e8          10001e8        0     1                 
         10001ec          10001ec        0     1                 
         10001ee          10001ee        0     1                 
         10001f4          10001f4        0     1                 .LBB1_11
         10001f4          10001f4        0     1                 
         10001fa          10001fa        0     1                 
         10001fa          10001fa        0     1                 
         10001fc          10001fc        0     1                 
         10001fc          10001fc        0     1                 
         1000200          1000200        0     1                 
         1000204          1000204        0     1                 
         1000206          1000206        0     1                 
         1000206          1000206        0     1                 
         100020e          100020e        0     1                 
         100020e          100020e        0     1                 
         1000210          1000210        0     1                 
         1000216          1000216        0     1                 
         1000216          1000216        0     1                 .LBB1_14
         1000218          1000218        0     1                 
         100021a          100021a        0     1                 
         100021c          100021c        0     1                 
         1000222          1000222        0     1                 
         1000222          1000222        0     1                 
         1000226          1000226        0     1                 
         100022a          100022a        0     1                 
         100022a          100022a        0     1                 
         1000230          1000230        0     1                 .LBB1_16
         1000230          1000230        0     1                 
         1000230          1000230        0     1                 
         1000232          1000232        0     1                 
         1000232          1000232        0     1                 
         1000234          1000234        0     1                 
         1000234          1000234        0     1                 
         1000236          1000236        0     1                 
         100023a          100023a        0     1                 
         100023a          100023a        0     1                 
         100023c          100023c        0     1                 
         1000244          1000244        0     1                 
         1000244          1000244        0     1                 
         1000246          1000246        0     1                 
         100024e          100024e        0     1                 
         100024e          100024e        0     1                 
         1000250          1000250        0     1                 
         1000258          1000258        0     1                 
         1000258          1000258        0     1                 
         100025a          100025a        0     1                 .Lpcrel_hi29
         100025a          100025a        0     1                 
         1000268          1000268        0     1                 
         1000268          1000268        0     1                 
         100026a          100026a        0     1                 
         1000272          1000272        0     1                 
         1000272          1000272        0     1                 .Lpcrel_hi31
         1000272          1000272        0     1                 
         1000280          1000280        0     1                 
         1000280          1000280        0     1                 
         1000286          1000286        0     1                 
         1000286          1000286        0     1                 
         1000288          1000288        0     1                 
         100028c          100028c        0     1                 
         100028c          100028c        0     1                 
         100028e          100028e        0     1                 
         1000292          1000292        0     1                 
         1000292          1000292        0     1                 
         1000294          1000294        0     1                 
         1000298          1000298        0     1                 
         1000298          1000298        0     1                 
         100029a          100029a        0     1                 .LBB1_25
         100029a          100029a        0     1                 
         100029c          100029c        0     1                 
         100029c          100029c        0     1                 
         10002a0          10002a0        0     1                 
         10002a0          10002a0        0     1                 
         10002a2          10002a2        0     1                 
         10002a6          10002a6        0     1                 
         10002a6          10002a6        0     1                 
         10002a8          10002a8        0     1                 
         10002ac          10002ac        0     1                 
         10002ac          10002ac        0     1                 
         10002ae          10002ae        0     1                 
         10002b2          10002b2        0     1                 
         10002b2          10002b2        0     1                 
         10002b4          10002b4        0     1                 
         10002b8          10002b8        0     1                 
         10002b8          10002b8        0     1                 
         10002ba          10002ba        0     1                 
         10002be          10002be        0     1                 
         10002be          10002be        0     1                 
         10002c0          10002c0        0     1                 
         10002c4          10002c4        0     1                 
         10002c4          10002c4        0     1                 
         10002c6          10002c6        0     1                 
         10002ca          10002ca        0     1                 
         10002ca          10002ca        0     1                 
         10002cc          10002cc        0     1                 
         10002d0          10002d0        0     1                 
         10002d2          10002d2        0     1                 .LBB1_26
         10002d2          10002d2        0     1                 
         10002da          10002da        0     1                 
         10002da          10002da        0     1                 
         10002dc          10002dc        0     1                 .LBB1_27
         10002dc          10002dc        0     1                 .Lpcrel_hi28
         10002dc          10002dc        0     1                 
         10002e6          10002e6        0     1                 .LBB1_28
         10002e6          10002e6        0     1                 .Lpcrel_hi30
         10002e6          10002e6        0     1                 
         10002f0          10002f0        0     1                 .LBB1_29
         10002f0          10002f0        0     1                 .Lpcrel_hi32
         10002f0          10002f0        0     1                 
         10002f8          10002f8        0     1                 .LBB1_30
         10002f8          10002f8        0     1                 
         10002fe          10002fe        0     1                 
         1000300          1000300        0     1                 .LBB1_31
         1000300          1000300        0     1                 
         1000300          1000300        0     1                 
         1000302          1000302        0     1                 
         100030a          100030a        0     1                 
         100030a          100030a        0     1                 .Lpcrel_hi33
         100030a          100030a        0     1                 
         1000316          1000316        0     1                 
         1000316          1000316        0     1                 
         100031c          100031c        0     1                 
         100031c          100031c        0     1                 
         100031e          100031e        0     1                 .LBB1_32
         100031e          100031e        0     1                 
         100031e          100031e        0     1                 .Lpcrel_hi34
         100031e          100031e        0     1                 
         1000322          1000322        0     1                 
         1000326          1000326        0     1                 
         100032a          100032a        0     1                 
         100032c          100032c        0     1                 
         100032c          100032c        0     1                 
         100032c          100032c        0     1                 
         100032c          100032c       3a     2         user/lib/libuser.a(log.o):(.text)
         100032c          100032c        0     1                 
         100032c          100032c        0     1                 
         100032c          100032c        0     1                 $x.0
         100032c          100032c        0     1                 
         100032c          100032c       3a     1                 ulog
         1000342          1000342        0     1                 
         1000344          1000344        0     1                 
         1000352          1000352        0     1                 
         1000352          1000352        0     1                 
         1000360          1000360        0     1                 
         1000360          1000360        0     1                 
         1000362          1000362        0     1                 
         1000366          1000366        0     1                 
         1000366          1000366        0     1                 
         1000366          1000366      5f6     2         user/lib/libuser.a(common.o):(.text)
         1000366          1000366        0     1                 
         1000366          1000366        0     1                 
         1000366          1000366        0     1                 $x.0
         1000366          1000366        0     1                 
         1000366          1000366       88     1                 itoa_unsigned
         1000368          1000368        0     1                 
         1000372          1000372        0     1                 
         1000376          1000376        0     1                 .LBB0_2
         1000378          1000378        0     1                 .Lpcrel_hi0
         1000384          1000384        0     1                 
         1000384          1000384        0     1                 .LBB0_3
         1000386          1000386        0     1                 
         100038a          100038a        0     1                 
         100038a          100038a        0     1                 
         1000392          1000392        0     1                 
         100039a          100039a        0     1                 
         100039a          100039a        0     1                 
         100039c          100039c        0     1                 
         100039c          100039c        0     1                 
         10003a4          10003a4        0     1                 
         10003a4          10003a4        0     1                 
         10003a8          10003a8        0     1                 
         10003aa          10003aa        0     1                 
         10003aa          10003aa        0     1                 
         10003b2          10003b2        0     1                 
         10003b6          10003b6        0     1                 
         10003b8          10003b8        0     1                 .LBB0_6
         10003b8          10003b8        0     1                 
         10003cc          10003cc        0     1                 
         10003cc          10003cc        0     1                 .LBB0_7
         10003cc          10003cc        0     1                 
         10003d0          10003d0        0     1                 
         10003d6          10003d6        0     1                 
         10003da          10003da        0     1                 
         10003da          10003da        0     1                 
         10003de          10003de        0     1                 
         10003e2          10003e2        0     1                 
         10003e6          10003e6        0     1                 .LBB0_8
         10003e6          10003e6        0     1                 
         10003e6          10003e6        0     1                 
         10003ea          10003ea        0     1                 
         10003ee          10003ee        0     1                 
         10003ee          10003ee        0     1                 
         10003ee          10003ee        0     1                 
         10003ee          10003ee        0     1                 
         10003ee          10003ee        0     1                 
         10003ee          10003ee      124     1                 itoa_signed
         10003f8          10003f8        0     1                 
         10003fc          10003fc        0     1                 
         10003fe          10003fe        0     1                 .LBB1_2
         1000400          1000400        0     1                 
         1000406          1000406        0     1                 
         100040a          100040a        0     1                 
         100040c          100040c        0     1                 
         1000410          1000410        0     1                 
         1000416          1000416        0     1                 
         1000416          1000416        0     1                 
         100041a          100041a        0     1                 
         1000422          1000422        0     1                 
         1000422          1000422        0     1                 
         100042a          100042a        0     1                 .Lpcrel_hi1
         1000438          1000438        0     1                 
         1000438          1000438        0     1                 .LBB1_5
         100043a          100043a        0     1                 
         100043a          100043a        0     1                 
         1000444          1000444        0     1                 
         1000444          1000444        0     1                 
         100044c          100044c        0     1                 
         1000454          1000454        0     1                 
         1000454          1000454        0     1                 
         1000456          1000456        0     1                 
         1000456          1000456        0     1                 
         100045e          100045e        0     1                 
         1000462          1000462        0     1                 
         1000462          1000462        0     1                 
         100046c          100046c        0     1                 
         100046c          100046c        0     1                 
         100046e          100046e        0     1                 .LBB1_8
         100046e          100046e        0     1                 
         1000472          1000472        0     1                 
         1000472          1000472        0     1                 
         1000484          1000484        0     1                 
         1000484          1000484        0     1                 .LBB1_9
         1000484          1000484        0     1                 
         1000488          1000488        0     1                 
         100048e          100048e        0     1                 
         1000492          1000492        0     1                 
         1000494          1000494        0     1                 
         1000496          1000496        0     1                 
         100049a          100049a        0     1                 
         10004a0          10004a0        0     1                 
         10004a0          10004a0        0     1                 
         10004a2          10004a2        0     1                 .LBB1_11
         10004a2          10004a2        0     1                 
         10004a2          10004a2        0     1                 
         10004a4          10004a4        0     1                 .Lpcrel_hi2
         10004b0          10004b0        0     1                 
         10004b0          10004b0        0     1                 .LBB1_12
         10004b2          10004b2        0     1                 
         10004b2          10004b2        0     1                 
         10004b6          10004b6        0     1                 
         10004b6          10004b6        0     1                 
         10004be          10004be        0     1                 
         10004c6          10004c6        0     1                 
         10004c6          10004c6        0     1                 
         10004c8          10004c8        0     1                 
         10004c8          10004c8        0     1                 
         10004d0          10004d0        0     1                 
         10004d0          10004d0        0     1                 
         10004d4          10004d4        0     1                 
         10004da          10004da        0     1                 
         10004de          10004de        0     1                 
         10004e0          10004e0        0     1                 .LBB1_15
         10004e0          10004e0        0     1                 
         10004f4          10004f4        0     1                 
         10004f4          10004f4        0     1                 .LBB1_16
         10004f4          10004f4        0     1                 
         10004f8          10004f8        0     1                 
         10004fe          10004fe        0     1                 
         1000502          1000502        0     1                 
         1000504          1000504        0     1                 
         1000506          1000506        0     1                 
         100050a          100050a        0     1                 
         1000510          1000510        0     1                 
         1000510          1000510        0     1                 
         1000512          1000512        0     1                 
         1000512          1000512        0     1                 
         1000512          1000512        0     1                 
         1000512          1000512        0     1                 
         1000512          1000512        0     1                 
         1000512          1000512      3da     1                 kvnprintf
         100052e          100052e        0     1                 
         1000532          1000532        0     1                 
         1000532          1000532        0     1                 
         1000534          1000534        0     1                 
         1000538          1000538        0     1                 
         100053c          100053c        0     1                 
         1000540          1000540        0     1                 
         1000544          1000544        0     1                 
         100054c          100054c        0     1                 
         1000556          1000556        0     1                 .Lpcrel_hi3
         1000574          1000574        0     1                 .Lpcrel_hi4
         100058a          100058a        0     1                 
         100058a          100058a        0     1                 .LBB2_3
         100058a          100058a        0     1                 
         100058e          100058e        0     1                 
         1000592          1000592        0     1                 
         1000596          1000596        0     1                 
         1000598          1000598        0     1                 
         1000598          1000598        0     1                 
         100059c          100059c        0     1                 
         100059e          100059e        0     1                 
         10005aa          10005aa        0     1                 
         10005aa          10005aa        0     1                 .LBB2_7
         10005aa          10005aa        0     1                 
         10005ae          10005ae        0     1                 
         10005b0          10005b0        0     1                 
         10005b4          10005b4        0     1                 
         10005b6          10005b6        0     1                 
         10005bc          10005bc        0     1                 .LBB2_8
         10005bc          10005bc        0     1                 
         10005bc          10005bc        0     1                 
         10005be          10005be        0     1                 
         10005c2          10005c2        0     1                 
         10005c4          10005c4        0     1                 
         10005c8          10005c8        0     1                 .LBB2_9
         10005c8          10005c8        0     1                 
         10005cc          10005cc        0     1                 
         10005d6          10005d6        0     1                 .LBB2_11
         10005d6          10005d6        0     1                 
         10005d6          10005d6        0     1                 
         10005da          10005da        0     1                 
         10005de          10005de        0     1                 
         10005de          10005de        0     1                 
         10005e0          10005e0        0     1                 
         10005e6          10005e6        0     1                 .LBB2_13
         10005e6          10005e6        0     1                 
         10005e6          10005e6        0     1                 
         10005ea          10005ea        0     1                 
         10005ea          10005ea        0     1                 
         10005ee          10005ee        0     1                 
         10005f2          10005f2        0     1                 
         10005f6          10005f6        0     1                 
         10005f8          10005f8        0     1                 
         10005f8          10005f8        0     1                 
         10005fa          10005fa        0     1                 
         1000600          1000600        0     1                 
         1000600          1000600        0     1                 .LBB2_15
         1000600          1000600        0     1                 
         1000602          1000602        0     1                 
         1000602          1000602        0     1                 
         1000606          1000606        0     1                 
         1000606          1000606        0     1                 
         100060a          100060a        0     1                 
         100060e          100060e        0     1                 
         1000612          1000612        0     1                 
         1000616          1000616        0     1                 
         100061a          100061a        0     1                 
         100061e          100061e        0     1                 .LBB2_17
         100061e          100061e        0     1                 
         100061e          100061e        0     1                 
         1000622          1000622        0     1                 
         1000626          1000626        0     1                 
         1000626          1000626        0     1                 .LBB2_18
         1000626          1000626        0     1                 
         1000630          1000630        0     1                 
         1000632          1000632        0     1                 
         1000632          1000632        0     1                 
         1000636          1000636        0     1                 
         100063a          100063a        0     1                 
         1000640          1000640        0     1                 
         1000644          1000644        0     1                 
         1000648          1000648        0     1                 
         100064e          100064e        0     1                 
         100064e          100064e        0     1                 .LBB2_20
         100064e          100064e        0     1                 
         1000652          1000652        0     1                 
         1000652          1000652        0     1                 
         1000658          1000658        0     1                 
         1000658          1000658        0     1                 
         100065c          100065c        0     1                 
         100065e          100065e        0     1                 
         1000660          1000660        0     1                 
         1000660          1000660        0     1                 
         1000662          1000662        0     1                 
         1000664          1000664        0     1                 
         1000664          1000664        0     1                 
         1000668          1000668        0     1                 
         1000668          1000668        0     1                 
         100066c          100066c        0     1                 
         100066c          100066c        0     1                 
         100066e          100066e        0     1                 
         1000672          1000672        0     1                 
         1000674          1000674        0     1                 
         1000674          1000674        0     1                 .LBB2_24
         1000674          1000674        0     1                 
         1000678          1000678        0     1                 
         100067c          100067c        0     1                 
         1000680          1000680        0     1                 
         1000682          1000682        0     1                 
         1000686          1000686        0     1                 
         100068a          100068a        0     1                 .LBB2_26
         100068a          100068a        0     1                 
         100068a          100068a        0     1                 
         100068c          100068c        0     1                 
         100068e          100068e        0     1                 
         100068e          100068e        0     1                 .LBB2_27
         100068e          100068e        0     1                 
         1000690          1000690        0     1                 
         1000690          1000690        0     1                 
         1000696          1000696        0     1                 
         1000696          1000696        0     1                 .LBB2_28
         1000696          1000696        0     1                 
         10006a0          10006a0        0     1                 
         10006a2          10006a2        0     1                 
         10006a2          10006a2        0     1                 
         10006a6          10006a6        0     1                 
         10006aa          10006aa        0     1                 
         10006b0          10006b0        0     1                 
         10006b4          10006b4        0     1                 
         10006be          10006be        0     1                 
         10006be          10006be        0     1                 .LBB2_30
         10006be          10006be        0     1                 
         10006c2          10006c2        0     1                 
         10006c2          10006c2        0     1                 
         10006c8          10006c8        0     1                 
         10006c8          10006c8        0     1                 
         10006cc          10006cc        0     1                 
         10006ce          10006ce        0     1                 
         10006d0          10006d0        0     1                 
         10006d0          10006d0        0     1                 
         10006d2          10006d2        0     1                 
         10006d4          10006d4        0     1                 
         10006d4          10006d4        0     1                 
         10006d8          10006d8        0     1                 
         10006d8          10006d8        0     1                 
         10006dc          10006dc        0     1                 
         10006dc          10006dc        0     1                 
         10006e0          10006e0        0     1                 
         10006e4          10006e4        0     1                 
         10006e6          10006e6        0     1                 
         10006e6          10006e6        0     1                 .LBB2_34
         10006e6          10006e6        0     1                 
         10006ea          10006ea        0     1                 
         10006ee          10006ee        0     1                 
         10006f2          10006f2        0     1                 
         10006f4          10006f4        0     1                 
         10006fa          10006fa        0     1                 
         1000700          1000700        0     1                 
         1000700          1000700        0     1                 .LBB2_36
         1000700          1000700        0     1                 
         1000702          1000702        0     1                 
         1000704          1000704        0     1                 
         1000708          1000708        0     1                 
         100070c          100070c        0     1                 
         100070c          100070c        0     1                 
         1000714          1000714        0     1                 
         1000716          1000716        0     1                 .LBB2_40
         1000716          1000716        0     1                 
         100071a          100071a        0     1                 
         100071e          100071e        0     1                 
         1000722          1000722        0     1                 
         1000724          1000724        0     1                 
         100072a          100072a        0     1                 
         1000730          1000730        0     1                 
         1000730          1000730        0     1                 .LBB2_42
         1000730          1000730        0     1                 
         1000734          1000734        0     1                 
         1000734          1000734        0     1                 
         1000738          1000738        0     1                 
         100073e          100073e        0     1                 
         100073e          100073e        0     1                 .LBB2_44
         1000740          1000740        0     1                 
         1000740          1000740        0     1                 
         100074c          100074c        0     1                 
         100074c          100074c        0     1                 
         1000754          1000754        0     1                 
         100075e          100075e        0     1                 
         100075e          100075e        0     1                 
         1000760          1000760        0     1                 
         1000760          1000760        0     1                 
         1000768          1000768        0     1                 
         1000770          1000770        0     1                 
         1000774          1000774        0     1                 
         1000778          1000778        0     1                 
         100077a          100077a        0     1                 .LBB2_47
         100077a          100077a        0     1                 
         1000788          1000788        0     1                 
         1000788          1000788        0     1                 .LBB2_48
         1000788          1000788        0     1                 
         100078c          100078c        0     1                 
         1000792          1000792        0     1                 
         1000792          1000792        0     1                 
         1000796          1000796        0     1                 
         1000798          1000798        0     1                 
         100079a          100079a        0     1                 
         10007a0          10007a0        0     1                 
         10007a0          10007a0        0     1                 .LBB2_49
         10007a0          10007a0        0     1                 
         10007a2          10007a2        0     1                 
         10007a8          10007a8        0     1                 
         10007a8          10007a8        0     1                 .LBB2_50
         10007aa          10007aa        0     1                 
         10007aa          10007aa        0     1                 
         10007b4          10007b4        0     1                 
         10007b4          10007b4        0     1                 
         10007bc          10007bc        0     1                 
         10007c6          10007c6        0     1                 
         10007c6          10007c6        0     1                 
         10007c8          10007c8        0     1                 
         10007c8          10007c8        0     1                 
         10007d0          10007d0        0     1                 
         10007d8          10007d8        0     1                 
         10007e0          10007e0        0     1                 
         10007e2          10007e2        0     1                 .LBB2_53
         10007e2          10007e2        0     1                 
         10007f0          10007f0        0     1                 
         10007f0          10007f0        0     1                 .LBB2_54
         10007f0          10007f0        0     1                 
         10007f4          10007f4        0     1                 
         10007fa          10007fa        0     1                 
         10007fa          10007fa        0     1                 
         10007fe          10007fe        0     1                 
         1000800          1000800        0     1                 
         1000802          1000802        0     1                 
         1000806          1000806        0     1                 
         1000806          1000806        0     1                 
         100080a          100080a        0     1                 
         100080a          100080a        0     1                 
         100080e          100080e        0     1                 
         1000810          1000810        0     1                 
         1000814          1000814        0     1                 
         1000816          1000816        0     1                 
         1000816          1000816        0     1                 .LBB2_58
         1000816          1000816        0     1                 
         100081a          100081a        0     1                 
         100081e          100081e        0     1                 
         1000822          1000822        0     1                 
         1000824          1000824        0     1                 
         1000828          1000828        0     1                 
         100082e          100082e        0     1                 .LBB2_60
         100082e          100082e        0     1                 
         100082e          100082e        0     1                 
         1000830          1000830        0     1                 
         1000832          1000832        0     1                 .LBB2_61
         1000832          1000832        0     1                 
         1000834          1000834        0     1                 
         1000834          1000834        0     1                 
         1000838          1000838        0     1                 
         100083e          100083e        0     1                 
         100083e          100083e        0     1                 .LBB2_62
         100083e          100083e        0     1                 
         1000840          1000840        0     1                 
         1000840          1000840        0     1                 
         100084a          100084a        0     1                 
         100084a          100084a        0     1                 
         1000852          1000852        0     1                 
         100085c          100085c        0     1                 
         100085c          100085c        0     1                 
         100085e          100085e        0     1                 
         100085e          100085e        0     1                 
         1000866          1000866        0     1                 
         100086e          100086e        0     1                 
         1000876          1000876        0     1                 
         1000878          1000878        0     1                 .LBB2_65
         1000878          1000878        0     1                 
         1000882          1000882        0     1                 
         1000882          1000882        0     1                 .LBB2_66
         1000882          1000882        0     1                 
         1000886          1000886        0     1                 
         100088c          100088c        0     1                 
         100088c          100088c        0     1                 
         1000890          1000890        0     1                 
         1000892          1000892        0     1                 
         1000894          1000894        0     1                 
         1000898          1000898        0     1                 .LBB2_67
         1000898          1000898        0     1                 
         1000898          1000898        0     1                 
         100089c          100089c        0     1                 
         100089c          100089c        0     1                 
         10008a0          10008a0        0     1                 
         10008a2          10008a2        0     1                 
         10008a6          10008a6        0     1                 
         10008a8          10008a8        0     1                 
         10008a8          10008a8        0     1                 .LBB2_70
         10008a8          10008a8        0     1                 
         10008ac          10008ac        0     1                 
         10008b0          10008b0        0     1                 
         10008b4          10008b4        0     1                 
         10008b6          10008b6        0     1                 
         10008ba          10008ba        0     1                 
         10008be          10008be        0     1                 .LBB2_72
         10008be          10008be        0     1                 
         10008be          10008be        0     1                 
         10008c0          10008c0        0     1                 
         10008c2          10008c2        0     1                 .LBB2_73
         10008c2          10008c2        0     1                 
         10008c2          10008c2        0     1                 
         10008c6          10008c6        0     1                 
         10008ca          10008ca        0     1                 
         10008ca          10008ca        0     1                 
         10008e8          10008e8        0     1                 
         10008ec          10008ec        0     1                 
         10008ec          10008ec        0     1                 
         10008ec          10008ec        0     1                 
         10008ec          10008ec        0     1                 
         10008ec          10008ec        0     1                 
         10008ec          10008ec       1c     1                 ksnprintf
         10008fc          10008fc        0     1                 
         10008fe          10008fe        0     1                 
         1000902          1000902        0     1                 
         1000902          1000902        0     1                 
         1000904          1000904        0     1                 
         1000908          1000908        0     1                 
         1000908          1000908        0     1                 
         1000908          1000908        0     1                 
         1000908          1000908        0     1                 
         1000908          1000908        0     1                 
         1000908          1000908       54     1                 strip_elf_extension
         100090c          100090c        0     1                 
         1000914          1000914        0     1                 
         1000918          1000918        0     1                 
         100091a          100091a        0     1                 
         100091a          100091a        0     1                 
         100091e          100091e        0     1                 
         1000922          1000922        0     1                 
         1000926          1000926        0     1                 
         1000926          1000926        0     1                 
         1000928          1000928        0     1                 
         100092c          100092c        0     1                 .Lpcrel_hi5
         100092c          100092c        0     1                 
         100093a          100093a        0     1                 
         100093a          100093a        0     1                 
         100093c          100093c        0     1                 
         100093e          100093e        0     1                 
         100093e          100093e        0     1                 .Lpcrel_hi6
         100093e          100093e        0     1                 
         100094c          100094c        0     1                 
         100094c          100094c        0     1                 
         100094e          100094e        0     1                 
         1000952          1000952        0     1                 .LBB4_6
         1000952          1000952        0     1                 
         1000952          1000952        0     1                 
         100095a          100095a        0     1                 .LBB4_7
         100095a          100095a        0     1                 
         100095c          100095c        0     1                 
         100095c          100095c        0     1                 
         100095c          100095c      4d2     2         user/lib/libuser.a(printf.o):(.text)
         100095c          100095c        0     1                 
         100095c          100095c        0     1                 
         100095c          100095c        0     1                 $x.0
         100095c          100095c        0     1                 
         100095c          100095c        c     1                 putc
         100095e          100095e        0     1                 
         1000968          1000968        0     1                 
         1000968          1000968        0     1                 
         1000968          1000968        0     1                 
         1000968          1000968        0     1                 
         1000968          1000968        0     1                 
         1000968          1000968        0     1                 
         1000968          1000968       1a     1                 puts
         1000970          1000970        0     1                 
         1000970          1000970        0     1                 
         1000974          1000974        0     1                 
         1000976          1000976        0     1                 
         100097e          100097e        0     1                 
         100097e          100097e        0     1                 
         1000982          1000982        0     1                 
         1000982          1000982        0     1                 
         1000982          1000982        0     1                 
         1000982          1000982        0     1                 
         1000982          1000982        0     1                 
         1000982          1000982        0     1                 
         1000982          1000982       8e     1                 puthex
         100098a          100098a        0     1                 
         100098a          100098a        0     1                 
         100098e          100098e        0     1                 
         1000990          1000990        0     1                 
         1000992          1000992        0     1                 .Lpcrel_hi0
         10009a2          10009a2        0     1                 
         10009a2          10009a2        0     1                 .LBB2_2
         10009a2          10009a2        0     1                 
         10009a6          10009a6        0     1                 
         10009ac          10009ac        0     1                 
         10009ac          10009ac        0     1                 
         10009b4          10009b4        0     1                 
         10009b4          10009b4        0     1                 
         10009ba          10009ba        0     1                 
         10009c0          10009c0        0     1                 
         10009c2          10009c2        0     1                 
         10009c2          10009c2        0     1                 
         10009c6          10009c6        0     1                 .LBB2_4
         10009c6          10009c6        0     1                 
         10009c6          10009c6        0     1                 
         10009ca          10009ca        0     1                 
         10009ca          10009ca        0     1                 
         10009d0          10009d0        0     1                 .LBB2_5
         10009d0          10009d0        0     1                 
         10009d0          10009d0        0     1                 
         10009d2          10009d2        0     1                 
         10009d6          10009d6        0     1                 
         10009d6          10009d6        0     1                 
         10009da          10009da        0     1                 
         10009da          10009da        0     1                 .LBB2_6
         10009da          10009da        0     1                 
         10009ea          10009ea        0     1                 
         10009ea          10009ea        0     1                 
         10009ec          10009ec        0     1                 
         10009ee          10009ee        0     1                 .LBB2_7
         10009ee          10009ee        0     1                 
         10009ee          10009ee        0     1                 
         10009f0          10009f0        0     1                 
         10009f0          10009f0        0     1                 
         10009f4          10009f4        0     1                 
         10009f6          10009f6        0     1                 
         10009f6          10009f6        0     1                 
         10009fc          10009fc        0     1                 
         10009fe          10009fe        0     1                 
         1000a06          1000a06        0     1                 
         1000a06          1000a06        0     1                 
         1000a0a          1000a0a        0     1                 
         1000a0c          1000a0c        0     1                 
         1000a0c          1000a0c        0     1                 
         1000a10          1000a10        0     1                 
         1000a10          1000a10        0     1                 
         1000a10          1000a10        0     1                 
         1000a10          1000a10        0     1                 
         1000a10          1000a10        0     1                 
         1000a10          1000a10       dc     1                 putpad
         1000a20          1000a20        0     1                 
         1000a22          1000a22        0     1                 
         1000a22          1000a22        0     1                 
         1000a2e          1000a2e        0     1                 
         1000a32          1000a32        0     1                 
         1000a36          1000a36        0     1                 
         1000a36          1000a36        0     1                 
         1000a3a          1000a3a        0     1                 
         1000a3e          1000a3e        0     1                 .LBB3_2
         1000a3e          1000a3e        0     1                 
         1000a3e          1000a3e        0     1                 
         1000a40          1000a40        0     1                 
         1000a46          1000a46        0     1                 
         1000a48          1000a48        0     1                 
         1000a48          1000a48        0     1                 .LBB3_4
         1000a48          1000a48        0     1                 
         1000a58          1000a58        0     1                 
         1000a58          1000a58        0     1                 
         1000a5c          1000a5c        0     1                 
         1000a60          1000a60        0     1                 .LBB3_6
         1000a60          1000a60        0     1                 
         1000a62          1000a62        0     1                 
         1000a62          1000a62        0     1                 
         1000a6a          1000a6a        0     1                 
         1000a6a          1000a6a        0     1                 
         1000a70          1000a70        0     1                 
         1000a76          1000a76        0     1                 
         1000a78          1000a78        0     1                 
         1000a7c          1000a7c        0     1                 .LBB3_8
         1000a7c          1000a7c        0     1                 
         1000a7c          1000a7c        0     1                 
         1000a80          1000a80        0     1                 
         1000a80          1000a80        0     1                 
         1000a86          1000a86        0     1                 .LBB3_9
         1000a86          1000a86        0     1                 
         1000a86          1000a86        0     1                 
         1000a88          1000a88        0     1                 
         1000a8a          1000a8a        0     1                 
         1000a8a          1000a8a        0     1                 
         1000a8e          1000a8e        0     1                 
         1000a8e          1000a8e        0     1                 
         1000a96          1000a96        0     1                 
         1000a9e          1000a9e        0     1                 .LBB3_11
         1000a9e          1000a9e        0     1                 
         1000a9e          1000a9e        0     1                 
         1000aa2          1000aa2        0     1                 
         1000aae          1000aae        0     1                 .LBB3_14
         1000aae          1000aae        0     1                 
         1000ab2          1000ab2        0     1                 
         1000ab4          1000ab4        0     1                 
         1000ab4          1000ab4        0     1                 .LBB3_15
         1000ab4          1000ab4        0     1                 
         1000ac2          1000ac2        0     1                 
         1000ac2          1000ac2        0     1                 
         1000ac4          1000ac4        0     1                 
         1000ac6          1000ac6        0     1                 .LBB3_16
         1000ac6          1000ac6        0     1                 
         1000ac6          1000ac6        0     1                 
         1000ac8          1000ac8        0     1                 
         1000ac8          1000ac8        0     1                 
         1000aca          1000aca        0     1                 
         1000acc          1000acc        0     1                 
         1000acc          1000acc        0     1                 
         1000ad2          1000ad2        0     1                 
         1000ad4          1000ad4        0     1                 
         1000adc          1000adc        0     1                 
         1000adc          1000adc        0     1                 
         1000ae0          1000ae0        0     1                 
         1000ae4          1000ae4        0     1                 
         1000ae6          1000ae6        0     1                 
         1000ae8          1000ae8        0     1                 
         1000ae8          1000ae8        0     1                 
         1000aec          1000aec        0     1                 
         1000aec          1000aec        0     1                 
         1000aec          1000aec        0     1                 
         1000aec          1000aec        0     1                 
         1000aec          1000aec        0     1                 
         1000aec          1000aec      342     1                 printf
         1000b0a          1000b0a        0     1                 
         1000b1a          1000b1a        0     1                 
         1000b3e          1000b3e        0     1                 
         1000b3e          1000b3e        0     1                 .LBB4_1
         1000b3e          1000b3e        0     1                 
         1000b40          1000b40        0     1                 .LBB4_2
         1000b44          1000b44        0     1                 .LBB4_3
         1000b48          1000b48        0     1                 
         1000b48          1000b48        0     1                 
         1000b4c          1000b4c        0     1                 .LBB4_4
         1000b4c          1000b4c        0     1                 
         1000b4c          1000b4c        0     1                 
         1000b50          1000b50        0     1                 
         1000b58          1000b58        0     1                 
         1000b58          1000b58        0     1                 
         1000b64          1000b64        0     1                 
         1000b64          1000b64        0     1                 
         1000b66          1000b66        0     1                 
         1000b68          1000b68        0     1                 .LBB4_7
         1000b68          1000b68        0     1                 
         1000b68          1000b68        0     1                 
         1000b6c          1000b6c        0     1                 
         1000b70          1000b70        0     1                 
         1000b70          1000b70        0     1                 
         1000b74          1000b74        0     1                 
         1000b76          1000b76        0     1                 .LBB4_9
         1000b76          1000b76        0     1                 
         1000b7a          1000b7a        0     1                 .LBB4_10
         1000b84          1000b84        0     1                 
         1000b84          1000b84        0     1                 
         1000b88          1000b88        0     1                 
         1000b96          1000b96        0     1                 
         1000b98          1000b98        0     1                 
         1000b98          1000b98        0     1                 .LBB4_12
         1000b98          1000b98        0     1                 
         1000ba0          1000ba0        0     1                 
         1000ba4          1000ba4        0     1                 
         1000ba4          1000ba4        0     1                 
         1000ba6          1000ba6        0     1                 
         1000baa          1000baa        0     1                 
         1000baa          1000baa        0     1                 
         1000bb2          1000bb2        0     1                 
         1000bb6          1000bb6        0     1                 
         1000bb6          1000bb6        0     1                 
         1000bb8          1000bb8        0     1                 
         1000bbc          1000bbc        0     1                 .LBB4_13
         1000bbc          1000bbc        0     1                 
         1000bbc          1000bbc        0     1                 
         1000bc0          1000bc0        0     1                 
         1000bc0          1000bc0        0     1                 
         1000bc4          1000bc4        0     1                 
         1000bc8          1000bc8        0     1                 
         1000bce          1000bce        0     1                 
         1000bd0          1000bd0        0     1                 
         1000bd0          1000bd0        0     1                 
         1000bd2          1000bd2        0     1                 
         1000bd2          1000bd2        0     1                 
         1000bdc          1000bdc        0     1                 .LBB4_16
         1000bdc          1000bdc        0     1                 
         1000bdc          1000bdc        0     1                 
         1000be0          1000be0        0     1                 
         1000be0          1000be0        0     1                 
         1000be8          1000be8        0     1                 .LBB4_17
         1000bea          1000bea        0     1                 .Lpcrel_hi1
         1000bf6          1000bf6        0     1                 .Lpcrel_hi2
         1000c00          1000c00        0     1                 .LBB4_18
         1000c00          1000c00        0     1                 
         1000c0c          1000c0c        0     1                 
         1000c0e          1000c0e        0     1                 .LBB4_19
         1000c0e          1000c0e        0     1                 
         1000c12          1000c12        0     1                 
         1000c14          1000c14        0     1                 
         1000c14          1000c14        0     1                 
         1000c1c          1000c1c        0     1                 .LBB4_20
         1000c20          1000c20        0     1                 
         1000c20          1000c20        0     1                 
         1000c2a          1000c2a        0     1                 .LBB4_22
         1000c2a          1000c2a        0     1                 
         1000c2a          1000c2a        0     1                 
         1000c3a          1000c3a        0     1                 
         1000c3a          1000c3a        0     1                 
         1000c3e          1000c3e        0     1                 .LBB4_23
         1000c3e          1000c3e        0     1                 
         1000c3e          1000c3e        0     1                 
         1000c42          1000c42        0     1                 .LBB4_24
         1000c4a          1000c4a        0     1                 
         1000c4a          1000c4a        0     1                 
         1000c4e          1000c4e        0     1                 
         1000c4e          1000c4e        0     1                 
         1000c50          1000c50        0     1                 
         1000c50          1000c50        0     1                 .LBB4_25
         1000c50          1000c50        0     1                 .Lpcrel_hi4
         1000c50          1000c50        0     1                 
         1000c58          1000c58        0     1                 
         1000c5e          1000c5e        0     1                 
         1000c60          1000c60        0     1                 
         1000c68          1000c68        0     1                 
         1000c68          1000c68        0     1                 
         1000c72          1000c72        0     1                 
         1000c72          1000c72        0     1                 
         1000c76          1000c76        0     1                 
         1000c76          1000c76        0     1                 
         1000c78          1000c78        0     1                 
         1000c78          1000c78        0     1                 
         1000c7c          1000c7c        0     1                 
         1000c7c          1000c7c        0     1                 .LBB4_27
         1000c7e          1000c7e        0     1                 
         1000c7e          1000c7e        0     1                 
         1000c80          1000c80        0     1                 
         1000c86          1000c86        0     1                 
         1000c86          1000c86        0     1                 
         1000c8e          1000c8e        0     1                 
         1000c8e          1000c8e        0     1                 
         1000c92          1000c92        0     1                 
         1000c94          1000c94        0     1                 
         1000c98          1000c98        0     1                 
         1000c98          1000c98        0     1                 
         1000c9c          1000c9c        0     1                 .LBB4_29
         1000c9c          1000c9c        0     1                 
         1000c9c          1000c9c        0     1                 
         1000ca4          1000ca4        0     1                 
         1000ca4          1000ca4        0     1                 
         1000caa          1000caa        0     1                 
         1000caa          1000caa        0     1                 .LBB4_30
         1000caa          1000caa        0     1                 
         1000cac          1000cac        0     1                 
         1000cae          1000cae        0     1                 
         1000cb8          1000cb8        0     1                 
         1000cba          1000cba        0     1                 
         1000cba          1000cba        0     1                 
         1000cbc          1000cbc        0     1                 
         1000cbc          1000cbc        0     1                 
         1000cc0          1000cc0        0     1                 
         1000cc0          1000cc0        0     1                 
         1000cc2          1000cc2        0     1                 
         1000cc6          1000cc6        0     1                 
         1000cc6          1000cc6        0     1                 .LBB4_33
         1000cc8          1000cc8        0     1                 
         1000cc8          1000cc8        0     1                 
         1000cca          1000cca        0     1                 
         1000cd0          1000cd0        0     1                 
         1000cd0          1000cd0        0     1                 
         1000cd8          1000cd8        0     1                 
         1000cd8          1000cd8        0     1                 
         1000cdc          1000cdc        0     1                 
         1000cde          1000cde        0     1                 
         1000ce2          1000ce2        0     1                 
         1000ce2          1000ce2        0     1                 
         1000ce8          1000ce8        0     1                 
         1000ce8          1000ce8        0     1                 .LBB4_35
         1000ce8          1000ce8        0     1                 
         1000cf2          1000cf2        0     1                 
         1000cf2          1000cf2        0     1                 
         1000cf4          1000cf4        0     1                 .Lpcrel_hi3
         1000cf4          1000cf4        0     1                 
         1000cfc          1000cfc        0     1                 .LBB4_37
         1000cfc          1000cfc        0     1                 
         1000cfc          1000cfc        0     1                 
         1000d02          1000d02        0     1                 
         1000d04          1000d04        0     1                 
         1000d0c          1000d0c        0     1                 
         1000d0c          1000d0c        0     1                 
         1000d10          1000d10        0     1                 
         1000d10          1000d10        0     1                 
         1000d12          1000d12        0     1                 
         1000d12          1000d12        0     1                 .LBB4_38
         1000d1a          1000d1a        0     1                 
         1000d1e          1000d1e        0     1                 
         1000d22          1000d22        0     1                 
         1000d26          1000d26        0     1                 .LBB4_41
         1000d26          1000d26        0     1                 
         1000d2e          1000d2e        0     1                 
         1000d30          1000d30        0     1                 
         1000d32          1000d32        0     1                 .LBB4_43
         1000d32          1000d32        0     1                 
         1000d36          1000d36        0     1                 .LBB4_44
         1000d36          1000d36        0     1                 
         1000d36          1000d36        0     1                 
         1000d3a          1000d3a        0     1                 
         1000d3a          1000d3a        0     1                 
         1000d3e          1000d3e        0     1                 
         1000d3e          1000d3e        0     1                 
         1000d40          1000d40        0     1                 
         1000d42          1000d42        0     1                 
         1000d44          1000d44        0     1                 
         1000d44          1000d44        0     1                 .LBB4_46
         1000d46          1000d46        0     1                 
         1000d46          1000d46        0     1                 
         1000d48          1000d48        0     1                 
         1000d4e          1000d4e        0     1                 
         1000d4e          1000d4e        0     1                 
         1000d56          1000d56        0     1                 
         1000d56          1000d56        0     1                 
         1000d5a          1000d5a        0     1                 
         1000d5c          1000d5c        0     1                 
         1000d60          1000d60        0     1                 
         1000d60          1000d60        0     1                 
         1000d66          1000d66        0     1                 .LBB4_48
         1000d66          1000d66        0     1                 
         1000d66          1000d66        0     1                 
         1000d6e          1000d6e        0     1                 
         1000d6e          1000d6e        0     1                 
         1000d70          1000d70        0     1                 .LBB4_49
         1000d70          1000d70        0     1                 
         1000d70          1000d70        0     1                 
         1000d72          1000d72        0     1                 
         1000d72          1000d72        0     1                 .LBB4_50
         1000d72          1000d72        0     1                 
         1000d82          1000d82        0     1                 
         1000d82          1000d82        0     1                 
         1000d84          1000d84        0     1                 
         1000d86          1000d86        0     1                 .LBB4_51
         1000d86          1000d86        0     1                 
         1000d86          1000d86        0     1                 
         1000d88          1000d88        0     1                 
         1000d88          1000d88        0     1                 
         1000d8e          1000d8e        0     1                 
         1000d90          1000d90        0     1                 
         1000d98          1000d98        0     1                 
         1000d98          1000d98        0     1                 
         1000d9c          1000d9c        0     1                 
         1000d9c          1000d9c        0     1                 
         1000da0          1000da0        0     1                 .LBB4_52
         1000da0          1000da0        0     1                 
         1000da0          1000da0        0     1                 
         1000da4          1000da4        0     1                 .LBB4_53
         1000da4          1000da4        0     1                 
         1000daa          1000daa        0     1                 .LBB4_54
         1000daa          1000daa        0     1                 
         1000daa          1000daa        0     1                 
         1000db0          1000db0        0     1                 .LBB4_55
         1000db0          1000db0        0     1                 
         1000db0          1000db0        0     1                 
         1000db2          1000db2        0     1                 
         1000db6          1000db6        0     1                 
         1000db6          1000db6        0     1                 
         1000dba          1000dba        0     1                 
         1000dba          1000dba        0     1                 .LBB4_56
         1000dba          1000dba        0     1                 
         1000dca          1000dca        0     1                 
         1000dca          1000dca        0     1                 
         1000dcc          1000dcc        0     1                 
         1000dd0          1000dd0        0     1                 .LBB4_57
         1000dd0          1000dd0        0     1                 
         1000dd0          1000dd0        0     1                 
         1000dd6          1000dd6        0     1                 .LBB4_58
         1000dd6          1000dd6        0     1                 
         1000dd6          1000dd6        0     1                 
         1000dd8          1000dd8        0     1                 
         1000ddc          1000ddc        0     1                 
         1000ddc          1000ddc        0     1                 
         1000de0          1000de0        0     1                 
         1000de0          1000de0        0     1                 .LBB4_59
         1000de0          1000de0        0     1                 
         1000df0          1000df0        0     1                 
         1000df0          1000df0        0     1                 
         1000df2          1000df2        0     1                 
         1000df4          1000df4        0     1                 .LBB4_60
         1000df4          1000df4        0     1                 
         1000df4          1000df4        0     1                 
         1000df6          1000df6        0     1                 
         1000dfa          1000dfa        0     1                 
         1000dfa          1000dfa        0     1                 
         1000e00          1000e00        0     1                 
         1000e02          1000e02        0     1                 
         1000e0a          1000e0a        0     1                 
         1000e0a          1000e0a        0     1                 
         1000e10          1000e10        0     1                 .LBB4_61
         1000e10          1000e10        0     1                 
         1000e22          1000e22        0     1                 
         1000e2a          1000e2a        0     1                 
         1000e2e          1000e2e        0     1                 
         1000e2e          1000e2e        0     1                 
         1000e2e          1000e2e      230     2         user/lib/libuser.a(string.o):(.text)
         1000e2e          1000e2e        0     1                 
         1000e2e          1000e2e        0     1                 
[...]
         10014e8          10014e8        0     1         
         10014e8          10014e8     eb18     1 . = 0x1010000
         1010000          1010000    10000     1 .stack
         1010000          1010000        0     1         __user_stack_bottom = .
         1010000          1010000    10000     1         . += 64 * 1024
         1020000          1020000        0     1         __user_stack_top = .
         1020000          1020000        0     1 . = ALIGN ( 4096 )
         1020000          1020000        0     1 __user_heap_start = 0x03000000
         1020000          1020000  2000000     1 . += 32 * 1024 * 1024
         3020000          3020000        0     1 __user_heap_end = .
               0                0     2204     1 .debug_info
               0                0       96     1         user/bin/init_crt0.o:(.debug_info)
               0                0        0     1                 
               0                0        0     1                 $d.4
              96               96      77f     1         user/bin/shell.o:(.debug_info)
              96               96        0     1                 $d.4
             815              815      13c     1         user/lib/libuser.a(log.o):(.debug_info)
             815              815        0     1                 $d.3
             951              951      628     1         user/lib/libuser.a(common.o):(.debug_info)
             951              951        0     1                 $d.5
             f79              f79      79d     1         user/lib/libuser.a(printf.o):(.debug_info)
             f79              f79        0     1                 $d.5
            1716             1716      49c     1         user/lib/libuser.a(string.o):(.debug_info)
            1716             1716        0     1                 $d.4
            1bb2             1bb2      652     1         user/lib/libuser.a(syscall.o):(.debug_info)
            1bb2             1bb2        0     1                 $d.3
               0                0      7fc     1 .debug_abbrev
               0                0       21     1         user/bin/init_crt0.o:(.debug_abbrev)
               0                0        0     1                 
               0                0        0     1                 $d.3
              21               21      134     1         user/bin/shell.o:(.debug_abbrev)
              21               21        0     1                 $d.3
             155              155       c3     1         user/lib/libuser.a(log.o):(.debug_abbrev)
             155              155        0     1                 $d.2
             218              218      1be     1         user/lib/libuser.a(common.o):(.debug_abbrev)
             218              218        0     1                 $d.4
             3d6              3d6      1d2     1         user/lib/libuser.a(printf.o):(.debug_abbrev)
             3d6              3d6        0     1                 $d.4
             5a8              5a8      119     1         user/lib/libuser.a(string.o):(.debug_abbrev)
             5a8              5a8        0     1                 $d.3
             6c1              6c1      13b     1         user/lib/libuser.a(syscall.o):(.debug_abbrev)
             6c1              6c1        0     1                 $d.2
               0                0       30     1 .debug_aranges
               0                0       30     1         user/bin/init_crt0.o:(.debug_aranges)
               0                0        0     1                 $d.2
               0                0     1c1d     1 .debug_line
               0                0       54     1         user/bin/init_crt0.o:(.debug_line)
               0                0        0     1                 .Lline_table_start0
               0                0        0     1                 $d.5
              54               54      3ed     1         user/bin/shell.o:(.debug_line)
              54               54        0     1                 .Lline_table_start0
              54               54        0     1                 $d.9
             441              441       f4     1         user/lib/libuser.a(log.o):(.debug_line)
             441              441        0     1                 .Lline_table_start0
             441              441        0     1                 $d.8
             535              535      914     1         user/lib/libuser.a(common.o):(.debug_line)
             535              535        0     1                 .Lline_table_start0
             535              535        0     1                 $d.11
             e49              e49      6f9     1         user/lib/libuser.a(printf.o):(.debug_line)
             e49              e49        0     1                 .Lline_table_start0
             e49              e49        0     1                 $d.11
            1542             1542      581     1         user/lib/libuser.a(string.o):(.debug_line)
            1542             1542        0     1                 .Lline_table_start0
            1542             1542        0     1                 $d.10
            1ac3             1ac3      15a     1         user/lib/libuser.a(syscall.o):(.debug_line)
            1ac3             1ac3        0     1                 .Lline_table_start0
            1ac3             1ac3        0     1                 $d.8
               0                0     21ff     1 .debug_loc
               0                0      182     1         user/bin/shell.o:(.debug_loc)
               0                0        0     1                 
               0                0        0     1                 $d.2
              38               38        0     1                 
              6e               6e        0     1                 
              a6               a6        0     1                 
              cb               cb        0     1                 
             103              103        0     1                 
             139              139        0     1                 
             182              182       49     1         user/lib/libuser.a(log.o):(.debug_loc)
             182              182        0     1                 
             182              182        0     1                 $d.1
             1cb              1cb      ba6     1         user/lib/libuser.a(common.o):(.debug_loc)
             1cb              1cb        0     1                 
             1cb              1cb        0     1                 $d.3
             214              214        0     1                 
             24a              24a        0     1                 
             26d              26d        0     1                 
             2b8              2b8        0     1                 
             2ee              2ee        0     1                 
             337              337        0     1                 
             36d              36d        0     1                 
             3b6              3b6        0     1                 
             3f0              3f0        0     1                 
             428              428        0     1                 
             45e              45e        0     1                 
             481              481        0     1                 
             4ca              4ca        0     1                 
             4ed              4ed        0     1                 
             523              523        0     1                 
             546              546        0     1                 
             569              569        0     1                 
             5eb              5eb        0     1                 
             694              694        0     1                 
             73c              73c        0     1                 
             75f              75f        0     1                 
             782              782        0     1                 
             7ba              7ba        0     1                 
             7dd              7dd        0     1                 
             833              833        0     1                 
             86b              86b        0     1                 
             8a3              8a3        0     1                 
             8c6              8c6        0     1                 
             91c              91c        0     1                 
             954              954        0     1                 
             977              977        0     1                 
             9b1              9b1        0     1                 
             9e9              9e9        0     1                 
             a1f              a1f        0     1                 
             a57              a57        0     1                 
             a8d              a8d        0     1                 
             ac5              ac5        0     1                 
             afb              afb        0     1                 
             b31              b31        0     1                 
             b69              b69        0     1                 
             b9f              b9f        0     1                 
             bd5              bd5        0     1                 
             c0b              c0b        0     1                 
             c43              c43        0     1                 
             c66              c66        0     1                 
             c89              c89        0     1                 
             cac              cac        0     1                 
             ce2              ce2        0     1                 
             d18              d18        0     1                 
             d3b              d3b        0     1                 
             d71              d71      b12     1         user/lib/libuser.a(printf.o):(.debug_loc)
             d71              d71        0     1                 
             d71              d71        0     1                 $d.3
             da7              da7        0     1                 
             ddd              ddd        0     1                 
             e13              e13        0     1                 
             e36              e36        0     1                 
             e96              e96        0     1                 
             ebe              ebe        0     1                 
             ee3              ee3        0     1                 
             f06              f06        0     1                 
             f4f              f4f        0     1                 
             f72              f72        0     1                 
             fa8              fa8        0     1                 
             fde              fde        0     1                 
            1014             1014        0     1                 
            1087             1087        0     1                 
            10ac             10ac        0     1                 
            10cf             10cf        0     1                 
            10f2             10f2        0     1                 
            1115             1115        0     1                 
            1138             1138        0     1                 
            128b             128b        0     1                 
            12b0             12b0        0     1                 
            12fb             12fb        0     1                 
            1374             1374        0     1                 
            1397             1397        0     1                 
            13f7             13f7        0     1                 
            1431             1431        0     1                 
            14af             14af        0     1                 
            150b             150b        0     1                 
            1533             1533        0     1                 
            156d             156d        0     1                 
            15cd             15cd        0     1                 
            162d             162d        0     1                 
            1663             1663        0     1                 
            16a7             16a7        0     1                 
            1703             1703        0     1                 
            1726             1726        0     1                 
            175c             175c        0     1                 
            17a5             17a5        0     1                 
            17e9             17e9        0     1                 
            1811             1811        0     1                 
            1836             1836        0     1                 
            185e             185e        0     1                 
            1883             1883      5ea     1         user/lib/libuser.a(string.o):(.debug_loc)
            1883             1883        0     1                 
            1883             1883        0     1                 $d.2
            18e1             18e1        0     1                 
            1904             1904        0     1                 
            1927             1927        0     1                 
            194a             194a        0     1                 
            196d             196d        0     1                 
            1991             1991        0     1                 
            19b4             19b4        0     1                 
            19eb             19eb        0     1                 
            1a34             1a34        0     1                 
            1a7f             1a7f        0     1                 
            1ab5             1ab5        0     1                 
            1afe             1afe        0     1                 
            1b21             1b21        0     1                 
            1b58             1b58        0     1                 
            1b7b             1b7b        0     1                 
            1bb1             1bb1        0     1                 
            1c24             1c24        0     1                 
            1c47             1c47        0     1                 
            1c6a             1c6a        0     1                 
            1c8d             1c8d        0     1                 
            1cb0             1cb0        0     1                 
            1cfb             1cfb        0     1                 
            1d33             1d33        0     1                 
            1d56             1d56        0     1                 
            1d79             1d79        0     1                 
            1d9c             1d9c        0     1                 
            1df3             1df3        0     1                 
            1e16             1e16        0     1                 
            1e6d             1e6d      392     1         user/lib/libuser.a(syscall.o):(.debug_loc)
            1e6d             1e6d        0     1                 
            1e6d             1e6d        0     1                 $d.1
            1ea3             1ea3        0     1                 
            1eec             1eec        0     1                 
            1f22             1f22        0     1                 
            1f58             1f58        0     1                 
            1fa1             1fa1        0     1                 
            1fd7             1fd7        0     1                 
            200d             200d        0     1                 
            2043             2043        0     1                 
            2066             2066        0     1                 
            2089             2089        0     1                 
            20ad             20ad        0     1                 
            20d1             20d1        0     1                 
            2108             2108        0     1                 
            212b             212b        0     1                 
            214e             214e        0     1                 
            2171             2171        0     1                 
            2194             2194        0     1                 
            21b7             21b7        0     1                 
            21db             21db        0     1                 
               0                0      3ab     1 .debug_str
               0                0      3ab     1         <internal>:(.debug_str)
               0                0       42     1 .comment
               0                0       42     1         <internal>:(.comment)
               0                0      4c8     8 .debug_frame
               0                0       70     8         user/bin/shell.o:(.debug_frame)
               0                0        0     1                 
               0                0        0     1                 $d.8
              70               70       38     8         user/lib/libuser.a(log.o):(.debug_frame)
              70               70        0     1                 
              70               70        0     1                 $d.7
              a8               a8       d8     8         user/lib/libuser.a(common.o):(.debug_frame)
              a8               a8        0     1                 
              a8               a8        0     1                 $d.10
             180              180       d8     8         user/lib/libuser.a(printf.o):(.debug_frame)
             180              180        0     1                 
             180              180        0     1                 $d.10
             258              258      138     8         user/lib/libuser.a(string.o):(.debug_frame)
             258              258        0     1                 
             258              258        0     1                 $d.9
             390              390      138     8         user/lib/libuser.a(syscall.o):(.debug_frame)
             390              390        0     1                 
             390              390        0     1                 $d.7
               0                0      2c0     1 .debug_ranges
               0                0      160     1         user/lib/libuser.a(common.o):(.debug_ranges)
               0                0        0     1                 
               0                0        0     1                 $d.6
              30               30        0     1                 
              70               70        0     1                 
              a0               a0        0     1                 
              d0               d0        0     1                 
             100              100        0     1                 
             130              130        0     1                 
             160              160      130     1         user/lib/libuser.a(printf.o):(.debug_ranges)
             160              160        0     1                 
             160              160        0     1                 $d.6
             1d0              1d0        0     1                 
             200              200        0     1                 
             230              230        0     1                 
             260              260        0     1                 
             290              290       30     1         user/lib/libuser.a(string.o):(.debug_ranges)
             290              290        0     1                 
             290              290        0     1                 $d.5
               0                0     aa28     8 .symtab
               0                0     aa28     8         <internal>:(.symtab)
               0                0       a4     1 .shstrtab
               0                0       a4     1         <internal>:(.shstrtab)
               0                0      304     1 .strtab
               0                0      304     1         <internal>:(.strtab)
