             VMA              LMA     Size Align Out     In      Symbol
               0                0  1000000     1 . = 0x1000000
         1000000          1000000     10f6     2 .text
         1000000          1000000       10     1         user/bin/init_crt0.o:(.text.start)
         1000000          1000000        0     1                 
         1000000          1000000        0     1                 .Lpcrel_hi0
         1000000          1000000        0     1                 $x.0
         1000000          1000000        0     1                 
         1000000          1000000        0     1                 start
         1000008          1000008        0     1                 
         100000c          100000c        0     1                 
         1000010          1000010        0     1                 
         1000010          1000010        0     2         user/bin/init_crt0.o:(.text)
         1000010          1000010      302     2         user/bin/shell.o:(.text)
         1000010          1000010        0     1                 
         1000010          1000010        0     1                 
         1000010          1000010        0     1                 $x.0
         1000010          1000010        0     1                 
         1000010          1000010       74     1                 print_help
         1000014          1000014        0     1                 .Lpcrel_hi0
         1000014          1000014        0     1                 
         1000020          1000020        0     1                 
         1000020          1000020        0     1                 .Lpcrel_hi1
         1000020          1000020        0     1                 
         100002c          100002c        0     1                 
         100002c          100002c        0     1                 .Lpcrel_hi2
         100002c          100002c        0     1                 
         1000038          1000038        0     1                 
         1000038          1000038        0     1                 .Lpcrel_hi3
         1000038          1000038        0     1                 
         1000044          1000044        0     1                 
         1000044          1000044        0     1                 .Lpcrel_hi4
         1000044          1000044        0     1                 
         1000050          1000050        0     1                 
         1000050          1000050        0     1                 .Lpcrel_hi5
         1000050          1000050        0     1                 
         100005c          100005c        0     1                 
         100005c          100005c        0     1                 .Lpcrel_hi6
         100005c          100005c        0     1                 
         1000068          1000068        0     1                 
         1000068          1000068        0     1                 .Lpcrel_hi7
         1000068          1000068        0     1                 
         1000074          1000074        0     1                 
         1000074          1000074        0     1                 .Lpcrel_hi8
         1000074          1000074        0     1                 
         100007e          100007e        0     1                 
         1000084          1000084        0     1                 
         1000084          1000084        0     1                 
         1000084          1000084        0     1                 
         1000084          1000084        0     1                 
         1000084          1000084        0     1                 
         1000084          1000084        0     1                 
         1000084          1000084      28e     1                 main
         10000b2          10000b2        0     1                 .Lpcrel_hi9
         10000b2          10000b2        0     1                 
         10000be          10000be        0     1                 
         10000be          10000be        0     1                 
         10000c2          10000c2        0     1                 .Lpcrel_hi10
         10000c2          10000c2        0     1                 
         10000ca          10000ca        0     1                 
         10000ca          10000ca        0     1                 
         10000cc          10000cc        0     1                 
         10000cc          10000cc        0     1                 
         10000d0          10000d0        0     1                 
         10000d0          10000d0        0     1                 .Lpcrel_hi11
         10000d0          10000d0        0     1                 
         10000e0          10000e0        0     1                 .Lpcrel_hi12
         10000ea          10000ea        0     1                 .Lpcrel_hi13
         10000f4          10000f4        0     1                 .Lpcrel_hi14
         10000fe          10000fe        0     1                 .Lpcrel_hi15
         1000108          1000108        0     1                 .Lpcrel_hi16
         1000112          1000112        0     1                 .Lpcrel_hi17
         100011c          100011c        0     1                 .Lpcrel_hi18
         1000126          1000126        0     1                 .Lpcrel_hi19
         1000130          1000130        0     1                 .Lpcrel_hi20
         100013a          100013a        0     1                 .Lpcrel_hi21
         1000144          1000144        0     1                 .Lpcrel_hi22
         100014e          100014e        0     1                 .Lpcrel_hi23
         1000158          1000158        0     1                 .Lpcrel_hi24
         1000162          1000162        0     1                 .Lpcrel_hi25
         100016c          100016c        0     1                 .Lpcrel_hi26
         1000178          1000178        0     1                 .Lpcrel_hi27
         1000188          1000188        0     1                 
         1000188          1000188        0     1                 .LBB1_1
         1000188          1000188        0     1                 
         100018c          100018c        0     1                 
         1000192          1000192        0     1                 .LBB1_2
         1000192          1000192        0     1                 
         1000192          1000192        0     1                 
         1000198          1000198        0     1                 
         1000198          1000198        0     1                 
         100019c          100019c        0     1                 
         100019c          100019c        0     1                 .LBB1_3
         100019c          100019c        0     1                 
         10001a0          10001a0        0     1                 .LBB1_4
         10001a0          10001a0        0     1                 
         10001ac          10001ac        0     1                 
         10001ac          10001ac        0     1                 
         10001ae          10001ae        0     1                 
         10001ae          10001ae        0     1                 
         10001b2          10001b2        0     1                 
         10001b6          10001b6        0     1                 
         10001ba          10001ba        0     1                 
         10001ba          10001ba        0     1                 
         10001be          10001be        0     1                 
         10001c6          10001c6        0     1                 
         10001d6          10001d6        0     1                 
         10001de          10001de        0     1                 
         10001e0          10001e0        0     1                 
         10001e2          10001e2        0     1                 
         10001e6          10001e6        0     1                 
         10001e6          10001e6        0     1                 
         10001e8          10001e8        0     1                 .LBB1_10
         10001e8          10001e8        0     1                 
         10001ec          10001ec        0     1                 
         10001ee          10001ee        0     1                 
         10001f4          10001f4        0     1                 .LBB1_11
         10001f4          10001f4        0     1                 
         10001fa          10001fa        0     1                 
         10001fa          10001fa        0     1                 
         10001fc          10001fc        0     1                 
         10001fc          10001fc        0     1                 
         1000200          1000200        0     1                 
         1000204          1000204        0     1                 
         1000206          1000206        0     1                 
         1000206          1000206        0     1                 
         100020e          100020e        0     1                 
         100020e          100020e        0     1                 
         1000210          1000210        0     1                 
         1000216          1000216        0     1                 
         1000216          1000216        0     1                 .LBB1_14
         1000218          1000218        0     1                 
         100021a          100021a        0     1                 
         100021c          100021c        0     1                 
         1000222          1000222        0     1                 
         1000222          1000222        0     1                 
         1000226          1000226        0     1                 
         100022a          100022a        0     1                 
         100022a          100022a        0     1                 
         1000230          1000230        0     1                 .LBB1_16
         1000230          1000230        0     1                 
         1000230          1000230        0     1                 
         1000232          1000232        0     1                 
         1000232          1000232        0     1                 
         1000234          1000234        0     1                 
         1000234          1000234        0     1                 
         1000236          1000236        0     1                 
         100023a          100023a        0     1                 
         100023a          100023a        0     1                 
         100023c          100023c        0     1                 
         1000244          1000244        0     1                 
         1000244          1000244        0     1                 
         1000246          1000246        0     1                 
         100024e          100024e        0     1                 
         100024e          100024e        0     1                 
         1000250          1000250        0     1                 
         1000258          1000258        0     1                 
         1000258          1000258        0     1                 
         100025a          100025a        0     1                 
         1000262          1000262        0     1                 
         1000262          1000262        0     1                 .Lpcrel_hi29
         1000262          1000262        0     1                 
         1000270          1000270        0     1                 
         1000270          1000270        0     1                 
         1000276          1000276        0     1                 
         1000276          1000276        0     1                 
         1000278          1000278        0     1                 
         100027c          100027c        0     1                 
         100027c          100027c        0     1                 
         100027e          100027e        0     1                 
         1000282          1000282        0     1                 
         1000282          1000282        0     1                 
         1000284          1000284        0     1                 
         1000288          1000288        0     1                 
         1000288          1000288        0     1                 
         100028a          100028a        0     1                 .LBB1_24
         100028a          100028a        0     1                 
         100028c          100028c        0     1                 
         100028c          100028c        0     1                 
         1000290          1000290        0     1                 
         1000290          1000290        0     1                 
         1000292          1000292        0     1                 
         1000296          1000296        0     1                 
         1000296          1000296        0     1                 
         1000298          1000298        0     1                 
         100029c          100029c        0     1                 
         100029c          100029c        0     1                 
         100029e          100029e        0     1                 
         10002a2          10002a2        0     1                 
         10002a2          10002a2        0     1                 
         10002a4          10002a4        0     1                 
         10002a8          10002a8        0     1                 
         10002a8          10002a8        0     1                 
         10002aa          10002aa        0     1                 
         10002ae          10002ae        0     1                 
         10002ae          10002ae        0     1                 
         10002b0          10002b0        0     1                 
         10002b4          10002b4        0     1                 
         10002b4          10002b4        0     1                 
         10002b6          10002b6        0     1                 
         10002ba          10002ba        0     1                 
         10002ba          10002ba        0     1                 
         10002bc          10002bc        0     1                 
         10002c0          10002c0        0     1                 
         10002c2          10002c2        0     1                 .LBB1_25
         10002c2          10002c2        0     1                 
         10002ca          10002ca        0     1                 
         10002ca          10002ca        0     1                 
         10002cc          10002cc        0     1                 .LBB1_26
         10002cc          10002cc        0     1                 .Lpcrel_hi28
         10002cc          10002cc        0     1                 
         10002d6          10002d6        0     1                 .LBB1_27
         10002d6          10002d6        0     1                 .Lpcrel_hi30
         10002d6          10002d6        0     1                 
         10002de          10002de        0     1                 .LBB1_28
         10002de          10002de        0     1                 
         10002e4          10002e4        0     1                 
         10002e6          10002e6        0     1                 .LBB1_29
         10002e6          10002e6        0     1                 
         10002e6          10002e6        0     1                 
         10002e8          10002e8        0     1                 
         10002f0          10002f0        0     1                 
         10002f0          10002f0        0     1                 .Lpcrel_hi31
         10002f0          10002f0        0     1                 
         10002fc          10002fc        0     1                 
         10002fc          10002fc        0     1                 
         1000302          1000302        0     1                 
         1000302          1000302        0     1                 
         1000304          1000304        0     1                 .LBB1_30
         1000304          1000304        0     1                 
         1000304          1000304        0     1                 .Lpcrel_hi32
         1000304          1000304        0     1                 
         1000308          1000308        0     1                 
         100030c          100030c        0     1                 
         1000310          1000310        0     1                 
         1000312          1000312        0     1                 
         1000312          1000312        0     1                 
         1000312          1000312        0     1                 
         1000312          1000312       3a     2         user/lib/libuser.a(log.o):(.text)
         1000312          1000312        0     1                 
         1000312          1000312        0     1                 
         1000312          1000312        0     1                 $x.0
         1000312          1000312        0     1                 
         1000312          1000312       3a     1                 ulog
         1000328          1000328        0     1                 
         100032a          100032a        0     1                 
         1000338          1000338        0     1                 
         1000338          1000338        0     1                 
         1000346          1000346        0     1                 
         1000346          1000346        0     1                 
         1000348          1000348        0     1                 
         100034c          100034c        0     1                 
         100034c          100034c        0     1                 
         100034c          100034c      5f6     2         user/lib/libuser.a(common.o):(.text)
         100034c          100034c        0     1                 
         100034c          100034c        0     1                 
         100034c          100034c        0     1                 $x.0
         100034c          100034c        0     1                 
         100034c          100034c       88     1                 itoa_unsigned
         100034e          100034e        0     1                 
         1000358          1000358        0     1                 
         100035c          100035c        0     1                 .LBB0_2
         100035e          100035e        0     1                 .Lpcrel_hi0
         100036a          100036a        0     1                 
         100036a          100036a        0     1                 .LBB0_3
         100036c          100036c        0     1                 
         1000370          1000370        0     1                 
         1000370          1000370        0     1                 
         1000378          1000378        0     1                 
         1000380          1000380        0     1                 
         1000380          1000380        0     1                 
         1000382          1000382        0     1                 
         1000382          1000382        0     1                 
         100038a          100038a        0     1                 
         100038a          100038a        0     1                 
         100038e          100038e        0     1                 
         1000390          1000390        0     1                 
         1000390          1000390        0     1                 
         1000398          1000398        0     1                 
         100039c          100039c        0     1                 
         100039e          100039e        0     1                 .LBB0_6
         100039e          100039e        0     1                 
         10003b2          10003b2        0     1                 
         10003b2          10003b2        0     1                 .LBB0_7
         10003b2          10003b2        0     1                 
         10003b6          10003b6        0     1                 
         10003bc          10003bc        0     1                 
         10003c0          10003c0        0     1                 
         10003c0          10003c0        0     1                 
         10003c4          10003c4        0     1                 
         10003c8          10003c8        0     1                 
         10003cc          10003cc        0     1                 .LBB0_8
         10003cc          10003cc        0     1                 
         10003cc          10003cc        0     1                 
         10003d0          10003d0        0     1                 
         10003d4          10003d4        0     1                 
         10003d4          10003d4        0     1                 
         10003d4          10003d4        0     1                 
         10003d4          10003d4        0     1                 
         10003d4          10003d4        0     1                 
         10003d4          10003d4      124     1                 itoa_signed
         10003de          10003de        0     1                 
         10003e2          10003e2        0     1                 
         10003e4          10003e4        0     1                 .LBB1_2
         10003e6          10003e6        0     1                 
         10003ec          10003ec        0     1                 
         10003f0          10003f0        0     1                 
         10003f2          10003f2        0     1                 
         10003f6          10003f6        0     1                 
         10003fc          10003fc        0     1                 
         10003fc          10003fc        0     1                 
         1000400          1000400        0     1                 
         1000408          1000408        0     1                 
         1000408          1000408        0     1                 
         1000410          1000410        0     1                 .Lpcrel_hi1
         100041e          100041e        0     1                 
         100041e          100041e        0     1                 .LBB1_5
         1000420          1000420        0     1                 
         1000420          1000420        0     1                 
         100042a          100042a        0     1                 
         100042a          100042a        0     1                 
         1000432          1000432        0     1                 
         100043a          100043a        0     1                 
         100043a          100043a        0     1                 
         100043c          100043c        0     1                 
         100043c          100043c        0     1                 
         1000444          1000444        0     1                 
         1000448          1000448        0     1                 
         1000448          1000448        0     1                 
         1000452          1000452        0     1                 
         1000452          1000452        0     1                 
         1000454          1000454        0     1                 .LBB1_8
         1000454          1000454        0     1                 
         1000458          1000458        0     1                 
         1000458          1000458        0     1                 
         100046a          100046a        0     1                 
         100046a          100046a        0     1                 .LBB1_9
         100046a          100046a        0     1                 
         100046e          100046e        0     1                 
         1000474          1000474        0     1                 
         1000478          1000478        0     1                 
         100047a          100047a        0     1                 
         100047c          100047c        0     1                 
         1000480          1000480        0     1                 
         1000486          1000486        0     1                 
         1000486          1000486        0     1                 
         1000488          1000488        0     1                 .LBB1_11
         1000488          1000488        0     1                 
         1000488          1000488        0     1                 
         100048a          100048a        0     1                 .Lpcrel_hi2
         1000496          1000496        0     1                 
         1000496          1000496        0     1                 .LBB1_12
         1000498          1000498        0     1                 
         1000498          1000498        0     1                 
         100049c          100049c        0     1                 
         100049c          100049c        0     1                 
         10004a4          10004a4        0     1                 
         10004ac          10004ac        0     1                 
         10004ac          10004ac        0     1                 
         10004ae          10004ae        0     1                 
         10004ae          10004ae        0     1                 
         10004b6          10004b6        0     1                 
         10004b6          10004b6        0     1                 
         10004ba          10004ba        0     1                 
         10004c0          10004c0        0     1                 
         10004c4          10004c4        0     1                 
         10004c6          10004c6        0     1                 .LBB1_15
         10004c6          10004c6        0     1                 
         10004da          10004da        0     1                 
         10004da          10004da        0     1                 .LBB1_16
         10004da          10004da        0     1                 
         10004de          10004de        0     1                 
         10004e4          10004e4        0     1                 
         10004e8          10004e8        0     1                 
         10004ea          10004ea        0     1                 
         10004ec          10004ec        0     1                 
         10004f0          10004f0        0     1                 
         10004f6          10004f6        0     1                 
         10004f6          10004f6        0     1                 
         10004f8          10004f8        0     1                 
         10004f8          10004f8        0     1                 
         10004f8          10004f8        0     1                 
         10004f8          10004f8        0     1                 
         10004f8          10004f8        0     1                 
         10004f8          10004f8      3da     1                 kvnprintf
         1000514          1000514        0     1                 
         1000518          1000518        0     1                 
         1000518          1000518        0     1                 
         100051a          100051a        0     1                 
         100051e          100051e        0     1                 
         1000522          1000522        0     1                 
         1000526          1000526        0     1                 
         100052a          100052a        0     1                 
         1000532          1000532        0     1                 
         100053c          100053c        0     1                 .Lpcrel_hi3
         100055a          100055a        0     1                 .Lpcrel_hi4
         1000570          1000570        0     1                 
         1000570          1000570        0     1                 .LBB2_3
         1000570          1000570        0     1                 
         1000574          1000574        0     1                 
         1000578          1000578        0     1                 
         100057c          100057c        0     1                 
         100057e          100057e        0     1                 
         100057e          100057e        0     1                 
         1000582          1000582        0     1                 
         1000584          1000584        0     1                 
         1000590          1000590        0     1                 
         1000590          1000590        0     1                 .LBB2_7
         1000590          1000590        0     1                 
         1000594          1000594        0     1                 
         1000596          1000596        0     1                 
         100059a          100059a        0     1                 
         100059c          100059c        0     1                 
         10005a2          10005a2        0     1                 .LBB2_8
         10005a2          10005a2        0     1                 
         10005a2          10005a2        0     1                 
         10005a4          10005a4        0     1                 
         10005a8          10005a8        0     1                 
         10005aa          10005aa        0     1                 
         10005ae          10005ae        0     1                 .LBB2_9
         10005ae          10005ae        0     1                 
         10005b2          10005b2        0     1                 
         10005bc          10005bc        0     1                 .LBB2_11
         10005bc          10005bc        0     1                 
         10005bc          10005bc        0     1                 
         10005c0          10005c0        0     1                 
         10005c4          10005c4        0     1                 
         10005c4          10005c4        0     1                 
         10005c6          10005c6        0     1                 
         10005cc          10005cc        0     1                 .LBB2_13
         10005cc          10005cc        0     1                 
         10005cc          10005cc        0     1                 
         10005d0          10005d0        0     1                 
         10005d0          10005d0        0     1                 
         10005d4          10005d4        0     1                 
         10005d8          10005d8        0     1                 
         10005dc          10005dc        0     1                 
         10005de          10005de        0     1                 
         10005de          10005de        0     1                 
         10005e0          10005e0        0     1                 
         10005e6          10005e6        0     1                 
         10005e6          10005e6        0     1                 .LBB2_15
         10005e6          10005e6        0     1                 
         10005e8          10005e8        0     1                 
         10005e8          10005e8        0     1                 
         10005ec          10005ec        0     1                 
         10005ec          10005ec        0     1                 
         10005f0          10005f0        0     1                 
         10005f4          10005f4        0     1                 
         10005f8          10005f8        0     1                 
         10005fc          10005fc        0     1                 
         1000600          1000600        0     1                 
         1000604          1000604        0     1                 .LBB2_17
         1000604          1000604        0     1                 
         1000604          1000604        0     1                 
         1000608          1000608        0     1                 
         100060c          100060c        0     1                 
         100060c          100060c        0     1                 .LBB2_18
         100060c          100060c        0     1                 
         1000616          1000616        0     1                 
         1000618          1000618        0     1                 
         1000618          1000618        0     1                 
         100061c          100061c        0     1                 
         1000620          1000620        0     1                 
         1000626          1000626        0     1                 
         100062a          100062a        0     1                 
         100062e          100062e        0     1                 
         1000634          1000634        0     1                 
         1000634          1000634        0     1                 .LBB2_20
         1000634          1000634        0     1                 
         1000638          1000638        0     1                 
         1000638          1000638        0     1                 
         100063e          100063e        0     1                 
         100063e          100063e        0     1                 
         1000642          1000642        0     1                 
         1000644          1000644        0     1                 
         1000646          1000646        0     1                 
         1000646          1000646        0     1                 
         1000648          1000648        0     1                 
         100064a          100064a        0     1                 
         100064a          100064a        0     1                 
         100064e          100064e        0     1                 
         100064e          100064e        0     1                 
         1000652          1000652        0     1                 
         1000652          1000652        0     1                 
         1000654          1000654        0     1                 
         1000658          1000658        0     1                 
         100065a          100065a        0     1                 
         100065a          100065a        0     1                 .LBB2_24
         100065a          100065a        0     1                 
         100065e          100065e        0     1                 
         1000662          1000662        0     1                 
         1000666          1000666        0     1                 
         1000668          1000668        0     1                 
         100066c          100066c        0     1                 
         1000670          1000670        0     1                 .LBB2_26
         1000670          1000670        0     1                 
         1000670          1000670        0     1                 
         1000672          1000672        0     1                 
         1000674          1000674        0     1                 
         1000674          1000674        0     1                 .LBB2_27
         1000674          1000674        0     1                 
         1000676          1000676        0     1                 
         1000676          1000676        0     1                 
         100067c          100067c        0     1                 
         100067c          100067c        0     1                 .LBB2_28
         100067c          100067c        0     1                 
         1000686          1000686        0     1                 
         1000688          1000688        0     1                 
         1000688          1000688        0     1                 
         100068c          100068c        0     1                 
         1000690          1000690        0     1                 
         1000696          1000696        0     1                 
         100069a          100069a        0     1                 
         10006a4          10006a4        0     1                 
         10006a4          10006a4        0     1                 .LBB2_30
         10006a4          10006a4        0     1                 
         10006a8          10006a8        0     1                 
         10006a8          10006a8        0     1                 
         10006ae          10006ae        0     1                 
         10006ae          10006ae        0     1                 
         10006b2          10006b2        0     1                 
         10006b4          10006b4        0     1                 
         10006b6          10006b6        0     1                 
         10006b6          10006b6        0     1                 
         10006b8          10006b8        0     1                 
         10006ba          10006ba        0     1                 
         10006ba          10006ba        0     1                 
         10006be          10006be        0     1                 
         10006be          10006be        0     1                 
         10006c2          10006c2        0     1                 
         10006c2          10006c2        0     1                 
         10006c6          10006c6        0     1                 
         10006ca          10006ca        0     1                 
         10006cc          10006cc        0     1                 
         10006cc          10006cc        0     1                 .LBB2_34
         10006cc          10006cc        0     1                 
         10006d0          10006d0        0     1                 
         10006d4          10006d4        0     1                 
         10006d8          10006d8        0     1                 
         10006da          10006da        0     1                 
         10006e0          10006e0        0     1                 
         10006e6          10006e6        0     1                 
         10006e6          10006e6        0     1                 .LBB2_36
         10006e6          10006e6        0     1                 
         10006e8          10006e8        0     1                 
         10006ea          10006ea        0     1                 
         10006ee          10006ee        0     1                 
         10006f2          10006f2        0     1                 
         10006f2          10006f2        0     1                 
         10006fa          10006fa        0     1                 
         10006fc          10006fc        0     1                 .LBB2_40
         10006fc          10006fc        0     1                 
         1000700          1000700        0     1                 
         1000704          1000704        0     1                 
         1000708          1000708        0     1                 
         100070a          100070a        0     1                 
         1000710          1000710        0     1                 
         1000716          1000716        0     1                 
         1000716          1000716        0     1                 .LBB2_42
         1000716          1000716        0     1                 
         100071a          100071a        0     1                 
         100071a          100071a        0     1                 
         100071e          100071e        0     1                 
         1000724          1000724        0     1                 
         1000724          1000724        0     1                 .LBB2_44
         1000726          1000726        0     1                 
         1000726          1000726        0     1                 
         1000732          1000732        0     1                 
         1000732          1000732        0     1                 
         100073a          100073a        0     1                 
         1000744          1000744        0     1                 
         1000744          1000744        0     1                 
         1000746          1000746        0     1                 
         1000746          1000746        0     1                 
         100074e          100074e        0     1                 
         1000756          1000756        0     1                 
         100075a          100075a        0     1                 
         100075e          100075e        0     1                 
         1000760          1000760        0     1                 .LBB2_47
         1000760          1000760        0     1                 
         100076e          100076e        0     1                 
         100076e          100076e        0     1                 .LBB2_48
         100076e          100076e        0     1                 
         1000772          1000772        0     1                 
         1000778          1000778        0     1                 
         1000778          1000778        0     1                 
         100077c          100077c        0     1                 
         100077e          100077e        0     1                 
         1000780          1000780        0     1                 
         1000786          1000786        0     1                 
         1000786          1000786        0     1                 .LBB2_49
         1000786          1000786        0     1                 
         1000788          1000788        0     1                 
         100078e          100078e        0     1                 
         100078e          100078e        0     1                 .LBB2_50
         1000790          1000790        0     1                 
         1000790          1000790        0     1                 
         100079a          100079a        0     1                 
         100079a          100079a        0     1                 
         10007a2          10007a2        0     1                 
         10007ac          10007ac        0     1                 
         10007ac          10007ac        0     1                 
         10007ae          10007ae        0     1                 
         10007ae          10007ae        0     1                 
         10007b6          10007b6        0     1                 
         10007be          10007be        0     1                 
         10007c6          10007c6        0     1                 
         10007c8          10007c8        0     1                 .LBB2_53
         10007c8          10007c8        0     1                 
         10007d6          10007d6        0     1                 
         10007d6          10007d6        0     1                 .LBB2_54
         10007d6          10007d6        0     1                 
         10007da          10007da        0     1                 
         10007e0          10007e0        0     1                 
         10007e0          10007e0        0     1                 
         10007e4          10007e4        0     1                 
         10007e6          10007e6        0     1                 
         10007e8          10007e8        0     1                 
         10007ec          10007ec        0     1                 
         10007ec          10007ec        0     1                 
         10007f0          10007f0        0     1                 
         10007f0          10007f0        0     1                 
         10007f4          10007f4        0     1                 
         10007f6          10007f6        0     1                 
         10007fa          10007fa        0     1                 
         10007fc          10007fc        0     1                 
         10007fc          10007fc        0     1                 .LBB2_58
         10007fc          10007fc        0     1                 
         1000800          1000800        0     1                 
         1000804          1000804        0     1                 
         1000808          1000808        0     1                 
         100080a          100080a        0     1                 
         100080e          100080e        0     1                 
         1000814          1000814        0     1                 .LBB2_60
         1000814          1000814        0     1                 
         1000814          1000814        0     1                 
         1000816          1000816        0     1                 
         1000818          1000818        0     1                 .LBB2_61
         1000818          1000818        0     1                 
         100081a          100081a        0     1                 
         100081a          100081a        0     1                 
         100081e          100081e        0     1                 
         1000824          1000824        0     1                 
         1000824          1000824        0     1                 .LBB2_62
         1000824          1000824        0     1                 
         1000826          1000826        0     1                 
         1000826          1000826        0     1                 
         1000830          1000830        0     1                 
         1000830          1000830        0     1                 
         1000838          1000838        0     1                 
         1000842          1000842        0     1                 
         1000842          1000842        0     1                 
         1000844          1000844        0     1                 
         1000844          1000844        0     1                 
         100084c          100084c        0     1                 
         1000854          1000854        0     1                 
         100085c          100085c        0     1                 
         100085e          100085e        0     1                 .LBB2_65
         100085e          100085e        0     1                 
         1000868          1000868        0     1                 
         1000868          1000868        0     1                 .LBB2_66
         1000868          1000868        0     1                 
         100086c          100086c        0     1                 
         1000872          1000872        0     1                 
         1000872          1000872        0     1                 
         1000876          1000876        0     1                 
         1000878          1000878        0     1                 
         100087a          100087a        0     1                 
         100087e          100087e        0     1                 .LBB2_67
         100087e          100087e        0     1                 
         100087e          100087e        0     1                 
         1000882          1000882        0     1                 
         1000882          1000882        0     1                 
         1000886          1000886        0     1                 
         1000888          1000888        0     1                 
         100088c          100088c        0     1                 
         100088e          100088e        0     1                 
         100088e          100088e        0     1                 .LBB2_70
         100088e          100088e        0     1                 
         1000892          1000892        0     1                 
         1000896          1000896        0     1                 
         100089a          100089a        0     1                 
         100089c          100089c        0     1                 
         10008a0          10008a0        0     1                 
         10008a4          10008a4        0     1                 .LBB2_72
         10008a4          10008a4        0     1                 
         10008a4          10008a4        0     1                 
         10008a6          10008a6        0     1                 
         10008a8          10008a8        0     1                 .LBB2_73
         10008a8          10008a8        0     1                 
         10008a8          10008a8        0     1                 
         10008ac          10008ac        0     1                 
         10008b0          10008b0        0     1                 
         10008b0          10008b0        0     1                 
         10008ce          10008ce        0     1                 
         10008d2          10008d2        0     1                 
         10008d2          10008d2        0     1                 
         10008d2          10008d2        0     1                 
         10008d2          10008d2        0     1                 
         10008d2          10008d2        0     1                 
         10008d2          10008d2       1c     1                 ksnprintf
         10008e2          10008e2        0     1                 
         10008e4          10008e4        0     1                 
         10008e8          10008e8        0     1                 
         10008e8          10008e8        0     1                 
         10008ea          10008ea        0     1                 
         10008ee          10008ee        0     1                 
         10008ee          10008ee        0     1                 
         10008ee          10008ee        0     1                 
         10008ee          10008ee        0     1                 
         10008ee          10008ee        0     1                 
         10008ee          10008ee       54     1                 strip_elf_extension
         10008f2          10008f2        0     1                 
         10008fa          10008fa        0     1                 
         10008fe          10008fe        0     1                 
         1000900          1000900        0     1                 
         1000900          1000900        0     1                 
         1000904          1000904        0     1                 
         1000908          1000908        0     1                 
         100090c          100090c        0     1                 
         100090c          100090c        0     1                 
         100090e          100090e        0     1                 
         1000912          1000912        0     1                 .Lpcrel_hi5
         1000912          1000912        0     1                 
         1000920          1000920        0     1                 
         1000920          1000920        0     1                 
         1000922          1000922        0     1                 
         1000924          1000924        0     1                 
         1000924          1000924        0     1                 .Lpcrel_hi6
         1000924          1000924        0     1                 
         1000932          1000932        0     1                 
         1000932          1000932        0     1                 
         1000934          1000934        0     1                 
         1000938          1000938        0     1                 .LBB4_6
         1000938          1000938        0     1                 
         1000938          1000938        0     1                 
         1000940          1000940        0     1                 .LBB4_7
         1000940          1000940        0     1                 
         1000942          1000942        0     1                 
         1000942          1000942        0     1                 
         1000942          1000942      4d2     2         user/lib/libuser.a(printf.o):(.text)
         1000942          1000942        0     1                 
         1000942          1000942        0     1                 
         1000942          1000942        0     1                 $x.0
         1000942          1000942        0     1                 
         1000942          1000942        c     1                 putc
         1000944          1000944        0     1                 
         100094e          100094e        0     1                 
         100094e          100094e        0     1                 
         100094e          100094e        0     1                 
         100094e          100094e        0     1                 
         100094e          100094e        0     1                 
         100094e          100094e        0     1                 
         100094e          100094e       1a     1                 puts
         1000956          1000956        0     1                 
         1000956          1000956        0     1                 
         100095a          100095a        0     1                 
         100095c          100095c        0     1                 
         1000964          1000964        0     1                 
         1000964          1000964        0     1                 
         1000968          1000968        0     1                 
         1000968          1000968        0     1                 
         1000968          1000968        0     1                 
         1000968          1000968        0     1                 
         1000968          1000968        0     1                 
         1000968          1000968        0     1                 
         1000968          1000968       8e     1                 puthex
         1000970          1000970        0     1                 
         1000970          1000970        0     1                 
         1000974          1000974        0     1                 
         1000976          1000976        0     1                 
         1000978          1000978        0     1                 .Lpcrel_hi0
         1000988          1000988        0     1                 
         1000988          1000988        0     1                 .LBB2_2
         1000988          1000988        0     1                 
         100098c          100098c        0     1                 
         1000992          1000992        0     1                 
         1000992          1000992        0     1                 
         100099a          100099a        0     1                 
         100099a          100099a        0     1                 
         10009a0          10009a0        0     1                 
         10009a6          10009a6        0     1                 
         10009a8          10009a8        0     1                 
         10009a8          10009a8        0     1                 
         10009ac          10009ac        0     1                 .LBB2_4
         10009ac          10009ac        0     1                 
         10009ac          10009ac        0     1                 
         10009b0          10009b0        0     1                 
         10009b0          10009b0        0     1                 
         10009b6          10009b6        0     1                 .LBB2_5
         10009b6          10009b6        0     1                 
         10009b6          10009b6        0     1                 
         10009b8          10009b8        0     1                 
         10009bc          10009bc        0     1                 
         10009bc          10009bc        0     1                 
         10009c0          10009c0        0     1                 
         10009c0          10009c0        0     1                 .LBB2_6
         10009c0          10009c0        0     1                 
         10009d0          10009d0        0     1                 
         10009d0          10009d0        0     1                 
         10009d2          10009d2        0     1                 
         10009d4          10009d4        0     1                 .LBB2_7
         10009d4          10009d4        0     1                 
         10009d4          10009d4        0     1                 
         10009d6          10009d6        0     1                 
         10009d6          10009d6        0     1                 
         10009da          10009da        0     1                 
         10009dc          10009dc        0     1                 
         10009dc          10009dc        0     1                 
         10009e2          10009e2        0     1                 
         10009e4          10009e4        0     1                 
         10009ec          10009ec        0     1                 
         10009ec          10009ec        0     1                 
         10009f0          10009f0        0     1                 
         10009f2          10009f2        0     1                 
         10009f2          10009f2        0     1                 
         10009f6          10009f6        0     1                 
         10009f6          10009f6        0     1                 
         10009f6          10009f6        0     1                 
         10009f6          10009f6        0     1                 
         10009f6          10009f6        0     1                 
         10009f6          10009f6       dc     1                 putpad
         1000a06          1000a06        0     1                 
         1000a08          1000a08        0     1                 
         1000a08          1000a08        0     1                 
         1000a14          1000a14        0     1                 
         1000a18          1000a18        0     1                 
         1000a1c          1000a1c        0     1                 
         1000a1c          1000a1c        0     1                 
         1000a20          1000a20        0     1                 
         1000a24          1000a24        0     1                 .LBB3_2
         1000a24          1000a24        0     1                 
         1000a24          1000a24        0     1                 
         1000a26          1000a26        0     1                 
         1000a2c          1000a2c        0     1                 
         1000a2e          1000a2e        0     1                 
         1000a2e          1000a2e        0     1                 .LBB3_4
         1000a2e          1000a2e        0     1                 
         1000a3e          1000a3e        0     1                 
         1000a3e          1000a3e        0     1                 
         1000a42          1000a42        0     1                 
         1000a46          1000a46        0     1                 .LBB3_6
         1000a46          1000a46        0     1                 
         1000a48          1000a48        0     1                 
         1000a48          1000a48        0     1                 
         1000a50          1000a50        0     1                 
         1000a50          1000a50        0     1                 
         1000a56          1000a56        0     1                 
         1000a5c          1000a5c        0     1                 
         1000a5e          1000a5e        0     1                 
         1000a62          1000a62        0     1                 .LBB3_8
         1000a62          1000a62        0     1                 
         1000a62          1000a62        0     1                 
         1000a66          1000a66        0     1                 
         1000a66          1000a66        0     1                 
         1000a6c          1000a6c        0     1                 .LBB3_9
         1000a6c          1000a6c        0     1                 
         1000a6c          1000a6c        0     1                 
         1000a6e          1000a6e        0     1                 
         1000a70          1000a70        0     1                 
         1000a70          1000a70        0     1                 
         1000a74          1000a74        0     1                 
         1000a74          1000a74        0     1                 
         1000a7c          1000a7c        0     1                 
         1000a84          1000a84        0     1                 .LBB3_11
         1000a84          1000a84        0     1                 
         1000a84          1000a84        0     1                 
         1000a88          1000a88        0     1                 
         1000a94          1000a94        0     1                 .LBB3_14
         1000a94          1000a94        0     1                 
         1000a98          1000a98        0     1                 
         1000a9a          1000a9a        0     1                 
         1000a9a          1000a9a        0     1                 .LBB3_15
         1000a9a          1000a9a        0     1                 
         1000aa8          1000aa8        0     1                 
         1000aa8          1000aa8        0     1                 
         1000aaa          1000aaa        0     1                 
         1000aac          1000aac        0     1                 .LBB3_16
         1000aac          1000aac        0     1                 
         1000aac          1000aac        0     1                 
         1000aae          1000aae        0     1                 
         1000aae          1000aae        0     1                 
         1000ab0          1000ab0        0     1                 
         1000ab2          1000ab2        0     1                 
         1000ab2          1000ab2        0     1                 
         1000ab8          1000ab8        0     1                 
         1000aba          1000aba        0     1                 
         1000ac2          1000ac2        0     1                 
         1000ac2          1000ac2        0     1                 
         1000ac6          1000ac6        0     1                 
         1000aca          1000aca        0     1                 
         1000acc          1000acc        0     1                 
         1000ace          1000ace        0     1                 
         1000ace          1000ace        0     1                 
         1000ad2          1000ad2        0     1                 
         1000ad2          1000ad2        0     1                 
         1000ad2          1000ad2        0     1                 
         1000ad2          1000ad2        0     1                 
         1000ad2          1000ad2        0     1                 
         1000ad2          1000ad2      342     1                 printf
         1000af0          1000af0        0     1                 
         1000b00          1000b00        0     1                 
         1000b24          1000b24        0     1                 
         1000b24          1000b24        0     1                 .LBB4_1
         1000b24          1000b24        0     1                 
         1000b26          1000b26        0     1                 .LBB4_2
         1000b2a          1000b2a        0     1                 .LBB4_3
         1000b2e          1000b2e        0     1                 
         1000b2e          1000b2e        0     1                 
         1000b32          1000b32        0     1                 .LBB4_4
         1000b32          1000b32        0     1                 
         1000b32          1000b32        0     1                 
         1000b36          1000b36        0     1                 
         1000b3e          1000b3e        0     1                 
         1000b3e          1000b3e        0     1                 
         1000b4a          1000b4a        0     1                 
         1000b4a          1000b4a        0     1                 
         1000b4c          1000b4c        0     1                 
         1000b4e          1000b4e        0     1                 .LBB4_7
         1000b4e          1000b4e        0     1                 
         1000b4e          1000b4e        0     1                 
         1000b52          1000b52        0     1                 
         1000b56          1000b56        0     1                 
         1000b56          1000b56        0     1                 
         1000b5a          1000b5a        0     1                 
         1000b5c          1000b5c        0     1                 .LBB4_9
         1000b5c          1000b5c        0     1                 
         1000b60          1000b60        0     1                 .LBB4_10
         1000b6a          1000b6a        0     1                 
         1000b6a          1000b6a        0     1                 
         1000b6e          1000b6e        0     1                 
         1000b7c          1000b7c        0     1                 
         1000b7e          1000b7e        0     1                 
         1000b7e          1000b7e        0     1                 .LBB4_12
         1000b7e          1000b7e        0     1                 
         1000b86          1000b86        0     1                 
         1000b8a          1000b8a        0     1                 
         1000b8a          1000b8a        0     1                 
         1000b8c          1000b8c        0     1                 
         1000b90          1000b90        0     1                 
         1000b90          1000b90        0     1                 
         1000b98          1000b98        0     1                 
         1000b9c          1000b9c        0     1                 
         1000b9c          1000b9c        0     1                 
         1000b9e          1000b9e        0     1                 
         1000ba2          1000ba2        0     1                 .LBB4_13
         1000ba2          1000ba2        0     1                 
         1000ba2          1000ba2        0     1                 
         1000ba6          1000ba6        0     1                 
         1000ba6          1000ba6        0     1                 
         1000baa          1000baa        0     1                 
         1000bae          1000bae        0     1                 
         1000bb4          1000bb4        0     1                 
         1000bb6          1000bb6        0     1                 
         1000bb6          1000bb6        0     1                 
         1000bb8          1000bb8        0     1                 
         1000bb8          1000bb8        0     1                 
         1000bc2          1000bc2        0     1                 .LBB4_16
         1000bc2          1000bc2        0     1                 
         1000bc2          1000bc2        0     1                 
         1000bc6          1000bc6        0     1                 
         1000bc6          1000bc6        0     1                 
         1000bce          1000bce        0     1                 .LBB4_17
         1000bd0          1000bd0        0     1                 .Lpcrel_hi1
         1000bdc          1000bdc        0     1                 .Lpcrel_hi2
         1000be6          1000be6        0     1                 .LBB4_18
         1000be6          1000be6        0     1                 
         1000bf2          1000bf2        0     1                 
         1000bf4          1000bf4        0     1                 .LBB4_19
         1000bf4          1000bf4        0     1                 
         1000bf8          1000bf8        0     1                 
         1000bfa          1000bfa        0     1                 
         1000bfa          1000bfa        0     1                 
         1000c02          1000c02        0     1                 .LBB4_20
         1000c06          1000c06        0     1                 
         1000c06          1000c06        0     1                 
         1000c10          1000c10        0     1                 .LBB4_22
         1000c10          1000c10        0     1                 
         1000c10          1000c10        0     1                 
         1000c20          1000c20        0     1                 
         1000c20          1000c20        0     1                 
         1000c24          1000c24        0     1                 .LBB4_23
         1000c24          1000c24        0     1                 
         1000c24          1000c24        0     1                 
         1000c28          1000c28        0     1                 .LBB4_24
         1000c30          1000c30        0     1                 
         1000c30          1000c30        0     1                 
         1000c34          1000c34        0     1                 
         1000c34          1000c34        0     1                 
         1000c36          1000c36        0     1                 
         1000c36          1000c36        0     1                 .LBB4_25
         1000c36          1000c36        0     1                 .Lpcrel_hi4
         1000c36          1000c36        0     1                 
         1000c3e          1000c3e        0     1                 
         1000c44          1000c44        0     1                 
         1000c46          1000c46        0     1                 
         1000c4e          1000c4e        0     1                 
         1000c4e          1000c4e        0     1                 
         1000c58          1000c58        0     1                 
         1000c58          1000c58        0     1                 
         1000c5c          1000c5c        0     1                 
         1000c5c          1000c5c        0     1                 
         1000c5e          1000c5e        0     1                 
         1000c5e          1000c5e        0     1                 
         1000c62          1000c62        0     1                 
         1000c62          1000c62        0     1                 .LBB4_27
         1000c64          1000c64        0     1                 
         1000c64          1000c64        0     1                 
         1000c66          1000c66        0     1                 
         1000c6c          1000c6c        0     1                 
         1000c6c          1000c6c        0     1                 
         1000c74          1000c74        0     1                 
         1000c74          1000c74        0     1                 
         1000c78          1000c78        0     1                 
         1000c7a          1000c7a        0     1                 
         1000c7e          1000c7e        0     1                 
         1000c7e          1000c7e        0     1                 
         1000c82          1000c82        0     1                 .LBB4_29
         1000c82          1000c82        0     1                 
         1000c82          1000c82        0     1                 
         1000c8a          1000c8a        0     1                 
         1000c8a          1000c8a        0     1                 
         1000c90          1000c90        0     1                 
         1000c90          1000c90        0     1                 .LBB4_30
         1000c90          1000c90        0     1                 
         1000c92          1000c92        0     1                 
         1000c94          1000c94        0     1                 
         1000c9e          1000c9e        0     1                 
         1000ca0          1000ca0        0     1                 
         1000ca0          1000ca0        0     1                 
         1000ca2          1000ca2        0     1                 
         1000ca2          1000ca2        0     1                 
         1000ca6          1000ca6        0     1                 
         1000ca6          1000ca6        0     1                 
         1000ca8          1000ca8        0     1                 
         1000cac          1000cac        0     1                 
         1000cac          1000cac        0     1                 .LBB4_33
         1000cae          1000cae        0     1                 
         1000cae          1000cae        0     1                 
         1000cb0          1000cb0        0     1                 
         1000cb6          1000cb6        0     1                 
         1000cb6          1000cb6        0     1                 
         1000cbe          1000cbe        0     1                 
         1000cbe          1000cbe        0     1                 
         1000cc2          1000cc2        0     1                 
         1000cc4          1000cc4        0     1                 
         1000cc8          1000cc8        0     1                 
         1000cc8          1000cc8        0     1                 
         1000cce          1000cce        0     1                 
         1000cce          1000cce        0     1                 .LBB4_35
         1000cce          1000cce        0     1                 
         1000cd8          1000cd8        0     1                 
         1000cd8          1000cd8        0     1                 
         1000cda          1000cda        0     1                 .Lpcrel_hi3
         1000cda          1000cda        0     1                 
         1000ce2          1000ce2        0     1                 .LBB4_37
         1000ce2          1000ce2        0     1                 
         1000ce2          1000ce2        0     1                 
         1000ce8          1000ce8        0     1                 
         1000cea          1000cea        0     1                 
         1000cf2          1000cf2        0     1                 
         1000cf2          1000cf2        0     1                 
         1000cf6          1000cf6        0     1                 
         1000cf6          1000cf6        0     1                 
         1000cf8          1000cf8        0     1                 
         1000cf8          1000cf8        0     1                 .LBB4_38
         1000d00          1000d00        0     1                 
         1000d04          1000d04        0     1                 
         1000d08          1000d08        0     1                 
         1000d0c          1000d0c        0     1                 .LBB4_41
         1000d0c          1000d0c        0     1                 
         1000d14          1000d14        0     1                 
         1000d16          1000d16        0     1                 
         1000d18          1000d18        0     1                 .LBB4_43
         1000d18          1000d18        0     1                 
         1000d1c          1000d1c        0     1                 .LBB4_44
         1000d1c          1000d1c        0     1                 
         1000d1c          1000d1c        0     1                 
         1000d20          1000d20        0     1                 
         1000d20          1000d20        0     1                 
         1000d24          1000d24        0     1                 
         1000d24          1000d24        0     1                 
         1000d26          1000d26        0     1                 
         1000d28          1000d28        0     1                 
         1000d2a          1000d2a        0     1                 
         1000d2a          1000d2a        0     1                 .LBB4_46
         1000d2c          1000d2c        0     1                 
         1000d2c          1000d2c        0     1                 
         1000d2e          1000d2e        0     1                 
         1000d34          1000d34        0     1                 
         1000d34          1000d34        0     1                 
         1000d3c          1000d3c        0     1                 
         1000d3c          1000d3c        0     1                 
         1000d40          1000d40        0     1                 
         1000d42          1000d42        0     1                 
         1000d46          1000d46        0     1                 
         1000d46          1000d46        0     1                 
         1000d4c          1000d4c        0     1                 .LBB4_48
         1000d4c          1000d4c        0     1                 
         1000d4c          1000d4c        0     1                 
         1000d54          1000d54        0     1                 
         1000d54          1000d54        0     1                 
         1000d56          1000d56        0     1                 .LBB4_49
         1000d56          1000d56        0     1                 
         1000d56          1000d56        0     1                 
         1000d58          1000d58        0     1                 
         1000d58          1000d58        0     1                 .LBB4_50
         1000d58          1000d58        0     1                 
         1000d68          1000d68        0     1                 
         1000d68          1000d68        0     1                 
         1000d6a          1000d6a        0     1                 
         1000d6c          1000d6c        0     1                 .LBB4_51
         1000d6c          1000d6c        0     1                 
         1000d6c          1000d6c        0     1                 
         1000d6e          1000d6e        0     1                 
         1000d6e          1000d6e        0     1                 
         1000d74          1000d74        0     1                 
         1000d76          1000d76        0     1                 
         1000d7e          1000d7e        0     1                 
         1000d7e          1000d7e        0     1                 
         1000d82          1000d82        0     1                 
         1000d82          1000d82        0     1                 
         1000d86          1000d86        0     1                 .LBB4_52
         1000d86          1000d86        0     1                 
         1000d86          1000d86        0     1                 
         1000d8a          1000d8a        0     1                 .LBB4_53
         1000d8a          1000d8a        0     1                 
         1000d90          1000d90        0     1                 .LBB4_54
         1000d90          1000d90        0     1                 
         1000d90          1000d90        0     1                 
         1000d96          1000d96        0     1                 .LBB4_55
         1000d96          1000d96        0     1                 
         1000d96          1000d96        0     1                 
         1000d98          1000d98        0     1                 
         1000d9c          1000d9c        0     1                 
         1000d9c          1000d9c        0     1                 
         1000da0          1000da0        0     1                 
         1000da0          1000da0        0     1                 .LBB4_56
         1000da0          1000da0        0     1                 
         1000db0          1000db0        0     1                 
         1000db0          1000db0        0     1                 
         1000db2          1000db2        0     1                 
         1000db6          1000db6        0     1                 .LBB4_57
         1000db6          1000db6        0     1                 
         1000db6          1000db6        0     1                 
         1000dbc          1000dbc        0     1                 .LBB4_58
         1000dbc          1000dbc        0     1                 
         1000dbc          1000dbc        0     1                 
         1000dbe          1000dbe        0     1                 
         1000dc2          1000dc2        0     1                 
         1000dc2          1000dc2        0     1                 
         1000dc6          1000dc6        0     1                 
         1000dc6          1000dc6        0     1                 .LBB4_59
         1000dc6          1000dc6        0     1                 
         1000dd6          1000dd6        0     1                 
         1000dd6          1000dd6        0     1                 
         1000dd8          1000dd8        0     1                 
         1000dda          1000dda        0     1                 .LBB4_60
         1000dda          1000dda        0     1                 
         1000dda          1000dda        0     1                 
         1000ddc          1000ddc        0     1                 
         1000de0          1000de0        0     1                 
         1000de0          1000de0        0     1                 
         1000de6          1000de6        0     1                 
         1000de8          1000de8        0     1                 
         1000df0          1000df0        0     1                 
         1000df0          1000df0        0     1                 
         1000df6          1000df6        0     1                 .LBB4_61
         1000df6          1000df6        0     1                 
         1000e08          1000e08        0     1                 
         1000e10          1000e10        0     1                 
         1000e14          1000e14        0     1                 
         1000e14          1000e14        0     1                 
         1000e14          1000e14      230     2         user/lib/libuser.a(string.o):(.text)
         1000e14          1000e14        0     1                 
         1000e14          1000e14        0     1                 
         1000e14          1000e14        0     1                 $x.0
         1000e14          1000e14        0     1                 
         1000e14          1000e14       2e     1                 strcmp
         1000e18          1000e18        0     1                 
         1000e1a          1000e1a        0     1                 
         1000e1c          1000e1c        0     1                 
         1000e1c          1000e1c        0     1                 .LBB0_2
         1000e1c          1000e1c        0     1                 
[...]
         10014d0          10014d0        0     1         
         10014d0          10014d0     eb30     1 . = 0x1010000
         1010000          1010000    10000     1 .stack
         1010000          1010000        0     1         __user_stack_bottom = .
         1010000          1010000    10000     1         . += 64 * 1024
         1020000          1020000        0     1         __user_stack_top = .
         1020000          1020000        0     1 . = ALIGN ( 4096 )
         1020000          1020000        0     1 __user_heap_start = 0x03000000
         1020000          1020000  2000000     1 . += 32 * 1024 * 1024
         3020000          3020000        0     1 __user_heap_end = .
               0                0     21e6     1 .debug_info
               0                0       96     1         user/bin/init_crt0.o:(.debug_info)
               0                0        0     1                 
               0                0        0     1                 $d.4
              96               96      761     1         user/bin/shell.o:(.debug_info)
              96               96        0     1                 $d.4
             7f7              7f7      13c     1         user/lib/libuser.a(log.o):(.debug_info)
             7f7              7f7        0     1                 $d.3
             933              933      628     1         user/lib/libuser.a(common.o):(.debug_info)
             933              933        0     1                 $d.5
             f5b              f5b      79d     1         user/lib/libuser.a(printf.o):(.debug_info)
             f5b              f5b        0     1                 $d.5
            16f8             16f8      49c     1         user/lib/libuser.a(string.o):(.debug_info)
            16f8             16f8        0     1                 $d.4
            1b94             1b94      652     1         user/lib/libuser.a(syscall.o):(.debug_info)
            1b94             1b94        0     1                 $d.3
               0                0      7fc     1 .debug_abbrev
               0                0       21     1         user/bin/init_crt0.o:(.debug_abbrev)
               0                0        0     1                 
               0                0        0     1                 $d.3
              21               21      134     1         user/bin/shell.o:(.debug_abbrev)
              21               21        0     1                 $d.3
             155              155       c3     1         user/lib/libuser.a(log.o):(.debug_abbrev)
             155              155        0     1                 $d.2
             218              218      1be     1         user/lib/libuser.a(common.o):(.debug_abbrev)
             218              218        0     1                 $d.4
             3d6              3d6      1d2     1         user/lib/libuser.a(printf.o):(.debug_abbrev)
             3d6              3d6        0     1                 $d.4
             5a8              5a8      119     1         user/lib/libuser.a(string.o):(.debug_abbrev)
             5a8              5a8        0     1                 $d.3
             6c1              6c1      13b     1         user/lib/libuser.a(syscall.o):(.debug_abbrev)
             6c1              6c1        0     1                 $d.2
               0                0       30     1 .debug_aranges
               0                0       30     1         user/bin/init_crt0.o:(.debug_aranges)
               0                0        0     1                 $d.2
               0                0     1c05     1 .debug_line
               0                0       54     1         user/bin/init_crt0.o:(.debug_line)
               0                0        0     1                 .Lline_table_start0
               0                0        0     1                 $d.5
              54               54      3d5     1         user/bin/shell.o:(.debug_line)
              54               54        0     1                 .Lline_table_start0
              54               54        0     1                 $d.9
             429              429       f4     1         user/lib/libuser.a(log.o):(.debug_line)
             429              429        0     1                 .Lline_table_start0
             429              429        0     1                 $d.8
             51d              51d      914     1         user/lib/libuser.a(common.o):(.debug_line)
             51d              51d        0     1                 .Lline_table_start0
             51d              51d        0     1                 $d.11
             e31              e31      6f9     1         user/lib/libuser.a(printf.o):(.debug_line)
             e31              e31        0     1                 .Lline_table_start0
             e31              e31        0     1                 $d.11
            152a             152a      581     1         user/lib/libuser.a(string.o):(.debug_line)
            152a             152a        0     1                 .Lline_table_start0
            152a             152a        0     1                 $d.10
            1aab             1aab      15a     1         user/lib/libuser.a(syscall.o):(.debug_line)
            1aab             1aab        0     1                 .Lline_table_start0
            1aab             1aab        0     1                 $d.8
               0                0     21ff     1 .debug_loc
               0                0      182     1         user/bin/shell.o:(.debug_loc)
               0                0        0     1                 
               0                0        0     1                 $d.2
              38               38        0     1                 
              6e               6e        0     1                 
              a6               a6        0     1                 
              cb               cb        0     1                 
             103              103        0     1                 
             139              139        0     1                 
             182              182       49     1         user/lib/libuser.a(log.o):(.debug_loc)
             182              182        0     1                 
             182              182        0     1                 $d.1
             1cb              1cb      ba6     1         user/lib/libuser.a(common.o):(.debug_loc)
             1cb              1cb        0     1                 
             1cb              1cb        0     1                 $d.3
             214              214        0     1                 
             24a              24a        0     1                 
             26d              26d        0     1                 
             2b8              2b8        0     1                 
             2ee              2ee        0     1                 
             337              337        0     1                 
             36d              36d        0     1                 
             3b6              3b6        0     1                 
             3f0              3f0        0     1                 
             428              428        0     1                 
             45e              45e        0     1                 
             481              481        0     1                 
             4ca              4ca        0     1                 
             4ed              4ed        0     1                 
             523              523        0     1                 
             546              546        0     1                 
             569              569        0     1                 
             5eb              5eb        0     1                 
             694              694        0     1                 
             73c              73c        0     1                 
             75f              75f        0     1                 
             782              782        0     1                 
             7ba              7ba        0     1                 
             7dd              7dd        0     1                 
             833              833        0     1                 
             86b              86b        0     1                 
             8a3              8a3        0     1                 
             8c6              8c6        0     1                 
             91c              91c        0     1                 
             954              954        0     1                 
             977              977        0     1                 
             9b1              9b1        0     1                 
             9e9              9e9        0     1                 
             a1f              a1f        0     1                 
             a57              a57        0     1                 
             a8d              a8d        0     1                 
             ac5              ac5        0     1                 
             afb              afb        0     1                 
             b31              b31        0     1                 
             b69              b69        0     1                 
             b9f              b9f        0     1                 
             bd5              bd5        0     1                 
             c0b              c0b        0     1                 
             c43              c43        0     1                 
             c66              c66        0     1                 
             c89              c89        0     1                 
             cac              cac        0     1                 
             ce2              ce2        0     1                 
             d18              d18        0     1                 
             d3b              d3b        0     1                 
             d71              d71      b12     1         user/lib/libuser.a(printf.o):(.debug_loc)
             d71              d71        0     1                 
             d71              d71        0     1                 $d.3
             da7              da7        0     1                 
             ddd              ddd        0     1                 
             e13              e13        0     1                 
             e36              e36        0     1                 
             e96              e96        0     1                 
             ebe              ebe        0     1                 
             ee3              ee3        0     1                 
             f06              f06        0     1                 
             f4f              f4f        0     1                 
             f72              f72        0     1                 
             fa8              fa8        0     1                 
             fde              fde        0     1                 
            1014             1014        0     1                 
            1087             1087        0     1                 
            10ac             10ac        0     1                 
            10cf             10cf        0     1                 
            10f2             10f2        0     1                 
            1115             1115        0     1                 
            1138             1138        0     1                 
            128b             128b        0     1                 
            12b0             12b0        0     1                 
            12fb             12fb        0     1                 
            1374             1374        0     1                 
            1397             1397        0     1                 
            13f7             13f7        0     1                 
            1431             1431        0     1                 
            14af             14af        0     1                 
            150b             150b        0     1                 
            1533             1533        0     1                 
            156d             156d        0     1                 
            15cd             15cd        0     1                 
            162d             162d        0     1                 
            1663             1663        0     1                 
            16a7             16a7        0     1                 
            1703             1703        0     1                 
            1726             1726        0     1                 
            175c             175c        0     1                 
            17a5             17a5        0     1                 
            17e9             17e9        0     1                 
            1811             1811        0     1                 
            1836             1836        0     1                 
            185e             185e        0     1                 
            1883             1883      5ea     1         user/lib/libuser.a(string.o):(.debug_loc)
            1883             1883        0     1                 
            1883             1883        0     1                 $d.2
            18e1             18e1        0     1                 
            1904             1904        0     1                 
            1927             1927        0     1                 
            194a             194a        0     1                 
            196d             196d        0     1                 
            1991             1991        0     1                 
            19b4             19b4        0     1                 
            19eb             19eb        0     1                 
            1a34             1a34        0     1                 
            1a7f             1a7f        0     1                 
            1ab5             1ab5        0     1                 
            1afe             1afe        0     1                 
            1b21             1b21        0     1                 
            1b58             1b58        0     1                 
            1b7b             1b7b        0     1                 
            1bb1             1bb1        0     1                 
            1c24             1c24        0     1                 
            1c47             1c47        0     1                 
            1c6a             1c6a        0     1                 
            1c8d             1c8d        0     1                 
            1cb0             1cb0        0     1                 
            1cfb             1cfb        0     1                 
            1d33             1d33        0     1                 
            1d56             1d56        0     1                 
            1d79             1d79        0     1                 
            1d9c             1d9c        0     1                 
            1df3             1df3        0     1                 
            1e16             1e16        0     1                 
            1e6d             1e6d      392     1         user/lib/libuser.a(syscall.o):(.debug_loc)
            1e6d             1e6d        0     1                 
            1e6d             1e6d        0     1                 $d.1
            1ea3             1ea3        0     1                 
            1eec             1eec        0     1                 
            1f22             1f22        0     1                 
            1f58             1f58        0     1                 
            1fa1             1fa1        0     1                 
            1fd7             1fd7        0     1                 
            200d             200d        0     1                 
            2043             2043        0     1                 
            2066             2066        0     1                 
            2089             2089        0     1                 
            20ad             20ad        0     1                 
            20d1             20d1        0     1                 
            2108             2108        0     1                 
            212b             212b        0     1                 
            214e             214e        0     1                 
            2171             2171        0     1                 
            2194             2194        0     1                 
            21b7             21b7        0     1                 
            21db             21db        0     1                 
               0                0      3ab     1 .debug_str
               0                0      3ab     1         <internal>:(.debug_str)
               0                0       42     1 .comment
               0                0       42     1         <internal>:(.comment)
               0                0      4c8     8 .debug_frame
               0                0       70     8         user/bin/shell.o:(.debug_frame)
               0                0        0     1                 
               0                0        0     1                 $d.8
              70               70       38     8         user/lib/libuser.a(log.o):(.debug_frame)
              70               70        0     1                 
              70               70        0     1                 $d.7
              a8               a8       d8     8         user/lib/libuser.a(common.o):(.debug_frame)
              a8               a8        0     1                 
              a8               a8        0     1                 $d.10
             180              180       d8     8         user/lib/libuser.a(printf.o):(.debug_frame)
             180              180        0     1                 
             180              180        0     1                 $d.10
             258              258      138     8         user/lib/libuser.a(string.o):(.debug_frame)
             258              258        0     1                 
             258              258        0     1                 $d.9
             390              390      138     8         user/lib/libuser.a(syscall.o):(.debug_frame)
             390              390        0     1                 
             390              390        0     1                 $d.7
               0                0      2c0     1 .debug_ranges
               0                0      160     1         user/lib/libuser.a(common.o):(.debug_ranges)
               0                0        0     1                 
               0                0        0     1                 $d.6
              30               30        0     1                 
              70               70        0     1                 
              a0               a0        0     1                 
              d0               d0        0     1                 
             100              100        0     1                 
             130              130        0     1                 
             160              160      130     1         user/lib/libuser.a(printf.o):(.debug_ranges)
             160              160        0     1                 
             160              160        0     1                 $d.6
             1d0              1d0        0     1                 
             200              200        0     1                 
             230              230        0     1                 
             260              260        0     1                 
             290              290       30     1         user/lib/libuser.a(string.o):(.debug_ranges)
             290              290        0     1                 
             290              290        0     1                 $d.5
               0                0     a9c8     8 .symtab
               0                0     a9c8     8         <internal>:(.symtab)
               0                0       a4     1 .shstrtab
               0                0       a4     1         <internal>:(.shstrtab)
               0                0      304     1 .strtab
               0                0      304     1         <internal>:(.strtab)
