             VMA              LMA     Size Align Out     In      Symbol
               0                0  1000000     1 . = 0x1000000
         1000000          1000000      a6a     2 .text
         1000000          1000000       10     1         user/bin/init_crt0.o:(.text.start)
         1000000          1000000        0     1                 
         1000000          1000000        0     1                 .Lpcrel_hi0
         1000000          1000000        0     1                 $x.0
         1000000          1000000        0     1                 
         1000000          1000000        0     1                 start
         1000008          1000008        0     1                 
         100000c          100000c        0     1                 
         1000010          1000010        0     1                 
         1000010          1000010        0     2         user/bin/init_crt0.o:(.text)
         1000010          1000010      2a2     2         user/bin/shell.o:(.text)
         1000010          1000010        0     1                 
         1000010          1000010        0     1                 
         1000010          1000010        0     1                 $x.0
         1000010          1000010        0     1                 
         1000010          1000010       4e     1                 print_help
         1000014          1000014        0     1                 .Lpcrel_hi0
         1000014          1000014        0     1                 
         1000020          1000020        0     1                 
         1000020          1000020        0     1                 .Lpcrel_hi1
         1000020          1000020        0     1                 
         100002c          100002c        0     1                 
         100002c          100002c        0     1                 .Lpcrel_hi2
         100002c          100002c        0     1                 
         1000038          1000038        0     1                 
         1000038          1000038        0     1                 .Lpcrel_hi3
         1000038          1000038        0     1                 
         1000044          1000044        0     1                 
         1000044          1000044        0     1                 .Lpcrel_hi4
         1000044          1000044        0     1                 
         1000050          1000050        0     1                 
         1000050          1000050        0     1                 .Lpcrel_hi5
         1000050          1000050        0     1                 
         100005a          100005a        0     1                 
         100005e          100005e        0     1                 
         100005e          100005e        0     1                 
         100005e          100005e        0     1                 
         100005e          100005e        0     1                 
         100005e          100005e        0     1                 
         100005e          100005e        0     1                 
         100005e          100005e      254     1                 main
         100008c          100008c        0     1                 
         1000090          1000090        0     1                 .Lpcrel_hi6
         1000090          1000090        0     1                 
         1000098          1000098        0     1                 
         1000098          1000098        0     1                 
         100009a          100009a        0     1                 
         100009a          100009a        0     1                 
         100009e          100009e        0     1                 
         100009e          100009e        0     1                 .Lpcrel_hi7
         100009e          100009e        0     1                 
         10000ae          10000ae        0     1                 .Lpcrel_hi8
         10000b8          10000b8        0     1                 .Lpcrel_hi9
         10000c2          10000c2        0     1                 .Lpcrel_hi10
         10000cc          10000cc        0     1                 .Lpcrel_hi11
         10000d6          10000d6        0     1                 .Lpcrel_hi12
         10000e0          10000e0        0     1                 .Lpcrel_hi13
         10000ea          10000ea        0     1                 .Lpcrel_hi14
         10000f4          10000f4        0     1                 .Lpcrel_hi15
         10000fe          10000fe        0     1                 .Lpcrel_hi16
         1000108          1000108        0     1                 .Lpcrel_hi17
         1000112          1000112        0     1                 .Lpcrel_hi18
         100011c          100011c        0     1                 .Lpcrel_hi19
         1000126          1000126        0     1                 .Lpcrel_hi20
         1000130          1000130        0     1                 .Lpcrel_hi21
         100013a          100013a        0     1                 .Lpcrel_hi22
         1000144          1000144        0     1                 .Lpcrel_hi23
         1000150          1000150        0     1                 .Lpcrel_hi24
         100015e          100015e        0     1                 
         100015e          100015e        0     1                 .LBB1_1
         100015e          100015e        0     1                 
         1000162          1000162        0     1                 
         1000168          1000168        0     1                 .LBB1_2
         1000168          1000168        0     1                 
         1000168          1000168        0     1                 
         100016e          100016e        0     1                 
         100016e          100016e        0     1                 
         1000172          1000172        0     1                 
         1000172          1000172        0     1                 .LBB1_3
         1000172          1000172        0     1                 
         1000176          1000176        0     1                 .LBB1_4
         1000176          1000176        0     1                 
         1000182          1000182        0     1                 
         1000182          1000182        0     1                 
         1000184          1000184        0     1                 
         1000184          1000184        0     1                 
         1000188          1000188        0     1                 
         100018c          100018c        0     1                 
         1000190          1000190        0     1                 
         1000190          1000190        0     1                 
         1000194          1000194        0     1                 
         100019c          100019c        0     1                 
         10001ac          10001ac        0     1                 
         10001b4          10001b4        0     1                 
         10001b6          10001b6        0     1                 
         10001bc          10001bc        0     1                 
         10001bc          10001bc        0     1                 
         10001be          10001be        0     1                 .LBB1_10
         10001be          10001be        0     1                 
         10001c2          10001c2        0     1                 
         10001c4          10001c4        0     1                 
         10001ca          10001ca        0     1                 .LBB1_11
         10001ca          10001ca        0     1                 
         10001d0          10001d0        0     1                 
         10001d0          10001d0        0     1                 
         10001d2          10001d2        0     1                 
         10001d2          10001d2        0     1                 
         10001d6          10001d6        0     1                 
         10001da          10001da        0     1                 
         10001dc          10001dc        0     1                 
         10001dc          10001dc        0     1                 
         10001e4          10001e4        0     1                 
         10001e4          10001e4        0     1                 
         10001e6          10001e6        0     1                 
         10001e8          10001e8        0     1                 
         10001ec          10001ec        0     1                 
         10001ec          10001ec        0     1                 .LBB1_14
         10001ee          10001ee        0     1                 
         10001ee          10001ee        0     1                 
         10001f0          10001f0        0     1                 
         10001f2          10001f2        0     1                 
         10001f8          10001f8        0     1                 
         10001f8          10001f8        0     1                 
         10001fa          10001fa        0     1                 
         10001fe          10001fe        0     1                 
         10001fe          10001fe        0     1                 
         1000204          1000204        0     1                 .LBB1_16
         1000204          1000204        0     1                 
         1000204          1000204        0     1                 
         1000208          1000208        0     1                 
         100020a          100020a        0     1                 
         100020a          100020a        0     1                 
         100020c          100020c        0     1                 
         100020c          100020c        0     1                 
         100020e          100020e        0     1                 
         1000212          1000212        0     1                 
         1000212          1000212        0     1                 
         1000214          1000214        0     1                 
         100021c          100021c        0     1                 
         100021c          100021c        0     1                 
         100021e          100021e        0     1                 
         1000226          1000226        0     1                 
         1000226          1000226        0     1                 
         1000228          1000228        0     1                 
         1000230          1000230        0     1                 
         1000230          1000230        0     1                 
         1000232          1000232        0     1                 
         100023a          100023a        0     1                 
         100023a          100023a        0     1                 
         1000242          1000242        0     1                 
         1000242          1000242        0     1                 
         1000248          1000248        0     1                 
         1000248          1000248        0     1                 
         100024a          100024a        0     1                 
         100024e          100024e        0     1                 
         100024e          100024e        0     1                 
         1000250          1000250        0     1                 
         1000254          1000254        0     1                 
         1000254          1000254        0     1                 
         1000256          1000256        0     1                 
         100025a          100025a        0     1                 
         100025a          100025a        0     1                 
         100025c          100025c        0     1                 .LBB1_25
         100025c          100025c        0     1                 
         1000264          1000264        0     1                 
         1000266          1000266        0     1                 .LBB1_26
         1000268          1000268        0     1                 
         1000268          1000268        0     1                 
         100026c          100026c        0     1                 
         100026c          100026c        0     1                 
         100026e          100026e        0     1                 
         1000272          1000272        0     1                 
         1000272          1000272        0     1                 
         1000274          1000274        0     1                 
         1000278          1000278        0     1                 
         1000278          1000278        0     1                 
         100027a          100027a        0     1                 
         100027e          100027e        0     1                 
         100027e          100027e        0     1                 
         1000280          1000280        0     1                 
         1000284          1000284        0     1                 
         1000284          1000284        0     1                 
         1000286          1000286        0     1                 
         100028a          100028a        0     1                 
         100028c          100028c        0     1                 .LBB1_27
         100028c          100028c        0     1                 
         1000294          1000294        0     1                 
         1000294          1000294        0     1                 
         1000296          1000296        0     1                 .LBB1_28
         1000296          1000296        0     1                 
         1000296          1000296        0     1                 
         1000298          1000298        0     1                 
         100029c          100029c        0     1                 
         100029c          100029c        0     1                 
         100029e          100029e        0     1                 
         10002a2          10002a2        0     1                 
         10002a2          10002a2        0     1                 
         10002a8          10002a8        0     1                 
         10002a8          10002a8        0     1                 
         10002aa          10002aa        0     1                 .LBB1_29
         10002aa          10002aa        0     1                 
         10002ac          10002ac        0     1                 
         10002b0          10002b0        0     1                 
         10002b2          10002b2        0     1                 
         10002b2          10002b2        0     1                 
         10002b2          10002b2        0     1                 
         10002b2          10002b2      4d2     2         user/lib/libuser.a(printf.o):(.text)
         10002b2          10002b2        0     1                 
         10002b2          10002b2        0     1                 
         10002b2          10002b2        0     1                 $x.0
         10002b2          10002b2        0     1                 
         10002b2          10002b2        c     1                 putc
         10002b4          10002b4        0     1                 
         10002be          10002be        0     1                 
         10002be          10002be        0     1                 
         10002be          10002be        0     1                 
         10002be          10002be        0     1                 
         10002be          10002be        0     1                 
         10002be          10002be        0     1                 
         10002be          10002be       1a     1                 puts
         10002c6          10002c6        0     1                 
         10002c6          10002c6        0     1                 
         10002ca          10002ca        0     1                 
         10002cc          10002cc        0     1                 
         10002d4          10002d4        0     1                 
         10002d4          10002d4        0     1                 
         10002d8          10002d8        0     1                 
         10002d8          10002d8        0     1                 
         10002d8          10002d8        0     1                 
         10002d8          10002d8        0     1                 
         10002d8          10002d8        0     1                 
         10002d8          10002d8        0     1                 
         10002d8          10002d8       8e     1                 puthex
         10002e0          10002e0        0     1                 
         10002e0          10002e0        0     1                 
         10002e4          10002e4        0     1                 
         10002e6          10002e6        0     1                 
         10002e8          10002e8        0     1                 .Lpcrel_hi0
         10002f8          10002f8        0     1                 
         10002f8          10002f8        0     1                 .LBB2_2
         10002f8          10002f8        0     1                 
         10002fc          10002fc        0     1                 
         1000302          1000302        0     1                 
         1000302          1000302        0     1                 
         100030a          100030a        0     1                 
         100030a          100030a        0     1                 
         1000310          1000310        0     1                 
         1000316          1000316        0     1                 
         1000318          1000318        0     1                 
         1000318          1000318        0     1                 
         100031c          100031c        0     1                 .LBB2_4
         100031c          100031c        0     1                 
         100031c          100031c        0     1                 
         1000320          1000320        0     1                 
         1000320          1000320        0     1                 
         1000326          1000326        0     1                 .LBB2_5
         1000326          1000326        0     1                 
         1000326          1000326        0     1                 
         1000328          1000328        0     1                 
         100032c          100032c        0     1                 
         100032c          100032c        0     1                 
         1000330          1000330        0     1                 
         1000330          1000330        0     1                 .LBB2_6
         1000330          1000330        0     1                 
         1000340          1000340        0     1                 
         1000340          1000340        0     1                 
         1000342          1000342        0     1                 
         1000344          1000344        0     1                 .LBB2_7
         1000344          1000344        0     1                 
         1000344          1000344        0     1                 
         1000346          1000346        0     1                 
         1000346          1000346        0     1                 
         100034a          100034a        0     1                 
         100034c          100034c        0     1                 
         100034c          100034c        0     1                 
         1000352          1000352        0     1                 
         1000354          1000354        0     1                 
         100035c          100035c        0     1                 
         100035c          100035c        0     1                 
         1000360          1000360        0     1                 
         1000362          1000362        0     1                 
         1000362          1000362        0     1                 
         1000366          1000366        0     1                 
         1000366          1000366        0     1                 
         1000366          1000366        0     1                 
         1000366          1000366        0     1                 
         1000366          1000366        0     1                 
         1000366          1000366       dc     1                 putpad
         1000376          1000376        0     1                 
         1000378          1000378        0     1                 
         1000378          1000378        0     1                 
         1000384          1000384        0     1                 
         1000388          1000388        0     1                 
         100038c          100038c        0     1                 
         100038c          100038c        0     1                 
         1000390          1000390        0     1                 
         1000394          1000394        0     1                 .LBB3_2
         1000394          1000394        0     1                 
         1000394          1000394        0     1                 
         1000396          1000396        0     1                 
         100039c          100039c        0     1                 
         100039e          100039e        0     1                 
         100039e          100039e        0     1                 .LBB3_4
         100039e          100039e        0     1                 
         10003ae          10003ae        0     1                 
         10003ae          10003ae        0     1                 
         10003b2          10003b2        0     1                 
         10003b6          10003b6        0     1                 .LBB3_6
         10003b6          10003b6        0     1                 
         10003b8          10003b8        0     1                 
         10003b8          10003b8        0     1                 
         10003c0          10003c0        0     1                 
         10003c0          10003c0        0     1                 
         10003c6          10003c6        0     1                 
         10003cc          10003cc        0     1                 
         10003ce          10003ce        0     1                 
         10003d2          10003d2        0     1                 .LBB3_8
         10003d2          10003d2        0     1                 
         10003d2          10003d2        0     1                 
         10003d6          10003d6        0     1                 
         10003d6          10003d6        0     1                 
         10003dc          10003dc        0     1                 .LBB3_9
         10003dc          10003dc        0     1                 
         10003dc          10003dc        0     1                 
         10003de          10003de        0     1                 
         10003e0          10003e0        0     1                 
         10003e0          10003e0        0     1                 
         10003e4          10003e4        0     1                 
         10003e4          10003e4        0     1                 
         10003ec          10003ec        0     1                 
         10003f4          10003f4        0     1                 .LBB3_11
         10003f4          10003f4        0     1                 
         10003f4          10003f4        0     1                 
         10003f8          10003f8        0     1                 
         1000404          1000404        0     1                 .LBB3_14
         1000404          1000404        0     1                 
         1000408          1000408        0     1                 
         100040a          100040a        0     1                 
         100040a          100040a        0     1                 .LBB3_15
         100040a          100040a        0     1                 
         1000418          1000418        0     1                 
         1000418          1000418        0     1                 
         100041a          100041a        0     1                 
         100041c          100041c        0     1                 .LBB3_16
         100041c          100041c        0     1                 
         100041c          100041c        0     1                 
         100041e          100041e        0     1                 
         100041e          100041e        0     1                 
         1000420          1000420        0     1                 
         1000422          1000422        0     1                 
         1000422          1000422        0     1                 
         1000428          1000428        0     1                 
         100042a          100042a        0     1                 
         1000432          1000432        0     1                 
         1000432          1000432        0     1                 
         1000436          1000436        0     1                 
         100043a          100043a        0     1                 
         100043c          100043c        0     1                 
         100043e          100043e        0     1                 
         100043e          100043e        0     1                 
         1000442          1000442        0     1                 
         1000442          1000442        0     1                 
         1000442          1000442        0     1                 
         1000442          1000442        0     1                 
         1000442          1000442        0     1                 
         1000442          1000442      342     1                 printf
         1000460          1000460        0     1                 
         1000470          1000470        0     1                 
         1000494          1000494        0     1                 
         1000494          1000494        0     1                 .LBB4_1
         1000494          1000494        0     1                 
         1000496          1000496        0     1                 .LBB4_2
         100049a          100049a        0     1                 .LBB4_3
         100049e          100049e        0     1                 
         100049e          100049e        0     1                 
         10004a2          10004a2        0     1                 .LBB4_4
         10004a2          10004a2        0     1                 
         10004a2          10004a2        0     1                 
         10004a6          10004a6        0     1                 
         10004ae          10004ae        0     1                 
         10004ae          10004ae        0     1                 
         10004ba          10004ba        0     1                 
         10004ba          10004ba        0     1                 
         10004bc          10004bc        0     1                 
         10004be          10004be        0     1                 .LBB4_7
         10004be          10004be        0     1                 
         10004be          10004be        0     1                 
         10004c2          10004c2        0     1                 
         10004c6          10004c6        0     1                 
         10004c6          10004c6        0     1                 
         10004ca          10004ca        0     1                 
         10004cc          10004cc        0     1                 .LBB4_9
         10004cc          10004cc        0     1                 
         10004d0          10004d0        0     1                 .LBB4_10
         10004da          10004da        0     1                 
         10004da          10004da        0     1                 
         10004de          10004de        0     1                 
         10004ec          10004ec        0     1                 
         10004ee          10004ee        0     1                 
         10004ee          10004ee        0     1                 .LBB4_12
         10004ee          10004ee        0     1                 
         10004f6          10004f6        0     1                 
         10004fa          10004fa        0     1                 
         10004fa          10004fa        0     1                 
         10004fc          10004fc        0     1                 
         1000500          1000500        0     1                 
         1000500          1000500        0     1                 
         1000508          1000508        0     1                 
         100050c          100050c        0     1                 
         100050c          100050c        0     1                 
         100050e          100050e        0     1                 
         1000512          1000512        0     1                 .LBB4_13
         1000512          1000512        0     1                 
         1000512          1000512        0     1                 
         1000516          1000516        0     1                 
         1000516          1000516        0     1                 
         100051a          100051a        0     1                 
         100051e          100051e        0     1                 
         1000524          1000524        0     1                 
         1000526          1000526        0     1                 
         1000526          1000526        0     1                 
         1000528          1000528        0     1                 
         1000528          1000528        0     1                 
         1000532          1000532        0     1                 .LBB4_16
         1000532          1000532        0     1                 
         1000532          1000532        0     1                 
         1000536          1000536        0     1                 
         1000536          1000536        0     1                 
         100053e          100053e        0     1                 .LBB4_17
         1000540          1000540        0     1                 .Lpcrel_hi1
         100054c          100054c        0     1                 .Lpcrel_hi2
         1000556          1000556        0     1                 .LBB4_18
         1000556          1000556        0     1                 
         1000562          1000562        0     1                 
         1000564          1000564        0     1                 .LBB4_19
         1000564          1000564        0     1                 
         1000568          1000568        0     1                 
         100056a          100056a        0     1                 
         100056a          100056a        0     1                 
         1000572          1000572        0     1                 .LBB4_20
         1000576          1000576        0     1                 
         1000576          1000576        0     1                 
         1000580          1000580        0     1                 .LBB4_22
         1000580          1000580        0     1                 
         1000580          1000580        0     1                 
         1000590          1000590        0     1                 
         1000590          1000590        0     1                 
         1000594          1000594        0     1                 .LBB4_23
         1000594          1000594        0     1                 
         1000594          1000594        0     1                 
         1000598          1000598        0     1                 .LBB4_24
         10005a0          10005a0        0     1                 
         10005a0          10005a0        0     1                 
         10005a4          10005a4        0     1                 
         10005a4          10005a4        0     1                 
         10005a6          10005a6        0     1                 
         10005a6          10005a6        0     1                 .LBB4_25
         10005a6          10005a6        0     1                 .Lpcrel_hi4
         10005a6          10005a6        0     1                 
         10005ae          10005ae        0     1                 
         10005b4          10005b4        0     1                 
         10005b6          10005b6        0     1                 
         10005be          10005be        0     1                 
         10005be          10005be        0     1                 
         10005c8          10005c8        0     1                 
         10005c8          10005c8        0     1                 
         10005cc          10005cc        0     1                 
         10005cc          10005cc        0     1                 
         10005ce          10005ce        0     1                 
         10005ce          10005ce        0     1                 
         10005d2          10005d2        0     1                 
         10005d2          10005d2        0     1                 .LBB4_27
         10005d4          10005d4        0     1                 
         10005d4          10005d4        0     1                 
         10005d6          10005d6        0     1                 
         10005dc          10005dc        0     1                 
         10005dc          10005dc        0     1                 
         10005e4          10005e4        0     1                 
         10005e4          10005e4        0     1                 
         10005e8          10005e8        0     1                 
         10005ea          10005ea        0     1                 
         10005ee          10005ee        0     1                 
         10005ee          10005ee        0     1                 
         10005f2          10005f2        0     1                 .LBB4_29
         10005f2          10005f2        0     1                 
         10005f2          10005f2        0     1                 
         10005fa          10005fa        0     1                 
         10005fa          10005fa        0     1                 
         1000600          1000600        0     1                 
         1000600          1000600        0     1                 .LBB4_30
         1000600          1000600        0     1                 
         1000602          1000602        0     1                 
         1000604          1000604        0     1                 
         100060e          100060e        0     1                 
         1000610          1000610        0     1                 
         1000610          1000610        0     1                 
         1000612          1000612        0     1                 
         1000612          1000612        0     1                 
         1000616          1000616        0     1                 
         1000616          1000616        0     1                 
         1000618          1000618        0     1                 
         100061c          100061c        0     1                 
         100061c          100061c        0     1                 .LBB4_33
         100061e          100061e        0     1                 
         100061e          100061e        0     1                 
         1000620          1000620        0     1                 
         1000626          1000626        0     1                 
         1000626          1000626        0     1                 
         100062e          100062e        0     1                 
         100062e          100062e        0     1                 
         1000632          1000632        0     1                 
         1000634          1000634        0     1                 
         1000638          1000638        0     1                 
         1000638          1000638        0     1                 
         100063e          100063e        0     1                 
         100063e          100063e        0     1                 .LBB4_35
         100063e          100063e        0     1                 
         1000648          1000648        0     1                 
         1000648          1000648        0     1                 
         100064a          100064a        0     1                 .Lpcrel_hi3
         100064a          100064a        0     1                 
         1000652          1000652        0     1                 .LBB4_37
         1000652          1000652        0     1                 
         1000652          1000652        0     1                 
         1000658          1000658        0     1                 
         100065a          100065a        0     1                 
         1000662          1000662        0     1                 
         1000662          1000662        0     1                 
         1000666          1000666        0     1                 
         1000666          1000666        0     1                 
         1000668          1000668        0     1                 
         1000668          1000668        0     1                 .LBB4_38
         1000670          1000670        0     1                 
         1000674          1000674        0     1                 
         1000678          1000678        0     1                 
         100067c          100067c        0     1                 .LBB4_41
         100067c          100067c        0     1                 
         1000684          1000684        0     1                 
         1000686          1000686        0     1                 
         1000688          1000688        0     1                 .LBB4_43
         1000688          1000688        0     1                 
         100068c          100068c        0     1                 .LBB4_44
         100068c          100068c        0     1                 
         100068c          100068c        0     1                 
         1000690          1000690        0     1                 
         1000690          1000690        0     1                 
         1000694          1000694        0     1                 
         1000694          1000694        0     1                 
         1000696          1000696        0     1                 
         1000698          1000698        0     1                 
         100069a          100069a        0     1                 
         100069a          100069a        0     1                 .LBB4_46
         100069c          100069c        0     1                 
         100069c          100069c        0     1                 
         100069e          100069e        0     1                 
         10006a4          10006a4        0     1                 
         10006a4          10006a4        0     1                 
         10006ac          10006ac        0     1                 
         10006ac          10006ac        0     1                 
         10006b0          10006b0        0     1                 
         10006b2          10006b2        0     1                 
         10006b6          10006b6        0     1                 
         10006b6          10006b6        0     1                 
         10006bc          10006bc        0     1                 .LBB4_48
         10006bc          10006bc        0     1                 
         10006bc          10006bc        0     1                 
         10006c4          10006c4        0     1                 
         10006c4          10006c4        0     1                 
         10006c6          10006c6        0     1                 .LBB4_49
         10006c6          10006c6        0     1                 
         10006c6          10006c6        0     1                 
         10006c8          10006c8        0     1                 
         10006c8          10006c8        0     1                 .LBB4_50
         10006c8          10006c8        0     1                 
         10006d8          10006d8        0     1                 
         10006d8          10006d8        0     1                 
         10006da          10006da        0     1                 
         10006dc          10006dc        0     1                 .LBB4_51
         10006dc          10006dc        0     1                 
         10006dc          10006dc        0     1                 
         10006de          10006de        0     1                 
         10006de          10006de        0     1                 
         10006e4          10006e4        0     1                 
         10006e6          10006e6        0     1                 
         10006ee          10006ee        0     1                 
         10006ee          10006ee        0     1                 
         10006f2          10006f2        0     1                 
         10006f2          10006f2        0     1                 
         10006f6          10006f6        0     1                 .LBB4_52
         10006f6          10006f6        0     1                 
         10006f6          10006f6        0     1                 
         10006fa          10006fa        0     1                 .LBB4_53
         10006fa          10006fa        0     1                 
         1000700          1000700        0     1                 .LBB4_54
         1000700          1000700        0     1                 
         1000700          1000700        0     1                 
         1000706          1000706        0     1                 .LBB4_55
         1000706          1000706        0     1                 
         1000706          1000706        0     1                 
         1000708          1000708        0     1                 
         100070c          100070c        0     1                 
         100070c          100070c        0     1                 
         1000710          1000710        0     1                 
         1000710          1000710        0     1                 .LBB4_56
         1000710          1000710        0     1                 
         1000720          1000720        0     1                 
         1000720          1000720        0     1                 
         1000722          1000722        0     1                 
         1000726          1000726        0     1                 .LBB4_57
         1000726          1000726        0     1                 
         1000726          1000726        0     1                 
         100072c          100072c        0     1                 .LBB4_58
         100072c          100072c        0     1                 
         100072c          100072c        0     1                 
         100072e          100072e        0     1                 
         1000732          1000732        0     1                 
         1000732          1000732        0     1                 
         1000736          1000736        0     1                 
         1000736          1000736        0     1                 .LBB4_59
         1000736          1000736        0     1                 
         1000746          1000746        0     1                 
         1000746          1000746        0     1                 
         1000748          1000748        0     1                 
         100074a          100074a        0     1                 .LBB4_60
         100074a          100074a        0     1                 
         100074a          100074a        0     1                 
         100074c          100074c        0     1                 
         1000750          1000750        0     1                 
         1000750          1000750        0     1                 
         1000756          1000756        0     1                 
         1000758          1000758        0     1                 
         1000760          1000760        0     1                 
         1000760          1000760        0     1                 
         1000766          1000766        0     1                 .LBB4_61
         1000766          1000766        0     1                 
         1000778          1000778        0     1                 
         1000780          1000780        0     1                 
         1000784          1000784        0     1                 
         1000784          1000784        0     1                 
         1000784          1000784      230     2         user/lib/libuser.a(string.o):(.text)
         1000784          1000784        0     1                 
         1000784          1000784        0     1                 
         1000784          1000784        0     1                 $x.0
         1000784          1000784        0     1                 
         1000784          1000784       2e     1                 strcmp
         1000788          1000788        0     1                 
         100078a          100078a        0     1                 
         100078c          100078c        0     1                 
         100078c          100078c        0     1                 .LBB0_2
         100078c          100078c        0     1                 
         1000790          1000790        0     1                 
         1000794          1000794        0     1                 
         1000798          1000798        0     1                 
         1000798          1000798        0     1                 
         100079c          100079c        0     1                 
         100079e          100079e        0     1                 
         10007a0          10007a0        0     1                 
         10007a2          10007a2        0     1                 .LBB0_4
         10007a2          10007a2        0     1                 
         10007a8          10007a8        0     1                 .LBB0_5
         10007a8          10007a8        0     1                 
         10007a8          10007a8        0     1                 
         10007aa          10007aa        0     1                 .LBB0_6
         10007aa          10007aa        0     1                 
         10007aa          10007aa        0     1                 
         10007ae          10007ae        0     1                 
         10007ae          10007ae        0     1                 
         10007b0          10007b0        0     1                 
         10007b2          10007b2        0     1                 
         10007b2          10007b2        0     1                 
         10007b2          10007b2        0     1                 
         10007b2          10007b2        0     1                 
         10007b2          10007b2        0     1                 
         10007b2          10007b2       2e     1                 strncmp
         10007b4          10007b4        0     1                 
         10007b6          10007b6        0     1                 
         10007b8          10007b8        0     1                 
         10007bc          10007bc        0     1                 
         10007bc          10007bc        0     1                 .LBB1_2
         10007bc          10007bc        0     1                 
         10007c0          10007c0        0     1                 
         10007c4          10007c4        0     1                 
         10007c8          10007c8        0     1                 
         10007ca          10007ca        0     1                 
         10007cc          10007cc        0     1                 
         10007ce          10007ce        0     1                 
         10007d6          10007d6        0     1                 .LBB1_5
         10007d6          10007d6        0     1                 
         10007d6          10007d6        0     1                 
         10007da          10007da        0     1                 .LBB1_6
         10007da          10007da        0     1                 
         10007da          10007da        0     1                 
         10007de          10007de        0     1                 
         10007de          10007de        0     1                 
         10007e0          10007e0        0     1                 
         10007e0          10007e0        0     1                 
         10007e0          10007e0        0     1                 
         10007e0          10007e0        0     1                 
         10007e0          10007e0        0     1                 
         10007e0          10007e0       14     1                 strlen
         10007e2          10007e2        0     1                 
         10007e2          10007e2        0     1                 .LBB2_1
         10007e2          10007e2        0     1                 
         10007ea          10007ea        0     1                 
         10007ec          10007ec        0     1                 
         10007ee          10007ee        0     1                 
         10007f2          10007f2        0     1                 
         10007f4          10007f4        0     1                 
         10007f4          10007f4        0     1                 
         10007f4          10007f4        0     1                 
         10007f4          10007f4        0     1                 
         10007f4          10007f4        0     1                 
         10007f4          10007f4       1e     1                 strnlen
         10007f6          10007f6        0     1                 
         10007f8          10007f8        0     1                 
         10007fa          10007fa        0     1                 
         10007fa          10007fa        0     1                 .LBB3_2
         10007fa          10007fa        0     1                 
         1000802          1000802        0     1                 
         1000804          1000804        0     1                 
         1000806          1000806        0     1                 
         100080a          100080a        0     1                 
         100080c          100080c        0     1                 .LBB3_5
         100080c          100080c        0     1                 
         100080c          100080c        0     1                 
         100080e          100080e        0     1                 .LBB3_6
         100080e          100080e        0     1                 
         100080e          100080e        0     1                 
         1000810          1000810        0     1                 
         1000810          1000810        0     1                 
         1000812          1000812        0     1                 
         1000812          1000812        0     1                 
         1000812          1000812        0     1                 
         1000812          1000812        0     1                 
         1000812          1000812        0     1                 
         1000812          1000812       24     1                 strcpy
         1000818          1000818        0     1                 
         100081c          100081c        0     1                 
         100081c          100081c        0     1                 
         100081e          100081e        0     1                 
         100081e          100081e        0     1                 .LBB4_2
         100081e          100081e        0     1                 
         1000822          1000822        0     1                 
         1000826          1000826        0     1                 
         100082a          100082a        0     1                 
         100082a          100082a        0     1                 
         100082c          100082c        0     1                 
         100082c          100082c        0     1                 
         100082e          100082e        0     1                 
         1000830          1000830        0     1                 .LBB4_3
         1000830          1000830        0     1                 
         1000830          1000830        0     1                 
         1000834          1000834        0     1                 
         1000836          1000836        0     1                 
         1000836          1000836        0     1                 
         1000836          1000836        0     1                 
         1000836          1000836        0     1                 
         1000836          1000836        0     1                 
         1000836          1000836       32     1                 strncpy
         1000838          1000838        0     1                 
         100083a          100083a        0     1                 
         100083a          100083a        0     1                 .LBB5_1
         100083a          100083a        0     1                 
         1000842          1000842        0     1                 
         1000844          1000844        0     1                 
         1000848          1000848        0     1                 
         100084a          100084a        0     1                 
         100084e          100084e        0     1                 
         1000854          1000854        0     1                 .LBB5_3
         1000854          1000854        0     1                 
         1000858          1000858        0     1                 
         100085a          100085a        0     1                 
         100085c          100085c        0     1                 
         100085c          100085c        0     1                 .LBB5_5
         100085c          100085c        0     1                 
         1000860          1000860        0     1                 
         1000862          1000862        0     1                 
         1000866          1000866        0     1                 .LBB5_6
         1000866          1000866        0     1                 
         1000868          1000868        0     1                 
         1000868          1000868        0     1                 
         1000868          1000868        0     1                 
         1000868          1000868        0     1                 
         1000868          1000868        0     1                 
         1000868          1000868       3e     1                 strstr
         100086c          100086c        0     1                 
         100086e          100086e        0     1                 
         1000872          1000872        0     1                 
         1000878          1000878        0     1                 .LBB6_3
         1000878          1000878        0     1                 
         100087c          100087c        0     1                 
         100087c          100087c        0     1                 .LBB6_4
         100087c          100087c        0     1                 
         1000884          1000884        0     1                 
         1000888          1000888        0     1                 
         100088c          100088c        0     1                 
         100088e          100088e        0     1                 
         1000892          1000892        0     1                 
         1000896          1000896        0     1                 .LBB6_7
         1000896          1000896        0     1                 
         1000896          1000896        0     1                 
         1000898          1000898        0     1                 
         100089c          100089c        0     1                 
         100089e          100089e        0     1                 
         10008a2          10008a2        0     1                 .LBB6_9
         10008a2          10008a2        0     1                 
         10008a4          10008a4        0     1                 .LBB6_10
         10008a4          10008a4        0     1                 
         10008a4          10008a4        0     1                 
         10008a6          10008a6        0     1                 
         10008a6          10008a6        0     1                 
         10008a6          10008a6        0     1                 
         10008a6          10008a6        0     1                 
         10008a6          10008a6        0     1                 
         10008a6          10008a6       32     1                 strcat
         10008aa          10008aa        0     1                 
         10008aa          10008aa        0     1                 .LBB7_1
         10008aa          10008aa        0     1                 
         10008ae          10008ae        0     1                 
         10008b0          10008b0        0     1                 
         10008b0          10008b0        0     1                 
         10008b2          10008b2        0     1                 
         10008b6          10008b6        0     1                 
         10008ba          10008ba        0     1                 
         10008ba          10008ba        0     1                 .LBB7_4
         10008ba          10008ba        0     1                 
         10008be          10008be        0     1                 
         10008c2          10008c2        0     1                 
         10008c6          10008c6        0     1                 
         10008c6          10008c6        0     1                 
         10008c8          10008c8        0     1                 
         10008c8          10008c8        0     1                 
         10008ca          10008ca        0     1                 
         10008cc          10008cc        0     1                 
         10008d0          10008d0        0     1                 
         10008d2          10008d2        0     1                 .LBB7_6
         10008d2          10008d2        0     1                 
         10008d2          10008d2        0     1                 
         10008d6          10008d6        0     1                 
         10008d8          10008d8        0     1                 
         10008d8          10008d8        0     1                 
         10008d8          10008d8        0     1                 
         10008d8          10008d8        0     1                 
         10008d8          10008d8        0     1                 
         10008d8          10008d8       1e     1                 strchr
         10008dc          10008dc        0     1                 
         10008dc          10008dc        0     1                 
         10008de          10008de        0     1                 
         10008e2          10008e2        0     1                 
         10008e2          10008e2        0     1                 .LBB8_2
         10008e2          10008e2        0     1                 
         10008e6          10008e6        0     1                 
         10008ea          10008ea        0     1                 
         10008ee          10008ee        0     1                 
         10008f0          10008f0        0     1                 
         10008f2          10008f2        0     1                 .LBB8_4
         10008f2          10008f2        0     1                 
         10008f4          10008f4        0     1                 .LBB8_5
         10008f4          10008f4        0     1                 
         10008f4          10008f4        0     1                 
         10008f6          10008f6        0     1                 
         10008f6          10008f6        0     1                 
         10008f6          10008f6        0     1                 
         10008f6          10008f6        0     1                 
         10008f6          10008f6        0     1                 .Lpcrel_hi0
         10008f6          10008f6        0     1                 
         10008f6          10008f6       94     1                 strtok
         10008fa          10008fa        0     1                 
         10008fc          10008fc        0     1                 
         1000902          1000902        0     1                 .LBB9_2
         1000902          1000902        0     1                 
         1000906          1000906        0     1                 
         1000906          1000906        0     1                 
         1000908          1000908        0     1                 .LBB9_3
         1000908          1000908        0     1                 
         100090c          100090c        0     1                 
         100090e          100090e        0     1                 
         1000912          1000912        0     1                 
         1000918          1000918        0     1                 
         1000918          1000918        0     1                 .LBB9_5
         1000918          1000918        0     1                 
         100091c          100091c        0     1                 
         1000924          1000924        0     1                 
         1000924          1000924        0     1                 .LBB9_7
         1000924          1000924        0     1                 
         1000928          1000928        0     1                 
         100092c          100092c        0     1                 
         100092c          100092c        0     1                 
         1000930          1000930        0     1                 
         1000932          1000932        0     1                 
         1000936          1000936        0     1                 .LBB9_9
         1000936          1000936        0     1                 
         1000936          1000936        0     1                 
         100093e          100093e        0     1                 
         1000944          1000944        0     1                 
         1000946          1000946        0     1                 .LBB9_10
         1000946          1000946        0     1                 
         1000948          1000948        0     1                 
         100094a          100094a        0     1                 .LBB9_11
         100094a          100094a        0     1                 
         100094c          100094c        0     1                 .LBB9_12
         100094c          100094c        0     1                 
         1000952          1000952        0     1                 
         1000952          1000952        0     1                 .LBB9_13
         1000952          1000952        0     1                 
         1000956          1000956        0     1                 
         100095a          100095a        0     1                 .LBB9_14
         100095a          100095a        0     1                 
         100096a          100096a        0     1                 .LBB9_16
         100096a          100096a        0     1                 
         100096a          100096a        0     1                 
         1000972          1000972        0     1                 
         1000972          1000972        0     1                 
         1000976          1000976        0     1                 
         1000978          1000978        0     1                 
         1000978          1000978        0     1                 
         100097c          100097c        0     1                 .LBB9_18
         100097c          100097c        0     1                 
         100097c          100097c        0     1                 
         1000980          1000980        0     1                 .LBB9_19
         1000980          1000980        0     1                 
         1000984          1000984        0     1                 .LBB9_20
         1000984          1000984        0     1                 
         1000986          1000986        0     1                 .LBB9_21
         1000986          1000986        0     1                 
         100098a          100098a        0     1                 
         100098a          100098a        0     1                 
         100098a          100098a        0     1                 
         100098a          100098a        0     1                 
         100098a          100098a        0     1                 
         100098a          100098a       18     1                 memcpy
         100098e          100098e        0     1                 
         100098e          100098e        0     1                 
         1000990          1000990        0     1                 
         1000990          1000990        0     1                 .LBB10_2
         1000990          1000990        0     1                 
         1000994          1000994        0     1                 
         1000998          1000998        0     1                 
         1000998          1000998        0     1                 
         100099a          100099a        0     1                 
         100099c          100099c        0     1                 
         10009a0          10009a0        0     1                 .LBB10_3
         10009a0          10009a0        0     1                 
         10009a0          10009a0        0     1                 
         10009a2          10009a2        0     1                 
         10009a2          10009a2        0     1                 
         10009a2          10009a2        0     1                 
         10009a2          10009a2        0     1                 
         10009a2          10009a2        0     1                 
         10009a2          10009a2       12     1                 memset
         10009a6          10009a6        0     1                 
         10009a6          10009a6        0     1                 
         10009a8          10009a8        0     1                 
         10009a8          10009a8        0     1                 .LBB11_2
         10009a8          10009a8        0     1                 
         10009ac          10009ac        0     1                 
         10009ac          10009ac        0     1                 
         10009ae          10009ae        0     1                 
         10009ae          10009ae        0     1                 
         10009b2          10009b2        0     1                 .LBB11_3
         10009b2          10009b2        0     1                 
         10009b2          10009b2        0     1                 
         10009b4          10009b4        0     1                 
         10009b4          10009b4        0     1                 
         10009b4          10009b4       b6     2         user/lib/libuser.a(syscall.o):(.text)
         10009b4          10009b4        0     1                 
         10009b4          10009b4        0     1                 
         10009b4          10009b4        0     1                 $x.0
         10009b4          10009b4        0     1                 
         10009b4          10009b4       10     1                 syscall
         10009b6          10009b6        0     1                 
         10009c2          10009c2        0     1                 
         10009c4          10009c4        0     1                 
         10009c4          10009c4        0     1                 
         10009c4          10009c4        0     1                 
         10009c4          10009c4        a     1                 read
         10009cc          10009cc        0     1                 
         10009ce          10009ce        0     1                 
         10009ce          10009ce        0     1                 
         10009ce          10009ce        0     1                 
         10009ce          10009ce        c     1                 write
         10009d6          10009d6        0     1                 
         10009da          10009da        0     1                 
         10009da          10009da        0     1                 
         10009da          10009da        0     1                 
         10009da          10009da       10     1                 cls
         10009e8          10009e8        0     1                 
         10009ea          10009ea        0     1                 
         10009ea          10009ea        0     1                 
         10009ea          10009ea        0     1                 
         10009ea          10009ea       10     1                 yield
         10009f8          10009f8        0     1                 
         10009fa          10009fa        0     1                 
         10009fa          10009fa        0     1                 
         10009fa          10009fa        0     1                 
         10009fa          10009fa       12     1                 fork
         1000a08          1000a08        0     1                 
         1000a0c          1000a0c        0     1                 
         1000a0c          1000a0c        0     1                 
         1000a0c          1000a0c        0     1                 
         1000a0c          1000a0c       10     1                 exec
         1000a18          1000a18        0     1                 
         1000a1c          1000a1c        0     1                 
         1000a1c          1000a1c        0     1                 
         1000a1c          1000a1c        0     1                 
         1000a1c          1000a1c        e     1                 exit
         1000a28          1000a28        0     1                 .LBB7_1
         1000a28          1000a28        0     1                 
         1000a2a          1000a2a        0     1                 
         1000a2a          1000a2a        0     1                 
         1000a2a          1000a2a        0     1                 
         1000a2a          1000a2a        0     1                 
         1000a2a          1000a2a        0     1                 
         1000a2a          1000a2a       10     1                 wait
         1000a36          1000a36        0     1                 
         1000a36          1000a36        0     1                 
         1000a3a          1000a3a        0     1                 
         1000a3a          1000a3a        0     1                 
         1000a3a          1000a3a        0     1                 
         1000a3a          1000a3a       10     1                 tarfs_exists
         1000a46          1000a46        0     1                 
         1000a46          1000a46        0     1                 
         1000a4a          1000a4a        0     1                 
         1000a4a          1000a4a        0     1                 
         1000a4a          1000a4a        0     1                 
         1000a4a          1000a4a       10     1                 ps
         1000a58          1000a58        0     1                 
         1000a58          1000a58        0     1                 
         1000a5a          1000a5a        0     1                 
         1000a5a          1000a5a        0     1                 
         1000a5a          1000a5a        0     1                 
         1000a5a          1000a5a       10     1                 ls
         1000a68          1000a68        0     1                 
         1000a68          1000a68        0     1                 
         1000a6a          1000a6a        0     1                 
         1000a70          1000a70      288     8 .rodata
         1000a70          1000a70      1d5     1         <internal>:(.rodata.str1.1)
         1000c48          1000c48       b0     8         user/lib/libuser.a(printf.o):(.rodata)
         1000c48          1000c48        0     1                 .LJTI4_0
         1000c48          1000c48        0     1                 $d.1
         1000cf8          1000cf8        8     8 .bss
         1000cf8          1000cf8        8     8         user/lib/libuser.a(string.o):(.sbss)
         1000cf8          1000cf8        8     1                 strtok.saved
         1000cf8          1000cf8        0     1                 $d.1
         1000d00          1000d00        0     1         
         1000d00          1000d00     f300     1 . = 0x1010000
         1010000          1010000    10000     1 .stack
         1010000          1010000        0     1         __user_stack_bottom = .
         1010000          1010000    10000     1         . += 64 * 1024
         1020000          1020000        0     1         __user_stack_top = .
         1020000          1020000        0     1 . = ALIGN ( 4096 )
         1020000          1020000        0     1 __user_heap_start = 0x03000000
         1020000          1020000  2000000     1 . += 32 * 1024 * 1024
         3020000          3020000        0     1 __user_heap_end = .
               0                0     196e     1 .debug_info
               0                0       96     1         user/bin/init_crt0.o:(.debug_info)
               0                0        0     1                 
               0                0        0     1                 $d.4
              96               96      675     1         user/bin/shell.o:(.debug_info)
              96               96        0     1                 $d.4
             70b              70b      79d     1         user/lib/libuser.a(printf.o):(.debug_info)
             70b              70b        0     1                 $d.5
             ea8              ea8      49c     1         user/lib/libuser.a(string.o):(.debug_info)
             ea8              ea8        0     1                 $d.4
            1344             1344      62a     1         user/lib/libuser.a(syscall.o):(.debug_info)
            1344             1344        0     1                 $d.3
               0                0      57b     1 .debug_abbrev
               0                0       21     1         user/bin/init_crt0.o:(.debug_abbrev)
               0                0        0     1                 
               0                0        0     1                 $d.3
              21               21      134     1         user/bin/shell.o:(.debug_abbrev)
              21               21        0     1                 $d.3
             155              155      1d2     1         user/lib/libuser.a(printf.o):(.debug_abbrev)
             155              155        0     1                 $d.4
             327              327      119     1         user/lib/libuser.a(string.o):(.debug_abbrev)
             327              327        0     1                 $d.3
             440              440      13b     1         user/lib/libuser.a(syscall.o):(.debug_abbrev)
             440              440        0     1                 $d.2
               0                0       30     1 .debug_aranges
               0                0       30     1         user/bin/init_crt0.o:(.debug_aranges)
               0                0        0     1                 $d.2
               0                0     118e     1 .debug_line
               0                0       54     1         user/bin/init_crt0.o:(.debug_line)
               0                0        0     1                 .Lline_table_start0
               0                0        0     1                 $d.5
              54               54      366     1         user/bin/shell.o:(.debug_line)
              54               54        0     1                 .Lline_table_start0
              54               54        0     1                 $d.9
             3ba              3ba      6f9     1         user/lib/libuser.a(printf.o):(.debug_line)
             3ba              3ba        0     1                 .Lline_table_start0
             3ba              3ba        0     1                 $d.11
             ab3              ab3      581     1         user/lib/libuser.a(string.o):(.debug_line)
             ab3              ab3        0     1                 .Lline_table_start0
             ab3              ab3        0     1                 $d.10
            1034             1034      15a     1         user/lib/libuser.a(syscall.o):(.debug_line)
            1034             1034        0     1                 .Lline_table_start0
            1034             1034        0     1                 $d.8
               0                0     1636     1 .debug_loc
               0                0      1a8     1         user/bin/shell.o:(.debug_loc)
               0                0        0     1                 
               0                0        0     1                 $d.2
              38               38        0     1                 
              6e               6e        0     1                 
              a6               a6        0     1                 
              cb               cb        0     1                 
             103              103        0     1                 
             15f              15f        0     1                 
             1a8              1a8      b12     1         user/lib/libuser.a(printf.o):(.debug_loc)
             1a8              1a8        0     1                 
             1a8              1a8        0     1                 $d.3
             1de              1de        0     1                 
             214              214        0     1                 
             24a              24a        0     1                 
             26d              26d        0     1                 
             2cd              2cd        0     1                 
             2f5              2f5        0     1                 
             31a              31a        0     1                 
             33d              33d        0     1                 
             386              386        0     1                 
             3a9              3a9        0     1                 
             3df              3df        0     1                 
             415              415        0     1                 
             44b              44b        0     1                 
             4be              4be        0     1                 
             4e3              4e3        0     1                 
             506              506        0     1                 
             529              529        0     1                 
             54c              54c        0     1                 
             56f              56f        0     1                 
             6c2              6c2        0     1                 
             6e7              6e7        0     1                 
             732              732        0     1                 
             7ab              7ab        0     1                 
             7ce              7ce        0     1                 
             82e              82e        0     1                 
             868              868        0     1                 
             8e6              8e6        0     1                 
             942              942        0     1                 
             96a              96a        0     1                 
             9a4              9a4        0     1                 
             a04              a04        0     1                 
             a64              a64        0     1                 
             a9a              a9a        0     1                 
             ade              ade        0     1                 
             b3a              b3a        0     1                 
             b5d              b5d        0     1                 
             b93              b93        0     1                 
             bdc              bdc        0     1                 
             c20              c20        0     1                 
             c48              c48        0     1                 
             c6d              c6d        0     1                 
             c95              c95        0     1                 
             cba              cba      5ea     1         user/lib/libuser.a(string.o):(.debug_loc)
             cba              cba        0     1                 
             cba              cba        0     1                 $d.2
             d18              d18        0     1                 
             d3b              d3b        0     1                 
             d5e              d5e        0     1                 
             d81              d81        0     1                 
             da4              da4        0     1                 
             dc8              dc8        0     1                 
             deb              deb        0     1                 
             e22              e22        0     1                 
             e6b              e6b        0     1                 
             eb6              eb6        0     1                 
             eec              eec        0     1                 
             f35              f35        0     1                 
             f58              f58        0     1                 
             f8f              f8f        0     1                 
             fb2              fb2        0     1                 
             fe8              fe8        0     1                 
            105b             105b        0     1                 
            107e             107e        0     1                 
            10a1             10a1        0     1                 
            10c4             10c4        0     1                 
            10e7             10e7        0     1                 
            1132             1132        0     1                 
            116a             116a        0     1                 
            118d             118d        0     1                 
            11b0             11b0        0     1                 
            11d3             11d3        0     1                 
            122a             122a        0     1                 
            124d             124d        0     1                 
            12a4             12a4      392     1         user/lib/libuser.a(syscall.o):(.debug_loc)
            12a4             12a4        0     1                 
            12a4             12a4        0     1                 $d.1
            12da             12da        0     1                 
            1323             1323        0     1                 
            1359             1359        0     1                 
            138f             138f        0     1                 
            13d8             13d8        0     1                 
            140e             140e        0     1                 
            1444             1444        0     1                 
            147a             147a        0     1                 
            149d             149d        0     1                 
            14c0             14c0        0     1                 
            14e4             14e4        0     1                 
            1508             1508        0     1                 
            153f             153f        0     1                 
            1562             1562        0     1                 
            1585             1585        0     1                 
            15a8             15a8        0     1                 
            15cb             15cb        0     1                 
            15ee             15ee        0     1                 
            1612             1612        0     1                 
               0                0      30b     1 .debug_str
               0                0      30b     1         <internal>:(.debug_str)
               0                0       42     1 .comment
               0                0       42     1         <internal>:(.comment)
               0                0      3b8     8 .debug_frame
               0                0       70     8         user/bin/shell.o:(.debug_frame)
               0                0        0     1                 
               0                0        0     1                 $d.8
              70               70       d8     8         user/lib/libuser.a(printf.o):(.debug_frame)
              70               70        0     1                 
              70               70        0     1                 $d.10
             148              148      138     8         user/lib/libuser.a(string.o):(.debug_frame)
             148              148        0     1                 
             148              148        0     1                 $d.9
             280              280      138     8         user/lib/libuser.a(syscall.o):(.debug_frame)
             280              280        0     1                 
             280              280        0     1                 $d.7
               0                0      160     1 .debug_ranges
               0                0      130     1         user/lib/libuser.a(printf.o):(.debug_ranges)
               0                0        0     1                 
               0                0        0     1                 $d.6
              70               70        0     1                 
              a0               a0        0     1                 
              d0               d0        0     1                 
             100              100        0     1                 
             130              130       30     1         user/lib/libuser.a(string.o):(.debug_ranges)
             130              130        0     1                 
             130              130        0     1                 $d.5
               0                0     70e0     8 .symtab
               0                0     70e0     8         <internal>:(.symtab)
               0                0       a4     1 .shstrtab
               0                0       a4     1         <internal>:(.shstrtab)
               0                0      23c     1 .strtab
               0                0      23c     1         <internal>:(.strtab)
