             VMA              LMA     Size Align Out     In      Symbol
               0                0  1000000     1 . = 0x1000000
         1000000          1000000      7f6     2 .text
         1000000          1000000       10     1         user/bin/init_crt0.o:(.text.start)
         1000000          1000000        0     1                 
         1000000          1000000        0     1                 .Lpcrel_hi0
         1000000          1000000        0     1                 $x.0
         1000000          1000000        0     1                 
         1000000          1000000        0     1                 start
         1000008          1000008        0     1                 
         100000c          100000c        0     1                 
         1000010          1000010        0     1                 
         1000010          1000010        0     2         user/bin/init_crt0.o:(.text)
         1000010          1000010       5e     2         user/bin/shell.o:(.text)
         1000010          1000010        0     1                 
         1000010          1000010        0     1                 
         1000010          1000010        0     1                 $x.0
         1000010          1000010        0     1                 
         1000010          1000010       5e     1                 main
         1000014          1000014        0     1                 
         1000018          1000018        0     1                 .Lpcrel_hi0
         1000018          1000018        0     1                 
         1000024          1000024        0     1                 
         1000024          1000024        0     1                 
         1000028          1000028        0     1                 
         1000028          1000028        0     1                 
         100002a          100002a        0     1                 
         100002c          100002c        0     1                 
         100002c          100002c        0     1                 .Lpcrel_hi2
         100002c          100002c        0     1                 
         1000038          1000038        0     1                 
         1000038          1000038        0     1                 .Lpcrel_hi3
         1000038          1000038        0     1                 
         1000044          1000044        0     1                 
         1000044          1000044        0     1                 
         100004a          100004a        0     1                 
         100004a          100004a        0     1                 
         100004c          100004c        0     1                 
         100004e          100004e        0     1                 .Lpcrel_hi4
         100004e          100004e        0     1                 
         100005a          100005a        0     1                 
         100005a          100005a        0     1                 
         100005e          100005e        0     1                 
         100005e          100005e        0     1                 
         1000060          1000060        0     1                 .LBB0_2
         1000060          1000060        0     1                 
         1000060          1000060        0     1                 .Lpcrel_hi1
         1000060          1000060        0     1                 
         1000064          1000064        0     1                 
         100006c          100006c        0     1                 .LBB0_3
         100006c          100006c        0     1                 
         100006c          100006c        0     1                 
         100006e          100006e        0     1                 
         100006e          100006e        0     1                 
         100006e          100006e      4d2     2         user/lib/libuser.a(printf.o):(.text)
         100006e          100006e        0     1                 
         100006e          100006e        0     1                 
         100006e          100006e        0     1                 $x.0
         100006e          100006e        0     1                 
         100006e          100006e        c     1                 putc
         1000070          1000070        0     1                 
         100007a          100007a        0     1                 
         100007a          100007a        0     1                 
         100007a          100007a        0     1                 
         100007a          100007a        0     1                 
         100007a          100007a        0     1                 
         100007a          100007a        0     1                 
         100007a          100007a       1a     1                 puts
         1000082          1000082        0     1                 
         1000082          1000082        0     1                 
         1000086          1000086        0     1                 
         1000088          1000088        0     1                 
         1000090          1000090        0     1                 
         1000090          1000090        0     1                 
         1000094          1000094        0     1                 
         1000094          1000094        0     1                 
         1000094          1000094        0     1                 
         1000094          1000094        0     1                 
         1000094          1000094        0     1                 
         1000094          1000094        0     1                 
         1000094          1000094       8e     1                 puthex
         100009c          100009c        0     1                 
         100009c          100009c        0     1                 
         10000a0          10000a0        0     1                 
         10000a2          10000a2        0     1                 
         10000a4          10000a4        0     1                 .Lpcrel_hi0
         10000b4          10000b4        0     1                 
         10000b4          10000b4        0     1                 .LBB2_2
         10000b4          10000b4        0     1                 
         10000b8          10000b8        0     1                 
         10000be          10000be        0     1                 
         10000be          10000be        0     1                 
         10000c6          10000c6        0     1                 
         10000c6          10000c6        0     1                 
         10000cc          10000cc        0     1                 
         10000d2          10000d2        0     1                 
         10000d4          10000d4        0     1                 
         10000d4          10000d4        0     1                 
         10000d8          10000d8        0     1                 .LBB2_4
         10000d8          10000d8        0     1                 
         10000d8          10000d8        0     1                 
         10000dc          10000dc        0     1                 
         10000dc          10000dc        0     1                 
         10000e2          10000e2        0     1                 .LBB2_5
         10000e2          10000e2        0     1                 
         10000e2          10000e2        0     1                 
         10000e4          10000e4        0     1                 
         10000e8          10000e8        0     1                 
         10000e8          10000e8        0     1                 
         10000ec          10000ec        0     1                 
         10000ec          10000ec        0     1                 .LBB2_6
         10000ec          10000ec        0     1                 
         10000fc          10000fc        0     1                 
         10000fc          10000fc        0     1                 
         10000fe          10000fe        0     1                 
         1000100          1000100        0     1                 .LBB2_7
         1000100          1000100        0     1                 
         1000100          1000100        0     1                 
         1000102          1000102        0     1                 
         1000102          1000102        0     1                 
         1000106          1000106        0     1                 
         1000108          1000108        0     1                 
         1000108          1000108        0     1                 
         100010e          100010e        0     1                 
         1000110          1000110        0     1                 
         1000118          1000118        0     1                 
         1000118          1000118        0     1                 
         100011c          100011c        0     1                 
         100011e          100011e        0     1                 
         100011e          100011e        0     1                 
         1000122          1000122        0     1                 
         1000122          1000122        0     1                 
         1000122          1000122        0     1                 
         1000122          1000122        0     1                 
         1000122          1000122        0     1                 
         1000122          1000122       dc     1                 putpad
         1000132          1000132        0     1                 
         1000134          1000134        0     1                 
         1000134          1000134        0     1                 
         1000140          1000140        0     1                 
         1000144          1000144        0     1                 
         1000148          1000148        0     1                 
         1000148          1000148        0     1                 
         100014c          100014c        0     1                 
         1000150          1000150        0     1                 .LBB3_2
         1000150          1000150        0     1                 
         1000150          1000150        0     1                 
         1000152          1000152        0     1                 
         1000158          1000158        0     1                 
         100015a          100015a        0     1                 
         100015a          100015a        0     1                 .LBB3_4
         100015a          100015a        0     1                 
         100016a          100016a        0     1                 
         100016a          100016a        0     1                 
         100016e          100016e        0     1                 
         1000172          1000172        0     1                 .LBB3_6
         1000172          1000172        0     1                 
         1000174          1000174        0     1                 
         1000174          1000174        0     1                 
         100017c          100017c        0     1                 
         100017c          100017c        0     1                 
         1000182          1000182        0     1                 
         1000188          1000188        0     1                 
         100018a          100018a        0     1                 
         100018e          100018e        0     1                 .LBB3_8
         100018e          100018e        0     1                 
         100018e          100018e        0     1                 
         1000192          1000192        0     1                 
         1000192          1000192        0     1                 
         1000198          1000198        0     1                 .LBB3_9
         1000198          1000198        0     1                 
         1000198          1000198        0     1                 
         100019a          100019a        0     1                 
         100019c          100019c        0     1                 
         100019c          100019c        0     1                 
         10001a0          10001a0        0     1                 
         10001a0          10001a0        0     1                 
         10001a8          10001a8        0     1                 
         10001b0          10001b0        0     1                 .LBB3_11
         10001b0          10001b0        0     1                 
         10001b0          10001b0        0     1                 
         10001b4          10001b4        0     1                 
         10001c0          10001c0        0     1                 .LBB3_14
         10001c0          10001c0        0     1                 
         10001c4          10001c4        0     1                 
         10001c6          10001c6        0     1                 
         10001c6          10001c6        0     1                 .LBB3_15
         10001c6          10001c6        0     1                 
         10001d4          10001d4        0     1                 
         10001d4          10001d4        0     1                 
         10001d6          10001d6        0     1                 
         10001d8          10001d8        0     1                 .LBB3_16
         10001d8          10001d8        0     1                 
         10001d8          10001d8        0     1                 
         10001da          10001da        0     1                 
         10001da          10001da        0     1                 
         10001dc          10001dc        0     1                 
         10001de          10001de        0     1                 
         10001de          10001de        0     1                 
         10001e4          10001e4        0     1                 
         10001e6          10001e6        0     1                 
         10001ee          10001ee        0     1                 
         10001ee          10001ee        0     1                 
         10001f2          10001f2        0     1                 
         10001f6          10001f6        0     1                 
         10001f8          10001f8        0     1                 
         10001fa          10001fa        0     1                 
         10001fa          10001fa        0     1                 
         10001fe          10001fe        0     1                 
         10001fe          10001fe        0     1                 
         10001fe          10001fe        0     1                 
         10001fe          10001fe        0     1                 
         10001fe          10001fe        0     1                 
         10001fe          10001fe      342     1                 printf
         100021c          100021c        0     1                 
         100022c          100022c        0     1                 
         1000250          1000250        0     1                 
         1000250          1000250        0     1                 .LBB4_1
         1000250          1000250        0     1                 
         1000252          1000252        0     1                 .LBB4_2
         1000256          1000256        0     1                 .LBB4_3
         100025a          100025a        0     1                 
         100025a          100025a        0     1                 
         100025e          100025e        0     1                 .LBB4_4
         100025e          100025e        0     1                 
         100025e          100025e        0     1                 
         1000262          1000262        0     1                 
         100026a          100026a        0     1                 
         100026a          100026a        0     1                 
         1000276          1000276        0     1                 
         1000276          1000276        0     1                 
         1000278          1000278        0     1                 
         100027a          100027a        0     1                 .LBB4_7
         100027a          100027a        0     1                 
         100027a          100027a        0     1                 
         100027e          100027e        0     1                 
         1000282          1000282        0     1                 
         1000282          1000282        0     1                 
         1000286          1000286        0     1                 
         1000288          1000288        0     1                 .LBB4_9
         1000288          1000288        0     1                 
         100028c          100028c        0     1                 .LBB4_10
         1000296          1000296        0     1                 
         1000296          1000296        0     1                 
         100029a          100029a        0     1                 
         10002a8          10002a8        0     1                 
         10002aa          10002aa        0     1                 
         10002aa          10002aa        0     1                 .LBB4_12
         10002aa          10002aa        0     1                 
         10002b2          10002b2        0     1                 
         10002b6          10002b6        0     1                 
         10002b6          10002b6        0     1                 
         10002b8          10002b8        0     1                 
         10002bc          10002bc        0     1                 
         10002bc          10002bc        0     1                 
         10002c4          10002c4        0     1                 
         10002c8          10002c8        0     1                 
         10002c8          10002c8        0     1                 
         10002ca          10002ca        0     1                 
         10002ce          10002ce        0     1                 .LBB4_13
         10002ce          10002ce        0     1                 
         10002ce          10002ce        0     1                 
         10002d2          10002d2        0     1                 
         10002d2          10002d2        0     1                 
         10002d6          10002d6        0     1                 
         10002da          10002da        0     1                 
         10002e0          10002e0        0     1                 
         10002e2          10002e2        0     1                 
         10002e2          10002e2        0     1                 
         10002e4          10002e4        0     1                 
         10002e4          10002e4        0     1                 
         10002ee          10002ee        0     1                 .LBB4_16
         10002ee          10002ee        0     1                 
         10002ee          10002ee        0     1                 
         10002f2          10002f2        0     1                 
         10002f2          10002f2        0     1                 
         10002fa          10002fa        0     1                 .LBB4_17
         10002fc          10002fc        0     1                 .Lpcrel_hi1
         1000308          1000308        0     1                 .Lpcrel_hi2
         1000312          1000312        0     1                 .LBB4_18
         1000312          1000312        0     1                 
         100031e          100031e        0     1                 
         1000320          1000320        0     1                 .LBB4_19
         1000320          1000320        0     1                 
         1000324          1000324        0     1                 
         1000326          1000326        0     1                 
         1000326          1000326        0     1                 
         100032e          100032e        0     1                 .LBB4_20
         1000332          1000332        0     1                 
         1000332          1000332        0     1                 
         100033c          100033c        0     1                 .LBB4_22
         100033c          100033c        0     1                 
         100033c          100033c        0     1                 
         100034c          100034c        0     1                 
         100034c          100034c        0     1                 
         1000350          1000350        0     1                 .LBB4_23
         1000350          1000350        0     1                 
         1000350          1000350        0     1                 
         1000354          1000354        0     1                 .LBB4_24
         100035c          100035c        0     1                 
         100035c          100035c        0     1                 
         1000360          1000360        0     1                 
         1000360          1000360        0     1                 
         1000362          1000362        0     1                 
         1000362          1000362        0     1                 .LBB4_25
         1000362          1000362        0     1                 .Lpcrel_hi4
         1000362          1000362        0     1                 
         100036a          100036a        0     1                 
         1000370          1000370        0     1                 
         1000372          1000372        0     1                 
         100037a          100037a        0     1                 
         100037a          100037a        0     1                 
         1000384          1000384        0     1                 
         1000384          1000384        0     1                 
         1000388          1000388        0     1                 
         1000388          1000388        0     1                 
         100038a          100038a        0     1                 
         100038a          100038a        0     1                 
         100038e          100038e        0     1                 
         100038e          100038e        0     1                 .LBB4_27
         1000390          1000390        0     1                 
         1000390          1000390        0     1                 
         1000392          1000392        0     1                 
         1000398          1000398        0     1                 
         1000398          1000398        0     1                 
         10003a0          10003a0        0     1                 
         10003a0          10003a0        0     1                 
         10003a4          10003a4        0     1                 
         10003a6          10003a6        0     1                 
         10003aa          10003aa        0     1                 
         10003aa          10003aa        0     1                 
         10003ae          10003ae        0     1                 .LBB4_29
         10003ae          10003ae        0     1                 
         10003ae          10003ae        0     1                 
         10003b6          10003b6        0     1                 
         10003b6          10003b6        0     1                 
         10003bc          10003bc        0     1                 
         10003bc          10003bc        0     1                 .LBB4_30
         10003bc          10003bc        0     1                 
         10003be          10003be        0     1                 
         10003c0          10003c0        0     1                 
         10003ca          10003ca        0     1                 
         10003cc          10003cc        0     1                 
         10003cc          10003cc        0     1                 
         10003ce          10003ce        0     1                 
         10003ce          10003ce        0     1                 
         10003d2          10003d2        0     1                 
         10003d2          10003d2        0     1                 
         10003d4          10003d4        0     1                 
         10003d8          10003d8        0     1                 
         10003d8          10003d8        0     1                 .LBB4_33
         10003da          10003da        0     1                 
         10003da          10003da        0     1                 
         10003dc          10003dc        0     1                 
         10003e2          10003e2        0     1                 
         10003e2          10003e2        0     1                 
         10003ea          10003ea        0     1                 
         10003ea          10003ea        0     1                 
         10003ee          10003ee        0     1                 
         10003f0          10003f0        0     1                 
         10003f4          10003f4        0     1                 
         10003f4          10003f4        0     1                 
         10003fa          10003fa        0     1                 
         10003fa          10003fa        0     1                 .LBB4_35
         10003fa          10003fa        0     1                 
         1000404          1000404        0     1                 
         1000404          1000404        0     1                 
         1000406          1000406        0     1                 .Lpcrel_hi3
         1000406          1000406        0     1                 
         100040e          100040e        0     1                 .LBB4_37
         100040e          100040e        0     1                 
         100040e          100040e        0     1                 
         1000414          1000414        0     1                 
         1000416          1000416        0     1                 
         100041e          100041e        0     1                 
         100041e          100041e        0     1                 
         1000422          1000422        0     1                 
         1000422          1000422        0     1                 
         1000424          1000424        0     1                 
         1000424          1000424        0     1                 .LBB4_38
         100042c          100042c        0     1                 
         1000430          1000430        0     1                 
         1000434          1000434        0     1                 
         1000438          1000438        0     1                 .LBB4_41
         1000438          1000438        0     1                 
         1000440          1000440        0     1                 
         1000442          1000442        0     1                 
         1000444          1000444        0     1                 .LBB4_43
         1000444          1000444        0     1                 
         1000448          1000448        0     1                 .LBB4_44
         1000448          1000448        0     1                 
         1000448          1000448        0     1                 
         100044c          100044c        0     1                 
         100044c          100044c        0     1                 
         1000450          1000450        0     1                 
         1000450          1000450        0     1                 
         1000452          1000452        0     1                 
         1000454          1000454        0     1                 
         1000456          1000456        0     1                 
         1000456          1000456        0     1                 .LBB4_46
         1000458          1000458        0     1                 
         1000458          1000458        0     1                 
         100045a          100045a        0     1                 
         1000460          1000460        0     1                 
         1000460          1000460        0     1                 
         1000468          1000468        0     1                 
         1000468          1000468        0     1                 
         100046c          100046c        0     1                 
         100046e          100046e        0     1                 
         1000472          1000472        0     1                 
         1000472          1000472        0     1                 
         1000478          1000478        0     1                 .LBB4_48
         1000478          1000478        0     1                 
         1000478          1000478        0     1                 
         1000480          1000480        0     1                 
         1000480          1000480        0     1                 
         1000482          1000482        0     1                 .LBB4_49
         1000482          1000482        0     1                 
         1000482          1000482        0     1                 
         1000484          1000484        0     1                 
         1000484          1000484        0     1                 .LBB4_50
         1000484          1000484        0     1                 
         1000494          1000494        0     1                 
         1000494          1000494        0     1                 
         1000496          1000496        0     1                 
         1000498          1000498        0     1                 .LBB4_51
         1000498          1000498        0     1                 
         1000498          1000498        0     1                 
         100049a          100049a        0     1                 
         100049a          100049a        0     1                 
         10004a0          10004a0        0     1                 
         10004a2          10004a2        0     1                 
         10004aa          10004aa        0     1                 
         10004aa          10004aa        0     1                 
         10004ae          10004ae        0     1                 
         10004ae          10004ae        0     1                 
         10004b2          10004b2        0     1                 .LBB4_52
         10004b2          10004b2        0     1                 
         10004b2          10004b2        0     1                 
         10004b6          10004b6        0     1                 .LBB4_53
         10004b6          10004b6        0     1                 
         10004bc          10004bc        0     1                 .LBB4_54
         10004bc          10004bc        0     1                 
         10004bc          10004bc        0     1                 
         10004c2          10004c2        0     1                 .LBB4_55
         10004c2          10004c2        0     1                 
         10004c2          10004c2        0     1                 
         10004c4          10004c4        0     1                 
         10004c8          10004c8        0     1                 
         10004c8          10004c8        0     1                 
         10004cc          10004cc        0     1                 
         10004cc          10004cc        0     1                 .LBB4_56
         10004cc          10004cc        0     1                 
         10004dc          10004dc        0     1                 
         10004dc          10004dc        0     1                 
         10004de          10004de        0     1                 
         10004e2          10004e2        0     1                 .LBB4_57
         10004e2          10004e2        0     1                 
         10004e2          10004e2        0     1                 
         10004e8          10004e8        0     1                 .LBB4_58
         10004e8          10004e8        0     1                 
         10004e8          10004e8        0     1                 
         10004ea          10004ea        0     1                 
         10004ee          10004ee        0     1                 
         10004ee          10004ee        0     1                 
         10004f2          10004f2        0     1                 
         10004f2          10004f2        0     1                 .LBB4_59
         10004f2          10004f2        0     1                 
         1000502          1000502        0     1                 
         1000502          1000502        0     1                 
         1000504          1000504        0     1                 
         1000506          1000506        0     1                 .LBB4_60
         1000506          1000506        0     1                 
         1000506          1000506        0     1                 
         1000508          1000508        0     1                 
         100050c          100050c        0     1                 
         100050c          100050c        0     1                 
         1000512          1000512        0     1                 
         1000514          1000514        0     1                 
         100051c          100051c        0     1                 
         100051c          100051c        0     1                 
         1000522          1000522        0     1                 .LBB4_61
         1000522          1000522        0     1                 
         1000534          1000534        0     1                 
         100053c          100053c        0     1                 
         1000540          1000540        0     1                 
         1000540          1000540        0     1                 
         1000540          1000540      230     2         user/lib/libuser.a(string.o):(.text)
         1000540          1000540        0     1                 
         1000540          1000540        0     1                 
         1000540          1000540        0     1                 $x.0
         1000540          1000540        0     1                 
         1000540          1000540       2e     1                 strcmp
         1000544          1000544        0     1                 
         1000546          1000546        0     1                 
         1000548          1000548        0     1                 
         1000548          1000548        0     1                 .LBB0_2
         1000548          1000548        0     1                 
         100054c          100054c        0     1                 
         1000550          1000550        0     1                 
         1000554          1000554        0     1                 
         1000554          1000554        0     1                 
         1000558          1000558        0     1                 
         100055a          100055a        0     1                 
         100055c          100055c        0     1                 
         100055e          100055e        0     1                 .LBB0_4
         100055e          100055e        0     1                 
         1000564          1000564        0     1                 .LBB0_5
         1000564          1000564        0     1                 
         1000564          1000564        0     1                 
         1000566          1000566        0     1                 .LBB0_6
         1000566          1000566        0     1                 
         1000566          1000566        0     1                 
         100056a          100056a        0     1                 
         100056a          100056a        0     1                 
         100056c          100056c        0     1                 
         100056e          100056e        0     1                 
         100056e          100056e        0     1                 
         100056e          100056e        0     1                 
         100056e          100056e        0     1                 
         100056e          100056e        0     1                 
         100056e          100056e       2e     1                 strncmp
         1000570          1000570        0     1                 
         1000572          1000572        0     1                 
         1000574          1000574        0     1                 
         1000578          1000578        0     1                 
         1000578          1000578        0     1                 .LBB1_2
         1000578          1000578        0     1                 
         100057c          100057c        0     1                 
         1000580          1000580        0     1                 
         1000584          1000584        0     1                 
         1000586          1000586        0     1                 
         1000588          1000588        0     1                 
         100058a          100058a        0     1                 
         1000592          1000592        0     1                 .LBB1_5
         1000592          1000592        0     1                 
         1000592          1000592        0     1                 
         1000596          1000596        0     1                 .LBB1_6
         1000596          1000596        0     1                 
         1000596          1000596        0     1                 
         100059a          100059a        0     1                 
         100059a          100059a        0     1                 
         100059c          100059c        0     1                 
         100059c          100059c        0     1                 
         100059c          100059c        0     1                 
         100059c          100059c        0     1                 
         100059c          100059c        0     1                 
         100059c          100059c       14     1                 strlen
         100059e          100059e        0     1                 
         100059e          100059e        0     1                 .LBB2_1
         100059e          100059e        0     1                 
         10005a6          10005a6        0     1                 
         10005a8          10005a8        0     1                 
         10005aa          10005aa        0     1                 
         10005ae          10005ae        0     1                 
         10005b0          10005b0        0     1                 
         10005b0          10005b0        0     1                 
         10005b0          10005b0        0     1                 
         10005b0          10005b0        0     1                 
         10005b0          10005b0        0     1                 
         10005b0          10005b0       1e     1                 strnlen
         10005b2          10005b2        0     1                 
         10005b4          10005b4        0     1                 
         10005b6          10005b6        0     1                 
         10005b6          10005b6        0     1                 .LBB3_2
         10005b6          10005b6        0     1                 
         10005be          10005be        0     1                 
         10005c0          10005c0        0     1                 
         10005c2          10005c2        0     1                 
         10005c6          10005c6        0     1                 
         10005c8          10005c8        0     1                 .LBB3_5
         10005c8          10005c8        0     1                 
         10005c8          10005c8        0     1                 
         10005ca          10005ca        0     1                 .LBB3_6
         10005ca          10005ca        0     1                 
         10005ca          10005ca        0     1                 
         10005cc          10005cc        0     1                 
         10005cc          10005cc        0     1                 
         10005ce          10005ce        0     1                 
         10005ce          10005ce        0     1                 
         10005ce          10005ce        0     1                 
         10005ce          10005ce        0     1                 
         10005ce          10005ce        0     1                 
         10005ce          10005ce       24     1                 strcpy
         10005d4          10005d4        0     1                 
         10005d8          10005d8        0     1                 
         10005d8          10005d8        0     1                 
         10005da          10005da        0     1                 
         10005da          10005da        0     1                 .LBB4_2
         10005da          10005da        0     1                 
         10005de          10005de        0     1                 
         10005e2          10005e2        0     1                 
         10005e6          10005e6        0     1                 
         10005e6          10005e6        0     1                 
         10005e8          10005e8        0     1                 
         10005e8          10005e8        0     1                 
         10005ea          10005ea        0     1                 
         10005ec          10005ec        0     1                 .LBB4_3
         10005ec          10005ec        0     1                 
         10005ec          10005ec        0     1                 
         10005f0          10005f0        0     1                 
         10005f2          10005f2        0     1                 
         10005f2          10005f2        0     1                 
         10005f2          10005f2        0     1                 
         10005f2          10005f2        0     1                 
         10005f2          10005f2        0     1                 
         10005f2          10005f2       32     1                 strncpy
         10005f4          10005f4        0     1                 
         10005f6          10005f6        0     1                 
         10005f6          10005f6        0     1                 .LBB5_1
         10005f6          10005f6        0     1                 
         10005fe          10005fe        0     1                 
         1000600          1000600        0     1                 
         1000604          1000604        0     1                 
         1000606          1000606        0     1                 
         100060a          100060a        0     1                 
         1000610          1000610        0     1                 .LBB5_3
         1000610          1000610        0     1                 
         1000614          1000614        0     1                 
         1000616          1000616        0     1                 
         1000618          1000618        0     1                 
         1000618          1000618        0     1                 .LBB5_5
         1000618          1000618        0     1                 
         100061c          100061c        0     1                 
         100061e          100061e        0     1                 
         1000622          1000622        0     1                 .LBB5_6
         1000622          1000622        0     1                 
         1000624          1000624        0     1                 
         1000624          1000624        0     1                 
         1000624          1000624        0     1                 
         1000624          1000624        0     1                 
         1000624          1000624        0     1                 
         1000624          1000624       3e     1                 strstr
         1000628          1000628        0     1                 
         100062a          100062a        0     1                 
         100062e          100062e        0     1                 
         1000634          1000634        0     1                 .LBB6_3
         1000634          1000634        0     1                 
         1000638          1000638        0     1                 
         1000638          1000638        0     1                 .LBB6_4
         1000638          1000638        0     1                 
         1000640          1000640        0     1                 
         1000644          1000644        0     1                 
         1000648          1000648        0     1                 
         100064a          100064a        0     1                 
         100064e          100064e        0     1                 
         1000652          1000652        0     1                 .LBB6_7
         1000652          1000652        0     1                 
         1000652          1000652        0     1                 
         1000654          1000654        0     1                 
         1000658          1000658        0     1                 
         100065a          100065a        0     1                 
         100065e          100065e        0     1                 .LBB6_9
         100065e          100065e        0     1                 
         1000660          1000660        0     1                 .LBB6_10
         1000660          1000660        0     1                 
         1000660          1000660        0     1                 
         1000662          1000662        0     1                 
         1000662          1000662        0     1                 
         1000662          1000662        0     1                 
         1000662          1000662        0     1                 
         1000662          1000662        0     1                 
         1000662          1000662       32     1                 strcat
         1000666          1000666        0     1                 
         1000666          1000666        0     1                 .LBB7_1
         1000666          1000666        0     1                 
         100066a          100066a        0     1                 
         100066c          100066c        0     1                 
         100066c          100066c        0     1                 
         100066e          100066e        0     1                 
         1000672          1000672        0     1                 
         1000676          1000676        0     1                 
         1000676          1000676        0     1                 .LBB7_4
         1000676          1000676        0     1                 
         100067a          100067a        0     1                 
         100067e          100067e        0     1                 
         1000682          1000682        0     1                 
         1000682          1000682        0     1                 
         1000684          1000684        0     1                 
         1000684          1000684        0     1                 
         1000686          1000686        0     1                 
         1000688          1000688        0     1                 
         100068c          100068c        0     1                 
         100068e          100068e        0     1                 .LBB7_6
         100068e          100068e        0     1                 
         100068e          100068e        0     1                 
         1000692          1000692        0     1                 
         1000694          1000694        0     1                 
         1000694          1000694        0     1                 
         1000694          1000694        0     1                 
         1000694          1000694        0     1                 
         1000694          1000694        0     1                 
         1000694          1000694       1e     1                 strchr
         1000698          1000698        0     1                 
         1000698          1000698        0     1                 
         100069a          100069a        0     1                 
         100069e          100069e        0     1                 
         100069e          100069e        0     1                 .LBB8_2
         100069e          100069e        0     1                 
         10006a2          10006a2        0     1                 
         10006a6          10006a6        0     1                 
         10006aa          10006aa        0     1                 
         10006ac          10006ac        0     1                 
         10006ae          10006ae        0     1                 .LBB8_4
         10006ae          10006ae        0     1                 
         10006b0          10006b0        0     1                 .LBB8_5
         10006b0          10006b0        0     1                 
         10006b0          10006b0        0     1                 
         10006b2          10006b2        0     1                 
         10006b2          10006b2        0     1                 
         10006b2          10006b2        0     1                 
         10006b2          10006b2        0     1                 
         10006b2          10006b2        0     1                 .Lpcrel_hi0
         10006b2          10006b2        0     1                 
         10006b2          10006b2       94     1                 strtok
         10006b6          10006b6        0     1                 
         10006b8          10006b8        0     1                 
         10006be          10006be        0     1                 .LBB9_2
         10006be          10006be        0     1                 
         10006c2          10006c2        0     1                 
         10006c2          10006c2        0     1                 
         10006c4          10006c4        0     1                 .LBB9_3
         10006c4          10006c4        0     1                 
         10006c8          10006c8        0     1                 
         10006ca          10006ca        0     1                 
         10006ce          10006ce        0     1                 
         10006d4          10006d4        0     1                 
         10006d4          10006d4        0     1                 .LBB9_5
         10006d4          10006d4        0     1                 
         10006d8          10006d8        0     1                 
         10006e0          10006e0        0     1                 
         10006e0          10006e0        0     1                 .LBB9_7
         10006e0          10006e0        0     1                 
         10006e4          10006e4        0     1                 
         10006e8          10006e8        0     1                 
         10006e8          10006e8        0     1                 
         10006ec          10006ec        0     1                 
         10006ee          10006ee        0     1                 
         10006f2          10006f2        0     1                 .LBB9_9
         10006f2          10006f2        0     1                 
         10006f2          10006f2        0     1                 
         10006fa          10006fa        0     1                 
         1000700          1000700        0     1                 
         1000702          1000702        0     1                 .LBB9_10
         1000702          1000702        0     1                 
         1000704          1000704        0     1                 
         1000706          1000706        0     1                 .LBB9_11
         1000706          1000706        0     1                 
         1000708          1000708        0     1                 .LBB9_12
         1000708          1000708        0     1                 
         100070e          100070e        0     1                 
         100070e          100070e        0     1                 .LBB9_13
         100070e          100070e        0     1                 
         1000712          1000712        0     1                 
         1000716          1000716        0     1                 .LBB9_14
         1000716          1000716        0     1                 
         1000726          1000726        0     1                 .LBB9_16
         1000726          1000726        0     1                 
         1000726          1000726        0     1                 
         100072e          100072e        0     1                 
         100072e          100072e        0     1                 
         1000732          1000732        0     1                 
         1000734          1000734        0     1                 
         1000734          1000734        0     1                 
         1000738          1000738        0     1                 .LBB9_18
         1000738          1000738        0     1                 
         1000738          1000738        0     1                 
         100073c          100073c        0     1                 .LBB9_19
         100073c          100073c        0     1                 
         1000740          1000740        0     1                 .LBB9_20
         1000740          1000740        0     1                 
         1000742          1000742        0     1                 .LBB9_21
         1000742          1000742        0     1                 
         1000746          1000746        0     1                 
         1000746          1000746        0     1                 
         1000746          1000746        0     1                 
         1000746          1000746        0     1                 
         1000746          1000746        0     1                 
         1000746          1000746       18     1                 memcpy
         100074a          100074a        0     1                 
         100074a          100074a        0     1                 
         100074c          100074c        0     1                 
         100074c          100074c        0     1                 .LBB10_2
         100074c          100074c        0     1                 
         1000750          1000750        0     1                 
         1000754          1000754        0     1                 
         1000754          1000754        0     1                 
         1000756          1000756        0     1                 
         1000758          1000758        0     1                 
         100075c          100075c        0     1                 .LBB10_3
         100075c          100075c        0     1                 
         100075c          100075c        0     1                 
         100075e          100075e        0     1                 
         100075e          100075e        0     1                 
         100075e          100075e        0     1                 
         100075e          100075e        0     1                 
         100075e          100075e        0     1                 
         100075e          100075e       12     1                 memset
         1000762          1000762        0     1                 
         1000762          1000762        0     1                 
         1000764          1000764        0     1                 
         1000764          1000764        0     1                 .LBB11_2
         1000764          1000764        0     1                 
         1000768          1000768        0     1                 
         1000768          1000768        0     1                 
         100076a          100076a        0     1                 
         100076a          100076a        0     1                 
         100076e          100076e        0     1                 .LBB11_3
         100076e          100076e        0     1                 
         100076e          100076e        0     1                 
         1000770          1000770        0     1                 
         1000770          1000770        0     1                 
         1000770          1000770       86     2         user/lib/libuser.a(syscall.o):(.text)
         1000770          1000770        0     1                 
         1000770          1000770        0     1                 
         1000770          1000770        0     1                 $x.0
         1000770          1000770        0     1                 
         1000770          1000770       10     1                 syscall
         1000772          1000772        0     1                 
         100077e          100077e        0     1                 
         1000780          1000780        0     1                 
         1000780          1000780        0     1                 
         1000780          1000780        0     1                 
         1000780          1000780        a     1                 read
         1000788          1000788        0     1                 
         100078a          100078a        0     1                 
         100078a          100078a        0     1                 
         100078a          100078a        0     1                 
         100078a          100078a        c     1                 write
         1000792          1000792        0     1                 
         1000796          1000796        0     1                 
         1000796          1000796        0     1                 
         1000796          1000796        0     1                 
         1000796          1000796       10     1                 cls
         10007a4          10007a4        0     1                 
         10007a6          10007a6        0     1                 
         10007a6          10007a6        0     1                 
         10007a6          10007a6        0     1                 
         10007a6          10007a6       10     1                 yield
         10007b4          10007b4        0     1                 
         10007b6          10007b6        0     1                 
         10007b6          10007b6        0     1                 
         10007b6          10007b6        0     1                 
         10007b6          10007b6       12     1                 fork
         10007c4          10007c4        0     1                 
         10007c8          10007c8        0     1                 
         10007c8          10007c8        0     1                 
         10007c8          10007c8        0     1                 
         10007c8          10007c8       10     1                 exec
         10007d4          10007d4        0     1                 
         10007d8          10007d8        0     1                 
         10007d8          10007d8        0     1                 
         10007d8          10007d8        0     1                 
         10007d8          10007d8        e     1                 exit
         10007e4          10007e4        0     1                 .LBB7_1
         10007e4          10007e4        0     1                 
         10007e6          10007e6        0     1                 
         10007e6          10007e6        0     1                 
         10007e6          10007e6        0     1                 
         10007e6          10007e6        0     1                 
         10007e6          10007e6        0     1                 
         10007e6          10007e6       10     1                 wait
         10007f2          10007f2        0     1                 
         10007f2          10007f2        0     1                 
         10007f6          10007f6        0     1                 
         10007f8          10007f8      160     8 .rodata
         10007f8          10007f8       ad     1         <internal>:(.rodata.str1.1)
         10008a8          10008a8       b0     8         user/lib/libuser.a(printf.o):(.rodata)
         10008a8          10008a8        0     1                 .LJTI4_0
         10008a8          10008a8        0     1                 $d.1
         1000958          1000958        8     8 .bss
         1000958          1000958        8     8         user/lib/libuser.a(string.o):(.sbss)
         1000958          1000958        8     1                 strtok.saved
         1000958          1000958        0     1                 $d.1
         1000960          1000960        0     1         
         1000960          1000960     f6a0     1 . = 0x1010000
         1010000          1010000    10000     1 .stack
         1010000          1010000        0     1         __user_stack_bottom = .
         1010000          1010000    10000     1         . += 64 * 1024
         1020000          1020000        0     1         __user_stack_top = .
         1020000          1020000        0     1 . = ALIGN ( 4096 )
         1020000          1020000        0     1 __user_heap_start = 0x03000000
         1020000          1020000  2000000     1 . += 32 * 1024 * 1024
         3020000          3020000        0     1 __user_heap_end = .
               0                0     139f     1 .debug_info
               0                0       96     1         user/bin/init_crt0.o:(.debug_info)
               0                0        0     1                 
               0                0        0     1                 $d.4
              96               96      1e3     1         user/bin/shell.o:(.debug_info)
              96               96        0     1                 $d.4
             279              279      79d     1         user/lib/libuser.a(printf.o):(.debug_info)
             279              279        0     1                 $d.5
             a16              a16      49c     1         user/lib/libuser.a(string.o):(.debug_info)
             a16              a16        0     1                 $d.4
             eb2              eb2      4ed     1         user/lib/libuser.a(syscall.o):(.debug_info)
             eb2              eb2        0     1                 $d.3
               0                0      545     1 .debug_abbrev
               0                0       21     1         user/bin/init_crt0.o:(.debug_abbrev)
               0                0        0     1                 
               0                0        0     1                 $d.3
              21               21       fe     1         user/bin/shell.o:(.debug_abbrev)
              21               21        0     1                 $d.3
             11f              11f      1d2     1         user/lib/libuser.a(printf.o):(.debug_abbrev)
             11f              11f        0     1                 $d.4
             2f1              2f1      119     1         user/lib/libuser.a(string.o):(.debug_abbrev)
             2f1              2f1        0     1                 $d.3
             40a              40a      13b     1         user/lib/libuser.a(syscall.o):(.debug_abbrev)
             40a              40a        0     1                 $d.2
               0                0       30     1 .debug_aranges
               0                0       30     1         user/bin/init_crt0.o:(.debug_aranges)
               0                0        0     1                 $d.2
               0                0      ed3     1 .debug_line
               0                0       54     1         user/bin/init_crt0.o:(.debug_line)
               0                0        0     1                 .Lline_table_start0
               0                0        0     1                 $d.5
              54               54       d8     1         user/bin/shell.o:(.debug_line)
              54               54        0     1                 .Lline_table_start0
              54               54        0     1                 $d.9
             12c              12c      6f9     1         user/lib/libuser.a(printf.o):(.debug_line)
             12c              12c        0     1                 .Lline_table_start0
             12c              12c        0     1                 $d.11
             825              825      581     1         user/lib/libuser.a(string.o):(.debug_line)
             825              825        0     1                 .Lline_table_start0
             825              825        0     1                 $d.10
             da6              da6      12d     1         user/lib/libuser.a(syscall.o):(.debug_line)
             da6              da6        0     1                 .Lline_table_start0
             da6              da6        0     1                 $d.8
               0                0     146c     1 .debug_loc
               0                0       49     1         user/bin/shell.o:(.debug_loc)
               0                0        0     1                 
               0                0        0     1                 $d.2
              49               49      b12     1         user/lib/libuser.a(printf.o):(.debug_loc)
              49               49        0     1                 
              49               49        0     1                 $d.3
              7f               7f        0     1                 
              b5               b5        0     1                 
              eb               eb        0     1                 
             10e              10e        0     1                 
             16e              16e        0     1                 
             196              196        0     1                 
             1bb              1bb        0     1                 
             1de              1de        0     1                 
             227              227        0     1                 
             24a              24a        0     1                 
             280              280        0     1                 
             2b6              2b6        0     1                 
             2ec              2ec        0     1                 
             35f              35f        0     1                 
             384              384        0     1                 
             3a7              3a7        0     1                 
             3ca              3ca        0     1                 
             3ed              3ed        0     1                 
             410              410        0     1                 
             563              563        0     1                 
             588              588        0     1                 
             5d3              5d3        0     1                 
             64c              64c        0     1                 
             66f              66f        0     1                 
             6cf              6cf        0     1                 
             709              709        0     1                 
             787              787        0     1                 
             7e3              7e3        0     1                 
             80b              80b        0     1                 
             845              845        0     1                 
             8a5              8a5        0     1                 
             905              905        0     1                 
             93b              93b        0     1                 
             97f              97f        0     1                 
             9db              9db        0     1                 
             9fe              9fe        0     1                 
             a34              a34        0     1                 
             a7d              a7d        0     1                 
             ac1              ac1        0     1                 
             ae9              ae9        0     1                 
             b0e              b0e        0     1                 
             b36              b36        0     1                 
             b5b              b5b      5ea     1         user/lib/libuser.a(string.o):(.debug_loc)
             b5b              b5b        0     1                 
             b5b              b5b        0     1                 $d.2
             bb9              bb9        0     1                 
             bdc              bdc        0     1                 
             bff              bff        0     1                 
             c22              c22        0     1                 
             c45              c45        0     1                 
             c69              c69        0     1                 
             c8c              c8c        0     1                 
             cc3              cc3        0     1                 
             d0c              d0c        0     1                 
             d57              d57        0     1                 
             d8d              d8d        0     1                 
             dd6              dd6        0     1                 
             df9              df9        0     1                 
             e30              e30        0     1                 
             e53              e53        0     1                 
             e89              e89        0     1                 
             efc              efc        0     1                 
             f1f              f1f        0     1                 
             f42              f42        0     1                 
             f65              f65        0     1                 
             f88              f88        0     1                 
             fd3              fd3        0     1                 
            100b             100b        0     1                 
            102e             102e        0     1                 
            1051             1051        0     1                 
            1074             1074        0     1                 
            10cb             10cb        0     1                 
            10ee             10ee        0     1                 
            1145             1145      327     1         user/lib/libuser.a(syscall.o):(.debug_loc)
            1145             1145        0     1                 
            1145             1145        0     1                 $d.1
            117b             117b        0     1                 
            11c4             11c4        0     1                 
            11fa             11fa        0     1                 
            1230             1230        0     1                 
            1279             1279        0     1                 
            12af             12af        0     1                 
            12e5             12e5        0     1                 
            131b             131b        0     1                 
            133e             133e        0     1                 
            1361             1361        0     1                 
            1385             1385        0     1                 
            13a9             13a9        0     1                 
            13e0             13e0        0     1                 
            1403             1403        0     1                 
            1426             1426        0     1                 
            1449             1449        0     1                 
               0                0      2cc     1 .debug_str
               0                0      2cc     1         <internal>:(.debug_str)
               0                0       42     1 .comment
               0                0       42     1         <internal>:(.comment)
               0                0      338     8 .debug_frame
               0                0       38     8         user/bin/shell.o:(.debug_frame)
               0                0        0     1                 
               0                0        0     1                 $d.8
              38               38       d8     8         user/lib/libuser.a(printf.o):(.debug_frame)
              38               38        0     1                 
              38               38        0     1                 $d.10
             110              110      138     8         user/lib/libuser.a(string.o):(.debug_frame)
             110              110        0     1                 
             110              110        0     1                 $d.9
             248              248       f0     8         user/lib/libuser.a(syscall.o):(.debug_frame)
             248              248        0     1                 
             248              248        0     1                 $d.7
               0                0      160     1 .debug_ranges
               0                0      130     1         user/lib/libuser.a(printf.o):(.debug_ranges)
               0                0        0     1                 
               0                0        0     1                 $d.6
              70               70        0     1                 
              a0               a0        0     1                 
              d0               d0        0     1                 
             100              100        0     1                 
             130              130       30     1         user/lib/libuser.a(string.o):(.debug_ranges)
             130              130        0     1                 
             130              130        0     1                 $d.5
               0                0     6030     8 .symtab
               0                0     6030     8         <internal>:(.symtab)
               0                0       a4     1 .shstrtab
               0                0       a4     1         <internal>:(.shstrtab)
               0                0      21e     1 .strtab
               0                0      21e     1         <internal>:(.strtab)
