             VMA              LMA     Size Align Out     In      Symbol
               0                0  1000000     1 . = 0x1000000
         1000000          1000000      7a8     2 .text
         1000000          1000000       10     1         user/bin/init_crt0.o:(.text.start)
         1000000          1000000        0     1                 
         1000000          1000000        0     1                 .Lpcrel_hi0
         1000000          1000000        0     1                 $x.0
         1000000          1000000        0     1                 
         1000000          1000000        0     1                 start
         1000008          1000008        0     1                 
         100000c          100000c        0     1                 
         1000010          1000010        0     1                 
         1000010          1000010        0     2         user/bin/init_crt0.o:(.text)
         1000010          1000010       3c     2         user/bin/shell.o:(.text)
         1000010          1000010        0     1                 
         1000010          1000010        0     1                 
         1000010          1000010        0     1                 $x.0
         1000010          1000010        0     1                 
         1000010          1000010       3c     1                 main
         1000014          1000014        0     1                 
         1000018          1000018        0     1                 .Lpcrel_hi0
         1000018          1000018        0     1                 
         1000024          1000024        0     1                 
         1000024          1000024        0     1                 
         1000028          1000028        0     1                 
         1000028          1000028        0     1                 
         100002a          100002a        0     1                 
         100002c          100002c        0     1                 
         100002c          100002c        0     1                 .Lpcrel_hi2
         100002c          100002c        0     1                 
         1000038          1000038        0     1                 
         1000038          1000038        0     1                 
         100003c          100003c        0     1                 
         100003c          100003c        0     1                 
         100003e          100003e        0     1                 .LBB0_2
         100003e          100003e        0     1                 
         100003e          100003e        0     1                 .Lpcrel_hi1
         100003e          100003e        0     1                 
         1000042          1000042        0     1                 
         100004a          100004a        0     1                 .LBB0_3
         100004a          100004a        0     1                 
         100004a          100004a        0     1                 
         100004c          100004c        0     1                 
         100004c          100004c        0     1                 
         100004c          100004c        2     2         user/lib/libuser.a(exit.o):(.text)
         100004c          100004c        0     1                 
         100004c          100004c        0     1                 
         100004c          100004c        0     1                 .LBB0_1
         100004c          100004c        0     1                 $x.0
         100004c          100004c        0     1                 
         100004c          100004c        2     1                 exit
         100004e          100004e        0     1                 
         100004e          100004e        0     1                 
         100004e          100004e      4d2     2         user/lib/libuser.a(printf.o):(.text)
         100004e          100004e        0     1                 
         100004e          100004e        0     1                 
         100004e          100004e        0     1                 $x.0
         100004e          100004e        0     1                 
         100004e          100004e        c     1                 putc
         1000050          1000050        0     1                 
         100005a          100005a        0     1                 
         100005a          100005a        0     1                 
         100005a          100005a        0     1                 
         100005a          100005a        0     1                 
         100005a          100005a        0     1                 
         100005a          100005a        0     1                 
         100005a          100005a       1a     1                 puts
         1000062          1000062        0     1                 
         1000062          1000062        0     1                 
         1000066          1000066        0     1                 
         1000068          1000068        0     1                 
         1000070          1000070        0     1                 
         1000070          1000070        0     1                 
         1000074          1000074        0     1                 
         1000074          1000074        0     1                 
         1000074          1000074        0     1                 
         1000074          1000074        0     1                 
         1000074          1000074        0     1                 
         1000074          1000074        0     1                 
         1000074          1000074       8e     1                 puthex
         100007c          100007c        0     1                 
         100007c          100007c        0     1                 
         1000080          1000080        0     1                 
         1000082          1000082        0     1                 
         1000084          1000084        0     1                 .Lpcrel_hi0
         1000094          1000094        0     1                 
         1000094          1000094        0     1                 .LBB2_2
         1000094          1000094        0     1                 
         1000098          1000098        0     1                 
         100009e          100009e        0     1                 
         100009e          100009e        0     1                 
         10000a6          10000a6        0     1                 
         10000a6          10000a6        0     1                 
         10000ac          10000ac        0     1                 
         10000b2          10000b2        0     1                 
         10000b4          10000b4        0     1                 
         10000b4          10000b4        0     1                 
         10000b8          10000b8        0     1                 .LBB2_4
         10000b8          10000b8        0     1                 
         10000b8          10000b8        0     1                 
         10000bc          10000bc        0     1                 
         10000bc          10000bc        0     1                 
         10000c2          10000c2        0     1                 .LBB2_5
         10000c2          10000c2        0     1                 
         10000c2          10000c2        0     1                 
         10000c4          10000c4        0     1                 
         10000c8          10000c8        0     1                 
         10000c8          10000c8        0     1                 
         10000cc          10000cc        0     1                 
         10000cc          10000cc        0     1                 .LBB2_6
         10000cc          10000cc        0     1                 
         10000dc          10000dc        0     1                 
         10000dc          10000dc        0     1                 
         10000de          10000de        0     1                 
         10000e0          10000e0        0     1                 .LBB2_7
         10000e0          10000e0        0     1                 
         10000e0          10000e0        0     1                 
         10000e2          10000e2        0     1                 
         10000e2          10000e2        0     1                 
         10000e6          10000e6        0     1                 
         10000e8          10000e8        0     1                 
         10000e8          10000e8        0     1                 
         10000ee          10000ee        0     1                 
         10000f0          10000f0        0     1                 
         10000f8          10000f8        0     1                 
         10000f8          10000f8        0     1                 
         10000fc          10000fc        0     1                 
         10000fe          10000fe        0     1                 
         10000fe          10000fe        0     1                 
         1000102          1000102        0     1                 
         1000102          1000102        0     1                 
         1000102          1000102        0     1                 
         1000102          1000102        0     1                 
         1000102          1000102        0     1                 
         1000102          1000102       dc     1                 putpad
         1000112          1000112        0     1                 
         1000114          1000114        0     1                 
         1000114          1000114        0     1                 
         1000120          1000120        0     1                 
         1000124          1000124        0     1                 
         1000128          1000128        0     1                 
         1000128          1000128        0     1                 
         100012c          100012c        0     1                 
         1000130          1000130        0     1                 .LBB3_2
         1000130          1000130        0     1                 
         1000130          1000130        0     1                 
         1000132          1000132        0     1                 
         1000138          1000138        0     1                 
         100013a          100013a        0     1                 
         100013a          100013a        0     1                 .LBB3_4
         100013a          100013a        0     1                 
         100014a          100014a        0     1                 
         100014a          100014a        0     1                 
         100014e          100014e        0     1                 
         1000152          1000152        0     1                 .LBB3_6
         1000152          1000152        0     1                 
         1000154          1000154        0     1                 
         1000154          1000154        0     1                 
         100015c          100015c        0     1                 
         100015c          100015c        0     1                 
         1000162          1000162        0     1                 
         1000168          1000168        0     1                 
         100016a          100016a        0     1                 
         100016e          100016e        0     1                 .LBB3_8
         100016e          100016e        0     1                 
         100016e          100016e        0     1                 
         1000172          1000172        0     1                 
         1000172          1000172        0     1                 
         1000178          1000178        0     1                 .LBB3_9
         1000178          1000178        0     1                 
         1000178          1000178        0     1                 
         100017a          100017a        0     1                 
         100017c          100017c        0     1                 
         100017c          100017c        0     1                 
         1000180          1000180        0     1                 
         1000180          1000180        0     1                 
         1000188          1000188        0     1                 
         1000190          1000190        0     1                 .LBB3_11
         1000190          1000190        0     1                 
         1000190          1000190        0     1                 
         1000194          1000194        0     1                 
         10001a0          10001a0        0     1                 .LBB3_14
         10001a0          10001a0        0     1                 
         10001a4          10001a4        0     1                 
         10001a6          10001a6        0     1                 
         10001a6          10001a6        0     1                 .LBB3_15
         10001a6          10001a6        0     1                 
         10001b4          10001b4        0     1                 
         10001b4          10001b4        0     1                 
         10001b6          10001b6        0     1                 
         10001b8          10001b8        0     1                 .LBB3_16
         10001b8          10001b8        0     1                 
         10001b8          10001b8        0     1                 
         10001ba          10001ba        0     1                 
         10001ba          10001ba        0     1                 
         10001bc          10001bc        0     1                 
         10001be          10001be        0     1                 
         10001be          10001be        0     1                 
         10001c4          10001c4        0     1                 
         10001c6          10001c6        0     1                 
         10001ce          10001ce        0     1                 
         10001ce          10001ce        0     1                 
         10001d2          10001d2        0     1                 
         10001d6          10001d6        0     1                 
         10001d8          10001d8        0     1                 
         10001da          10001da        0     1                 
         10001da          10001da        0     1                 
         10001de          10001de        0     1                 
         10001de          10001de        0     1                 
         10001de          10001de        0     1                 
         10001de          10001de        0     1                 
         10001de          10001de        0     1                 
         10001de          10001de      342     1                 printf
         10001fc          10001fc        0     1                 
         100020c          100020c        0     1                 
         1000230          1000230        0     1                 
         1000230          1000230        0     1                 .LBB4_1
         1000230          1000230        0     1                 
         1000232          1000232        0     1                 .LBB4_2
         1000236          1000236        0     1                 .LBB4_3
         100023a          100023a        0     1                 
         100023a          100023a        0     1                 
         100023e          100023e        0     1                 .LBB4_4
         100023e          100023e        0     1                 
         100023e          100023e        0     1                 
         1000242          1000242        0     1                 
         100024a          100024a        0     1                 
         100024a          100024a        0     1                 
         1000256          1000256        0     1                 
         1000256          1000256        0     1                 
         1000258          1000258        0     1                 
         100025a          100025a        0     1                 .LBB4_7
         100025a          100025a        0     1                 
         100025a          100025a        0     1                 
         100025e          100025e        0     1                 
         1000262          1000262        0     1                 
         1000262          1000262        0     1                 
         1000266          1000266        0     1                 
         1000268          1000268        0     1                 .LBB4_9
         1000268          1000268        0     1                 
         100026c          100026c        0     1                 .LBB4_10
         1000276          1000276        0     1                 
         1000276          1000276        0     1                 
         100027a          100027a        0     1                 
         1000288          1000288        0     1                 
         100028a          100028a        0     1                 
         100028a          100028a        0     1                 .LBB4_12
         100028a          100028a        0     1                 
         1000292          1000292        0     1                 
         1000296          1000296        0     1                 
         1000296          1000296        0     1                 
         1000298          1000298        0     1                 
         100029c          100029c        0     1                 
         100029c          100029c        0     1                 
         10002a4          10002a4        0     1                 
         10002a8          10002a8        0     1                 
         10002a8          10002a8        0     1                 
         10002aa          10002aa        0     1                 
         10002ae          10002ae        0     1                 .LBB4_13
         10002ae          10002ae        0     1                 
         10002ae          10002ae        0     1                 
         10002b2          10002b2        0     1                 
         10002b2          10002b2        0     1                 
         10002b6          10002b6        0     1                 
         10002ba          10002ba        0     1                 
         10002c0          10002c0        0     1                 
         10002c2          10002c2        0     1                 
         10002c2          10002c2        0     1                 
         10002c4          10002c4        0     1                 
         10002c4          10002c4        0     1                 
         10002ce          10002ce        0     1                 .LBB4_16
         10002ce          10002ce        0     1                 
         10002ce          10002ce        0     1                 
         10002d2          10002d2        0     1                 
         10002d2          10002d2        0     1                 
         10002da          10002da        0     1                 .LBB4_17
         10002dc          10002dc        0     1                 .Lpcrel_hi1
         10002e8          10002e8        0     1                 .Lpcrel_hi2
         10002f2          10002f2        0     1                 .LBB4_18
         10002f2          10002f2        0     1                 
         10002fe          10002fe        0     1                 
         1000300          1000300        0     1                 .LBB4_19
         1000300          1000300        0     1                 
         1000304          1000304        0     1                 
         1000306          1000306        0     1                 
         1000306          1000306        0     1                 
         100030e          100030e        0     1                 .LBB4_20
         1000312          1000312        0     1                 
         1000312          1000312        0     1                 
         100031c          100031c        0     1                 .LBB4_22
         100031c          100031c        0     1                 
         100031c          100031c        0     1                 
         100032c          100032c        0     1                 
         100032c          100032c        0     1                 
         1000330          1000330        0     1                 .LBB4_23
         1000330          1000330        0     1                 
         1000330          1000330        0     1                 
         1000334          1000334        0     1                 .LBB4_24
         100033c          100033c        0     1                 
         100033c          100033c        0     1                 
         1000340          1000340        0     1                 
         1000340          1000340        0     1                 
         1000342          1000342        0     1                 
         1000342          1000342        0     1                 .LBB4_25
         1000342          1000342        0     1                 .Lpcrel_hi4
         1000342          1000342        0     1                 
         100034a          100034a        0     1                 
         1000350          1000350        0     1                 
         1000352          1000352        0     1                 
         100035a          100035a        0     1                 
         100035a          100035a        0     1                 
         1000364          1000364        0     1                 
         1000364          1000364        0     1                 
         1000368          1000368        0     1                 
         1000368          1000368        0     1                 
         100036a          100036a        0     1                 
         100036a          100036a        0     1                 
         100036e          100036e        0     1                 
         100036e          100036e        0     1                 .LBB4_27
         1000370          1000370        0     1                 
         1000370          1000370        0     1                 
         1000372          1000372        0     1                 
         1000378          1000378        0     1                 
         1000378          1000378        0     1                 
         1000380          1000380        0     1                 
         1000380          1000380        0     1                 
         1000384          1000384        0     1                 
         1000386          1000386        0     1                 
         100038a          100038a        0     1                 
         100038a          100038a        0     1                 
         100038e          100038e        0     1                 .LBB4_29
         100038e          100038e        0     1                 
         100038e          100038e        0     1                 
         1000396          1000396        0     1                 
         1000396          1000396        0     1                 
         100039c          100039c        0     1                 
         100039c          100039c        0     1                 .LBB4_30
         100039c          100039c        0     1                 
         100039e          100039e        0     1                 
         10003a0          10003a0        0     1                 
         10003aa          10003aa        0     1                 
         10003ac          10003ac        0     1                 
         10003ac          10003ac        0     1                 
         10003ae          10003ae        0     1                 
         10003ae          10003ae        0     1                 
         10003b2          10003b2        0     1                 
         10003b2          10003b2        0     1                 
         10003b4          10003b4        0     1                 
         10003b8          10003b8        0     1                 
         10003b8          10003b8        0     1                 .LBB4_33
         10003ba          10003ba        0     1                 
         10003ba          10003ba        0     1                 
         10003bc          10003bc        0     1                 
         10003c2          10003c2        0     1                 
         10003c2          10003c2        0     1                 
         10003ca          10003ca        0     1                 
         10003ca          10003ca        0     1                 
         10003ce          10003ce        0     1                 
         10003d0          10003d0        0     1                 
         10003d4          10003d4        0     1                 
         10003d4          10003d4        0     1                 
         10003da          10003da        0     1                 
         10003da          10003da        0     1                 .LBB4_35
         10003da          10003da        0     1                 
         10003e4          10003e4        0     1                 
         10003e4          10003e4        0     1                 
         10003e6          10003e6        0     1                 .Lpcrel_hi3
         10003e6          10003e6        0     1                 
         10003ee          10003ee        0     1                 .LBB4_37
         10003ee          10003ee        0     1                 
         10003ee          10003ee        0     1                 
         10003f4          10003f4        0     1                 
         10003f6          10003f6        0     1                 
         10003fe          10003fe        0     1                 
         10003fe          10003fe        0     1                 
         1000402          1000402        0     1                 
         1000402          1000402        0     1                 
         1000404          1000404        0     1                 
         1000404          1000404        0     1                 .LBB4_38
         100040c          100040c        0     1                 
         1000410          1000410        0     1                 
         1000414          1000414        0     1                 
         1000418          1000418        0     1                 .LBB4_41
         1000418          1000418        0     1                 
         1000420          1000420        0     1                 
         1000422          1000422        0     1                 
         1000424          1000424        0     1                 .LBB4_43
         1000424          1000424        0     1                 
         1000428          1000428        0     1                 .LBB4_44
         1000428          1000428        0     1                 
         1000428          1000428        0     1                 
         100042c          100042c        0     1                 
         100042c          100042c        0     1                 
         1000430          1000430        0     1                 
         1000430          1000430        0     1                 
         1000432          1000432        0     1                 
         1000434          1000434        0     1                 
         1000436          1000436        0     1                 
         1000436          1000436        0     1                 .LBB4_46
         1000438          1000438        0     1                 
         1000438          1000438        0     1                 
         100043a          100043a        0     1                 
         1000440          1000440        0     1                 
         1000440          1000440        0     1                 
         1000448          1000448        0     1                 
         1000448          1000448        0     1                 
         100044c          100044c        0     1                 
         100044e          100044e        0     1                 
         1000452          1000452        0     1                 
         1000452          1000452        0     1                 
         1000458          1000458        0     1                 .LBB4_48
         1000458          1000458        0     1                 
         1000458          1000458        0     1                 
         1000460          1000460        0     1                 
         1000460          1000460        0     1                 
         1000462          1000462        0     1                 .LBB4_49
         1000462          1000462        0     1                 
         1000462          1000462        0     1                 
         1000464          1000464        0     1                 
         1000464          1000464        0     1                 .LBB4_50
         1000464          1000464        0     1                 
         1000474          1000474        0     1                 
         1000474          1000474        0     1                 
         1000476          1000476        0     1                 
         1000478          1000478        0     1                 .LBB4_51
         1000478          1000478        0     1                 
         1000478          1000478        0     1                 
         100047a          100047a        0     1                 
         100047a          100047a        0     1                 
         1000480          1000480        0     1                 
         1000482          1000482        0     1                 
         100048a          100048a        0     1                 
         100048a          100048a        0     1                 
         100048e          100048e        0     1                 
         100048e          100048e        0     1                 
         1000492          1000492        0     1                 .LBB4_52
         1000492          1000492        0     1                 
         1000492          1000492        0     1                 
         1000496          1000496        0     1                 .LBB4_53
         1000496          1000496        0     1                 
         100049c          100049c        0     1                 .LBB4_54
         100049c          100049c        0     1                 
         100049c          100049c        0     1                 
         10004a2          10004a2        0     1                 .LBB4_55
         10004a2          10004a2        0     1                 
         10004a2          10004a2        0     1                 
         10004a4          10004a4        0     1                 
         10004a8          10004a8        0     1                 
         10004a8          10004a8        0     1                 
         10004ac          10004ac        0     1                 
         10004ac          10004ac        0     1                 .LBB4_56
         10004ac          10004ac        0     1                 
         10004bc          10004bc        0     1                 
         10004bc          10004bc        0     1                 
         10004be          10004be        0     1                 
         10004c2          10004c2        0     1                 .LBB4_57
         10004c2          10004c2        0     1                 
         10004c2          10004c2        0     1                 
         10004c8          10004c8        0     1                 .LBB4_58
         10004c8          10004c8        0     1                 
         10004c8          10004c8        0     1                 
         10004ca          10004ca        0     1                 
         10004ce          10004ce        0     1                 
         10004ce          10004ce        0     1                 
         10004d2          10004d2        0     1                 
         10004d2          10004d2        0     1                 .LBB4_59
         10004d2          10004d2        0     1                 
         10004e2          10004e2        0     1                 
         10004e2          10004e2        0     1                 
         10004e4          10004e4        0     1                 
         10004e6          10004e6        0     1                 .LBB4_60
         10004e6          10004e6        0     1                 
         10004e6          10004e6        0     1                 
         10004e8          10004e8        0     1                 
         10004ec          10004ec        0     1                 
         10004ec          10004ec        0     1                 
         10004f2          10004f2        0     1                 
         10004f4          10004f4        0     1                 
         10004fc          10004fc        0     1                 
         10004fc          10004fc        0     1                 
         1000502          1000502        0     1                 .LBB4_61
         1000502          1000502        0     1                 
         1000514          1000514        0     1                 
         100051c          100051c        0     1                 
         1000520          1000520        0     1                 
         1000520          1000520        0     1                 
         1000520          1000520      230     2         user/lib/libuser.a(string.o):(.text)
         1000520          1000520        0     1                 
         1000520          1000520        0     1                 
         1000520          1000520        0     1                 $x.0
         1000520          1000520        0     1                 
         1000520          1000520       2e     1                 strcmp
         1000524          1000524        0     1                 
         1000526          1000526        0     1                 
         1000528          1000528        0     1                 
         1000528          1000528        0     1                 .LBB0_2
         1000528          1000528        0     1                 
         100052c          100052c        0     1                 
         1000530          1000530        0     1                 
         1000534          1000534        0     1                 
         1000534          1000534        0     1                 
         1000538          1000538        0     1                 
         100053a          100053a        0     1                 
         100053c          100053c        0     1                 
         100053e          100053e        0     1                 .LBB0_4
         100053e          100053e        0     1                 
         1000544          1000544        0     1                 .LBB0_5
         1000544          1000544        0     1                 
         1000544          1000544        0     1                 
         1000546          1000546        0     1                 .LBB0_6
         1000546          1000546        0     1                 
         1000546          1000546        0     1                 
         100054a          100054a        0     1                 
         100054a          100054a        0     1                 
         100054c          100054c        0     1                 
         100054e          100054e        0     1                 
         100054e          100054e        0     1                 
         100054e          100054e        0     1                 
         100054e          100054e        0     1                 
         100054e          100054e        0     1                 
         100054e          100054e       2e     1                 strncmp
         1000550          1000550        0     1                 
         1000552          1000552        0     1                 
         1000554          1000554        0     1                 
         1000558          1000558        0     1                 
         1000558          1000558        0     1                 .LBB1_2
         1000558          1000558        0     1                 
         100055c          100055c        0     1                 
         1000560          1000560        0     1                 
         1000564          1000564        0     1                 
         1000566          1000566        0     1                 
         1000568          1000568        0     1                 
         100056a          100056a        0     1                 
         1000572          1000572        0     1                 .LBB1_5
         1000572          1000572        0     1                 
         1000572          1000572        0     1                 
         1000576          1000576        0     1                 .LBB1_6
         1000576          1000576        0     1                 
         1000576          1000576        0     1                 
         100057a          100057a        0     1                 
         100057a          100057a        0     1                 
         100057c          100057c        0     1                 
         100057c          100057c        0     1                 
         100057c          100057c        0     1                 
         100057c          100057c        0     1                 
         100057c          100057c        0     1                 
         100057c          100057c       14     1                 strlen
         100057e          100057e        0     1                 
         100057e          100057e        0     1                 .LBB2_1
         100057e          100057e        0     1                 
         1000586          1000586        0     1                 
         1000588          1000588        0     1                 
         100058a          100058a        0     1                 
         100058e          100058e        0     1                 
         1000590          1000590        0     1                 
         1000590          1000590        0     1                 
         1000590          1000590        0     1                 
         1000590          1000590        0     1                 
         1000590          1000590        0     1                 
         1000590          1000590       1e     1                 strnlen
         1000592          1000592        0     1                 
         1000594          1000594        0     1                 
         1000596          1000596        0     1                 
         1000596          1000596        0     1                 .LBB3_2
         1000596          1000596        0     1                 
         100059e          100059e        0     1                 
         10005a0          10005a0        0     1                 
         10005a2          10005a2        0     1                 
         10005a6          10005a6        0     1                 
         10005a8          10005a8        0     1                 .LBB3_5
         10005a8          10005a8        0     1                 
         10005a8          10005a8        0     1                 
         10005aa          10005aa        0     1                 .LBB3_6
         10005aa          10005aa        0     1                 
         10005aa          10005aa        0     1                 
         10005ac          10005ac        0     1                 
         10005ac          10005ac        0     1                 
         10005ae          10005ae        0     1                 
         10005ae          10005ae        0     1                 
         10005ae          10005ae        0     1                 
         10005ae          10005ae        0     1                 
         10005ae          10005ae        0     1                 
         10005ae          10005ae       24     1                 strcpy
         10005b4          10005b4        0     1                 
         10005b8          10005b8        0     1                 
         10005b8          10005b8        0     1                 
         10005ba          10005ba        0     1                 
         10005ba          10005ba        0     1                 .LBB4_2
         10005ba          10005ba        0     1                 
         10005be          10005be        0     1                 
         10005c2          10005c2        0     1                 
         10005c6          10005c6        0     1                 
         10005c6          10005c6        0     1                 
         10005c8          10005c8        0     1                 
         10005c8          10005c8        0     1                 
         10005ca          10005ca        0     1                 
         10005cc          10005cc        0     1                 .LBB4_3
         10005cc          10005cc        0     1                 
         10005cc          10005cc        0     1                 
         10005d0          10005d0        0     1                 
         10005d2          10005d2        0     1                 
         10005d2          10005d2        0     1                 
         10005d2          10005d2        0     1                 
         10005d2          10005d2        0     1                 
         10005d2          10005d2        0     1                 
         10005d2          10005d2       32     1                 strncpy
         10005d4          10005d4        0     1                 
         10005d6          10005d6        0     1                 
         10005d6          10005d6        0     1                 .LBB5_1
         10005d6          10005d6        0     1                 
         10005de          10005de        0     1                 
         10005e0          10005e0        0     1                 
         10005e4          10005e4        0     1                 
         10005e6          10005e6        0     1                 
         10005ea          10005ea        0     1                 
         10005f0          10005f0        0     1                 .LBB5_3
         10005f0          10005f0        0     1                 
         10005f4          10005f4        0     1                 
         10005f6          10005f6        0     1                 
         10005f8          10005f8        0     1                 
         10005f8          10005f8        0     1                 .LBB5_5
         10005f8          10005f8        0     1                 
         10005fc          10005fc        0     1                 
         10005fe          10005fe        0     1                 
         1000602          1000602        0     1                 .LBB5_6
         1000602          1000602        0     1                 
         1000604          1000604        0     1                 
         1000604          1000604        0     1                 
         1000604          1000604        0     1                 
         1000604          1000604        0     1                 
         1000604          1000604        0     1                 
         1000604          1000604       3e     1                 strstr
         1000608          1000608        0     1                 
         100060a          100060a        0     1                 
         100060e          100060e        0     1                 
         1000614          1000614        0     1                 .LBB6_3
         1000614          1000614        0     1                 
         1000618          1000618        0     1                 
         1000618          1000618        0     1                 .LBB6_4
         1000618          1000618        0     1                 
         1000620          1000620        0     1                 
         1000624          1000624        0     1                 
         1000628          1000628        0     1                 
         100062a          100062a        0     1                 
         100062e          100062e        0     1                 
         1000632          1000632        0     1                 .LBB6_7
         1000632          1000632        0     1                 
         1000632          1000632        0     1                 
         1000634          1000634        0     1                 
         1000638          1000638        0     1                 
         100063a          100063a        0     1                 
         100063e          100063e        0     1                 .LBB6_9
         100063e          100063e        0     1                 
         1000640          1000640        0     1                 .LBB6_10
         1000640          1000640        0     1                 
         1000640          1000640        0     1                 
         1000642          1000642        0     1                 
         1000642          1000642        0     1                 
         1000642          1000642        0     1                 
         1000642          1000642        0     1                 
         1000642          1000642        0     1                 
         1000642          1000642       32     1                 strcat
         1000646          1000646        0     1                 
         1000646          1000646        0     1                 .LBB7_1
         1000646          1000646        0     1                 
         100064a          100064a        0     1                 
         100064c          100064c        0     1                 
         100064c          100064c        0     1                 
         100064e          100064e        0     1                 
         1000652          1000652        0     1                 
         1000656          1000656        0     1                 
         1000656          1000656        0     1                 .LBB7_4
         1000656          1000656        0     1                 
         100065a          100065a        0     1                 
         100065e          100065e        0     1                 
         1000662          1000662        0     1                 
         1000662          1000662        0     1                 
         1000664          1000664        0     1                 
         1000664          1000664        0     1                 
         1000666          1000666        0     1                 
         1000668          1000668        0     1                 
         100066c          100066c        0     1                 
         100066e          100066e        0     1                 .LBB7_6
         100066e          100066e        0     1                 
         100066e          100066e        0     1                 
         1000672          1000672        0     1                 
         1000674          1000674        0     1                 
         1000674          1000674        0     1                 
         1000674          1000674        0     1                 
         1000674          1000674        0     1                 
         1000674          1000674        0     1                 
         1000674          1000674       1e     1                 strchr
         1000678          1000678        0     1                 
         1000678          1000678        0     1                 
         100067a          100067a        0     1                 
         100067e          100067e        0     1                 
         100067e          100067e        0     1                 .LBB8_2
         100067e          100067e        0     1                 
         1000682          1000682        0     1                 
         1000686          1000686        0     1                 
         100068a          100068a        0     1                 
         100068c          100068c        0     1                 
         100068e          100068e        0     1                 .LBB8_4
         100068e          100068e        0     1                 
         1000690          1000690        0     1                 .LBB8_5
         1000690          1000690        0     1                 
         1000690          1000690        0     1                 
         1000692          1000692        0     1                 
         1000692          1000692        0     1                 
         1000692          1000692        0     1                 
         1000692          1000692        0     1                 
         1000692          1000692        0     1                 .Lpcrel_hi0
         1000692          1000692        0     1                 
         1000692          1000692       94     1                 strtok
         1000696          1000696        0     1                 
         1000698          1000698        0     1                 
         100069e          100069e        0     1                 .LBB9_2
         100069e          100069e        0     1                 
         10006a2          10006a2        0     1                 
         10006a2          10006a2        0     1                 
         10006a4          10006a4        0     1                 .LBB9_3
         10006a4          10006a4        0     1                 
         10006a8          10006a8        0     1                 
         10006aa          10006aa        0     1                 
         10006ae          10006ae        0     1                 
         10006b4          10006b4        0     1                 
         10006b4          10006b4        0     1                 .LBB9_5
         10006b4          10006b4        0     1                 
         10006b8          10006b8        0     1                 
         10006c0          10006c0        0     1                 
         10006c0          10006c0        0     1                 .LBB9_7
         10006c0          10006c0        0     1                 
         10006c4          10006c4        0     1                 
         10006c8          10006c8        0     1                 
         10006c8          10006c8        0     1                 
         10006cc          10006cc        0     1                 
         10006ce          10006ce        0     1                 
         10006d2          10006d2        0     1                 .LBB9_9
         10006d2          10006d2        0     1                 
         10006d2          10006d2        0     1                 
         10006da          10006da        0     1                 
         10006e0          10006e0        0     1                 
         10006e2          10006e2        0     1                 .LBB9_10
         10006e2          10006e2        0     1                 
         10006e4          10006e4        0     1                 
         10006e6          10006e6        0     1                 .LBB9_11
         10006e6          10006e6        0     1                 
         10006e8          10006e8        0     1                 .LBB9_12
         10006e8          10006e8        0     1                 
         10006ee          10006ee        0     1                 
         10006ee          10006ee        0     1                 .LBB9_13
         10006ee          10006ee        0     1                 
         10006f2          10006f2        0     1                 
         10006f6          10006f6        0     1                 .LBB9_14
         10006f6          10006f6        0     1                 
         1000706          1000706        0     1                 .LBB9_16
         1000706          1000706        0     1                 
         1000706          1000706        0     1                 
         100070e          100070e        0     1                 
         100070e          100070e        0     1                 
         1000712          1000712        0     1                 
         1000714          1000714        0     1                 
         1000714          1000714        0     1                 
         1000718          1000718        0     1                 .LBB9_18
         1000718          1000718        0     1                 
         1000718          1000718        0     1                 
         100071c          100071c        0     1                 .LBB9_19
         100071c          100071c        0     1                 
         1000720          1000720        0     1                 .LBB9_20
         1000720          1000720        0     1                 
         1000722          1000722        0     1                 .LBB9_21
         1000722          1000722        0     1                 
         1000726          1000726        0     1                 
         1000726          1000726        0     1                 
         1000726          1000726        0     1                 
         1000726          1000726        0     1                 
         1000726          1000726        0     1                 
         1000726          1000726       18     1                 memcpy
         100072a          100072a        0     1                 
         100072a          100072a        0     1                 
         100072c          100072c        0     1                 
         100072c          100072c        0     1                 .LBB10_2
         100072c          100072c        0     1                 
         1000730          1000730        0     1                 
         1000734          1000734        0     1                 
         1000734          1000734        0     1                 
         1000736          1000736        0     1                 
         1000738          1000738        0     1                 
         100073c          100073c        0     1                 .LBB10_3
         100073c          100073c        0     1                 
         100073c          100073c        0     1                 
         100073e          100073e        0     1                 
         100073e          100073e        0     1                 
         100073e          100073e        0     1                 
         100073e          100073e        0     1                 
         100073e          100073e        0     1                 
         100073e          100073e       12     1                 memset
         1000742          1000742        0     1                 
         1000742          1000742        0     1                 
         1000744          1000744        0     1                 
         1000744          1000744        0     1                 .LBB11_2
         1000744          1000744        0     1                 
         1000748          1000748        0     1                 
         1000748          1000748        0     1                 
         100074a          100074a        0     1                 
         100074a          100074a        0     1                 
         100074e          100074e        0     1                 .LBB11_3
         100074e          100074e        0     1                 
         100074e          100074e        0     1                 
         1000750          1000750        0     1                 
         1000750          1000750        0     1                 
         1000750          1000750       58     2         user/lib/libuser.a(syscall.o):(.text)
         1000750          1000750        0     1                 
         1000750          1000750        0     1                 
         1000750          1000750        0     1                 $x.0
         1000750          1000750        0     1                 
         1000750          1000750       10     1                 syscall
         1000752          1000752        0     1                 
         100075e          100075e        0     1                 
         1000760          1000760        0     1                 
         1000760          1000760        0     1                 
         1000760          1000760        0     1                 
         1000760          1000760        a     1                 read
         1000768          1000768        0     1                 
         100076a          100076a        0     1                 
         100076a          100076a        0     1                 
         100076a          100076a        0     1                 
         100076a          100076a        c     1                 write
         1000772          1000772        0     1                 
         1000776          1000776        0     1                 
         1000776          1000776        0     1                 
         1000776          1000776        0     1                 
         1000776          1000776       10     1                 cls
         1000784          1000784        0     1                 
         1000786          1000786        0     1                 
         1000786          1000786        0     1                 
         1000786          1000786        0     1                 
         1000786          1000786       12     1                 fork
         1000794          1000794        0     1                 
         1000798          1000798        0     1                 
         1000798          1000798        0     1                 
         1000798          1000798        0     1                 
         1000798          1000798       10     1                 yield
         10007a6          10007a6        0     1                 
         10007a8          10007a8        0     1                 
         10007a8          10007a8      130     8 .rodata
         10007a8          10007a8       79     1         <internal>:(.rodata.str1.1)
         1000828          1000828       b0     8         user/lib/libuser.a(printf.o):(.rodata)
         1000828          1000828        0     1                 .LJTI4_0
         1000828          1000828        0     1                 $d.1
         10008d8          10008d8        8     8 .bss
         10008d8          10008d8        8     8         user/lib/libuser.a(string.o):(.sbss)
         10008d8          10008d8        8     1                 strtok.saved
         10008d8          10008d8        0     1                 $d.1
         10008e0          10008e0        0     1         
         10008e0          10008e0     f720     1 . = 0x1010000
         1010000          1010000    10000     1 .stack
         1010000          1010000        0     1         __user_stack_bottom = .
         1010000          1010000    10000     1         . += 64 * 1024
         1020000          1020000        0     1         __user_stack_top = .
         1020000          1020000        0     1 . = ALIGN ( 4096 )
         1020000          1020000        0     1 __user_heap_start = 0x03000000
         1020000          1020000  2000000     1 . += 32 * 1024 * 1024
         3020000          3020000        0     1 __user_heap_end = .
               0                0     11ba     1 .debug_info
               0                0       96     1         user/bin/init_crt0.o:(.debug_info)
               0                0        0     1                 
               0                0        0     1                 $d.4
              96               96      134     1         user/bin/shell.o:(.debug_info)
              96               96        0     1                 $d.4
             1ca              1ca       40     1         user/lib/libuser.a(exit.o):(.debug_info)
             1ca              1ca        0     1                 $d.2
             20a              20a      79d     1         user/lib/libuser.a(printf.o):(.debug_info)
             20a              20a        0     1                 $d.5
             9a7              9a7      49c     1         user/lib/libuser.a(string.o):(.debug_info)
             9a7              9a7        0     1                 $d.4
             e43              e43      377     1         user/lib/libuser.a(syscall.o):(.debug_info)
             e43              e43        0     1                 $d.3
               0                0      535     1 .debug_abbrev
               0                0       21     1         user/bin/init_crt0.o:(.debug_abbrev)
               0                0        0     1                 
               0                0        0     1                 $d.3
              21               21       c6     1         user/bin/shell.o:(.debug_abbrev)
              21               21        0     1                 $d.3
              e7               e7       2f     1         user/lib/libuser.a(exit.o):(.debug_abbrev)
              e7               e7        0     1                 $d.1
             116              116      1d2     1         user/lib/libuser.a(printf.o):(.debug_abbrev)
             116              116        0     1                 $d.4
             2e8              2e8      119     1         user/lib/libuser.a(string.o):(.debug_abbrev)
             2e8              2e8        0     1                 $d.3
             401              401      134     1         user/lib/libuser.a(syscall.o):(.debug_abbrev)
             401              401        0     1                 $d.2
               0                0       30     1 .debug_aranges
               0                0       30     1         user/bin/init_crt0.o:(.debug_aranges)
               0                0        0     1                 $d.2
               0                0      eca     1 .debug_line
               0                0       54     1         user/bin/init_crt0.o:(.debug_line)
               0                0        0     1                 .Lline_table_start0
               0                0        0     1                 $d.5
              54               54       b2     1         user/bin/shell.o:(.debug_line)
              54               54        0     1                 .Lline_table_start0
              54               54        0     1                 $d.9
             106              106       46     1         user/lib/libuser.a(exit.o):(.debug_line)
             106              106        0     1                 .Lline_table_start0
             106              106        0     1                 $d.7
             14c              14c      6f9     1         user/lib/libuser.a(printf.o):(.debug_line)
             14c              14c        0     1                 .Lline_table_start0
             14c              14c        0     1                 $d.11
             845              845      581     1         user/lib/libuser.a(string.o):(.debug_line)
             845              845        0     1                 .Lline_table_start0
             845              845        0     1                 $d.10
             dc6              dc6      104     1         user/lib/libuser.a(syscall.o):(.debug_line)
             dc6              dc6        0     1                 .Lline_table_start0
             dc6              dc6        0     1                 $d.8
               0                0     13e0     1 .debug_loc
               0                0       49     1         user/bin/shell.o:(.debug_loc)
               0                0        0     1                 
               0                0        0     1                 $d.2
              49               49      b12     1         user/lib/libuser.a(printf.o):(.debug_loc)
              49               49        0     1                 
              49               49        0     1                 $d.3
              7f               7f        0     1                 
              b5               b5        0     1                 
              eb               eb        0     1                 
             10e              10e        0     1                 
             16e              16e        0     1                 
             196              196        0     1                 
             1bb              1bb        0     1                 
             1de              1de        0     1                 
             227              227        0     1                 
             24a              24a        0     1                 
             280              280        0     1                 
             2b6              2b6        0     1                 
             2ec              2ec        0     1                 
             35f              35f        0     1                 
             384              384        0     1                 
             3a7              3a7        0     1                 
             3ca              3ca        0     1                 
             3ed              3ed        0     1                 
             410              410        0     1                 
             563              563        0     1                 
             588              588        0     1                 
             5d3              5d3        0     1                 
             64c              64c        0     1                 
             66f              66f        0     1                 
             6cf              6cf        0     1                 
             709              709        0     1                 
             787              787        0     1                 
             7e3              7e3        0     1                 
             80b              80b        0     1                 
             845              845        0     1                 
             8a5              8a5        0     1                 
             905              905        0     1                 
             93b              93b        0     1                 
             97f              97f        0     1                 
             9db              9db        0     1                 
             9fe              9fe        0     1                 
             a34              a34        0     1                 
             a7d              a7d        0     1                 
             ac1              ac1        0     1                 
             ae9              ae9        0     1                 
             b0e              b0e        0     1                 
             b36              b36        0     1                 
             b5b              b5b      5ea     1         user/lib/libuser.a(string.o):(.debug_loc)
             b5b              b5b        0     1                 
             b5b              b5b        0     1                 $d.2
             bb9              bb9        0     1                 
             bdc              bdc        0     1                 
             bff              bff        0     1                 
             c22              c22        0     1                 
             c45              c45        0     1                 
             c69              c69        0     1                 
             c8c              c8c        0     1                 
             cc3              cc3        0     1                 
             d0c              d0c        0     1                 
             d57              d57        0     1                 
             d8d              d8d        0     1                 
             dd6              dd6        0     1                 
             df9              df9        0     1                 
             e30              e30        0     1                 
             e53              e53        0     1                 
             e89              e89        0     1                 
             efc              efc        0     1                 
             f1f              f1f        0     1                 
             f42              f42        0     1                 
             f65              f65        0     1                 
             f88              f88        0     1                 
             fd3              fd3        0     1                 
            100b             100b        0     1                 
            102e             102e        0     1                 
            1051             1051        0     1                 
            1074             1074        0     1                 
            10cb             10cb        0     1                 
            10ee             10ee        0     1                 
            1145             1145      29b     1         user/lib/libuser.a(syscall.o):(.debug_loc)
            1145             1145        0     1                 
            1145             1145        0     1                 $d.1
            117b             117b        0     1                 
            11c4             11c4        0     1                 
            11fa             11fa        0     1                 
            1230             1230        0     1                 
            1279             1279        0     1                 
            12af             12af        0     1                 
            12e5             12e5        0     1                 
            131b             131b        0     1                 
            133e             133e        0     1                 
            1361             1361        0     1                 
            1385             1385        0     1                 
            13bc             13bc        0     1                 
               0                0      2b1     1 .debug_str
               0                0      2b1     1         <internal>:(.debug_str)
               0                0       42     1 .comment
               0                0       42     1         <internal>:(.comment)
               0                0      320     8 .debug_frame
               0                0       38     8         user/bin/shell.o:(.debug_frame)
               0                0        0     1                 
               0                0        0     1                 $d.8
              38               38       30     8         user/lib/libuser.a(exit.o):(.debug_frame)
              38               38        0     1                 
              38               38        0     1                 $d.6
              68               68       d8     8         user/lib/libuser.a(printf.o):(.debug_frame)
              68               68        0     1                 
              68               68        0     1                 $d.10
             140              140      138     8         user/lib/libuser.a(string.o):(.debug_frame)
             140              140        0     1                 
             140              140        0     1                 $d.9
             278              278       a8     8         user/lib/libuser.a(syscall.o):(.debug_frame)
             278              278        0     1                 
             278              278        0     1                 $d.7
               0                0      160     1 .debug_ranges
               0                0      130     1         user/lib/libuser.a(printf.o):(.debug_ranges)
               0                0        0     1                 
               0                0        0     1                 $d.6
              70               70        0     1                 
              a0               a0        0     1                 
              d0               d0        0     1                 
             100              100        0     1                 
             130              130       30     1         user/lib/libuser.a(string.o):(.debug_ranges)
             130              130        0     1                 
             130              130        0     1                 $d.5
               0                0     5e20     8 .symtab
               0                0     5e20     8         <internal>:(.symtab)
               0                0       a4     1 .shstrtab
               0                0       a4     1         <internal>:(.shstrtab)
               0                0      243     1 .strtab
               0                0      243     1         <internal>:(.strtab)
