             VMA              LMA     Size Align Out     In      Symbol
               0                0  1000000     1 . = 0x1000000
         1000000          1000000     1180     2 .text
         1000000          1000000       10     1         user/bin/init_crt0.o:(.text.start)
         1000000          1000000        0     1                 
         1000000          1000000        0     1                 .Lpcrel_hi0
         1000000          1000000        0     1                 $x.0
         1000000          1000000        0     1                 
         1000000          1000000        0     1                 start
         1000008          1000008        0     1                 
         100000c          100000c        0     1                 
         1000010          1000010        0     1                 
         1000010          1000010        0     2         user/bin/init_crt0.o:(.text)
         1000010          1000010      38c     2         user/bin/shell.o:(.text)
         1000010          1000010        0     1                 
         1000010          1000010        0     1                 
         1000010          1000010        0     1                 $x.0
         1000010          1000010        0     1                 
         1000010          1000010       74     1                 print_help
         1000014          1000014        0     1                 .Lpcrel_hi0
         1000014          1000014        0     1                 
         1000020          1000020        0     1                 
         1000020          1000020        0     1                 .Lpcrel_hi1
         1000020          1000020        0     1                 
         100002c          100002c        0     1                 
         100002c          100002c        0     1                 .Lpcrel_hi2
         100002c          100002c        0     1                 
         1000038          1000038        0     1                 
         1000038          1000038        0     1                 .Lpcrel_hi3
         1000038          1000038        0     1                 
         1000044          1000044        0     1                 
         1000044          1000044        0     1                 .Lpcrel_hi4
         1000044          1000044        0     1                 
         1000050          1000050        0     1                 
         1000050          1000050        0     1                 .Lpcrel_hi5
         1000050          1000050        0     1                 
         100005c          100005c        0     1                 
         100005c          100005c        0     1                 .Lpcrel_hi6
         100005c          100005c        0     1                 
         1000068          1000068        0     1                 
         1000068          1000068        0     1                 .Lpcrel_hi7
         1000068          1000068        0     1                 
         1000074          1000074        0     1                 
         1000074          1000074        0     1                 .Lpcrel_hi8
         1000074          1000074        0     1                 
         100007e          100007e        0     1                 
         1000084          1000084        0     1                 
         1000084          1000084        0     1                 
         1000084          1000084        0     1                 
         1000084          1000084        0     1                 
         1000084          1000084        0     1                 
         1000084          1000084        0     1                 
         1000084          1000084      318     1                 main
         10000b2          10000b2        0     1                 .Lpcrel_hi9
         10000b2          10000b2        0     1                 
         10000be          10000be        0     1                 
         10000be          10000be        0     1                 
         10000c2          10000c2        0     1                 .Lpcrel_hi10
         10000c2          10000c2        0     1                 
         10000ca          10000ca        0     1                 
         10000ca          10000ca        0     1                 
         10000cc          10000cc        0     1                 
         10000cc          10000cc        0     1                 
         10000d0          10000d0        0     1                 
         10000d0          10000d0        0     1                 .Lpcrel_hi11
         10000d0          10000d0        0     1                 
         10000e0          10000e0        0     1                 .Lpcrel_hi12
         10000ea          10000ea        0     1                 .Lpcrel_hi13
         10000f4          10000f4        0     1                 .Lpcrel_hi14
         10000fe          10000fe        0     1                 .Lpcrel_hi15
         1000108          1000108        0     1                 .Lpcrel_hi16
         1000112          1000112        0     1                 .Lpcrel_hi17
         100011c          100011c        0     1                 .Lpcrel_hi18
         1000126          1000126        0     1                 .Lpcrel_hi19
         1000130          1000130        0     1                 .Lpcrel_hi20
         100013a          100013a        0     1                 .Lpcrel_hi21
         1000144          1000144        0     1                 .Lpcrel_hi22
         100014e          100014e        0     1                 .Lpcrel_hi23
         1000158          1000158        0     1                 .Lpcrel_hi24
         1000162          1000162        0     1                 .Lpcrel_hi25
         100016c          100016c        0     1                 .Lpcrel_hi26
         1000178          1000178        0     1                 .Lpcrel_hi27
         1000188          1000188        0     1                 
         1000188          1000188        0     1                 .LBB1_1
         1000188          1000188        0     1                 
         100018c          100018c        0     1                 
         1000192          1000192        0     1                 .LBB1_2
         1000192          1000192        0     1                 
         1000192          1000192        0     1                 
         1000198          1000198        0     1                 
         1000198          1000198        0     1                 
         100019c          100019c        0     1                 
         100019c          100019c        0     1                 .LBB1_3
         100019c          100019c        0     1                 
         10001a0          10001a0        0     1                 .LBB1_4
         10001a0          10001a0        0     1                 
         10001ac          10001ac        0     1                 
         10001ac          10001ac        0     1                 
         10001ae          10001ae        0     1                 
         10001ae          10001ae        0     1                 
         10001b2          10001b2        0     1                 
         10001b6          10001b6        0     1                 
         10001ba          10001ba        0     1                 
         10001ba          10001ba        0     1                 
         10001be          10001be        0     1                 
         10001c6          10001c6        0     1                 
         10001d6          10001d6        0     1                 
         10001de          10001de        0     1                 
         10001e0          10001e0        0     1                 
         10001e2          10001e2        0     1                 
         10001e6          10001e6        0     1                 
         10001e6          10001e6        0     1                 
         10001e8          10001e8        0     1                 .LBB1_10
         10001e8          10001e8        0     1                 
         10001ec          10001ec        0     1                 
         10001ee          10001ee        0     1                 
         10001f4          10001f4        0     1                 .LBB1_11
         10001f4          10001f4        0     1                 
         10001fa          10001fa        0     1                 
         10001fa          10001fa        0     1                 
         10001fc          10001fc        0     1                 
         10001fc          10001fc        0     1                 
         1000200          1000200        0     1                 
         1000204          1000204        0     1                 
         1000206          1000206        0     1                 
         1000206          1000206        0     1                 
         100020e          100020e        0     1                 
         100020e          100020e        0     1                 
         1000210          1000210        0     1                 
         1000216          1000216        0     1                 
         1000216          1000216        0     1                 .LBB1_14
         1000218          1000218        0     1                 
         100021a          100021a        0     1                 
         100021c          100021c        0     1                 
         1000222          1000222        0     1                 
         1000222          1000222        0     1                 
         1000226          1000226        0     1                 
         100022a          100022a        0     1                 
         100022a          100022a        0     1                 
         1000230          1000230        0     1                 .LBB1_16
         1000230          1000230        0     1                 
         1000230          1000230        0     1                 
         1000232          1000232        0     1                 
         1000232          1000232        0     1                 
         1000234          1000234        0     1                 
         1000234          1000234        0     1                 
         1000236          1000236        0     1                 
         100023a          100023a        0     1                 
         100023a          100023a        0     1                 
         100023c          100023c        0     1                 
         1000244          1000244        0     1                 
         1000244          1000244        0     1                 
         1000246          1000246        0     1                 
         100024e          100024e        0     1                 
         100024e          100024e        0     1                 
         1000252          1000252        0     1                 
         100025a          100025a        0     1                 
         100025a          100025a        0     1                 
         100025e          100025e        0     1                 .Lpcrel_hi29
         100025e          100025e        0     1                 
         100026c          100026c        0     1                 
         100026c          100026c        0     1                 
         1000270          1000270        0     1                 .Lpcrel_hi31
         1000270          1000270        0     1                 
         100027e          100027e        0     1                 
         100027e          100027e        0     1                 
         1000282          1000282        0     1                 .Lpcrel_hi33
         1000282          1000282        0     1                 
         1000290          1000290        0     1                 
         1000290          1000290        0     1                 
         1000292          1000292        0     1                 .Lpcrel_hi35
         1000292          1000292        0     1                 
         10002a0          10002a0        0     1                 
         10002a0          10002a0        0     1                 
         10002a2          10002a2        0     1                 .Lpcrel_hi37
         10002a2          10002a2        0     1                 
         10002b0          10002b0        0     1                 
         10002b0          10002b0        0     1                 
         10002b2          10002b2        0     1                 
         10002ba          10002ba        0     1                 
         10002ba          10002ba        0     1                 .Lpcrel_hi39
         10002ba          10002ba        0     1                 
         10002c8          10002c8        0     1                 
         10002c8          10002c8        0     1                 
         10002ce          10002ce        0     1                 
         10002ce          10002ce        0     1                 
         10002d0          10002d0        0     1                 
         10002d4          10002d4        0     1                 
         10002d4          10002d4        0     1                 
         10002d6          10002d6        0     1                 
         10002da          10002da        0     1                 
         10002da          10002da        0     1                 
         10002dc          10002dc        0     1                 
         10002e0          10002e0        0     1                 
         10002e0          10002e0        0     1                 
         10002e2          10002e2        0     1                 .LBB1_29
         10002e2          10002e2        0     1                 
         10002e4          10002e4        0     1                 
         10002e4          10002e4        0     1                 
         10002e8          10002e8        0     1                 
         10002e8          10002e8        0     1                 
         10002ea          10002ea        0     1                 
         10002ee          10002ee        0     1                 
         10002ee          10002ee        0     1                 
         10002f0          10002f0        0     1                 
         10002f4          10002f4        0     1                 
         10002f4          10002f4        0     1                 
         10002f6          10002f6        0     1                 
         10002fa          10002fa        0     1                 
         10002fa          10002fa        0     1                 
         10002fc          10002fc        0     1                 
         1000300          1000300        0     1                 
         1000300          1000300        0     1                 
         1000302          1000302        0     1                 
         1000306          1000306        0     1                 
         1000306          1000306        0     1                 
         1000308          1000308        0     1                 
         100030c          100030c        0     1                 
         100030c          100030c        0     1                 
         100030e          100030e        0     1                 
         1000312          1000312        0     1                 
         1000312          1000312        0     1                 
         1000314          1000314        0     1                 
         1000318          1000318        0     1                 
         100031a          100031a        0     1                 .LBB1_30
         100031a          100031a        0     1                 
         1000322          1000322        0     1                 
         1000322          1000322        0     1                 
         1000324          1000324        0     1                 .LBB1_31
         1000324          1000324        0     1                 .Lpcrel_hi28
         1000324          1000324        0     1                 
         100032e          100032e        0     1                 .LBB1_32
         100032e          100032e        0     1                 .Lpcrel_hi30
         100032e          100032e        0     1                 
         1000338          1000338        0     1                 .LBB1_33
         1000338          1000338        0     1                 .Lpcrel_hi32
         1000338          1000338        0     1                 
         1000342          1000342        0     1                 .LBB1_34
         1000342          1000342        0     1                 .Lpcrel_hi34
         1000342          1000342        0     1                 
         100034c          100034c        0     1                 .LBB1_35
         100034c          100034c        0     1                 .Lpcrel_hi36
         100034c          100034c        0     1                 
         1000356          1000356        0     1                 .LBB1_36
         1000356          1000356        0     1                 .Lpcrel_hi38
         1000356          1000356        0     1                 
         1000360          1000360        0     1                 .LBB1_37
         1000360          1000360        0     1                 .Lpcrel_hi40
         1000360          1000360        0     1                 
         1000368          1000368        0     1                 .LBB1_38
         1000368          1000368        0     1                 
         100036e          100036e        0     1                 
         1000370          1000370        0     1                 .LBB1_39
         1000370          1000370        0     1                 
         1000370          1000370        0     1                 
         1000372          1000372        0     1                 
         100037a          100037a        0     1                 
         100037a          100037a        0     1                 .Lpcrel_hi41
         100037a          100037a        0     1                 
         1000386          1000386        0     1                 
         1000386          1000386        0     1                 
         100038c          100038c        0     1                 
         100038c          100038c        0     1                 
         100038e          100038e        0     1                 .LBB1_40
         100038e          100038e        0     1                 
         100038e          100038e        0     1                 .Lpcrel_hi42
         100038e          100038e        0     1                 
         1000392          1000392        0     1                 
         1000396          1000396        0     1                 
         100039a          100039a        0     1                 
         100039c          100039c        0     1                 
         100039c          100039c        0     1                 
         100039c          100039c        0     1                 
         100039c          100039c       3a     2         user/lib/libuser.a(log.o):(.text)
         100039c          100039c        0     1                 
         100039c          100039c        0     1                 
         100039c          100039c        0     1                 $x.0
         100039c          100039c        0     1                 
         100039c          100039c       3a     1                 ulog
         10003b2          10003b2        0     1                 
         10003b4          10003b4        0     1                 
         10003c2          10003c2        0     1                 
         10003c2          10003c2        0     1                 
         10003d0          10003d0        0     1                 
         10003d0          10003d0        0     1                 
         10003d2          10003d2        0     1                 
         10003d6          10003d6        0     1                 
         10003d6          10003d6        0     1                 
         10003d6          10003d6      5f6     2         user/lib/libuser.a(common.o):(.text)
         10003d6          10003d6        0     1                 
         10003d6          10003d6        0     1                 
         10003d6          10003d6        0     1                 $x.0
         10003d6          10003d6        0     1                 
         10003d6          10003d6       88     1                 itoa_unsigned
         10003d8          10003d8        0     1                 
         10003e2          10003e2        0     1                 
         10003e6          10003e6        0     1                 .LBB0_2
         10003e8          10003e8        0     1                 .Lpcrel_hi0
         10003f4          10003f4        0     1                 
         10003f4          10003f4        0     1                 .LBB0_3
         10003f6          10003f6        0     1                 
         10003fa          10003fa        0     1                 
         10003fa          10003fa        0     1                 
         1000402          1000402        0     1                 
         100040a          100040a        0     1                 
         100040a          100040a        0     1                 
         100040c          100040c        0     1                 
         100040c          100040c        0     1                 
         1000414          1000414        0     1                 
         1000414          1000414        0     1                 
         1000418          1000418        0     1                 
         100041a          100041a        0     1                 
         100041a          100041a        0     1                 
         1000422          1000422        0     1                 
         1000426          1000426        0     1                 
         1000428          1000428        0     1                 .LBB0_6
         1000428          1000428        0     1                 
         100043c          100043c        0     1                 
         100043c          100043c        0     1                 .LBB0_7
         100043c          100043c        0     1                 
         1000440          1000440        0     1                 
         1000446          1000446        0     1                 
         100044a          100044a        0     1                 
         100044a          100044a        0     1                 
         100044e          100044e        0     1                 
         1000452          1000452        0     1                 
         1000456          1000456        0     1                 .LBB0_8
         1000456          1000456        0     1                 
         1000456          1000456        0     1                 
         100045a          100045a        0     1                 
         100045e          100045e        0     1                 
         100045e          100045e        0     1                 
         100045e          100045e        0     1                 
         100045e          100045e        0     1                 
         100045e          100045e        0     1                 
         100045e          100045e      124     1                 itoa_signed
         1000468          1000468        0     1                 
         100046c          100046c        0     1                 
         100046e          100046e        0     1                 .LBB1_2
         1000470          1000470        0     1                 
         1000476          1000476        0     1                 
         100047a          100047a        0     1                 
         100047c          100047c        0     1                 
         1000480          1000480        0     1                 
         1000486          1000486        0     1                 
         1000486          1000486        0     1                 
         100048a          100048a        0     1                 
         1000492          1000492        0     1                 
         1000492          1000492        0     1                 
         100049a          100049a        0     1                 .Lpcrel_hi1
         10004a8          10004a8        0     1                 
         10004a8          10004a8        0     1                 .LBB1_5
         10004aa          10004aa        0     1                 
         10004aa          10004aa        0     1                 
         10004b4          10004b4        0     1                 
         10004b4          10004b4        0     1                 
         10004bc          10004bc        0     1                 
         10004c4          10004c4        0     1                 
         10004c4          10004c4        0     1                 
         10004c6          10004c6        0     1                 
         10004c6          10004c6        0     1                 
         10004ce          10004ce        0     1                 
         10004d2          10004d2        0     1                 
         10004d2          10004d2        0     1                 
         10004dc          10004dc        0     1                 
         10004dc          10004dc        0     1                 
         10004de          10004de        0     1                 .LBB1_8
         10004de          10004de        0     1                 
         10004e2          10004e2        0     1                 
         10004e2          10004e2        0     1                 
         10004f4          10004f4        0     1                 
         10004f4          10004f4        0     1                 .LBB1_9
         10004f4          10004f4        0     1                 
         10004f8          10004f8        0     1                 
         10004fe          10004fe        0     1                 
         1000502          1000502        0     1                 
         1000504          1000504        0     1                 
         1000506          1000506        0     1                 
         100050a          100050a        0     1                 
         1000510          1000510        0     1                 
         1000510          1000510        0     1                 
         1000512          1000512        0     1                 .LBB1_11
         1000512          1000512        0     1                 
         1000512          1000512        0     1                 
         1000514          1000514        0     1                 .Lpcrel_hi2
         1000520          1000520        0     1                 
         1000520          1000520        0     1                 .LBB1_12
         1000522          1000522        0     1                 
         1000522          1000522        0     1                 
         1000526          1000526        0     1                 
         1000526          1000526        0     1                 
         100052e          100052e        0     1                 
         1000536          1000536        0     1                 
         1000536          1000536        0     1                 
         1000538          1000538        0     1                 
         1000538          1000538        0     1                 
         1000540          1000540        0     1                 
         1000540          1000540        0     1                 
         1000544          1000544        0     1                 
         100054a          100054a        0     1                 
         100054e          100054e        0     1                 
         1000550          1000550        0     1                 .LBB1_15
         1000550          1000550        0     1                 
         1000564          1000564        0     1                 
         1000564          1000564        0     1                 .LBB1_16
         1000564          1000564        0     1                 
         1000568          1000568        0     1                 
         100056e          100056e        0     1                 
         1000572          1000572        0     1                 
         1000574          1000574        0     1                 
         1000576          1000576        0     1                 
         100057a          100057a        0     1                 
         1000580          1000580        0     1                 
         1000580          1000580        0     1                 
         1000582          1000582        0     1                 
         1000582          1000582        0     1                 
         1000582          1000582        0     1                 
         1000582          1000582        0     1                 
         1000582          1000582        0     1                 
         1000582          1000582      3da     1                 kvnprintf
         100059e          100059e        0     1                 
         10005a2          10005a2        0     1                 
         10005a2          10005a2        0     1                 
         10005a4          10005a4        0     1                 
         10005a8          10005a8        0     1                 
         10005ac          10005ac        0     1                 
         10005b0          10005b0        0     1                 
         10005b4          10005b4        0     1                 
         10005bc          10005bc        0     1                 
         10005c6          10005c6        0     1                 .Lpcrel_hi3
         10005e4          10005e4        0     1                 .Lpcrel_hi4
         10005fa          10005fa        0     1                 
         10005fa          10005fa        0     1                 .LBB2_3
         10005fa          10005fa        0     1                 
         10005fe          10005fe        0     1                 
         1000602          1000602        0     1                 
         1000606          1000606        0     1                 
         1000608          1000608        0     1                 
         1000608          1000608        0     1                 
         100060c          100060c        0     1                 
         100060e          100060e        0     1                 
         100061a          100061a        0     1                 
         100061a          100061a        0     1                 .LBB2_7
         100061a          100061a        0     1                 
         100061e          100061e        0     1                 
         1000620          1000620        0     1                 
         1000624          1000624        0     1                 
         1000626          1000626        0     1                 
         100062c          100062c        0     1                 .LBB2_8
         100062c          100062c        0     1                 
         100062c          100062c        0     1                 
         100062e          100062e        0     1                 
         1000632          1000632        0     1                 
         1000634          1000634        0     1                 
         1000638          1000638        0     1                 .LBB2_9
         1000638          1000638        0     1                 
         100063c          100063c        0     1                 
         1000646          1000646        0     1                 .LBB2_11
         1000646          1000646        0     1                 
         1000646          1000646        0     1                 
         100064a          100064a        0     1                 
         100064e          100064e        0     1                 
         100064e          100064e        0     1                 
         1000650          1000650        0     1                 
         1000656          1000656        0     1                 .LBB2_13
         1000656          1000656        0     1                 
         1000656          1000656        0     1                 
         100065a          100065a        0     1                 
         100065a          100065a        0     1                 
         100065e          100065e        0     1                 
         1000662          1000662        0     1                 
         1000666          1000666        0     1                 
         1000668          1000668        0     1                 
         1000668          1000668        0     1                 
         100066a          100066a        0     1                 
         1000670          1000670        0     1                 
         1000670          1000670        0     1                 .LBB2_15
         1000670          1000670        0     1                 
         1000672          1000672        0     1                 
         1000672          1000672        0     1                 
         1000676          1000676        0     1                 
         1000676          1000676        0     1                 
         100067a          100067a        0     1                 
         100067e          100067e        0     1                 
         1000682          1000682        0     1                 
         1000686          1000686        0     1                 
         100068a          100068a        0     1                 
         100068e          100068e        0     1                 .LBB2_17
         100068e          100068e        0     1                 
         100068e          100068e        0     1                 
         1000692          1000692        0     1                 
         1000696          1000696        0     1                 
         1000696          1000696        0     1                 .LBB2_18
         1000696          1000696        0     1                 
         10006a0          10006a0        0     1                 
         10006a2          10006a2        0     1                 
         10006a2          10006a2        0     1                 
         10006a6          10006a6        0     1                 
         10006aa          10006aa        0     1                 
         10006b0          10006b0        0     1                 
         10006b4          10006b4        0     1                 
         10006b8          10006b8        0     1                 
         10006be          10006be        0     1                 
         10006be          10006be        0     1                 .LBB2_20
         10006be          10006be        0     1                 
         10006c2          10006c2        0     1                 
         10006c2          10006c2        0     1                 
         10006c8          10006c8        0     1                 
         10006c8          10006c8        0     1                 
         10006cc          10006cc        0     1                 
         10006ce          10006ce        0     1                 
         10006d0          10006d0        0     1                 
         10006d0          10006d0        0     1                 
         10006d2          10006d2        0     1                 
         10006d4          10006d4        0     1                 
         10006d4          10006d4        0     1                 
         10006d8          10006d8        0     1                 
         10006d8          10006d8        0     1                 
         10006dc          10006dc        0     1                 
         10006dc          10006dc        0     1                 
         10006de          10006de        0     1                 
         10006e2          10006e2        0     1                 
         10006e4          10006e4        0     1                 
         10006e4          10006e4        0     1                 .LBB2_24
         10006e4          10006e4        0     1                 
         10006e8          10006e8        0     1                 
         10006ec          10006ec        0     1                 
         10006f0          10006f0        0     1                 
         10006f2          10006f2        0     1                 
         10006f6          10006f6        0     1                 
         10006fa          10006fa        0     1                 .LBB2_26
         10006fa          10006fa        0     1                 
         10006fa          10006fa        0     1                 
         10006fc          10006fc        0     1                 
         10006fe          10006fe        0     1                 
         10006fe          10006fe        0     1                 .LBB2_27
         10006fe          10006fe        0     1                 
         1000700          1000700        0     1                 
         1000700          1000700        0     1                 
         1000706          1000706        0     1                 
         1000706          1000706        0     1                 .LBB2_28
         1000706          1000706        0     1                 
         1000710          1000710        0     1                 
         1000712          1000712        0     1                 
         1000712          1000712        0     1                 
         1000716          1000716        0     1                 
         100071a          100071a        0     1                 
         1000720          1000720        0     1                 
         1000724          1000724        0     1                 
         100072e          100072e        0     1                 
         100072e          100072e        0     1                 .LBB2_30
         100072e          100072e        0     1                 
         1000732          1000732        0     1                 
         1000732          1000732        0     1                 
         1000738          1000738        0     1                 
         1000738          1000738        0     1                 
         100073c          100073c        0     1                 
         100073e          100073e        0     1                 
         1000740          1000740        0     1                 
         1000740          1000740        0     1                 
         1000742          1000742        0     1                 
         1000744          1000744        0     1                 
         1000744          1000744        0     1                 
         1000748          1000748        0     1                 
         1000748          1000748        0     1                 
         100074c          100074c        0     1                 
         100074c          100074c        0     1                 
         1000750          1000750        0     1                 
         1000754          1000754        0     1                 
         1000756          1000756        0     1                 
         1000756          1000756        0     1                 .LBB2_34
         1000756          1000756        0     1                 
         100075a          100075a        0     1                 
         100075e          100075e        0     1                 
         1000762          1000762        0     1                 
         1000764          1000764        0     1                 
         100076a          100076a        0     1                 
         1000770          1000770        0     1                 
         1000770          1000770        0     1                 .LBB2_36
         1000770          1000770        0     1                 
         1000772          1000772        0     1                 
         1000774          1000774        0     1                 
         1000778          1000778        0     1                 
         100077c          100077c        0     1                 
         100077c          100077c        0     1                 
         1000784          1000784        0     1                 
         1000786          1000786        0     1                 .LBB2_40
         1000786          1000786        0     1                 
         100078a          100078a        0     1                 
         100078e          100078e        0     1                 
         1000792          1000792        0     1                 
         1000794          1000794        0     1                 
         100079a          100079a        0     1                 
         10007a0          10007a0        0     1                 
         10007a0          10007a0        0     1                 .LBB2_42
         10007a0          10007a0        0     1                 
         10007a4          10007a4        0     1                 
         10007a4          10007a4        0     1                 
         10007a8          10007a8        0     1                 
         10007ae          10007ae        0     1                 
         10007ae          10007ae        0     1                 .LBB2_44
         10007b0          10007b0        0     1                 
         10007b0          10007b0        0     1                 
         10007bc          10007bc        0     1                 
         10007bc          10007bc        0     1                 
         10007c4          10007c4        0     1                 
         10007ce          10007ce        0     1                 
         10007ce          10007ce        0     1                 
         10007d0          10007d0        0     1                 
         10007d0          10007d0        0     1                 
         10007d8          10007d8        0     1                 
         10007e0          10007e0        0     1                 
         10007e4          10007e4        0     1                 
         10007e8          10007e8        0     1                 
         10007ea          10007ea        0     1                 .LBB2_47
         10007ea          10007ea        0     1                 
         10007f8          10007f8        0     1                 
         10007f8          10007f8        0     1                 .LBB2_48
         10007f8          10007f8        0     1                 
         10007fc          10007fc        0     1                 
         1000802          1000802        0     1                 
         1000802          1000802        0     1                 
         1000806          1000806        0     1                 
         1000808          1000808        0     1                 
         100080a          100080a        0     1                 
         1000810          1000810        0     1                 
         1000810          1000810        0     1                 .LBB2_49
         1000810          1000810        0     1                 
         1000812          1000812        0     1                 
         1000818          1000818        0     1                 
         1000818          1000818        0     1                 .LBB2_50
         100081a          100081a        0     1                 
         100081a          100081a        0     1                 
         1000824          1000824        0     1                 
         1000824          1000824        0     1                 
         100082c          100082c        0     1                 
         1000836          1000836        0     1                 
         1000836          1000836        0     1                 
         1000838          1000838        0     1                 
         1000838          1000838        0     1                 
         1000840          1000840        0     1                 
         1000848          1000848        0     1                 
         1000850          1000850        0     1                 
         1000852          1000852        0     1                 .LBB2_53
         1000852          1000852        0     1                 
         1000860          1000860        0     1                 
         1000860          1000860        0     1                 .LBB2_54
         1000860          1000860        0     1                 
         1000864          1000864        0     1                 
         100086a          100086a        0     1                 
         100086a          100086a        0     1                 
         100086e          100086e        0     1                 
         1000870          1000870        0     1                 
         1000872          1000872        0     1                 
         1000876          1000876        0     1                 
         1000876          1000876        0     1                 
         100087a          100087a        0     1                 
         100087a          100087a        0     1                 
         100087e          100087e        0     1                 
         1000880          1000880        0     1                 
         1000884          1000884        0     1                 
         1000886          1000886        0     1                 
         1000886          1000886        0     1                 .LBB2_58
         1000886          1000886        0     1                 
         100088a          100088a        0     1                 
         100088e          100088e        0     1                 
         1000892          1000892        0     1                 
         1000894          1000894        0     1                 
         1000898          1000898        0     1                 
         100089e          100089e        0     1                 .LBB2_60
         100089e          100089e        0     1                 
         100089e          100089e        0     1                 
         10008a0          10008a0        0     1                 
         10008a2          10008a2        0     1                 .LBB2_61
         10008a2          10008a2        0     1                 
         10008a4          10008a4        0     1                 
         10008a4          10008a4        0     1                 
         10008a8          10008a8        0     1                 
         10008ae          10008ae        0     1                 
         10008ae          10008ae        0     1                 .LBB2_62
         10008ae          10008ae        0     1                 
         10008b0          10008b0        0     1                 
         10008b0          10008b0        0     1                 
         10008ba          10008ba        0     1                 
         10008ba          10008ba        0     1                 
         10008c2          10008c2        0     1                 
         10008cc          10008cc        0     1                 
         10008cc          10008cc        0     1                 
         10008ce          10008ce        0     1                 
         10008ce          10008ce        0     1                 
         10008d6          10008d6        0     1                 
         10008de          10008de        0     1                 
         10008e6          10008e6        0     1                 
         10008e8          10008e8        0     1                 .LBB2_65
         10008e8          10008e8        0     1                 
         10008f2          10008f2        0     1                 
         10008f2          10008f2        0     1                 .LBB2_66
         10008f2          10008f2        0     1                 
         10008f6          10008f6        0     1                 
         10008fc          10008fc        0     1                 
         10008fc          10008fc        0     1                 
         1000900          1000900        0     1                 
         1000902          1000902        0     1                 
         1000904          1000904        0     1                 
         1000908          1000908        0     1                 .LBB2_67
         1000908          1000908        0     1                 
         1000908          1000908        0     1                 
         100090c          100090c        0     1                 
         100090c          100090c        0     1                 
         1000910          1000910        0     1                 
         1000912          1000912        0     1                 
         1000916          1000916        0     1                 
         1000918          1000918        0     1                 
         1000918          1000918        0     1                 .LBB2_70
         1000918          1000918        0     1                 
         100091c          100091c        0     1                 
         1000920          1000920        0     1                 
         1000924          1000924        0     1                 
         1000926          1000926        0     1                 
         100092a          100092a        0     1                 
         100092e          100092e        0     1                 .LBB2_72
         100092e          100092e        0     1                 
         100092e          100092e        0     1                 
         1000930          1000930        0     1                 
         1000932          1000932        0     1                 .LBB2_73
         1000932          1000932        0     1                 
         1000932          1000932        0     1                 
         1000936          1000936        0     1                 
         100093a          100093a        0     1                 
         100093a          100093a        0     1                 
         1000958          1000958        0     1                 
         100095c          100095c        0     1                 
         100095c          100095c        0     1                 
         100095c          100095c        0     1                 
         100095c          100095c        0     1                 
         100095c          100095c        0     1                 
         100095c          100095c       1c     1                 ksnprintf
         100096c          100096c        0     1                 
         100096e          100096e        0     1                 
         1000972          1000972        0     1                 
         1000972          1000972        0     1                 
         1000974          1000974        0     1                 
         1000978          1000978        0     1                 
         1000978          1000978        0     1                 
         1000978          1000978        0     1                 
         1000978          1000978        0     1                 
         1000978          1000978        0     1                 
         1000978          1000978       54     1                 strip_elf_extension
         100097c          100097c        0     1                 
         1000984          1000984        0     1                 
         1000988          1000988        0     1                 
         100098a          100098a        0     1                 
         100098a          100098a        0     1                 
         100098e          100098e        0     1                 
         1000992          1000992        0     1                 
         1000996          1000996        0     1                 
         1000996          1000996        0     1                 
         1000998          1000998        0     1                 
         100099c          100099c        0     1                 .Lpcrel_hi5
         100099c          100099c        0     1                 
         10009aa          10009aa        0     1                 
         10009aa          10009aa        0     1                 
         10009ac          10009ac        0     1                 
         10009ae          10009ae        0     1                 
         10009ae          10009ae        0     1                 .Lpcrel_hi6
         10009ae          10009ae        0     1                 
         10009bc          10009bc        0     1                 
         10009bc          10009bc        0     1                 
         10009be          10009be        0     1                 
         10009c2          10009c2        0     1                 .LBB4_6
         10009c2          10009c2        0     1                 
         10009c2          10009c2        0     1                 
         10009ca          10009ca        0     1                 .LBB4_7
         10009ca          10009ca        0     1                 
         10009cc          10009cc        0     1                 
         10009cc          10009cc        0     1                 
         10009cc          10009cc      4d2     2         user/lib/libuser.a(printf.o):(.text)
         10009cc          10009cc        0     1                 
         10009cc          10009cc        0     1                 
         10009cc          10009cc        0     1                 $x.0
         10009cc          10009cc        0     1                 
         10009cc          10009cc        c     1                 putc
         10009ce          10009ce        0     1                 
         10009d8          10009d8        0     1                 
         10009d8          10009d8        0     1                 
         10009d8          10009d8        0     1                 
         10009d8          10009d8        0     1                 
         10009d8          10009d8        0     1                 
         10009d8          10009d8        0     1                 
         10009d8          10009d8       1a     1                 puts
         10009e0          10009e0        0     1                 
         10009e0          10009e0        0     1                 
         10009e4          10009e4        0     1                 
         10009e6          10009e6        0     1                 
         10009ee          10009ee        0     1                 
         10009ee          10009ee        0     1                 
         10009f2          10009f2        0     1                 
         10009f2          10009f2        0     1                 
         10009f2          10009f2        0     1                 
         10009f2          10009f2        0     1                 
         10009f2          10009f2        0     1                 
         10009f2          10009f2        0     1                 
         10009f2          10009f2       8e     1                 puthex
         10009fa          10009fa        0     1                 
         10009fa          10009fa        0     1                 
         10009fe          10009fe        0     1                 
         1000a00          1000a00        0     1                 
         1000a02          1000a02        0     1                 .Lpcrel_hi0
         1000a12          1000a12        0     1                 
         1000a12          1000a12        0     1                 .LBB2_2
         1000a12          1000a12        0     1                 
         1000a16          1000a16        0     1                 
         1000a1c          1000a1c        0     1                 
         1000a1c          1000a1c        0     1                 
         1000a24          1000a24        0     1                 
         1000a24          1000a24        0     1                 
         1000a2a          1000a2a        0     1                 
         1000a30          1000a30        0     1                 
         1000a32          1000a32        0     1                 
         1000a32          1000a32        0     1                 
         1000a36          1000a36        0     1                 .LBB2_4
         1000a36          1000a36        0     1                 
         1000a36          1000a36        0     1                 
         1000a3a          1000a3a        0     1                 
         1000a3a          1000a3a        0     1                 
         1000a40          1000a40        0     1                 .LBB2_5
         1000a40          1000a40        0     1                 
         1000a40          1000a40        0     1                 
         1000a42          1000a42        0     1                 
         1000a46          1000a46        0     1                 
         1000a46          1000a46        0     1                 
         1000a4a          1000a4a        0     1                 
         1000a4a          1000a4a        0     1                 .LBB2_6
         1000a4a          1000a4a        0     1                 
         1000a5a          1000a5a        0     1                 
         1000a5a          1000a5a        0     1                 
         1000a5c          1000a5c        0     1                 
         1000a5e          1000a5e        0     1                 .LBB2_7
         1000a5e          1000a5e        0     1                 
         1000a5e          1000a5e        0     1                 
         1000a60          1000a60        0     1                 
         1000a60          1000a60        0     1                 
         1000a64          1000a64        0     1                 
         1000a66          1000a66        0     1                 
         1000a66          1000a66        0     1                 
         1000a6c          1000a6c        0     1                 
         1000a6e          1000a6e        0     1                 
         1000a76          1000a76        0     1                 
         1000a76          1000a76        0     1                 
         1000a7a          1000a7a        0     1                 
         1000a7c          1000a7c        0     1                 
         1000a7c          1000a7c        0     1                 
         1000a80          1000a80        0     1                 
         1000a80          1000a80        0     1                 
         1000a80          1000a80        0     1                 
         1000a80          1000a80        0     1                 
         1000a80          1000a80        0     1                 
         1000a80          1000a80       dc     1                 putpad
         1000a90          1000a90        0     1                 
         1000a92          1000a92        0     1                 
         1000a92          1000a92        0     1                 
         1000a9e          1000a9e        0     1                 
         1000aa2          1000aa2        0     1                 
         1000aa6          1000aa6        0     1                 
         1000aa6          1000aa6        0     1                 
         1000aaa          1000aaa        0     1                 
         1000aae          1000aae        0     1                 .LBB3_2
         1000aae          1000aae        0     1                 
         1000aae          1000aae        0     1                 
         1000ab0          1000ab0        0     1                 
         1000ab6          1000ab6        0     1                 
         1000ab8          1000ab8        0     1                 
         1000ab8          1000ab8        0     1                 .LBB3_4
         1000ab8          1000ab8        0     1                 
         1000ac8          1000ac8        0     1                 
         1000ac8          1000ac8        0     1                 
         1000acc          1000acc        0     1                 
         1000ad0          1000ad0        0     1                 .LBB3_6
         1000ad0          1000ad0        0     1                 
         1000ad2          1000ad2        0     1                 
         1000ad2          1000ad2        0     1                 
         1000ada          1000ada        0     1                 
         1000ada          1000ada        0     1                 
         1000ae0          1000ae0        0     1                 
         1000ae6          1000ae6        0     1                 
         1000ae8          1000ae8        0     1                 
         1000aec          1000aec        0     1                 .LBB3_8
         1000aec          1000aec        0     1                 
         1000aec          1000aec        0     1                 
         1000af0          1000af0        0     1                 
         1000af0          1000af0        0     1                 
         1000af6          1000af6        0     1                 .LBB3_9
         1000af6          1000af6        0     1                 
         1000af6          1000af6        0     1                 
         1000af8          1000af8        0     1                 
         1000afa          1000afa        0     1                 
         1000afa          1000afa        0     1                 
         1000afe          1000afe        0     1                 
         1000afe          1000afe        0     1                 
         1000b06          1000b06        0     1                 
         1000b0e          1000b0e        0     1                 .LBB3_11
         1000b0e          1000b0e        0     1                 
         1000b0e          1000b0e        0     1                 
         1000b12          1000b12        0     1                 
         1000b1e          1000b1e        0     1                 .LBB3_14
         1000b1e          1000b1e        0     1                 
         1000b22          1000b22        0     1                 
         1000b24          1000b24        0     1                 
         1000b24          1000b24        0     1                 .LBB3_15
         1000b24          1000b24        0     1                 
         1000b32          1000b32        0     1                 
         1000b32          1000b32        0     1                 
         1000b34          1000b34        0     1                 
         1000b36          1000b36        0     1                 .LBB3_16
         1000b36          1000b36        0     1                 
         1000b36          1000b36        0     1                 
         1000b38          1000b38        0     1                 
         1000b38          1000b38        0     1                 
         1000b3a          1000b3a        0     1                 
         1000b3c          1000b3c        0     1                 
         1000b3c          1000b3c        0     1                 
         1000b42          1000b42        0     1                 
         1000b44          1000b44        0     1                 
         1000b4c          1000b4c        0     1                 
         1000b4c          1000b4c        0     1                 
         1000b50          1000b50        0     1                 
         1000b54          1000b54        0     1                 
         1000b56          1000b56        0     1                 
         1000b58          1000b58        0     1                 
         1000b58          1000b58        0     1                 
         1000b5c          1000b5c        0     1                 
         1000b5c          1000b5c        0     1                 
         1000b5c          1000b5c        0     1                 
         1000b5c          1000b5c        0     1                 
         1000b5c          1000b5c        0     1                 
         1000b5c          1000b5c      342     1                 printf
         1000b7a          1000b7a        0     1                 
         1000b8a          1000b8a        0     1                 
         1000bae          1000bae        0     1                 
         1000bae          1000bae        0     1                 .LBB4_1
         1000bae          1000bae        0     1                 
         1000bb0          1000bb0        0     1                 .LBB4_2
         1000bb4          1000bb4        0     1                 .LBB4_3
         1000bb8          1000bb8        0     1                 
         1000bb8          1000bb8        0     1                 
         1000bbc          1000bbc        0     1                 .LBB4_4
         1000bbc          1000bbc        0     1                 
         1000bbc          1000bbc        0     1                 
         1000bc0          1000bc0        0     1                 
         1000bc8          1000bc8        0     1                 
         1000bc8          1000bc8        0     1                 
         1000bd4          1000bd4        0     1                 
         1000bd4          1000bd4        0     1                 
         1000bd6          1000bd6        0     1                 
         1000bd8          1000bd8        0     1                 .LBB4_7
         1000bd8          1000bd8        0     1                 
         1000bd8          1000bd8        0     1                 
         1000bdc          1000bdc        0     1                 
         1000be0          1000be0        0     1                 
         1000be0          1000be0        0     1                 
         1000be4          1000be4        0     1                 
         1000be6          1000be6        0     1                 .LBB4_9
         1000be6          1000be6        0     1                 
         1000bea          1000bea        0     1                 .LBB4_10
         1000bf4          1000bf4        0     1                 
         1000bf4          1000bf4        0     1                 
         1000bf8          1000bf8        0     1                 
         1000c06          1000c06        0     1                 
         1000c08          1000c08        0     1                 
         1000c08          1000c08        0     1                 .LBB4_12
         1000c08          1000c08        0     1                 
         1000c10          1000c10        0     1                 
         1000c14          1000c14        0     1                 
         1000c14          1000c14        0     1                 
         1000c16          1000c16        0     1                 
         1000c1a          1000c1a        0     1                 
         1000c1a          1000c1a        0     1                 
         1000c22          1000c22        0     1                 
         1000c26          1000c26        0     1                 
         1000c26          1000c26        0     1                 
         1000c28          1000c28        0     1                 
         1000c2c          1000c2c        0     1                 .LBB4_13
         1000c2c          1000c2c        0     1                 
         1000c2c          1000c2c        0     1                 
         1000c30          1000c30        0     1                 
         1000c30          1000c30        0     1                 
         1000c34          1000c34        0     1                 
         1000c38          1000c38        0     1                 
         1000c3e          1000c3e        0     1                 
         1000c40          1000c40        0     1                 
         1000c40          1000c40        0     1                 
         1000c42          1000c42        0     1                 
         1000c42          1000c42        0     1                 
         1000c4c          1000c4c        0     1                 .LBB4_16
         1000c4c          1000c4c        0     1                 
         1000c4c          1000c4c        0     1                 
         1000c50          1000c50        0     1                 
         1000c50          1000c50        0     1                 
         1000c58          1000c58        0     1                 .LBB4_17
         1000c5a          1000c5a        0     1                 .Lpcrel_hi1
         1000c66          1000c66        0     1                 .Lpcrel_hi2
         1000c70          1000c70        0     1                 .LBB4_18
         1000c70          1000c70        0     1                 
         1000c7c          1000c7c        0     1                 
         1000c7e          1000c7e        0     1                 .LBB4_19
         1000c7e          1000c7e        0     1                 
         1000c82          1000c82        0     1                 
         1000c84          1000c84        0     1                 
         1000c84          1000c84        0     1                 
         1000c8c          1000c8c        0     1                 .LBB4_20
         1000c90          1000c90        0     1                 
         1000c90          1000c90        0     1                 
         1000c9a          1000c9a        0     1                 .LBB4_22
         1000c9a          1000c9a        0     1                 
         1000c9a          1000c9a        0     1                 
         1000caa          1000caa        0     1                 
         1000caa          1000caa        0     1                 
         1000cae          1000cae        0     1                 .LBB4_23
         1000cae          1000cae        0     1                 
         1000cae          1000cae        0     1                 
         1000cb2          1000cb2        0     1                 .LBB4_24
         1000cba          1000cba        0     1                 
         1000cba          1000cba        0     1                 
         1000cbe          1000cbe        0     1                 
         1000cbe          1000cbe        0     1                 
         1000cc0          1000cc0        0     1                 
         1000cc0          1000cc0        0     1                 .LBB4_25
         1000cc0          1000cc0        0     1                 .Lpcrel_hi4
         1000cc0          1000cc0        0     1                 
         1000cc8          1000cc8        0     1                 
         1000cce          1000cce        0     1                 
         1000cd0          1000cd0        0     1                 
         1000cd8          1000cd8        0     1                 
         1000cd8          1000cd8        0     1                 
         1000ce2          1000ce2        0     1                 
         1000ce2          1000ce2        0     1                 
         1000ce6          1000ce6        0     1                 
         1000ce6          1000ce6        0     1                 
         1000ce8          1000ce8        0     1                 
         1000ce8          1000ce8        0     1                 
         1000cec          1000cec        0     1                 
         1000cec          1000cec        0     1                 .LBB4_27
         1000cee          1000cee        0     1                 
         1000cee          1000cee        0     1                 
         1000cf0          1000cf0        0     1                 
         1000cf6          1000cf6        0     1                 
         1000cf6          1000cf6        0     1                 
         1000cfe          1000cfe        0     1                 
         1000cfe          1000cfe        0     1                 
         1000d02          1000d02        0     1                 
         1000d04          1000d04        0     1                 
         1000d08          1000d08        0     1                 
         1000d08          1000d08        0     1                 
         1000d0c          1000d0c        0     1                 .LBB4_29
         1000d0c          1000d0c        0     1                 
         1000d0c          1000d0c        0     1                 
         1000d14          1000d14        0     1                 
         1000d14          1000d14        0     1                 
         1000d1a          1000d1a        0     1                 
         1000d1a          1000d1a        0     1                 .LBB4_30
         1000d1a          1000d1a        0     1                 
         1000d1c          1000d1c        0     1                 
         1000d1e          1000d1e        0     1                 
         1000d28          1000d28        0     1                 
         1000d2a          1000d2a        0     1                 
         1000d2a          1000d2a        0     1                 
         1000d2c          1000d2c        0     1                 
         1000d2c          1000d2c        0     1                 
         1000d30          1000d30        0     1                 
         1000d30          1000d30        0     1                 
         1000d32          1000d32        0     1                 
         1000d36          1000d36        0     1                 
         1000d36          1000d36        0     1                 .LBB4_33
         1000d38          1000d38        0     1                 
         1000d38          1000d38        0     1                 
         1000d3a          1000d3a        0     1                 
         1000d40          1000d40        0     1                 
         1000d40          1000d40        0     1                 
         1000d48          1000d48        0     1                 
         1000d48          1000d48        0     1                 
         1000d4c          1000d4c        0     1                 
         1000d4e          1000d4e        0     1                 
         1000d52          1000d52        0     1                 
         1000d52          1000d52        0     1                 
         1000d58          1000d58        0     1                 
         1000d58          1000d58        0     1                 .LBB4_35
         1000d58          1000d58        0     1                 
         1000d62          1000d62        0     1                 
         1000d62          1000d62        0     1                 
         1000d64          1000d64        0     1                 .Lpcrel_hi3
         1000d64          1000d64        0     1                 
         1000d6c          1000d6c        0     1                 .LBB4_37
         1000d6c          1000d6c        0     1                 
         1000d6c          1000d6c        0     1                 
         1000d72          1000d72        0     1                 
         1000d74          1000d74        0     1                 
         1000d7c          1000d7c        0     1                 
         1000d7c          1000d7c        0     1                 
         1000d80          1000d80        0     1                 
         1000d80          1000d80        0     1                 
         1000d82          1000d82        0     1                 
         1000d82          1000d82        0     1                 .LBB4_38
         1000d8a          1000d8a        0     1                 
         1000d8e          1000d8e        0     1                 
         1000d92          1000d92        0     1                 
         1000d96          1000d96        0     1                 .LBB4_41
         1000d96          1000d96        0     1                 
         1000d9e          1000d9e        0     1                 
         1000da0          1000da0        0     1                 
         1000da2          1000da2        0     1                 .LBB4_43
         1000da2          1000da2        0     1                 
         1000da6          1000da6        0     1                 .LBB4_44
         1000da6          1000da6        0     1                 
         1000da6          1000da6        0     1                 
         1000daa          1000daa        0     1                 
         1000daa          1000daa        0     1                 
         1000dae          1000dae        0     1                 
         1000dae          1000dae        0     1                 
         1000db0          1000db0        0     1                 
         1000db2          1000db2        0     1                 
         1000db4          1000db4        0     1                 
         1000db4          1000db4        0     1                 .LBB4_46
         1000db6          1000db6        0     1                 
         1000db6          1000db6        0     1                 
         1000db8          1000db8        0     1                 
         1000dbe          1000dbe        0     1                 
         1000dbe          1000dbe        0     1                 
         1000dc6          1000dc6        0     1                 
         1000dc6          1000dc6        0     1                 
         1000dca          1000dca        0     1                 
         1000dcc          1000dcc        0     1                 
         1000dd0          1000dd0        0     1                 
         1000dd0          1000dd0        0     1                 
         1000dd6          1000dd6        0     1                 .LBB4_48
         1000dd6          1000dd6        0     1                 
         1000dd6          1000dd6        0     1                 
         1000dde          1000dde        0     1                 
         1000dde          1000dde        0     1                 
         1000de0          1000de0        0     1                 .LBB4_49
         1000de0          1000de0        0     1                 
         1000de0          1000de0        0     1                 
         1000de2          1000de2        0     1                 
         1000de2          1000de2        0     1                 .LBB4_50
         1000de2          1000de2        0     1                 
         1000df2          1000df2        0     1                 
         1000df2          1000df2        0     1                 
         1000df4          1000df4        0     1                 
         1000df6          1000df6        0     1                 .LBB4_51
         1000df6          1000df6        0     1                 
         1000df6          1000df6        0     1                 
         1000df8          1000df8        0     1                 
         1000df8          1000df8        0     1                 
         1000dfe          1000dfe        0     1                 
         1000e00          1000e00        0     1                 
         1000e08          1000e08        0     1                 
         1000e08          1000e08        0     1                 
         1000e0c          1000e0c        0     1                 
         1000e0c          1000e0c        0     1                 
         1000e10          1000e10        0     1                 .LBB4_52
         1000e10          1000e10        0     1                 
         1000e10          1000e10        0     1                 
         1000e14          1000e14        0     1                 .LBB4_53
         1000e14          1000e14        0     1                 
         1000e1a          1000e1a        0     1                 .LBB4_54
         1000e1a          1000e1a        0     1                 
         1000e1a          1000e1a        0     1                 
         1000e20          1000e20        0     1                 .LBB4_55
         1000e20          1000e20        0     1                 
         1000e20          1000e20        0     1                 
         1000e22          1000e22        0     1                 
         1000e26          1000e26        0     1                 
         1000e26          1000e26        0     1                 
         1000e2a          1000e2a        0     1                 
         1000e2a          1000e2a        0     1                 .LBB4_56
         1000e2a          1000e2a        0     1                 
         1000e3a          1000e3a        0     1                 
         1000e3a          1000e3a        0     1                 
         1000e3c          1000e3c        0     1                 
         1000e40          1000e40        0     1                 .LBB4_57
         1000e40          1000e40        0     1                 
         1000e40          1000e40        0     1                 
         1000e46          1000e46        0     1                 .LBB4_58
         1000e46          1000e46        0     1                 
[...]
         1001580          1001580        0     1         
         1001580          1001580     ea80     1 . = 0x1010000
         1010000          1010000    10000     1 .stack
         1010000          1010000        0     1         __user_stack_bottom = .
         1010000          1010000    10000     1         . += 64 * 1024
         1020000          1020000        0     1         __user_stack_top = .
         1020000          1020000        0     1 . = ALIGN ( 4096 )
         1020000          1020000        0     1 __user_heap_start = 0x03000000
         1020000          1020000  2000000     1 . += 32 * 1024 * 1024
         3020000          3020000        0     1 __user_heap_end = .
               0                0     2288     1 .debug_info
               0                0       96     1         user/bin/init_crt0.o:(.debug_info)
               0                0        0     1                 
               0                0        0     1                 $d.4
              96               96      803     1         user/bin/shell.o:(.debug_info)
              96               96        0     1                 $d.4
             899              899      13c     1         user/lib/libuser.a(log.o):(.debug_info)
             899              899        0     1                 $d.3
             9d5              9d5      628     1         user/lib/libuser.a(common.o):(.debug_info)
             9d5              9d5        0     1                 $d.5
             ffd              ffd      79d     1         user/lib/libuser.a(printf.o):(.debug_info)
             ffd              ffd        0     1                 $d.5
            179a             179a      49c     1         user/lib/libuser.a(string.o):(.debug_info)
            179a             179a        0     1                 $d.4
            1c36             1c36      652     1         user/lib/libuser.a(syscall.o):(.debug_info)
            1c36             1c36        0     1                 $d.3
               0                0      7fc     1 .debug_abbrev
               0                0       21     1         user/bin/init_crt0.o:(.debug_abbrev)
               0                0        0     1                 
               0                0        0     1                 $d.3
              21               21      134     1         user/bin/shell.o:(.debug_abbrev)
              21               21        0     1                 $d.3
             155              155       c3     1         user/lib/libuser.a(log.o):(.debug_abbrev)
             155              155        0     1                 $d.2
             218              218      1be     1         user/lib/libuser.a(common.o):(.debug_abbrev)
             218              218        0     1                 $d.4
             3d6              3d6      1d2     1         user/lib/libuser.a(printf.o):(.debug_abbrev)
             3d6              3d6        0     1                 $d.4
             5a8              5a8      119     1         user/lib/libuser.a(string.o):(.debug_abbrev)
             5a8              5a8        0     1                 $d.3
             6c1              6c1      13b     1         user/lib/libuser.a(syscall.o):(.debug_abbrev)
             6c1              6c1        0     1                 $d.2
               0                0       30     1 .debug_aranges
               0                0       30     1         user/bin/init_crt0.o:(.debug_aranges)
               0                0        0     1                 $d.2
               0                0     1c7d     1 .debug_line
               0                0       54     1         user/bin/init_crt0.o:(.debug_line)
               0                0        0     1                 .Lline_table_start0
               0                0        0     1                 $d.5
              54               54      44d     1         user/bin/shell.o:(.debug_line)
              54               54        0     1                 .Lline_table_start0
              54               54        0     1                 $d.9
             4a1              4a1       f4     1         user/lib/libuser.a(log.o):(.debug_line)
             4a1              4a1        0     1                 .Lline_table_start0
             4a1              4a1        0     1                 $d.8
             595              595      914     1         user/lib/libuser.a(common.o):(.debug_line)
             595              595        0     1                 .Lline_table_start0
             595              595        0     1                 $d.11
             ea9              ea9      6f9     1         user/lib/libuser.a(printf.o):(.debug_line)
             ea9              ea9        0     1                 .Lline_table_start0
             ea9              ea9        0     1                 $d.11
            15a2             15a2      581     1         user/lib/libuser.a(string.o):(.debug_line)
            15a2             15a2        0     1                 .Lline_table_start0
            15a2             15a2        0     1                 $d.10
            1b23             1b23      15a     1         user/lib/libuser.a(syscall.o):(.debug_line)
            1b23             1b23        0     1                 .Lline_table_start0
            1b23             1b23        0     1                 $d.8
               0                0     21ff     1 .debug_loc
               0                0      182     1         user/bin/shell.o:(.debug_loc)
               0                0        0     1                 
               0                0        0     1                 $d.2
              38               38        0     1                 
              6e               6e        0     1                 
              a6               a6        0     1                 
              cb               cb        0     1                 
             103              103        0     1                 
             139              139        0     1                 
             182              182       49     1         user/lib/libuser.a(log.o):(.debug_loc)
             182              182        0     1                 
             182              182        0     1                 $d.1
             1cb              1cb      ba6     1         user/lib/libuser.a(common.o):(.debug_loc)
             1cb              1cb        0     1                 
             1cb              1cb        0     1                 $d.3
             214              214        0     1                 
             24a              24a        0     1                 
             26d              26d        0     1                 
             2b8              2b8        0     1                 
             2ee              2ee        0     1                 
             337              337        0     1                 
             36d              36d        0     1                 
             3b6              3b6        0     1                 
             3f0              3f0        0     1                 
             428              428        0     1                 
             45e              45e        0     1                 
             481              481        0     1                 
             4ca              4ca        0     1                 
             4ed              4ed        0     1                 
             523              523        0     1                 
             546              546        0     1                 
             569              569        0     1                 
             5eb              5eb        0     1                 
             694              694        0     1                 
             73c              73c        0     1                 
             75f              75f        0     1                 
             782              782        0     1                 
             7ba              7ba        0     1                 
             7dd              7dd        0     1                 
             833              833        0     1                 
             86b              86b        0     1                 
             8a3              8a3        0     1                 
             8c6              8c6        0     1                 
             91c              91c        0     1                 
             954              954        0     1                 
             977              977        0     1                 
             9b1              9b1        0     1                 
             9e9              9e9        0     1                 
             a1f              a1f        0     1                 
             a57              a57        0     1                 
             a8d              a8d        0     1                 
             ac5              ac5        0     1                 
             afb              afb        0     1                 
             b31              b31        0     1                 
             b69              b69        0     1                 
             b9f              b9f        0     1                 
             bd5              bd5        0     1                 
             c0b              c0b        0     1                 
             c43              c43        0     1                 
             c66              c66        0     1                 
             c89              c89        0     1                 
             cac              cac        0     1                 
             ce2              ce2        0     1                 
             d18              d18        0     1                 
             d3b              d3b        0     1                 
             d71              d71      b12     1         user/lib/libuser.a(printf.o):(.debug_loc)
             d71              d71        0     1                 
             d71              d71        0     1                 $d.3
             da7              da7        0     1                 
             ddd              ddd        0     1                 
             e13              e13        0     1                 
             e36              e36        0     1                 
             e96              e96        0     1                 
             ebe              ebe        0     1                 
             ee3              ee3        0     1                 
             f06              f06        0     1                 
             f4f              f4f        0     1                 
             f72              f72        0     1                 
             fa8              fa8        0     1                 
             fde              fde        0     1                 
            1014             1014        0     1                 
            1087             1087        0     1                 
            10ac             10ac        0     1                 
            10cf             10cf        0     1                 
            10f2             10f2        0     1                 
            1115             1115        0     1                 
            1138             1138        0     1                 
            128b             128b        0     1                 
            12b0             12b0        0     1                 
            12fb             12fb        0     1                 
            1374             1374        0     1                 
            1397             1397        0     1                 
            13f7             13f7        0     1                 
            1431             1431        0     1                 
            14af             14af        0     1                 
            150b             150b        0     1                 
            1533             1533        0     1                 
            156d             156d        0     1                 
            15cd             15cd        0     1                 
            162d             162d        0     1                 
            1663             1663        0     1                 
            16a7             16a7        0     1                 
            1703             1703        0     1                 
            1726             1726        0     1                 
            175c             175c        0     1                 
            17a5             17a5        0     1                 
            17e9             17e9        0     1                 
            1811             1811        0     1                 
            1836             1836        0     1                 
            185e             185e        0     1                 
            1883             1883      5ea     1         user/lib/libuser.a(string.o):(.debug_loc)
            1883             1883        0     1                 
            1883             1883        0     1                 $d.2
            18e1             18e1        0     1                 
            1904             1904        0     1                 
            1927             1927        0     1                 
            194a             194a        0     1                 
            196d             196d        0     1                 
            1991             1991        0     1                 
            19b4             19b4        0     1                 
            19eb             19eb        0     1                 
            1a34             1a34        0     1                 
            1a7f             1a7f        0     1                 
            1ab5             1ab5        0     1                 
            1afe             1afe        0     1                 
            1b21             1b21        0     1                 
            1b58             1b58        0     1                 
            1b7b             1b7b        0     1                 
            1bb1             1bb1        0     1                 
            1c24             1c24        0     1                 
            1c47             1c47        0     1                 
            1c6a             1c6a        0     1                 
            1c8d             1c8d        0     1                 
            1cb0             1cb0        0     1                 
            1cfb             1cfb        0     1                 
            1d33             1d33        0     1                 
            1d56             1d56        0     1                 
            1d79             1d79        0     1                 
            1d9c             1d9c        0     1                 
            1df3             1df3        0     1                 
            1e16             1e16        0     1                 
            1e6d             1e6d      392     1         user/lib/libuser.a(syscall.o):(.debug_loc)
            1e6d             1e6d        0     1                 
            1e6d             1e6d        0     1                 $d.1
            1ea3             1ea3        0     1                 
            1eec             1eec        0     1                 
            1f22             1f22        0     1                 
            1f58             1f58        0     1                 
            1fa1             1fa1        0     1                 
            1fd7             1fd7        0     1                 
            200d             200d        0     1                 
            2043             2043        0     1                 
            2066             2066        0     1                 
            2089             2089        0     1                 
            20ad             20ad        0     1                 
            20d1             20d1        0     1                 
            2108             2108        0     1                 
            212b             212b        0     1                 
            214e             214e        0     1                 
            2171             2171        0     1                 
            2194             2194        0     1                 
            21b7             21b7        0     1                 
            21db             21db        0     1                 
               0                0      3ab     1 .debug_str
               0                0      3ab     1         <internal>:(.debug_str)
               0                0       42     1 .comment
               0                0       42     1         <internal>:(.comment)
               0                0      4c8     8 .debug_frame
               0                0       70     8         user/bin/shell.o:(.debug_frame)
               0                0        0     1                 
               0                0        0     1                 $d.8
              70               70       38     8         user/lib/libuser.a(log.o):(.debug_frame)
              70               70        0     1                 
              70               70        0     1                 $d.7
              a8               a8       d8     8         user/lib/libuser.a(common.o):(.debug_frame)
              a8               a8        0     1                 
              a8               a8        0     1                 $d.10
             180              180       d8     8         user/lib/libuser.a(printf.o):(.debug_frame)
             180              180        0     1                 
             180              180        0     1                 $d.10
             258              258      138     8         user/lib/libuser.a(string.o):(.debug_frame)
             258              258        0     1                 
             258              258        0     1                 $d.9
             390              390      138     8         user/lib/libuser.a(syscall.o):(.debug_frame)
             390              390        0     1                 
             390              390        0     1                 $d.7
               0                0      2c0     1 .debug_ranges
               0                0      160     1         user/lib/libuser.a(common.o):(.debug_ranges)
               0                0        0     1                 
               0                0        0     1                 $d.6
              30               30        0     1                 
              70               70        0     1                 
              a0               a0        0     1                 
              d0               d0        0     1                 
             100              100        0     1                 
             130              130        0     1                 
             160              160      130     1         user/lib/libuser.a(printf.o):(.debug_ranges)
             160              160        0     1                 
             160              160        0     1                 $d.6
             1d0              1d0        0     1                 
             200              200        0     1                 
             230              230        0     1                 
             260              260        0     1                 
             290              290       30     1         user/lib/libuser.a(string.o):(.debug_ranges)
             290              290        0     1                 
             290              290        0     1                 $d.5
               0                0     aba8     8 .symtab
               0                0     aba8     8         <internal>:(.symtab)
               0                0       a4     1 .shstrtab
               0                0       a4     1         <internal>:(.shstrtab)
               0                0      304     1 .strtab
               0                0      304     1         <internal>:(.strtab)
