             VMA              LMA     Size Align Out     In      Symbol
               0                0  1000000     1 . = 0x1000000
         1000000          1000000      794     2 .text
         1000000          1000000       10     1         user/bin/init_crt0.o:(.text.start)
         1000000          1000000        0     1                 
         1000000          1000000        0     1                 .Lpcrel_hi0
         1000000          1000000        0     1                 $x.0
         1000000          1000000        0     1                 
         1000000          1000000        0     1                 start
         1000008          1000008        0     1                 
         100000c          100000c        0     1                 
         1000010          1000010        0     1                 
         1000010          1000010        0     2         user/bin/init_crt0.o:(.text)
         1000010          1000010       4a     2         user/bin/shell.o:(.text)
         1000010          1000010        0     1                 
         1000010          1000010        0     1                 
         1000010          1000010        0     1                 $x.0
         1000010          1000010        0     1                 
         1000010          1000010       4a     1                 main
         1000016          1000016        0     1                 
         100001a          100001a        0     1                 .Lpcrel_hi0
         100001a          100001a        0     1                 
         1000026          1000026        0     1                 
         1000026          1000026        0     1                 .Lpcrel_hi1
         1000026          1000026        0     1                 
         1000032          1000032        0     1                 
         1000032          1000032        0     1                 .Lpcrel_hi2
         1000032          1000032        0     1                 
         100003e          100003e        0     1                 
         100003e          100003e        0     1                 
         1000040          1000040        0     1                 .LBB0_1
         1000040          1000040        0     1                 
         1000040          1000040        0     1                 
         100004a          100004a        0     1                 
         100004a          100004a        0     1                 
         100004c          100004c        0     1                 
         100004c          100004c        0     1                 
         1000050          1000050        0     1                 
         1000054          1000054        0     1                 
         1000058          1000058        0     1                 
         1000058          1000058        0     1                 
         100005a          100005a        0     1                 
         100005a          100005a        0     1                 
         100005a          100005a        0     1                 
         100005a          100005a        2     2         user/lib/libuser.a(exit.o):(.text)
         100005a          100005a        0     1                 
         100005a          100005a        0     1                 
         100005a          100005a        0     1                 .LBB0_1
         100005a          100005a        0     1                 $x.0
         100005a          100005a        0     1                 
         100005a          100005a        2     1                 exit
         100005c          100005c        0     1                 
         100005c          100005c        0     1                 
         100005c          100005c      4d2     2         user/lib/libuser.a(printf.o):(.text)
         100005c          100005c        0     1                 
         100005c          100005c        0     1                 
         100005c          100005c        0     1                 $x.0
         100005c          100005c        0     1                 
         100005c          100005c        c     1                 putc
         100005e          100005e        0     1                 
         1000068          1000068        0     1                 
         1000068          1000068        0     1                 
         1000068          1000068        0     1                 
         1000068          1000068        0     1                 
         1000068          1000068        0     1                 
         1000068          1000068        0     1                 
         1000068          1000068       1a     1                 puts
         1000070          1000070        0     1                 
         1000070          1000070        0     1                 
         1000074          1000074        0     1                 
         1000076          1000076        0     1                 
         100007e          100007e        0     1                 
         100007e          100007e        0     1                 
         1000082          1000082        0     1                 
         1000082          1000082        0     1                 
         1000082          1000082        0     1                 
         1000082          1000082        0     1                 
         1000082          1000082        0     1                 
         1000082          1000082        0     1                 
         1000082          1000082       8e     1                 puthex
         100008a          100008a        0     1                 
         100008a          100008a        0     1                 
         100008e          100008e        0     1                 
         1000090          1000090        0     1                 
         1000092          1000092        0     1                 .Lpcrel_hi0
         10000a2          10000a2        0     1                 
         10000a2          10000a2        0     1                 .LBB2_2
         10000a2          10000a2        0     1                 
         10000a6          10000a6        0     1                 
         10000ac          10000ac        0     1                 
         10000ac          10000ac        0     1                 
         10000b4          10000b4        0     1                 
         10000b4          10000b4        0     1                 
         10000ba          10000ba        0     1                 
         10000c0          10000c0        0     1                 
         10000c2          10000c2        0     1                 
         10000c2          10000c2        0     1                 
         10000c6          10000c6        0     1                 .LBB2_4
         10000c6          10000c6        0     1                 
         10000c6          10000c6        0     1                 
         10000ca          10000ca        0     1                 
         10000ca          10000ca        0     1                 
         10000d0          10000d0        0     1                 .LBB2_5
         10000d0          10000d0        0     1                 
         10000d0          10000d0        0     1                 
         10000d2          10000d2        0     1                 
         10000d6          10000d6        0     1                 
         10000d6          10000d6        0     1                 
         10000da          10000da        0     1                 
         10000da          10000da        0     1                 .LBB2_6
         10000da          10000da        0     1                 
         10000ea          10000ea        0     1                 
         10000ea          10000ea        0     1                 
         10000ec          10000ec        0     1                 
         10000ee          10000ee        0     1                 .LBB2_7
         10000ee          10000ee        0     1                 
         10000ee          10000ee        0     1                 
         10000f0          10000f0        0     1                 
         10000f0          10000f0        0     1                 
         10000f4          10000f4        0     1                 
         10000f6          10000f6        0     1                 
         10000f6          10000f6        0     1                 
         10000fc          10000fc        0     1                 
         10000fe          10000fe        0     1                 
         1000106          1000106        0     1                 
         1000106          1000106        0     1                 
         100010a          100010a        0     1                 
         100010c          100010c        0     1                 
         100010c          100010c        0     1                 
         1000110          1000110        0     1                 
         1000110          1000110        0     1                 
         1000110          1000110        0     1                 
         1000110          1000110        0     1                 
         1000110          1000110        0     1                 
         1000110          1000110       dc     1                 putpad
         1000120          1000120        0     1                 
         1000122          1000122        0     1                 
         1000122          1000122        0     1                 
         100012e          100012e        0     1                 
         1000132          1000132        0     1                 
         1000136          1000136        0     1                 
         1000136          1000136        0     1                 
         100013a          100013a        0     1                 
         100013e          100013e        0     1                 .LBB3_2
         100013e          100013e        0     1                 
         100013e          100013e        0     1                 
         1000140          1000140        0     1                 
         1000146          1000146        0     1                 
         1000148          1000148        0     1                 
         1000148          1000148        0     1                 .LBB3_4
         1000148          1000148        0     1                 
         1000158          1000158        0     1                 
         1000158          1000158        0     1                 
         100015c          100015c        0     1                 
         1000160          1000160        0     1                 .LBB3_6
         1000160          1000160        0     1                 
         1000162          1000162        0     1                 
         1000162          1000162        0     1                 
         100016a          100016a        0     1                 
         100016a          100016a        0     1                 
         1000170          1000170        0     1                 
         1000176          1000176        0     1                 
         1000178          1000178        0     1                 
         100017c          100017c        0     1                 .LBB3_8
         100017c          100017c        0     1                 
         100017c          100017c        0     1                 
         1000180          1000180        0     1                 
         1000180          1000180        0     1                 
         1000186          1000186        0     1                 .LBB3_9
         1000186          1000186        0     1                 
         1000186          1000186        0     1                 
         1000188          1000188        0     1                 
         100018a          100018a        0     1                 
         100018a          100018a        0     1                 
         100018e          100018e        0     1                 
         100018e          100018e        0     1                 
         1000196          1000196        0     1                 
         100019e          100019e        0     1                 .LBB3_11
         100019e          100019e        0     1                 
         100019e          100019e        0     1                 
         10001a2          10001a2        0     1                 
         10001ae          10001ae        0     1                 .LBB3_14
         10001ae          10001ae        0     1                 
         10001b2          10001b2        0     1                 
         10001b4          10001b4        0     1                 
         10001b4          10001b4        0     1                 .LBB3_15
         10001b4          10001b4        0     1                 
         10001c2          10001c2        0     1                 
         10001c2          10001c2        0     1                 
         10001c4          10001c4        0     1                 
         10001c6          10001c6        0     1                 .LBB3_16
         10001c6          10001c6        0     1                 
         10001c6          10001c6        0     1                 
         10001c8          10001c8        0     1                 
         10001c8          10001c8        0     1                 
         10001ca          10001ca        0     1                 
         10001cc          10001cc        0     1                 
         10001cc          10001cc        0     1                 
         10001d2          10001d2        0     1                 
         10001d4          10001d4        0     1                 
         10001dc          10001dc        0     1                 
         10001dc          10001dc        0     1                 
         10001e0          10001e0        0     1                 
         10001e4          10001e4        0     1                 
         10001e6          10001e6        0     1                 
         10001e8          10001e8        0     1                 
         10001e8          10001e8        0     1                 
         10001ec          10001ec        0     1                 
         10001ec          10001ec        0     1                 
         10001ec          10001ec        0     1                 
         10001ec          10001ec        0     1                 
         10001ec          10001ec        0     1                 
         10001ec          10001ec      342     1                 printf
         100020a          100020a        0     1                 
         100021a          100021a        0     1                 
         100023e          100023e        0     1                 
         100023e          100023e        0     1                 .LBB4_1
         100023e          100023e        0     1                 
         1000240          1000240        0     1                 .LBB4_2
         1000244          1000244        0     1                 .LBB4_3
         1000248          1000248        0     1                 
         1000248          1000248        0     1                 
         100024c          100024c        0     1                 .LBB4_4
         100024c          100024c        0     1                 
         100024c          100024c        0     1                 
         1000250          1000250        0     1                 
         1000258          1000258        0     1                 
         1000258          1000258        0     1                 
         1000264          1000264        0     1                 
         1000264          1000264        0     1                 
         1000266          1000266        0     1                 
         1000268          1000268        0     1                 .LBB4_7
         1000268          1000268        0     1                 
         1000268          1000268        0     1                 
         100026c          100026c        0     1                 
         1000270          1000270        0     1                 
         1000270          1000270        0     1                 
         1000274          1000274        0     1                 
         1000276          1000276        0     1                 .LBB4_9
         1000276          1000276        0     1                 
         100027a          100027a        0     1                 .LBB4_10
         1000284          1000284        0     1                 
         1000284          1000284        0     1                 
         1000288          1000288        0     1                 
         1000296          1000296        0     1                 
         1000298          1000298        0     1                 
         1000298          1000298        0     1                 .LBB4_12
         1000298          1000298        0     1                 
         10002a0          10002a0        0     1                 
         10002a4          10002a4        0     1                 
         10002a4          10002a4        0     1                 
         10002a6          10002a6        0     1                 
         10002aa          10002aa        0     1                 
         10002aa          10002aa        0     1                 
         10002b2          10002b2        0     1                 
         10002b6          10002b6        0     1                 
         10002b6          10002b6        0     1                 
         10002b8          10002b8        0     1                 
         10002bc          10002bc        0     1                 .LBB4_13
         10002bc          10002bc        0     1                 
         10002bc          10002bc        0     1                 
         10002c0          10002c0        0     1                 
         10002c0          10002c0        0     1                 
         10002c4          10002c4        0     1                 
         10002c8          10002c8        0     1                 
         10002ce          10002ce        0     1                 
         10002d0          10002d0        0     1                 
         10002d0          10002d0        0     1                 
         10002d2          10002d2        0     1                 
         10002d2          10002d2        0     1                 
         10002dc          10002dc        0     1                 .LBB4_16
         10002dc          10002dc        0     1                 
         10002dc          10002dc        0     1                 
         10002e0          10002e0        0     1                 
         10002e0          10002e0        0     1                 
         10002e8          10002e8        0     1                 .LBB4_17
         10002ea          10002ea        0     1                 .Lpcrel_hi1
         10002f6          10002f6        0     1                 .Lpcrel_hi2
         1000300          1000300        0     1                 .LBB4_18
         1000300          1000300        0     1                 
         100030c          100030c        0     1                 
         100030e          100030e        0     1                 .LBB4_19
         100030e          100030e        0     1                 
         1000312          1000312        0     1                 
         1000314          1000314        0     1                 
         1000314          1000314        0     1                 
         100031c          100031c        0     1                 .LBB4_20
         1000320          1000320        0     1                 
         1000320          1000320        0     1                 
         100032a          100032a        0     1                 .LBB4_22
         100032a          100032a        0     1                 
         100032a          100032a        0     1                 
         100033a          100033a        0     1                 
         100033a          100033a        0     1                 
         100033e          100033e        0     1                 .LBB4_23
         100033e          100033e        0     1                 
         100033e          100033e        0     1                 
         1000342          1000342        0     1                 .LBB4_24
         100034a          100034a        0     1                 
         100034a          100034a        0     1                 
         100034e          100034e        0     1                 
         100034e          100034e        0     1                 
         1000350          1000350        0     1                 
         1000350          1000350        0     1                 .LBB4_25
         1000350          1000350        0     1                 .Lpcrel_hi4
         1000350          1000350        0     1                 
         1000358          1000358        0     1                 
         100035e          100035e        0     1                 
         1000360          1000360        0     1                 
         1000368          1000368        0     1                 
         1000368          1000368        0     1                 
         1000372          1000372        0     1                 
         1000372          1000372        0     1                 
         1000376          1000376        0     1                 
         1000376          1000376        0     1                 
         1000378          1000378        0     1                 
         1000378          1000378        0     1                 
         100037c          100037c        0     1                 
         100037c          100037c        0     1                 .LBB4_27
         100037e          100037e        0     1                 
         100037e          100037e        0     1                 
         1000380          1000380        0     1                 
         1000386          1000386        0     1                 
         1000386          1000386        0     1                 
         100038e          100038e        0     1                 
         100038e          100038e        0     1                 
         1000392          1000392        0     1                 
         1000394          1000394        0     1                 
         1000398          1000398        0     1                 
         1000398          1000398        0     1                 
         100039c          100039c        0     1                 .LBB4_29
         100039c          100039c        0     1                 
         100039c          100039c        0     1                 
         10003a4          10003a4        0     1                 
         10003a4          10003a4        0     1                 
         10003aa          10003aa        0     1                 
         10003aa          10003aa        0     1                 .LBB4_30
         10003aa          10003aa        0     1                 
         10003ac          10003ac        0     1                 
         10003ae          10003ae        0     1                 
         10003b8          10003b8        0     1                 
         10003ba          10003ba        0     1                 
         10003ba          10003ba        0     1                 
         10003bc          10003bc        0     1                 
         10003bc          10003bc        0     1                 
         10003c0          10003c0        0     1                 
         10003c0          10003c0        0     1                 
         10003c2          10003c2        0     1                 
         10003c6          10003c6        0     1                 
         10003c6          10003c6        0     1                 .LBB4_33
         10003c8          10003c8        0     1                 
         10003c8          10003c8        0     1                 
         10003ca          10003ca        0     1                 
         10003d0          10003d0        0     1                 
         10003d0          10003d0        0     1                 
         10003d8          10003d8        0     1                 
         10003d8          10003d8        0     1                 
         10003dc          10003dc        0     1                 
         10003de          10003de        0     1                 
         10003e2          10003e2        0     1                 
         10003e2          10003e2        0     1                 
         10003e8          10003e8        0     1                 
         10003e8          10003e8        0     1                 .LBB4_35
         10003e8          10003e8        0     1                 
         10003f2          10003f2        0     1                 
         10003f2          10003f2        0     1                 
         10003f4          10003f4        0     1                 .Lpcrel_hi3
         10003f4          10003f4        0     1                 
         10003fc          10003fc        0     1                 .LBB4_37
         10003fc          10003fc        0     1                 
         10003fc          10003fc        0     1                 
         1000402          1000402        0     1                 
         1000404          1000404        0     1                 
         100040c          100040c        0     1                 
         100040c          100040c        0     1                 
         1000410          1000410        0     1                 
         1000410          1000410        0     1                 
         1000412          1000412        0     1                 
         1000412          1000412        0     1                 .LBB4_38
         100041a          100041a        0     1                 
         100041e          100041e        0     1                 
         1000422          1000422        0     1                 
         1000426          1000426        0     1                 .LBB4_41
         1000426          1000426        0     1                 
         100042e          100042e        0     1                 
         1000430          1000430        0     1                 
         1000432          1000432        0     1                 .LBB4_43
         1000432          1000432        0     1                 
         1000436          1000436        0     1                 .LBB4_44
         1000436          1000436        0     1                 
         1000436          1000436        0     1                 
         100043a          100043a        0     1                 
         100043a          100043a        0     1                 
         100043e          100043e        0     1                 
         100043e          100043e        0     1                 
         1000440          1000440        0     1                 
         1000442          1000442        0     1                 
         1000444          1000444        0     1                 
         1000444          1000444        0     1                 .LBB4_46
         1000446          1000446        0     1                 
         1000446          1000446        0     1                 
         1000448          1000448        0     1                 
         100044e          100044e        0     1                 
         100044e          100044e        0     1                 
         1000456          1000456        0     1                 
         1000456          1000456        0     1                 
         100045a          100045a        0     1                 
         100045c          100045c        0     1                 
         1000460          1000460        0     1                 
         1000460          1000460        0     1                 
         1000466          1000466        0     1                 .LBB4_48
         1000466          1000466        0     1                 
         1000466          1000466        0     1                 
         100046e          100046e        0     1                 
         100046e          100046e        0     1                 
         1000470          1000470        0     1                 .LBB4_49
         1000470          1000470        0     1                 
         1000470          1000470        0     1                 
         1000472          1000472        0     1                 
         1000472          1000472        0     1                 .LBB4_50
         1000472          1000472        0     1                 
         1000482          1000482        0     1                 
         1000482          1000482        0     1                 
         1000484          1000484        0     1                 
         1000486          1000486        0     1                 .LBB4_51
         1000486          1000486        0     1                 
         1000486          1000486        0     1                 
         1000488          1000488        0     1                 
         1000488          1000488        0     1                 
         100048e          100048e        0     1                 
         1000490          1000490        0     1                 
         1000498          1000498        0     1                 
         1000498          1000498        0     1                 
         100049c          100049c        0     1                 
         100049c          100049c        0     1                 
         10004a0          10004a0        0     1                 .LBB4_52
         10004a0          10004a0        0     1                 
         10004a0          10004a0        0     1                 
         10004a4          10004a4        0     1                 .LBB4_53
         10004a4          10004a4        0     1                 
         10004aa          10004aa        0     1                 .LBB4_54
         10004aa          10004aa        0     1                 
         10004aa          10004aa        0     1                 
         10004b0          10004b0        0     1                 .LBB4_55
         10004b0          10004b0        0     1                 
         10004b0          10004b0        0     1                 
         10004b2          10004b2        0     1                 
         10004b6          10004b6        0     1                 
         10004b6          10004b6        0     1                 
         10004ba          10004ba        0     1                 
         10004ba          10004ba        0     1                 .LBB4_56
         10004ba          10004ba        0     1                 
         10004ca          10004ca        0     1                 
         10004ca          10004ca        0     1                 
         10004cc          10004cc        0     1                 
         10004d0          10004d0        0     1                 .LBB4_57
         10004d0          10004d0        0     1                 
         10004d0          10004d0        0     1                 
         10004d6          10004d6        0     1                 .LBB4_58
         10004d6          10004d6        0     1                 
         10004d6          10004d6        0     1                 
         10004d8          10004d8        0     1                 
         10004dc          10004dc        0     1                 
         10004dc          10004dc        0     1                 
         10004e0          10004e0        0     1                 
         10004e0          10004e0        0     1                 .LBB4_59
         10004e0          10004e0        0     1                 
         10004f0          10004f0        0     1                 
         10004f0          10004f0        0     1                 
         10004f2          10004f2        0     1                 
         10004f4          10004f4        0     1                 .LBB4_60
         10004f4          10004f4        0     1                 
         10004f4          10004f4        0     1                 
         10004f6          10004f6        0     1                 
         10004fa          10004fa        0     1                 
         10004fa          10004fa        0     1                 
         1000500          1000500        0     1                 
         1000502          1000502        0     1                 
         100050a          100050a        0     1                 
         100050a          100050a        0     1                 
         1000510          1000510        0     1                 .LBB4_61
         1000510          1000510        0     1                 
         1000522          1000522        0     1                 
         100052a          100052a        0     1                 
         100052e          100052e        0     1                 
         100052e          100052e        0     1                 
         100052e          100052e      230     2         user/lib/libuser.a(string.o):(.text)
         100052e          100052e        0     1                 
         100052e          100052e        0     1                 
         100052e          100052e        0     1                 $x.0
         100052e          100052e        0     1                 
         100052e          100052e       2e     1                 strcmp
         1000532          1000532        0     1                 
         1000534          1000534        0     1                 
         1000536          1000536        0     1                 
         1000536          1000536        0     1                 .LBB0_2
         1000536          1000536        0     1                 
         100053a          100053a        0     1                 
         100053e          100053e        0     1                 
         1000542          1000542        0     1                 
         1000542          1000542        0     1                 
         1000546          1000546        0     1                 
         1000548          1000548        0     1                 
         100054a          100054a        0     1                 
         100054c          100054c        0     1                 .LBB0_4
         100054c          100054c        0     1                 
         1000552          1000552        0     1                 .LBB0_5
         1000552          1000552        0     1                 
         1000552          1000552        0     1                 
         1000554          1000554        0     1                 .LBB0_6
         1000554          1000554        0     1                 
         1000554          1000554        0     1                 
         1000558          1000558        0     1                 
         1000558          1000558        0     1                 
         100055a          100055a        0     1                 
         100055c          100055c        0     1                 
         100055c          100055c        0     1                 
         100055c          100055c        0     1                 
         100055c          100055c        0     1                 
         100055c          100055c        0     1                 
         100055c          100055c       2e     1                 strncmp
         100055e          100055e        0     1                 
         1000560          1000560        0     1                 
         1000562          1000562        0     1                 
         1000566          1000566        0     1                 
         1000566          1000566        0     1                 .LBB1_2
         1000566          1000566        0     1                 
         100056a          100056a        0     1                 
         100056e          100056e        0     1                 
         1000572          1000572        0     1                 
         1000574          1000574        0     1                 
         1000576          1000576        0     1                 
         1000578          1000578        0     1                 
         1000580          1000580        0     1                 .LBB1_5
         1000580          1000580        0     1                 
         1000580          1000580        0     1                 
         1000584          1000584        0     1                 .LBB1_6
         1000584          1000584        0     1                 
         1000584          1000584        0     1                 
         1000588          1000588        0     1                 
         1000588          1000588        0     1                 
         100058a          100058a        0     1                 
         100058a          100058a        0     1                 
         100058a          100058a        0     1                 
         100058a          100058a        0     1                 
         100058a          100058a        0     1                 
         100058a          100058a       14     1                 strlen
         100058c          100058c        0     1                 
         100058c          100058c        0     1                 .LBB2_1
         100058c          100058c        0     1                 
         1000594          1000594        0     1                 
         1000596          1000596        0     1                 
         1000598          1000598        0     1                 
         100059c          100059c        0     1                 
         100059e          100059e        0     1                 
         100059e          100059e        0     1                 
         100059e          100059e        0     1                 
         100059e          100059e        0     1                 
         100059e          100059e        0     1                 
         100059e          100059e       1e     1                 strnlen
         10005a0          10005a0        0     1                 
         10005a2          10005a2        0     1                 
         10005a4          10005a4        0     1                 
         10005a4          10005a4        0     1                 .LBB3_2
         10005a4          10005a4        0     1                 
         10005ac          10005ac        0     1                 
         10005ae          10005ae        0     1                 
         10005b0          10005b0        0     1                 
         10005b4          10005b4        0     1                 
         10005b6          10005b6        0     1                 .LBB3_5
         10005b6          10005b6        0     1                 
         10005b6          10005b6        0     1                 
         10005b8          10005b8        0     1                 .LBB3_6
         10005b8          10005b8        0     1                 
         10005b8          10005b8        0     1                 
         10005ba          10005ba        0     1                 
         10005ba          10005ba        0     1                 
         10005bc          10005bc        0     1                 
         10005bc          10005bc        0     1                 
         10005bc          10005bc        0     1                 
         10005bc          10005bc        0     1                 
         10005bc          10005bc        0     1                 
         10005bc          10005bc       24     1                 strcpy
         10005c2          10005c2        0     1                 
         10005c6          10005c6        0     1                 
         10005c6          10005c6        0     1                 
         10005c8          10005c8        0     1                 
         10005c8          10005c8        0     1                 .LBB4_2
         10005c8          10005c8        0     1                 
         10005cc          10005cc        0     1                 
         10005d0          10005d0        0     1                 
         10005d4          10005d4        0     1                 
         10005d4          10005d4        0     1                 
         10005d6          10005d6        0     1                 
         10005d6          10005d6        0     1                 
         10005d8          10005d8        0     1                 
         10005da          10005da        0     1                 .LBB4_3
         10005da          10005da        0     1                 
         10005da          10005da        0     1                 
         10005de          10005de        0     1                 
         10005e0          10005e0        0     1                 
         10005e0          10005e0        0     1                 
         10005e0          10005e0        0     1                 
         10005e0          10005e0        0     1                 
         10005e0          10005e0        0     1                 
         10005e0          10005e0       32     1                 strncpy
         10005e2          10005e2        0     1                 
         10005e4          10005e4        0     1                 
         10005e4          10005e4        0     1                 .LBB5_1
         10005e4          10005e4        0     1                 
         10005ec          10005ec        0     1                 
         10005ee          10005ee        0     1                 
         10005f2          10005f2        0     1                 
         10005f4          10005f4        0     1                 
         10005f8          10005f8        0     1                 
         10005fe          10005fe        0     1                 .LBB5_3
         10005fe          10005fe        0     1                 
         1000602          1000602        0     1                 
         1000604          1000604        0     1                 
         1000606          1000606        0     1                 
         1000606          1000606        0     1                 .LBB5_5
         1000606          1000606        0     1                 
         100060a          100060a        0     1                 
         100060c          100060c        0     1                 
         1000610          1000610        0     1                 .LBB5_6
         1000610          1000610        0     1                 
         1000612          1000612        0     1                 
         1000612          1000612        0     1                 
         1000612          1000612        0     1                 
         1000612          1000612        0     1                 
         1000612          1000612        0     1                 
         1000612          1000612       3e     1                 strstr
         1000616          1000616        0     1                 
         1000618          1000618        0     1                 
         100061c          100061c        0     1                 
         1000622          1000622        0     1                 .LBB6_3
         1000622          1000622        0     1                 
         1000626          1000626        0     1                 
         1000626          1000626        0     1                 .LBB6_4
         1000626          1000626        0     1                 
         100062e          100062e        0     1                 
         1000632          1000632        0     1                 
         1000636          1000636        0     1                 
         1000638          1000638        0     1                 
         100063c          100063c        0     1                 
         1000640          1000640        0     1                 .LBB6_7
         1000640          1000640        0     1                 
         1000640          1000640        0     1                 
         1000642          1000642        0     1                 
         1000646          1000646        0     1                 
         1000648          1000648        0     1                 
         100064c          100064c        0     1                 .LBB6_9
         100064c          100064c        0     1                 
         100064e          100064e        0     1                 .LBB6_10
         100064e          100064e        0     1                 
         100064e          100064e        0     1                 
         1000650          1000650        0     1                 
         1000650          1000650        0     1                 
         1000650          1000650        0     1                 
         1000650          1000650        0     1                 
         1000650          1000650        0     1                 
         1000650          1000650       32     1                 strcat
         1000654          1000654        0     1                 
         1000654          1000654        0     1                 .LBB7_1
         1000654          1000654        0     1                 
         1000658          1000658        0     1                 
         100065a          100065a        0     1                 
         100065a          100065a        0     1                 
         100065c          100065c        0     1                 
         1000660          1000660        0     1                 
         1000664          1000664        0     1                 
         1000664          1000664        0     1                 .LBB7_4
         1000664          1000664        0     1                 
         1000668          1000668        0     1                 
         100066c          100066c        0     1                 
         1000670          1000670        0     1                 
         1000670          1000670        0     1                 
         1000672          1000672        0     1                 
         1000672          1000672        0     1                 
         1000674          1000674        0     1                 
         1000676          1000676        0     1                 
         100067a          100067a        0     1                 
         100067c          100067c        0     1                 .LBB7_6
         100067c          100067c        0     1                 
         100067c          100067c        0     1                 
         1000680          1000680        0     1                 
         1000682          1000682        0     1                 
         1000682          1000682        0     1                 
         1000682          1000682        0     1                 
         1000682          1000682        0     1                 
         1000682          1000682        0     1                 
         1000682          1000682       1e     1                 strchr
         1000686          1000686        0     1                 
         1000686          1000686        0     1                 
         1000688          1000688        0     1                 
         100068c          100068c        0     1                 
         100068c          100068c        0     1                 .LBB8_2
         100068c          100068c        0     1                 
         1000690          1000690        0     1                 
         1000694          1000694        0     1                 
         1000698          1000698        0     1                 
         100069a          100069a        0     1                 
         100069c          100069c        0     1                 .LBB8_4
         100069c          100069c        0     1                 
         100069e          100069e        0     1                 .LBB8_5
         100069e          100069e        0     1                 
         100069e          100069e        0     1                 
         10006a0          10006a0        0     1                 
         10006a0          10006a0        0     1                 
         10006a0          10006a0        0     1                 
         10006a0          10006a0        0     1                 
         10006a0          10006a0        0     1                 .Lpcrel_hi0
         10006a0          10006a0        0     1                 
         10006a0          10006a0       94     1                 strtok
         10006a4          10006a4        0     1                 
         10006a6          10006a6        0     1                 
         10006ac          10006ac        0     1                 .LBB9_2
         10006ac          10006ac        0     1                 
         10006b0          10006b0        0     1                 
         10006b0          10006b0        0     1                 
         10006b2          10006b2        0     1                 .LBB9_3
         10006b2          10006b2        0     1                 
         10006b6          10006b6        0     1                 
         10006b8          10006b8        0     1                 
         10006bc          10006bc        0     1                 
         10006c2          10006c2        0     1                 
         10006c2          10006c2        0     1                 .LBB9_5
         10006c2          10006c2        0     1                 
         10006c6          10006c6        0     1                 
         10006ce          10006ce        0     1                 
         10006ce          10006ce        0     1                 .LBB9_7
         10006ce          10006ce        0     1                 
         10006d2          10006d2        0     1                 
         10006d6          10006d6        0     1                 
         10006d6          10006d6        0     1                 
         10006da          10006da        0     1                 
         10006dc          10006dc        0     1                 
         10006e0          10006e0        0     1                 .LBB9_9
         10006e0          10006e0        0     1                 
         10006e0          10006e0        0     1                 
         10006e8          10006e8        0     1                 
         10006ee          10006ee        0     1                 
         10006f0          10006f0        0     1                 .LBB9_10
         10006f0          10006f0        0     1                 
         10006f2          10006f2        0     1                 
         10006f4          10006f4        0     1                 .LBB9_11
         10006f4          10006f4        0     1                 
         10006f6          10006f6        0     1                 .LBB9_12
         10006f6          10006f6        0     1                 
         10006fc          10006fc        0     1                 
         10006fc          10006fc        0     1                 .LBB9_13
         10006fc          10006fc        0     1                 
         1000700          1000700        0     1                 
         1000704          1000704        0     1                 .LBB9_14
         1000704          1000704        0     1                 
         1000714          1000714        0     1                 .LBB9_16
         1000714          1000714        0     1                 
         1000714          1000714        0     1                 
         100071c          100071c        0     1                 
         100071c          100071c        0     1                 
         1000720          1000720        0     1                 
         1000722          1000722        0     1                 
         1000722          1000722        0     1                 
         1000726          1000726        0     1                 .LBB9_18
         1000726          1000726        0     1                 
         1000726          1000726        0     1                 
         100072a          100072a        0     1                 .LBB9_19
         100072a          100072a        0     1                 
         100072e          100072e        0     1                 .LBB9_20
         100072e          100072e        0     1                 
         1000730          1000730        0     1                 .LBB9_21
         1000730          1000730        0     1                 
         1000734          1000734        0     1                 
         1000734          1000734        0     1                 
         1000734          1000734        0     1                 
         1000734          1000734        0     1                 
         1000734          1000734        0     1                 
         1000734          1000734       18     1                 memcpy
         1000738          1000738        0     1                 
         1000738          1000738        0     1                 
         100073a          100073a        0     1                 
         100073a          100073a        0     1                 .LBB10_2
         100073a          100073a        0     1                 
         100073e          100073e        0     1                 
         1000742          1000742        0     1                 
         1000742          1000742        0     1                 
         1000744          1000744        0     1                 
         1000746          1000746        0     1                 
         100074a          100074a        0     1                 .LBB10_3
         100074a          100074a        0     1                 
         100074a          100074a        0     1                 
         100074c          100074c        0     1                 
         100074c          100074c        0     1                 
         100074c          100074c        0     1                 
         100074c          100074c        0     1                 
         100074c          100074c        0     1                 
         100074c          100074c       12     1                 memset
         1000750          1000750        0     1                 
         1000750          1000750        0     1                 
         1000752          1000752        0     1                 
         1000752          1000752        0     1                 .LBB11_2
         1000752          1000752        0     1                 
         1000756          1000756        0     1                 
         1000756          1000756        0     1                 
         1000758          1000758        0     1                 
         1000758          1000758        0     1                 
         100075c          100075c        0     1                 .LBB11_3
         100075c          100075c        0     1                 
         100075c          100075c        0     1                 
         100075e          100075e        0     1                 
         100075e          100075e        0     1                 
         100075e          100075e       36     2         user/lib/libuser.a(syscall.o):(.text)
         100075e          100075e        0     1                 
         100075e          100075e        0     1                 
         100075e          100075e        0     1                 $x.0
         100075e          100075e        0     1                 
         100075e          100075e       10     1                 syscall
         1000760          1000760        0     1                 
         100076c          100076c        0     1                 
         100076e          100076e        0     1                 
         100076e          100076e        0     1                 
         100076e          100076e        0     1                 
         100076e          100076e        a     1                 read
         1000776          1000776        0     1                 
         1000778          1000778        0     1                 
         1000778          1000778        0     1                 
         1000778          1000778        0     1                 
         1000778          1000778        c     1                 write
         1000780          1000780        0     1                 
         1000784          1000784        0     1                 
         1000784          1000784        0     1                 
         1000784          1000784        0     1                 
         1000784          1000784       10     1                 cls
         1000792          1000792        0     1                 
         1000794          1000794        0     1                 
         1000798          1000798      118     8 .rodata
         1000798          1000798       64     1         <internal>:(.rodata.str1.1)
         1000800          1000800       b0     8         user/lib/libuser.a(printf.o):(.rodata)
         1000800          1000800        0     1                 .LJTI4_0
         1000800          1000800        0     1                 $d.1
         10008b0          10008b0        8     8 .bss
         10008b0          10008b0        8     8         user/lib/libuser.a(string.o):(.sbss)
         10008b0          10008b0        8     1                 strtok.saved
         10008b0          10008b0        0     1                 $d.1
         10008b8          10008b8        0     1         
         10008b8          10008b8     f748     1 . = 0x1010000
         1010000          1010000    10000     1 .stack
         1010000          1010000        0     1         __user_stack_bottom = .
         1010000          1010000    10000     1         . += 64 * 1024
         1020000          1020000        0     1         __user_stack_top = .
         1020000          1020000        0     1 . = ALIGN ( 4096 )
         1020000          1020000        0     1 __user_heap_start = 0x03000000
         1020000          1020000  2000000     1 . += 32 * 1024 * 1024
         3020000          3020000        0     1 __user_heap_end = .
               0                0     114a     1 .debug_info
               0                0       96     1         user/bin/init_crt0.o:(.debug_info)
               0                0        0     1                 
               0                0        0     1                 $d.4
              96               96      188     1         user/bin/shell.o:(.debug_info)
              96               96        0     1                 $d.4
             21e              21e       40     1         user/lib/libuser.a(exit.o):(.debug_info)
             21e              21e        0     1                 $d.2
             25e              25e      79d     1         user/lib/libuser.a(printf.o):(.debug_info)
             25e              25e        0     1                 $d.5
             9fb              9fb      49c     1         user/lib/libuser.a(string.o):(.debug_info)
             9fb              9fb        0     1                 $d.4
             e97              e97      2b3     1         user/lib/libuser.a(syscall.o):(.debug_info)
             e97              e97        0     1                 $d.3
               0                0      533     1 .debug_abbrev
               0                0       21     1         user/bin/init_crt0.o:(.debug_abbrev)
               0                0        0     1                 
               0                0        0     1                 $d.3
              21               21       dc     1         user/bin/shell.o:(.debug_abbrev)
              21               21        0     1                 $d.3
              fd               fd       2f     1         user/lib/libuser.a(exit.o):(.debug_abbrev)
              fd               fd        0     1                 $d.1
             12c              12c      1d2     1         user/lib/libuser.a(printf.o):(.debug_abbrev)
             12c              12c        0     1                 $d.4
             2fe              2fe      119     1         user/lib/libuser.a(string.o):(.debug_abbrev)
             2fe              2fe        0     1                 $d.3
             417              417      11c     1         user/lib/libuser.a(syscall.o):(.debug_abbrev)
             417              417        0     1                 $d.2
               0                0       30     1 .debug_aranges
               0                0       30     1         user/bin/init_crt0.o:(.debug_aranges)
               0                0        0     1                 $d.2
               0                0      f05     1 .debug_line
               0                0       54     1         user/bin/init_crt0.o:(.debug_line)
               0                0        0     1                 .Lline_table_start0
               0                0        0     1                 $d.5
              54               54      10b     1         user/bin/shell.o:(.debug_line)
              54               54        0     1                 .Lline_table_start0
              54               54        0     1                 $d.9
             15f              15f       46     1         user/lib/libuser.a(exit.o):(.debug_line)
             15f              15f        0     1                 .Lline_table_start0
             15f              15f        0     1                 $d.7
             1a5              1a5      6f9     1         user/lib/libuser.a(printf.o):(.debug_line)
             1a5              1a5        0     1                 .Lline_table_start0
             1a5              1a5        0     1                 $d.11
             89e              89e      581     1         user/lib/libuser.a(string.o):(.debug_line)
             89e              89e        0     1                 .Lline_table_start0
             89e              89e        0     1                 $d.10
             e1f              e1f       e6     1         user/lib/libuser.a(syscall.o):(.debug_line)
             e1f              e1f        0     1                 .Lline_table_start0
             e1f              e1f        0     1                 $d.8
               0                0     1361     1 .debug_loc
               0                0       25     1         user/bin/shell.o:(.debug_loc)
               0                0        0     1                 
               0                0        0     1                 $d.2
              25               25      b12     1         user/lib/libuser.a(printf.o):(.debug_loc)
              25               25        0     1                 
              25               25        0     1                 $d.3
              5b               5b        0     1                 
              91               91        0     1                 
              c7               c7        0     1                 
              ea               ea        0     1                 
             14a              14a        0     1                 
             172              172        0     1                 
             197              197        0     1                 
             1ba              1ba        0     1                 
             203              203        0     1                 
             226              226        0     1                 
             25c              25c        0     1                 
             292              292        0     1                 
             2c8              2c8        0     1                 
             33b              33b        0     1                 
             360              360        0     1                 
             383              383        0     1                 
             3a6              3a6        0     1                 
             3c9              3c9        0     1                 
             3ec              3ec        0     1                 
             53f              53f        0     1                 
             564              564        0     1                 
             5af              5af        0     1                 
             628              628        0     1                 
             64b              64b        0     1                 
             6ab              6ab        0     1                 
             6e5              6e5        0     1                 
             763              763        0     1                 
             7bf              7bf        0     1                 
             7e7              7e7        0     1                 
             821              821        0     1                 
             881              881        0     1                 
             8e1              8e1        0     1                 
             917              917        0     1                 
             95b              95b        0     1                 
             9b7              9b7        0     1                 
             9da              9da        0     1                 
             a10              a10        0     1                 
             a59              a59        0     1                 
             a9d              a9d        0     1                 
             ac5              ac5        0     1                 
             aea              aea        0     1                 
             b12              b12        0     1                 
             b37              b37      5ea     1         user/lib/libuser.a(string.o):(.debug_loc)
             b37              b37        0     1                 
             b37              b37        0     1                 $d.2
             b95              b95        0     1                 
             bb8              bb8        0     1                 
             bdb              bdb        0     1                 
             bfe              bfe        0     1                 
             c21              c21        0     1                 
             c45              c45        0     1                 
             c68              c68        0     1                 
             c9f              c9f        0     1                 
             ce8              ce8        0     1                 
             d33              d33        0     1                 
             d69              d69        0     1                 
             db2              db2        0     1                 
             dd5              dd5        0     1                 
             e0c              e0c        0     1                 
             e2f              e2f        0     1                 
             e65              e65        0     1                 
             ed8              ed8        0     1                 
             efb              efb        0     1                 
             f1e              f1e        0     1                 
             f41              f41        0     1                 
             f64              f64        0     1                 
             faf              faf        0     1                 
             fe7              fe7        0     1                 
            100a             100a        0     1                 
            102d             102d        0     1                 
            1050             1050        0     1                 
            10a7             10a7        0     1                 
            10ca             10ca        0     1                 
            1121             1121      240     1         user/lib/libuser.a(syscall.o):(.debug_loc)
            1121             1121        0     1                 
            1121             1121        0     1                 $d.1
            1157             1157        0     1                 
            11a0             11a0        0     1                 
            11d6             11d6        0     1                 
            120c             120c        0     1                 
            1255             1255        0     1                 
            128b             128b        0     1                 
            12c1             12c1        0     1                 
            12f7             12f7        0     1                 
            131a             131a        0     1                 
            133d             133d        0     1                 
               0                0      2a2     1 .debug_str
               0                0      2a2     1         <internal>:(.debug_str)
               0                0       42     1 .comment
               0                0       42     1         <internal>:(.comment)
               0                0      2f0     8 .debug_frame
               0                0       38     8         user/bin/shell.o:(.debug_frame)
               0                0        0     1                 
               0                0        0     1                 $d.8
              38               38       30     8         user/lib/libuser.a(exit.o):(.debug_frame)
              38               38        0     1                 
              38               38        0     1                 $d.6
              68               68       d8     8         user/lib/libuser.a(printf.o):(.debug_frame)
              68               68        0     1                 
              68               68        0     1                 $d.10
             140              140      138     8         user/lib/libuser.a(string.o):(.debug_frame)
             140              140        0     1                 
             140              140        0     1                 $d.9
             278              278       78     8         user/lib/libuser.a(syscall.o):(.debug_frame)
             278              278        0     1                 
             278              278        0     1                 $d.7
               0                0      160     1 .debug_ranges
               0                0      130     1         user/lib/libuser.a(printf.o):(.debug_ranges)
               0                0        0     1                 
               0                0        0     1                 $d.6
              70               70        0     1                 
              a0               a0        0     1                 
              d0               d0        0     1                 
             100              100        0     1                 
             130              130       30     1         user/lib/libuser.a(string.o):(.debug_ranges)
             130              130        0     1                 
             130              130        0     1                 $d.5
               0                0     5d60     8 .symtab
               0                0     5d60     8         <internal>:(.symtab)
               0                0       a4     1 .shstrtab
               0                0       a4     1         <internal>:(.shstrtab)
               0                0      238     1 .strtab
               0                0      238     1         <internal>:(.strtab)
