             VMA              LMA     Size Align Out     In      Symbol
               0                0  1000000     1 . = 0x1000000
         1000000          1000000      9ea     2 .text
         1000000          1000000       10     1         user/bin/init_crt0.o:(.text.start)
         1000000          1000000        0     1                 
         1000000          1000000        0     1                 .Lpcrel_hi0
         1000000          1000000        0     1                 $x.0
         1000000          1000000        0     1                 
         1000000          1000000        0     1                 start
         1000008          1000008        0     1                 
         100000c          100000c        0     1                 
         1000010          1000010        0     1                 
         1000010          1000010        0     2         user/bin/init_crt0.o:(.text)
         1000010          1000010      242     2         user/bin/shell.o:(.text)
         1000010          1000010        0     1                 
         1000010          1000010        0     1                 
         1000010          1000010        0     1                 $x.0
         1000010          1000010        0     1                 
         1000010          1000010       36     1                 print_help
         1000014          1000014        0     1                 .Lpcrel_hi0
         1000014          1000014        0     1                 
         1000020          1000020        0     1                 
         1000020          1000020        0     1                 .Lpcrel_hi1
         1000020          1000020        0     1                 
         100002c          100002c        0     1                 
         100002c          100002c        0     1                 .Lpcrel_hi2
         100002c          100002c        0     1                 
         1000038          1000038        0     1                 
         1000038          1000038        0     1                 .Lpcrel_hi3
         1000038          1000038        0     1                 
         1000042          1000042        0     1                 
         1000046          1000046        0     1                 
         1000046          1000046        0     1                 
         1000046          1000046        0     1                 
         1000046          1000046        0     1                 
         1000046          1000046        0     1                 
         1000046          1000046        0     1                 
         1000046          1000046      20c     1                 main
         100006c          100006c        0     1                 
         1000070          1000070        0     1                 .Lpcrel_hi4
         1000070          1000070        0     1                 
         100007c          100007c        0     1                 
         100007c          100007c        0     1                 .Lpcrel_hi5
         100007c          100007c        0     1                 
         100008c          100008c        0     1                 .Lpcrel_hi6
         1000096          1000096        0     1                 .Lpcrel_hi7
         10000a0          10000a0        0     1                 .Lpcrel_hi8
         10000aa          10000aa        0     1                 .Lpcrel_hi9
         10000b4          10000b4        0     1                 .Lpcrel_hi10
         10000be          10000be        0     1                 .Lpcrel_hi11
         10000c8          10000c8        0     1                 .Lpcrel_hi12
         10000d2          10000d2        0     1                 .Lpcrel_hi13
         10000dc          10000dc        0     1                 .Lpcrel_hi14
         10000e6          10000e6        0     1                 .Lpcrel_hi15
         10000f0          10000f0        0     1                 .Lpcrel_hi16
         10000fa          10000fa        0     1                 .Lpcrel_hi17
         1000104          1000104        0     1                 .Lpcrel_hi18
         1000110          1000110        0     1                 .Lpcrel_hi19
         100011e          100011e        0     1                 .LBB1_1
         100011e          100011e        0     1                 
         100011e          100011e        0     1                 
         1000122          1000122        0     1                 
         1000128          1000128        0     1                 .LBB1_2
         1000128          1000128        0     1                 
         1000128          1000128        0     1                 
         100012e          100012e        0     1                 
         100012e          100012e        0     1                 
         1000132          1000132        0     1                 
         1000132          1000132        0     1                 .LBB1_3
         1000132          1000132        0     1                 
         1000136          1000136        0     1                 .LBB1_4
         1000136          1000136        0     1                 
         1000142          1000142        0     1                 
         1000142          1000142        0     1                 
         1000144          1000144        0     1                 
         1000144          1000144        0     1                 
         1000148          1000148        0     1                 
         100014c          100014c        0     1                 
         1000150          1000150        0     1                 
         1000150          1000150        0     1                 
         1000154          1000154        0     1                 
         100015c          100015c        0     1                 
         100016c          100016c        0     1                 
         1000174          1000174        0     1                 
         1000176          1000176        0     1                 
         100017c          100017c        0     1                 
         100017c          100017c        0     1                 
         100017e          100017e        0     1                 .LBB1_10
         100017e          100017e        0     1                 
         1000182          1000182        0     1                 
         1000184          1000184        0     1                 
         100018a          100018a        0     1                 .LBB1_11
         100018a          100018a        0     1                 
         1000190          1000190        0     1                 
         1000190          1000190        0     1                 
         1000192          1000192        0     1                 
         1000192          1000192        0     1                 
         1000196          1000196        0     1                 
         100019a          100019a        0     1                 
         100019c          100019c        0     1                 
         100019c          100019c        0     1                 
         10001a4          10001a4        0     1                 
         10001a4          10001a4        0     1                 
         10001a6          10001a6        0     1                 
         10001a8          10001a8        0     1                 
         10001ac          10001ac        0     1                 
         10001ac          10001ac        0     1                 .LBB1_14
         10001ae          10001ae        0     1                 
         10001ae          10001ae        0     1                 
         10001b0          10001b0        0     1                 
         10001b2          10001b2        0     1                 
         10001b8          10001b8        0     1                 
         10001b8          10001b8        0     1                 
         10001ba          10001ba        0     1                 
         10001be          10001be        0     1                 
         10001be          10001be        0     1                 
         10001c4          10001c4        0     1                 .LBB1_16
         10001c4          10001c4        0     1                 
         10001c4          10001c4        0     1                 
         10001c8          10001c8        0     1                 
         10001ca          10001ca        0     1                 
         10001ca          10001ca        0     1                 
         10001cc          10001cc        0     1                 
         10001cc          10001cc        0     1                 
         10001ce          10001ce        0     1                 
         10001d2          10001d2        0     1                 
         10001d2          10001d2        0     1                 
         10001d4          10001d4        0     1                 
         10001dc          10001dc        0     1                 
         10001dc          10001dc        0     1                 
         10001de          10001de        0     1                 
         10001e6          10001e6        0     1                 
         10001e6          10001e6        0     1                 
         10001e8          10001e8        0     1                 
         10001f0          10001f0        0     1                 
         10001f0          10001f0        0     1                 
         10001f8          10001f8        0     1                 
         10001f8          10001f8        0     1                 
         10001fe          10001fe        0     1                 
         10001fe          10001fe        0     1                 
         1000200          1000200        0     1                 
         1000204          1000204        0     1                 
         1000204          1000204        0     1                 
         1000206          1000206        0     1                 
         100020a          100020a        0     1                 
         100020a          100020a        0     1                 
         100020c          100020c        0     1                 
         1000210          1000210        0     1                 
         1000210          1000210        0     1                 
         1000212          1000212        0     1                 .LBB1_24
         1000212          1000212        0     1                 
         100021a          100021a        0     1                 
         100021c          100021c        0     1                 .LBB1_25
         100021e          100021e        0     1                 
         100021e          100021e        0     1                 
         1000222          1000222        0     1                 
         1000222          1000222        0     1                 
         1000224          1000224        0     1                 
         1000228          1000228        0     1                 
         1000228          1000228        0     1                 
         100022a          100022a        0     1                 
         100022e          100022e        0     1                 
         100022e          100022e        0     1                 
         1000230          1000230        0     1                 
         1000234          1000234        0     1                 
         1000236          1000236        0     1                 .LBB1_26
         1000236          1000236        0     1                 
         1000236          1000236        0     1                 
         1000238          1000238        0     1                 
         100023c          100023c        0     1                 
         100023c          100023c        0     1                 
         100023e          100023e        0     1                 
         1000242          1000242        0     1                 
         1000242          1000242        0     1                 
         1000248          1000248        0     1                 
         1000248          1000248        0     1                 
         100024a          100024a        0     1                 .LBB1_27
         100024a          100024a        0     1                 
         100024c          100024c        0     1                 
         1000250          1000250        0     1                 
         1000252          1000252        0     1                 
         1000252          1000252        0     1                 
         1000252          1000252        0     1                 
         1000252          1000252      4d2     2         user/lib/libuser.a(printf.o):(.text)
         1000252          1000252        0     1                 
         1000252          1000252        0     1                 
         1000252          1000252        0     1                 $x.0
         1000252          1000252        0     1                 
         1000252          1000252        c     1                 putc
         1000254          1000254        0     1                 
         100025e          100025e        0     1                 
         100025e          100025e        0     1                 
         100025e          100025e        0     1                 
         100025e          100025e        0     1                 
         100025e          100025e        0     1                 
         100025e          100025e        0     1                 
         100025e          100025e       1a     1                 puts
         1000266          1000266        0     1                 
         1000266          1000266        0     1                 
         100026a          100026a        0     1                 
         100026c          100026c        0     1                 
         1000274          1000274        0     1                 
         1000274          1000274        0     1                 
         1000278          1000278        0     1                 
         1000278          1000278        0     1                 
         1000278          1000278        0     1                 
         1000278          1000278        0     1                 
         1000278          1000278        0     1                 
         1000278          1000278        0     1                 
         1000278          1000278       8e     1                 puthex
         1000280          1000280        0     1                 
         1000280          1000280        0     1                 
         1000284          1000284        0     1                 
         1000286          1000286        0     1                 
         1000288          1000288        0     1                 .Lpcrel_hi0
         1000298          1000298        0     1                 
         1000298          1000298        0     1                 .LBB2_2
         1000298          1000298        0     1                 
         100029c          100029c        0     1                 
         10002a2          10002a2        0     1                 
         10002a2          10002a2        0     1                 
         10002aa          10002aa        0     1                 
         10002aa          10002aa        0     1                 
         10002b0          10002b0        0     1                 
         10002b6          10002b6        0     1                 
         10002b8          10002b8        0     1                 
         10002b8          10002b8        0     1                 
         10002bc          10002bc        0     1                 .LBB2_4
         10002bc          10002bc        0     1                 
         10002bc          10002bc        0     1                 
         10002c0          10002c0        0     1                 
         10002c0          10002c0        0     1                 
         10002c6          10002c6        0     1                 .LBB2_5
         10002c6          10002c6        0     1                 
         10002c6          10002c6        0     1                 
         10002c8          10002c8        0     1                 
         10002cc          10002cc        0     1                 
         10002cc          10002cc        0     1                 
         10002d0          10002d0        0     1                 
         10002d0          10002d0        0     1                 .LBB2_6
         10002d0          10002d0        0     1                 
         10002e0          10002e0        0     1                 
         10002e0          10002e0        0     1                 
         10002e2          10002e2        0     1                 
         10002e4          10002e4        0     1                 .LBB2_7
         10002e4          10002e4        0     1                 
         10002e4          10002e4        0     1                 
         10002e6          10002e6        0     1                 
         10002e6          10002e6        0     1                 
         10002ea          10002ea        0     1                 
         10002ec          10002ec        0     1                 
         10002ec          10002ec        0     1                 
         10002f2          10002f2        0     1                 
         10002f4          10002f4        0     1                 
         10002fc          10002fc        0     1                 
         10002fc          10002fc        0     1                 
         1000300          1000300        0     1                 
         1000302          1000302        0     1                 
         1000302          1000302        0     1                 
         1000306          1000306        0     1                 
         1000306          1000306        0     1                 
         1000306          1000306        0     1                 
         1000306          1000306        0     1                 
         1000306          1000306        0     1                 
         1000306          1000306       dc     1                 putpad
         1000316          1000316        0     1                 
         1000318          1000318        0     1                 
         1000318          1000318        0     1                 
         1000324          1000324        0     1                 
         1000328          1000328        0     1                 
         100032c          100032c        0     1                 
         100032c          100032c        0     1                 
         1000330          1000330        0     1                 
         1000334          1000334        0     1                 .LBB3_2
         1000334          1000334        0     1                 
         1000334          1000334        0     1                 
         1000336          1000336        0     1                 
         100033c          100033c        0     1                 
         100033e          100033e        0     1                 
         100033e          100033e        0     1                 .LBB3_4
         100033e          100033e        0     1                 
         100034e          100034e        0     1                 
         100034e          100034e        0     1                 
         1000352          1000352        0     1                 
         1000356          1000356        0     1                 .LBB3_6
         1000356          1000356        0     1                 
         1000358          1000358        0     1                 
         1000358          1000358        0     1                 
         1000360          1000360        0     1                 
         1000360          1000360        0     1                 
         1000366          1000366        0     1                 
         100036c          100036c        0     1                 
         100036e          100036e        0     1                 
         1000372          1000372        0     1                 .LBB3_8
         1000372          1000372        0     1                 
         1000372          1000372        0     1                 
         1000376          1000376        0     1                 
         1000376          1000376        0     1                 
         100037c          100037c        0     1                 .LBB3_9
         100037c          100037c        0     1                 
         100037c          100037c        0     1                 
         100037e          100037e        0     1                 
         1000380          1000380        0     1                 
         1000380          1000380        0     1                 
         1000384          1000384        0     1                 
         1000384          1000384        0     1                 
         100038c          100038c        0     1                 
         1000394          1000394        0     1                 .LBB3_11
         1000394          1000394        0     1                 
         1000394          1000394        0     1                 
         1000398          1000398        0     1                 
         10003a4          10003a4        0     1                 .LBB3_14
         10003a4          10003a4        0     1                 
         10003a8          10003a8        0     1                 
         10003aa          10003aa        0     1                 
         10003aa          10003aa        0     1                 .LBB3_15
         10003aa          10003aa        0     1                 
         10003b8          10003b8        0     1                 
         10003b8          10003b8        0     1                 
         10003ba          10003ba        0     1                 
         10003bc          10003bc        0     1                 .LBB3_16
         10003bc          10003bc        0     1                 
         10003bc          10003bc        0     1                 
         10003be          10003be        0     1                 
         10003be          10003be        0     1                 
         10003c0          10003c0        0     1                 
         10003c2          10003c2        0     1                 
         10003c2          10003c2        0     1                 
         10003c8          10003c8        0     1                 
         10003ca          10003ca        0     1                 
         10003d2          10003d2        0     1                 
         10003d2          10003d2        0     1                 
         10003d6          10003d6        0     1                 
         10003da          10003da        0     1                 
         10003dc          10003dc        0     1                 
         10003de          10003de        0     1                 
         10003de          10003de        0     1                 
         10003e2          10003e2        0     1                 
         10003e2          10003e2        0     1                 
         10003e2          10003e2        0     1                 
         10003e2          10003e2        0     1                 
         10003e2          10003e2        0     1                 
         10003e2          10003e2      342     1                 printf
         1000400          1000400        0     1                 
         1000410          1000410        0     1                 
         1000434          1000434        0     1                 
         1000434          1000434        0     1                 .LBB4_1
         1000434          1000434        0     1                 
         1000436          1000436        0     1                 .LBB4_2
         100043a          100043a        0     1                 .LBB4_3
         100043e          100043e        0     1                 
         100043e          100043e        0     1                 
         1000442          1000442        0     1                 .LBB4_4
         1000442          1000442        0     1                 
         1000442          1000442        0     1                 
         1000446          1000446        0     1                 
         100044e          100044e        0     1                 
         100044e          100044e        0     1                 
         100045a          100045a        0     1                 
         100045a          100045a        0     1                 
         100045c          100045c        0     1                 
         100045e          100045e        0     1                 .LBB4_7
         100045e          100045e        0     1                 
         100045e          100045e        0     1                 
         1000462          1000462        0     1                 
         1000466          1000466        0     1                 
         1000466          1000466        0     1                 
         100046a          100046a        0     1                 
         100046c          100046c        0     1                 .LBB4_9
         100046c          100046c        0     1                 
         1000470          1000470        0     1                 .LBB4_10
         100047a          100047a        0     1                 
         100047a          100047a        0     1                 
         100047e          100047e        0     1                 
         100048c          100048c        0     1                 
         100048e          100048e        0     1                 
         100048e          100048e        0     1                 .LBB4_12
         100048e          100048e        0     1                 
         1000496          1000496        0     1                 
         100049a          100049a        0     1                 
         100049a          100049a        0     1                 
         100049c          100049c        0     1                 
         10004a0          10004a0        0     1                 
         10004a0          10004a0        0     1                 
         10004a8          10004a8        0     1                 
         10004ac          10004ac        0     1                 
         10004ac          10004ac        0     1                 
         10004ae          10004ae        0     1                 
         10004b2          10004b2        0     1                 .LBB4_13
         10004b2          10004b2        0     1                 
         10004b2          10004b2        0     1                 
         10004b6          10004b6        0     1                 
         10004b6          10004b6        0     1                 
         10004ba          10004ba        0     1                 
         10004be          10004be        0     1                 
         10004c4          10004c4        0     1                 
         10004c6          10004c6        0     1                 
         10004c6          10004c6        0     1                 
         10004c8          10004c8        0     1                 
         10004c8          10004c8        0     1                 
         10004d2          10004d2        0     1                 .LBB4_16
         10004d2          10004d2        0     1                 
         10004d2          10004d2        0     1                 
         10004d6          10004d6        0     1                 
         10004d6          10004d6        0     1                 
         10004de          10004de        0     1                 .LBB4_17
         10004e0          10004e0        0     1                 .Lpcrel_hi1
         10004ec          10004ec        0     1                 .Lpcrel_hi2
         10004f6          10004f6        0     1                 .LBB4_18
         10004f6          10004f6        0     1                 
         1000502          1000502        0     1                 
         1000504          1000504        0     1                 .LBB4_19
         1000504          1000504        0     1                 
         1000508          1000508        0     1                 
         100050a          100050a        0     1                 
         100050a          100050a        0     1                 
         1000512          1000512        0     1                 .LBB4_20
         1000516          1000516        0     1                 
         1000516          1000516        0     1                 
         1000520          1000520        0     1                 .LBB4_22
         1000520          1000520        0     1                 
         1000520          1000520        0     1                 
         1000530          1000530        0     1                 
         1000530          1000530        0     1                 
         1000534          1000534        0     1                 .LBB4_23
         1000534          1000534        0     1                 
         1000534          1000534        0     1                 
         1000538          1000538        0     1                 .LBB4_24
         1000540          1000540        0     1                 
         1000540          1000540        0     1                 
         1000544          1000544        0     1                 
         1000544          1000544        0     1                 
         1000546          1000546        0     1                 
         1000546          1000546        0     1                 .LBB4_25
         1000546          1000546        0     1                 .Lpcrel_hi4
         1000546          1000546        0     1                 
         100054e          100054e        0     1                 
         1000554          1000554        0     1                 
         1000556          1000556        0     1                 
         100055e          100055e        0     1                 
         100055e          100055e        0     1                 
         1000568          1000568        0     1                 
         1000568          1000568        0     1                 
         100056c          100056c        0     1                 
         100056c          100056c        0     1                 
         100056e          100056e        0     1                 
         100056e          100056e        0     1                 
         1000572          1000572        0     1                 
         1000572          1000572        0     1                 .LBB4_27
         1000574          1000574        0     1                 
         1000574          1000574        0     1                 
         1000576          1000576        0     1                 
         100057c          100057c        0     1                 
         100057c          100057c        0     1                 
         1000584          1000584        0     1                 
         1000584          1000584        0     1                 
         1000588          1000588        0     1                 
         100058a          100058a        0     1                 
         100058e          100058e        0     1                 
         100058e          100058e        0     1                 
         1000592          1000592        0     1                 .LBB4_29
         1000592          1000592        0     1                 
         1000592          1000592        0     1                 
         100059a          100059a        0     1                 
         100059a          100059a        0     1                 
         10005a0          10005a0        0     1                 
         10005a0          10005a0        0     1                 .LBB4_30
         10005a0          10005a0        0     1                 
         10005a2          10005a2        0     1                 
         10005a4          10005a4        0     1                 
         10005ae          10005ae        0     1                 
         10005b0          10005b0        0     1                 
         10005b0          10005b0        0     1                 
         10005b2          10005b2        0     1                 
         10005b2          10005b2        0     1                 
         10005b6          10005b6        0     1                 
         10005b6          10005b6        0     1                 
         10005b8          10005b8        0     1                 
         10005bc          10005bc        0     1                 
         10005bc          10005bc        0     1                 .LBB4_33
         10005be          10005be        0     1                 
         10005be          10005be        0     1                 
         10005c0          10005c0        0     1                 
         10005c6          10005c6        0     1                 
         10005c6          10005c6        0     1                 
         10005ce          10005ce        0     1                 
         10005ce          10005ce        0     1                 
         10005d2          10005d2        0     1                 
         10005d4          10005d4        0     1                 
         10005d8          10005d8        0     1                 
         10005d8          10005d8        0     1                 
         10005de          10005de        0     1                 
         10005de          10005de        0     1                 .LBB4_35
         10005de          10005de        0     1                 
         10005e8          10005e8        0     1                 
         10005e8          10005e8        0     1                 
         10005ea          10005ea        0     1                 .Lpcrel_hi3
         10005ea          10005ea        0     1                 
         10005f2          10005f2        0     1                 .LBB4_37
         10005f2          10005f2        0     1                 
         10005f2          10005f2        0     1                 
         10005f8          10005f8        0     1                 
         10005fa          10005fa        0     1                 
         1000602          1000602        0     1                 
         1000602          1000602        0     1                 
         1000606          1000606        0     1                 
         1000606          1000606        0     1                 
         1000608          1000608        0     1                 
         1000608          1000608        0     1                 .LBB4_38
         1000610          1000610        0     1                 
         1000614          1000614        0     1                 
         1000618          1000618        0     1                 
         100061c          100061c        0     1                 .LBB4_41
         100061c          100061c        0     1                 
         1000624          1000624        0     1                 
         1000626          1000626        0     1                 
         1000628          1000628        0     1                 .LBB4_43
         1000628          1000628        0     1                 
         100062c          100062c        0     1                 .LBB4_44
         100062c          100062c        0     1                 
         100062c          100062c        0     1                 
         1000630          1000630        0     1                 
         1000630          1000630        0     1                 
         1000634          1000634        0     1                 
         1000634          1000634        0     1                 
         1000636          1000636        0     1                 
         1000638          1000638        0     1                 
         100063a          100063a        0     1                 
         100063a          100063a        0     1                 .LBB4_46
         100063c          100063c        0     1                 
         100063c          100063c        0     1                 
         100063e          100063e        0     1                 
         1000644          1000644        0     1                 
         1000644          1000644        0     1                 
         100064c          100064c        0     1                 
         100064c          100064c        0     1                 
         1000650          1000650        0     1                 
         1000652          1000652        0     1                 
         1000656          1000656        0     1                 
         1000656          1000656        0     1                 
         100065c          100065c        0     1                 .LBB4_48
         100065c          100065c        0     1                 
         100065c          100065c        0     1                 
         1000664          1000664        0     1                 
         1000664          1000664        0     1                 
         1000666          1000666        0     1                 .LBB4_49
         1000666          1000666        0     1                 
         1000666          1000666        0     1                 
         1000668          1000668        0     1                 
         1000668          1000668        0     1                 .LBB4_50
         1000668          1000668        0     1                 
         1000678          1000678        0     1                 
         1000678          1000678        0     1                 
         100067a          100067a        0     1                 
         100067c          100067c        0     1                 .LBB4_51
         100067c          100067c        0     1                 
         100067c          100067c        0     1                 
         100067e          100067e        0     1                 
         100067e          100067e        0     1                 
         1000684          1000684        0     1                 
         1000686          1000686        0     1                 
         100068e          100068e        0     1                 
         100068e          100068e        0     1                 
         1000692          1000692        0     1                 
         1000692          1000692        0     1                 
         1000696          1000696        0     1                 .LBB4_52
         1000696          1000696        0     1                 
         1000696          1000696        0     1                 
         100069a          100069a        0     1                 .LBB4_53
         100069a          100069a        0     1                 
         10006a0          10006a0        0     1                 .LBB4_54
         10006a0          10006a0        0     1                 
         10006a0          10006a0        0     1                 
         10006a6          10006a6        0     1                 .LBB4_55
         10006a6          10006a6        0     1                 
         10006a6          10006a6        0     1                 
         10006a8          10006a8        0     1                 
         10006ac          10006ac        0     1                 
         10006ac          10006ac        0     1                 
         10006b0          10006b0        0     1                 
         10006b0          10006b0        0     1                 .LBB4_56
         10006b0          10006b0        0     1                 
         10006c0          10006c0        0     1                 
         10006c0          10006c0        0     1                 
         10006c2          10006c2        0     1                 
         10006c6          10006c6        0     1                 .LBB4_57
         10006c6          10006c6        0     1                 
         10006c6          10006c6        0     1                 
         10006cc          10006cc        0     1                 .LBB4_58
         10006cc          10006cc        0     1                 
         10006cc          10006cc        0     1                 
         10006ce          10006ce        0     1                 
         10006d2          10006d2        0     1                 
         10006d2          10006d2        0     1                 
         10006d6          10006d6        0     1                 
         10006d6          10006d6        0     1                 .LBB4_59
         10006d6          10006d6        0     1                 
         10006e6          10006e6        0     1                 
         10006e6          10006e6        0     1                 
         10006e8          10006e8        0     1                 
         10006ea          10006ea        0     1                 .LBB4_60
         10006ea          10006ea        0     1                 
         10006ea          10006ea        0     1                 
         10006ec          10006ec        0     1                 
         10006f0          10006f0        0     1                 
         10006f0          10006f0        0     1                 
         10006f6          10006f6        0     1                 
         10006f8          10006f8        0     1                 
         1000700          1000700        0     1                 
         1000700          1000700        0     1                 
         1000706          1000706        0     1                 .LBB4_61
         1000706          1000706        0     1                 
         1000718          1000718        0     1                 
         1000720          1000720        0     1                 
         1000724          1000724        0     1                 
         1000724          1000724        0     1                 
         1000724          1000724      230     2         user/lib/libuser.a(string.o):(.text)
         1000724          1000724        0     1                 
         1000724          1000724        0     1                 
         1000724          1000724        0     1                 $x.0
         1000724          1000724        0     1                 
         1000724          1000724       2e     1                 strcmp
         1000728          1000728        0     1                 
         100072a          100072a        0     1                 
         100072c          100072c        0     1                 
         100072c          100072c        0     1                 .LBB0_2
         100072c          100072c        0     1                 
         1000730          1000730        0     1                 
         1000734          1000734        0     1                 
         1000738          1000738        0     1                 
         1000738          1000738        0     1                 
         100073c          100073c        0     1                 
         100073e          100073e        0     1                 
         1000740          1000740        0     1                 
         1000742          1000742        0     1                 .LBB0_4
         1000742          1000742        0     1                 
         1000748          1000748        0     1                 .LBB0_5
         1000748          1000748        0     1                 
         1000748          1000748        0     1                 
         100074a          100074a        0     1                 .LBB0_6
         100074a          100074a        0     1                 
         100074a          100074a        0     1                 
         100074e          100074e        0     1                 
         100074e          100074e        0     1                 
         1000750          1000750        0     1                 
         1000752          1000752        0     1                 
         1000752          1000752        0     1                 
         1000752          1000752        0     1                 
         1000752          1000752        0     1                 
         1000752          1000752        0     1                 
         1000752          1000752       2e     1                 strncmp
         1000754          1000754        0     1                 
         1000756          1000756        0     1                 
         1000758          1000758        0     1                 
         100075c          100075c        0     1                 
         100075c          100075c        0     1                 .LBB1_2
         100075c          100075c        0     1                 
         1000760          1000760        0     1                 
         1000764          1000764        0     1                 
         1000768          1000768        0     1                 
         100076a          100076a        0     1                 
         100076c          100076c        0     1                 
         100076e          100076e        0     1                 
         1000776          1000776        0     1                 .LBB1_5
         1000776          1000776        0     1                 
         1000776          1000776        0     1                 
         100077a          100077a        0     1                 .LBB1_6
         100077a          100077a        0     1                 
         100077a          100077a        0     1                 
         100077e          100077e        0     1                 
         100077e          100077e        0     1                 
         1000780          1000780        0     1                 
         1000780          1000780        0     1                 
         1000780          1000780        0     1                 
         1000780          1000780        0     1                 
         1000780          1000780        0     1                 
         1000780          1000780       14     1                 strlen
         1000782          1000782        0     1                 
         1000782          1000782        0     1                 .LBB2_1
         1000782          1000782        0     1                 
         100078a          100078a        0     1                 
         100078c          100078c        0     1                 
         100078e          100078e        0     1                 
         1000792          1000792        0     1                 
         1000794          1000794        0     1                 
         1000794          1000794        0     1                 
         1000794          1000794        0     1                 
         1000794          1000794        0     1                 
         1000794          1000794        0     1                 
         1000794          1000794       1e     1                 strnlen
         1000796          1000796        0     1                 
         1000798          1000798        0     1                 
         100079a          100079a        0     1                 
         100079a          100079a        0     1                 .LBB3_2
         100079a          100079a        0     1                 
         10007a2          10007a2        0     1                 
         10007a4          10007a4        0     1                 
         10007a6          10007a6        0     1                 
         10007aa          10007aa        0     1                 
         10007ac          10007ac        0     1                 .LBB3_5
         10007ac          10007ac        0     1                 
         10007ac          10007ac        0     1                 
         10007ae          10007ae        0     1                 .LBB3_6
         10007ae          10007ae        0     1                 
         10007ae          10007ae        0     1                 
         10007b0          10007b0        0     1                 
         10007b0          10007b0        0     1                 
         10007b2          10007b2        0     1                 
         10007b2          10007b2        0     1                 
         10007b2          10007b2        0     1                 
         10007b2          10007b2        0     1                 
         10007b2          10007b2        0     1                 
         10007b2          10007b2       24     1                 strcpy
         10007b8          10007b8        0     1                 
         10007bc          10007bc        0     1                 
         10007bc          10007bc        0     1                 
         10007be          10007be        0     1                 
         10007be          10007be        0     1                 .LBB4_2
         10007be          10007be        0     1                 
         10007c2          10007c2        0     1                 
         10007c6          10007c6        0     1                 
         10007ca          10007ca        0     1                 
         10007ca          10007ca        0     1                 
         10007cc          10007cc        0     1                 
         10007cc          10007cc        0     1                 
         10007ce          10007ce        0     1                 
         10007d0          10007d0        0     1                 .LBB4_3
         10007d0          10007d0        0     1                 
         10007d0          10007d0        0     1                 
         10007d4          10007d4        0     1                 
         10007d6          10007d6        0     1                 
         10007d6          10007d6        0     1                 
         10007d6          10007d6        0     1                 
         10007d6          10007d6        0     1                 
         10007d6          10007d6        0     1                 
         10007d6          10007d6       32     1                 strncpy
         10007d8          10007d8        0     1                 
         10007da          10007da        0     1                 
         10007da          10007da        0     1                 .LBB5_1
         10007da          10007da        0     1                 
         10007e2          10007e2        0     1                 
         10007e4          10007e4        0     1                 
         10007e8          10007e8        0     1                 
         10007ea          10007ea        0     1                 
         10007ee          10007ee        0     1                 
         10007f4          10007f4        0     1                 .LBB5_3
         10007f4          10007f4        0     1                 
         10007f8          10007f8        0     1                 
         10007fa          10007fa        0     1                 
         10007fc          10007fc        0     1                 
         10007fc          10007fc        0     1                 .LBB5_5
         10007fc          10007fc        0     1                 
         1000800          1000800        0     1                 
         1000802          1000802        0     1                 
         1000806          1000806        0     1                 .LBB5_6
         1000806          1000806        0     1                 
         1000808          1000808        0     1                 
         1000808          1000808        0     1                 
         1000808          1000808        0     1                 
         1000808          1000808        0     1                 
         1000808          1000808        0     1                 
         1000808          1000808       3e     1                 strstr
         100080c          100080c        0     1                 
         100080e          100080e        0     1                 
         1000812          1000812        0     1                 
         1000818          1000818        0     1                 .LBB6_3
         1000818          1000818        0     1                 
         100081c          100081c        0     1                 
         100081c          100081c        0     1                 .LBB6_4
         100081c          100081c        0     1                 
         1000824          1000824        0     1                 
         1000828          1000828        0     1                 
         100082c          100082c        0     1                 
         100082e          100082e        0     1                 
         1000832          1000832        0     1                 
         1000836          1000836        0     1                 .LBB6_7
         1000836          1000836        0     1                 
         1000836          1000836        0     1                 
         1000838          1000838        0     1                 
         100083c          100083c        0     1                 
         100083e          100083e        0     1                 
         1000842          1000842        0     1                 .LBB6_9
         1000842          1000842        0     1                 
         1000844          1000844        0     1                 .LBB6_10
         1000844          1000844        0     1                 
         1000844          1000844        0     1                 
         1000846          1000846        0     1                 
         1000846          1000846        0     1                 
         1000846          1000846        0     1                 
         1000846          1000846        0     1                 
         1000846          1000846        0     1                 
         1000846          1000846       32     1                 strcat
         100084a          100084a        0     1                 
         100084a          100084a        0     1                 .LBB7_1
         100084a          100084a        0     1                 
         100084e          100084e        0     1                 
         1000850          1000850        0     1                 
         1000850          1000850        0     1                 
         1000852          1000852        0     1                 
         1000856          1000856        0     1                 
         100085a          100085a        0     1                 
         100085a          100085a        0     1                 .LBB7_4
         100085a          100085a        0     1                 
         100085e          100085e        0     1                 
         1000862          1000862        0     1                 
         1000866          1000866        0     1                 
         1000866          1000866        0     1                 
         1000868          1000868        0     1                 
         1000868          1000868        0     1                 
         100086a          100086a        0     1                 
         100086c          100086c        0     1                 
         1000870          1000870        0     1                 
         1000872          1000872        0     1                 .LBB7_6
         1000872          1000872        0     1                 
         1000872          1000872        0     1                 
         1000876          1000876        0     1                 
         1000878          1000878        0     1                 
         1000878          1000878        0     1                 
         1000878          1000878        0     1                 
         1000878          1000878        0     1                 
         1000878          1000878        0     1                 
         1000878          1000878       1e     1                 strchr
         100087c          100087c        0     1                 
         100087c          100087c        0     1                 
         100087e          100087e        0     1                 
         1000882          1000882        0     1                 
         1000882          1000882        0     1                 .LBB8_2
         1000882          1000882        0     1                 
         1000886          1000886        0     1                 
         100088a          100088a        0     1                 
         100088e          100088e        0     1                 
         1000890          1000890        0     1                 
         1000892          1000892        0     1                 .LBB8_4
         1000892          1000892        0     1                 
         1000894          1000894        0     1                 .LBB8_5
         1000894          1000894        0     1                 
         1000894          1000894        0     1                 
         1000896          1000896        0     1                 
         1000896          1000896        0     1                 
         1000896          1000896        0     1                 
         1000896          1000896        0     1                 
         1000896          1000896        0     1                 .Lpcrel_hi0
         1000896          1000896        0     1                 
         1000896          1000896       94     1                 strtok
         100089a          100089a        0     1                 
         100089c          100089c        0     1                 
         10008a2          10008a2        0     1                 .LBB9_2
         10008a2          10008a2        0     1                 
         10008a6          10008a6        0     1                 
         10008a6          10008a6        0     1                 
         10008a8          10008a8        0     1                 .LBB9_3
         10008a8          10008a8        0     1                 
         10008ac          10008ac        0     1                 
         10008ae          10008ae        0     1                 
         10008b2          10008b2        0     1                 
         10008b8          10008b8        0     1                 
         10008b8          10008b8        0     1                 .LBB9_5
         10008b8          10008b8        0     1                 
         10008bc          10008bc        0     1                 
         10008c4          10008c4        0     1                 
         10008c4          10008c4        0     1                 .LBB9_7
         10008c4          10008c4        0     1                 
         10008c8          10008c8        0     1                 
         10008cc          10008cc        0     1                 
         10008cc          10008cc        0     1                 
         10008d0          10008d0        0     1                 
         10008d2          10008d2        0     1                 
         10008d6          10008d6        0     1                 .LBB9_9
         10008d6          10008d6        0     1                 
         10008d6          10008d6        0     1                 
         10008de          10008de        0     1                 
         10008e4          10008e4        0     1                 
         10008e6          10008e6        0     1                 .LBB9_10
         10008e6          10008e6        0     1                 
         10008e8          10008e8        0     1                 
         10008ea          10008ea        0     1                 .LBB9_11
         10008ea          10008ea        0     1                 
         10008ec          10008ec        0     1                 .LBB9_12
         10008ec          10008ec        0     1                 
         10008f2          10008f2        0     1                 
         10008f2          10008f2        0     1                 .LBB9_13
         10008f2          10008f2        0     1                 
         10008f6          10008f6        0     1                 
         10008fa          10008fa        0     1                 .LBB9_14
         10008fa          10008fa        0     1                 
         100090a          100090a        0     1                 .LBB9_16
         100090a          100090a        0     1                 
         100090a          100090a        0     1                 
         1000912          1000912        0     1                 
         1000912          1000912        0     1                 
         1000916          1000916        0     1                 
         1000918          1000918        0     1                 
         1000918          1000918        0     1                 
         100091c          100091c        0     1                 .LBB9_18
         100091c          100091c        0     1                 
         100091c          100091c        0     1                 
         1000920          1000920        0     1                 .LBB9_19
         1000920          1000920        0     1                 
         1000924          1000924        0     1                 .LBB9_20
         1000924          1000924        0     1                 
         1000926          1000926        0     1                 .LBB9_21
         1000926          1000926        0     1                 
         100092a          100092a        0     1                 
         100092a          100092a        0     1                 
         100092a          100092a        0     1                 
         100092a          100092a        0     1                 
         100092a          100092a        0     1                 
         100092a          100092a       18     1                 memcpy
         100092e          100092e        0     1                 
         100092e          100092e        0     1                 
         1000930          1000930        0     1                 
         1000930          1000930        0     1                 .LBB10_2
         1000930          1000930        0     1                 
         1000934          1000934        0     1                 
         1000938          1000938        0     1                 
         1000938          1000938        0     1                 
         100093a          100093a        0     1                 
         100093c          100093c        0     1                 
         1000940          1000940        0     1                 .LBB10_3
         1000940          1000940        0     1                 
         1000940          1000940        0     1                 
         1000942          1000942        0     1                 
         1000942          1000942        0     1                 
         1000942          1000942        0     1                 
         1000942          1000942        0     1                 
         1000942          1000942        0     1                 
         1000942          1000942       12     1                 memset
         1000946          1000946        0     1                 
         1000946          1000946        0     1                 
         1000948          1000948        0     1                 
         1000948          1000948        0     1                 .LBB11_2
         1000948          1000948        0     1                 
         100094c          100094c        0     1                 
         100094c          100094c        0     1                 
         100094e          100094e        0     1                 
         100094e          100094e        0     1                 
         1000952          1000952        0     1                 .LBB11_3
         1000952          1000952        0     1                 
         1000952          1000952        0     1                 
         1000954          1000954        0     1                 
         1000954          1000954        0     1                 
         1000954          1000954       96     2         user/lib/libuser.a(syscall.o):(.text)
         1000954          1000954        0     1                 
         1000954          1000954        0     1                 
         1000954          1000954        0     1                 $x.0
         1000954          1000954        0     1                 
         1000954          1000954       10     1                 syscall
         1000956          1000956        0     1                 
         1000962          1000962        0     1                 
         1000964          1000964        0     1                 
         1000964          1000964        0     1                 
         1000964          1000964        0     1                 
         1000964          1000964        a     1                 read
         100096c          100096c        0     1                 
         100096e          100096e        0     1                 
         100096e          100096e        0     1                 
         100096e          100096e        0     1                 
         100096e          100096e        c     1                 write
         1000976          1000976        0     1                 
         100097a          100097a        0     1                 
         100097a          100097a        0     1                 
         100097a          100097a        0     1                 
         100097a          100097a       10     1                 cls
         1000988          1000988        0     1                 
         100098a          100098a        0     1                 
         100098a          100098a        0     1                 
         100098a          100098a        0     1                 
         100098a          100098a       10     1                 yield
         1000998          1000998        0     1                 
         100099a          100099a        0     1                 
         100099a          100099a        0     1                 
         100099a          100099a        0     1                 
         100099a          100099a       12     1                 fork
         10009a8          10009a8        0     1                 
         10009ac          10009ac        0     1                 
         10009ac          10009ac        0     1                 
         10009ac          10009ac        0     1                 
         10009ac          10009ac       10     1                 exec
         10009b8          10009b8        0     1                 
         10009bc          10009bc        0     1                 
         10009bc          10009bc        0     1                 
         10009bc          10009bc        0     1                 
         10009bc          10009bc        e     1                 exit
         10009c8          10009c8        0     1                 .LBB7_1
         10009c8          10009c8        0     1                 
         10009ca          10009ca        0     1                 
         10009ca          10009ca        0     1                 
         10009ca          10009ca        0     1                 
         10009ca          10009ca        0     1                 
         10009ca          10009ca        0     1                 
         10009ca          10009ca       10     1                 wait
         10009d6          10009d6        0     1                 
         10009d6          10009d6        0     1                 
         10009da          10009da        0     1                 
         10009da          10009da        0     1                 
         10009da          10009da        0     1                 
         10009da          10009da       10     1                 tarfs_exists
         10009e6          10009e6        0     1                 
         10009e6          10009e6        0     1                 
         10009ea          10009ea        0     1                 
         10009f0          10009f0      220     8 .rodata
         10009f0          10009f0      169     1         <internal>:(.rodata.str1.1)
         1000b60          1000b60       b0     8         user/lib/libuser.a(printf.o):(.rodata)
         1000b60          1000b60        0     1                 .LJTI4_0
         1000b60          1000b60        0     1                 $d.1
         1000c10          1000c10        8     8 .bss
         1000c10          1000c10        8     8         user/lib/libuser.a(string.o):(.sbss)
         1000c10          1000c10        8     1                 strtok.saved
         1000c10          1000c10        0     1                 $d.1
         1000c18          1000c18        0     1         
         1000c18          1000c18     f3e8     1 . = 0x1010000
         1010000          1010000    10000     1 .stack
         1010000          1010000        0     1         __user_stack_bottom = .
         1010000          1010000    10000     1         . += 64 * 1024
         1020000          1020000        0     1         __user_stack_top = .
         1020000          1020000        0     1 . = ALIGN ( 4096 )
         1020000          1020000        0     1 __user_heap_start = 0x03000000
         1020000          1020000  2000000     1 . += 32 * 1024 * 1024
         3020000          3020000        0     1 __user_heap_end = .
               0                0     17fa     1 .debug_info
               0                0       96     1         user/bin/init_crt0.o:(.debug_info)
               0                0        0     1                 
               0                0        0     1                 $d.4
              96               96      5c1     1         user/bin/shell.o:(.debug_info)
              96               96        0     1                 $d.4
             657              657      79d     1         user/lib/libuser.a(printf.o):(.debug_info)
             657              657        0     1                 $d.5
             df4              df4      49c     1         user/lib/libuser.a(string.o):(.debug_info)
             df4              df4        0     1                 $d.4
            1290             1290      56a     1         user/lib/libuser.a(syscall.o):(.debug_info)
            1290             1290        0     1                 $d.3
               0                0      57b     1 .debug_abbrev
               0                0       21     1         user/bin/init_crt0.o:(.debug_abbrev)
               0                0        0     1                 
               0                0        0     1                 $d.3
              21               21      134     1         user/bin/shell.o:(.debug_abbrev)
              21               21        0     1                 $d.3
             155              155      1d2     1         user/lib/libuser.a(printf.o):(.debug_abbrev)
             155              155        0     1                 $d.4
             327              327      119     1         user/lib/libuser.a(string.o):(.debug_abbrev)
             327              327        0     1                 $d.3
             440              440      13b     1         user/lib/libuser.a(syscall.o):(.debug_abbrev)
             440              440        0     1                 $d.2
               0                0       30     1 .debug_aranges
               0                0       30     1         user/bin/init_crt0.o:(.debug_aranges)
               0                0        0     1                 $d.2
               0                0     1118     1 .debug_line
               0                0       54     1         user/bin/init_crt0.o:(.debug_line)
               0                0        0     1                 .Lline_table_start0
               0                0        0     1                 $d.5
              54               54      310     1         user/bin/shell.o:(.debug_line)
              54               54        0     1                 .Lline_table_start0
              54               54        0     1                 $d.9
             364              364      6f9     1         user/lib/libuser.a(printf.o):(.debug_line)
             364              364        0     1                 .Lline_table_start0
             364              364        0     1                 $d.11
             a5d              a5d      581     1         user/lib/libuser.a(string.o):(.debug_line)
             a5d              a5d        0     1                 .Lline_table_start0
             a5d              a5d        0     1                 $d.10
             fde              fde      13a     1         user/lib/libuser.a(syscall.o):(.debug_line)
             fde              fde        0     1                 .Lline_table_start0
             fde              fde        0     1                 $d.8
               0                0     15b6     1 .debug_loc
               0                0      170     1         user/bin/shell.o:(.debug_loc)
               0                0        0     1                 
               0                0        0     1                 $d.2
              36               36        0     1                 
              6e               6e        0     1                 
              93               93        0     1                 
              cb               cb        0     1                 
             127              127        0     1                 
             170              170      b12     1         user/lib/libuser.a(printf.o):(.debug_loc)
             170              170        0     1                 
             170              170        0     1                 $d.3
             1a6              1a6        0     1                 
             1dc              1dc        0     1                 
             212              212        0     1                 
             235              235        0     1                 
             295              295        0     1                 
             2bd              2bd        0     1                 
             2e2              2e2        0     1                 
             305              305        0     1                 
             34e              34e        0     1                 
             371              371        0     1                 
             3a7              3a7        0     1                 
             3dd              3dd        0     1                 
             413              413        0     1                 
             486              486        0     1                 
             4ab              4ab        0     1                 
             4ce              4ce        0     1                 
             4f1              4f1        0     1                 
             514              514        0     1                 
             537              537        0     1                 
             68a              68a        0     1                 
             6af              6af        0     1                 
             6fa              6fa        0     1                 
             773              773        0     1                 
             796              796        0     1                 
             7f6              7f6        0     1                 
             830              830        0     1                 
             8ae              8ae        0     1                 
             90a              90a        0     1                 
             932              932        0     1                 
             96c              96c        0     1                 
             9cc              9cc        0     1                 
             a2c              a2c        0     1                 
             a62              a62        0     1                 
             aa6              aa6        0     1                 
             b02              b02        0     1                 
             b25              b25        0     1                 
             b5b              b5b        0     1                 
             ba4              ba4        0     1                 
             be8              be8        0     1                 
             c10              c10        0     1                 
             c35              c35        0     1                 
             c5d              c5d        0     1                 
             c82              c82      5ea     1         user/lib/libuser.a(string.o):(.debug_loc)
             c82              c82        0     1                 
             c82              c82        0     1                 $d.2
             ce0              ce0        0     1                 
             d03              d03        0     1                 
             d26              d26        0     1                 
             d49              d49        0     1                 
             d6c              d6c        0     1                 
             d90              d90        0     1                 
             db3              db3        0     1                 
             dea              dea        0     1                 
             e33              e33        0     1                 
             e7e              e7e        0     1                 
             eb4              eb4        0     1                 
             efd              efd        0     1                 
             f20              f20        0     1                 
             f57              f57        0     1                 
             f7a              f7a        0     1                 
             fb0              fb0        0     1                 
            1023             1023        0     1                 
            1046             1046        0     1                 
            1069             1069        0     1                 
            108c             108c        0     1                 
            10af             10af        0     1                 
            10fa             10fa        0     1                 
            1132             1132        0     1                 
            1155             1155        0     1                 
            1178             1178        0     1                 
            119b             119b        0     1                 
            11f2             11f2        0     1                 
            1215             1215        0     1                 
            126c             126c      34a     1         user/lib/libuser.a(syscall.o):(.debug_loc)
            126c             126c        0     1                 
            126c             126c        0     1                 $d.1
            12a2             12a2        0     1                 
            12eb             12eb        0     1                 
            1321             1321        0     1                 
            1357             1357        0     1                 
            13a0             13a0        0     1                 
            13d6             13d6        0     1                 
            140c             140c        0     1                 
            1442             1442        0     1                 
            1465             1465        0     1                 
            1488             1488        0     1                 
            14ac             14ac        0     1                 
            14d0             14d0        0     1                 
            1507             1507        0     1                 
            152a             152a        0     1                 
            154d             154d        0     1                 
            1570             1570        0     1                 
            1593             1593        0     1                 
               0                0      2ff     1 .debug_str
               0                0      2ff     1         <internal>:(.debug_str)
               0                0       42     1 .comment
               0                0       42     1         <internal>:(.comment)
               0                0      388     8 .debug_frame
               0                0       70     8         user/bin/shell.o:(.debug_frame)
               0                0        0     1                 
               0                0        0     1                 $d.8
              70               70       d8     8         user/lib/libuser.a(printf.o):(.debug_frame)
              70               70        0     1                 
              70               70        0     1                 $d.10
             148              148      138     8         user/lib/libuser.a(string.o):(.debug_frame)
             148              148        0     1                 
             148              148        0     1                 $d.9
             280              280      108     8         user/lib/libuser.a(syscall.o):(.debug_frame)
             280              280        0     1                 
             280              280        0     1                 $d.7
               0                0      160     1 .debug_ranges
               0                0      130     1         user/lib/libuser.a(printf.o):(.debug_ranges)
               0                0        0     1                 
               0                0        0     1                 $d.6
              70               70        0     1                 
              a0               a0        0     1                 
              d0               d0        0     1                 
             100              100        0     1                 
             130              130       30     1         user/lib/libuser.a(string.o):(.debug_ranges)
             130              130        0     1                 
             130              130        0     1                 $d.5
               0                0     6d50     8 .symtab
               0                0     6d50     8         <internal>:(.symtab)
               0                0       a4     1 .shstrtab
               0                0       a4     1         <internal>:(.shstrtab)
               0                0      236     1 .strtab
               0                0      236     1         <internal>:(.strtab)
