             VMA              LMA     Size Align Out     In      Symbol
               0                0  1000000     1 . = 0x1000000
         1000000          1000000      aa2     2 .text
         1000000          1000000       10     1         user/bin/init_crt0.o:(.text.start)
         1000000          1000000        0     1                 
         1000000          1000000        0     1                 .Lpcrel_hi0
         1000000          1000000        0     1                 $x.0
         1000000          1000000        0     1                 
         1000000          1000000        0     1                 start
         1000008          1000008        0     1                 
         100000c          100000c        0     1                 
         1000010          1000010        0     1                 
         1000010          1000010        0     2         user/bin/init_crt0.o:(.text)
         1000010          1000010      2da     2         user/bin/shell.o:(.text)
         1000010          1000010        0     1                 
         1000010          1000010        0     1                 
         1000010          1000010        0     1                 $x.0
         1000010          1000010        0     1                 
         1000010          1000010       66     1                 print_help
         1000014          1000014        0     1                 .Lpcrel_hi0
         1000014          1000014        0     1                 
         1000020          1000020        0     1                 
         1000020          1000020        0     1                 .Lpcrel_hi1
         1000020          1000020        0     1                 
         100002c          100002c        0     1                 
         100002c          100002c        0     1                 .Lpcrel_hi2
         100002c          100002c        0     1                 
         1000038          1000038        0     1                 
         1000038          1000038        0     1                 .Lpcrel_hi3
         1000038          1000038        0     1                 
         1000044          1000044        0     1                 
         1000044          1000044        0     1                 .Lpcrel_hi4
         1000044          1000044        0     1                 
         1000050          1000050        0     1                 
         1000050          1000050        0     1                 .Lpcrel_hi5
         1000050          1000050        0     1                 
         100005c          100005c        0     1                 
         100005c          100005c        0     1                 .Lpcrel_hi6
         100005c          100005c        0     1                 
         1000068          1000068        0     1                 
         1000068          1000068        0     1                 .Lpcrel_hi7
         1000068          1000068        0     1                 
         1000072          1000072        0     1                 
         1000076          1000076        0     1                 
         1000076          1000076        0     1                 
         1000076          1000076        0     1                 
         1000076          1000076        0     1                 
         1000076          1000076        0     1                 
         1000076          1000076        0     1                 
         1000076          1000076      274     1                 main
         10000a8          10000a8        0     1                 
         10000ac          10000ac        0     1                 .Lpcrel_hi8
         10000ac          10000ac        0     1                 
         10000b4          10000b4        0     1                 
         10000b4          10000b4        0     1                 
         10000b6          10000b6        0     1                 
         10000b6          10000b6        0     1                 
         10000ba          10000ba        0     1                 
         10000ba          10000ba        0     1                 .Lpcrel_hi9
         10000ba          10000ba        0     1                 
         10000ca          10000ca        0     1                 .Lpcrel_hi10
         10000d4          10000d4        0     1                 .Lpcrel_hi11
         10000de          10000de        0     1                 .Lpcrel_hi12
         10000e8          10000e8        0     1                 .Lpcrel_hi13
         10000f2          10000f2        0     1                 .Lpcrel_hi14
         10000fc          10000fc        0     1                 .Lpcrel_hi15
         1000106          1000106        0     1                 .Lpcrel_hi16
         1000110          1000110        0     1                 .Lpcrel_hi17
         100011a          100011a        0     1                 .Lpcrel_hi18
         1000124          1000124        0     1                 .Lpcrel_hi19
         100012e          100012e        0     1                 .Lpcrel_hi20
         1000138          1000138        0     1                 .Lpcrel_hi21
         1000142          1000142        0     1                 .Lpcrel_hi22
         100014c          100014c        0     1                 .Lpcrel_hi23
         1000156          1000156        0     1                 .Lpcrel_hi24
         1000160          1000160        0     1                 .Lpcrel_hi25
         100016a          100016a        0     1                 .Lpcrel_hi26
         1000176          1000176        0     1                 .Lpcrel_hi27
         1000184          1000184        0     1                 
         1000184          1000184        0     1                 .LBB1_1
         1000184          1000184        0     1                 
         1000188          1000188        0     1                 
         100018e          100018e        0     1                 .LBB1_2
         100018e          100018e        0     1                 
         100018e          100018e        0     1                 
         1000194          1000194        0     1                 
         1000194          1000194        0     1                 
         1000198          1000198        0     1                 
         1000198          1000198        0     1                 .LBB1_3
         1000198          1000198        0     1                 
         100019c          100019c        0     1                 .LBB1_4
         100019c          100019c        0     1                 
         10001a8          10001a8        0     1                 
         10001a8          10001a8        0     1                 
         10001aa          10001aa        0     1                 
         10001aa          10001aa        0     1                 
         10001ae          10001ae        0     1                 
         10001b2          10001b2        0     1                 
         10001b6          10001b6        0     1                 
         10001b6          10001b6        0     1                 
         10001ba          10001ba        0     1                 
         10001c2          10001c2        0     1                 
         10001d2          10001d2        0     1                 
         10001da          10001da        0     1                 
         10001dc          10001dc        0     1                 
         10001e2          10001e2        0     1                 
         10001e2          10001e2        0     1                 
         10001e4          10001e4        0     1                 .LBB1_10
         10001e4          10001e4        0     1                 
         10001e8          10001e8        0     1                 
         10001ea          10001ea        0     1                 
         10001f0          10001f0        0     1                 .LBB1_11
         10001f0          10001f0        0     1                 
         10001f6          10001f6        0     1                 
         10001f6          10001f6        0     1                 
         10001f8          10001f8        0     1                 
         10001f8          10001f8        0     1                 
         10001fc          10001fc        0     1                 
         1000200          1000200        0     1                 
         1000202          1000202        0     1                 
         1000202          1000202        0     1                 
         100020a          100020a        0     1                 
         100020a          100020a        0     1                 
         100020c          100020c        0     1                 
         100020e          100020e        0     1                 
         1000212          1000212        0     1                 
         1000212          1000212        0     1                 .LBB1_14
         1000214          1000214        0     1                 
         1000214          1000214        0     1                 
         1000216          1000216        0     1                 
         1000218          1000218        0     1                 
         100021e          100021e        0     1                 
         100021e          100021e        0     1                 
         1000220          1000220        0     1                 
         1000224          1000224        0     1                 
         1000224          1000224        0     1                 
         100022a          100022a        0     1                 .LBB1_16
         100022a          100022a        0     1                 
         100022a          100022a        0     1                 
         100022e          100022e        0     1                 
         1000230          1000230        0     1                 
         1000230          1000230        0     1                 
         1000232          1000232        0     1                 
         1000232          1000232        0     1                 
         1000234          1000234        0     1                 
         1000238          1000238        0     1                 
         1000238          1000238        0     1                 
         100023a          100023a        0     1                 
         1000242          1000242        0     1                 
         1000242          1000242        0     1                 
         1000244          1000244        0     1                 
         100024c          100024c        0     1                 
         100024c          100024c        0     1                 
         100024e          100024e        0     1                 
         1000256          1000256        0     1                 
         1000256          1000256        0     1                 
         1000258          1000258        0     1                 
         1000260          1000260        0     1                 
         1000260          1000260        0     1                 
         1000268          1000268        0     1                 
         1000268          1000268        0     1                 
         100026e          100026e        0     1                 
         100026e          100026e        0     1                 
         1000270          1000270        0     1                 
         1000274          1000274        0     1                 
         1000274          1000274        0     1                 
         1000276          1000276        0     1                 
         100027a          100027a        0     1                 
         100027a          100027a        0     1                 
         100027c          100027c        0     1                 
         1000280          1000280        0     1                 
         1000280          1000280        0     1                 
         1000282          1000282        0     1                 .LBB1_25
         1000282          1000282        0     1                 
         100028a          100028a        0     1                 
         100028c          100028c        0     1                 .LBB1_26
         100028e          100028e        0     1                 
         100028e          100028e        0     1                 
         1000292          1000292        0     1                 
         1000292          1000292        0     1                 
         1000294          1000294        0     1                 
         1000298          1000298        0     1                 
         1000298          1000298        0     1                 
         100029a          100029a        0     1                 
         100029e          100029e        0     1                 
         100029e          100029e        0     1                 
         10002a0          10002a0        0     1                 
         10002a4          10002a4        0     1                 
         10002a4          10002a4        0     1                 
         10002a6          10002a6        0     1                 
         10002aa          10002aa        0     1                 
         10002aa          10002aa        0     1                 
         10002ac          10002ac        0     1                 
         10002b0          10002b0        0     1                 
         10002b0          10002b0        0     1                 
         10002b2          10002b2        0     1                 
         10002b6          10002b6        0     1                 
         10002b6          10002b6        0     1                 
         10002b8          10002b8        0     1                 
         10002bc          10002bc        0     1                 
         10002be          10002be        0     1                 .LBB1_27
         10002be          10002be        0     1                 
         10002c6          10002c6        0     1                 
         10002c6          10002c6        0     1                 
         10002c8          10002c8        0     1                 .LBB1_28
         10002c8          10002c8        0     1                 
         10002c8          10002c8        0     1                 
         10002ca          10002ca        0     1                 
         10002ce          10002ce        0     1                 
         10002ce          10002ce        0     1                 
         10002d0          10002d0        0     1                 
         10002d4          10002d4        0     1                 
         10002d4          10002d4        0     1                 
         10002da          10002da        0     1                 
         10002da          10002da        0     1                 
         10002dc          10002dc        0     1                 .LBB1_29
         10002dc          10002dc        0     1                 
         10002dc          10002dc        0     1                 .Lpcrel_hi28
         10002dc          10002dc        0     1                 
         10002e0          10002e0        0     1                 
         10002e4          10002e4        0     1                 
         10002e8          10002e8        0     1                 
         10002ea          10002ea        0     1                 
         10002ea          10002ea        0     1                 
         10002ea          10002ea        0     1                 
         10002ea          10002ea      4d2     2         user/lib/libuser.a(printf.o):(.text)
         10002ea          10002ea        0     1                 
         10002ea          10002ea        0     1                 
         10002ea          10002ea        0     1                 $x.0
         10002ea          10002ea        0     1                 
         10002ea          10002ea        c     1                 putc
         10002ec          10002ec        0     1                 
         10002f6          10002f6        0     1                 
         10002f6          10002f6        0     1                 
         10002f6          10002f6        0     1                 
         10002f6          10002f6        0     1                 
         10002f6          10002f6        0     1                 
         10002f6          10002f6        0     1                 
         10002f6          10002f6       1a     1                 puts
         10002fe          10002fe        0     1                 
         10002fe          10002fe        0     1                 
         1000302          1000302        0     1                 
         1000304          1000304        0     1                 
         100030c          100030c        0     1                 
         100030c          100030c        0     1                 
         1000310          1000310        0     1                 
         1000310          1000310        0     1                 
         1000310          1000310        0     1                 
         1000310          1000310        0     1                 
         1000310          1000310        0     1                 
         1000310          1000310        0     1                 
         1000310          1000310       8e     1                 puthex
         1000318          1000318        0     1                 
         1000318          1000318        0     1                 
         100031c          100031c        0     1                 
         100031e          100031e        0     1                 
         1000320          1000320        0     1                 .Lpcrel_hi0
         1000330          1000330        0     1                 
         1000330          1000330        0     1                 .LBB2_2
         1000330          1000330        0     1                 
         1000334          1000334        0     1                 
         100033a          100033a        0     1                 
         100033a          100033a        0     1                 
         1000342          1000342        0     1                 
         1000342          1000342        0     1                 
         1000348          1000348        0     1                 
         100034e          100034e        0     1                 
         1000350          1000350        0     1                 
         1000350          1000350        0     1                 
         1000354          1000354        0     1                 .LBB2_4
         1000354          1000354        0     1                 
         1000354          1000354        0     1                 
         1000358          1000358        0     1                 
         1000358          1000358        0     1                 
         100035e          100035e        0     1                 .LBB2_5
         100035e          100035e        0     1                 
         100035e          100035e        0     1                 
         1000360          1000360        0     1                 
         1000364          1000364        0     1                 
         1000364          1000364        0     1                 
         1000368          1000368        0     1                 
         1000368          1000368        0     1                 .LBB2_6
         1000368          1000368        0     1                 
         1000378          1000378        0     1                 
         1000378          1000378        0     1                 
         100037a          100037a        0     1                 
         100037c          100037c        0     1                 .LBB2_7
         100037c          100037c        0     1                 
         100037c          100037c        0     1                 
         100037e          100037e        0     1                 
         100037e          100037e        0     1                 
         1000382          1000382        0     1                 
         1000384          1000384        0     1                 
         1000384          1000384        0     1                 
         100038a          100038a        0     1                 
         100038c          100038c        0     1                 
         1000394          1000394        0     1                 
         1000394          1000394        0     1                 
         1000398          1000398        0     1                 
         100039a          100039a        0     1                 
         100039a          100039a        0     1                 
         100039e          100039e        0     1                 
         100039e          100039e        0     1                 
         100039e          100039e        0     1                 
         100039e          100039e        0     1                 
         100039e          100039e        0     1                 
         100039e          100039e       dc     1                 putpad
         10003ae          10003ae        0     1                 
         10003b0          10003b0        0     1                 
         10003b0          10003b0        0     1                 
         10003bc          10003bc        0     1                 
         10003c0          10003c0        0     1                 
         10003c4          10003c4        0     1                 
         10003c4          10003c4        0     1                 
         10003c8          10003c8        0     1                 
         10003cc          10003cc        0     1                 .LBB3_2
         10003cc          10003cc        0     1                 
         10003cc          10003cc        0     1                 
         10003ce          10003ce        0     1                 
         10003d4          10003d4        0     1                 
         10003d6          10003d6        0     1                 
         10003d6          10003d6        0     1                 .LBB3_4
         10003d6          10003d6        0     1                 
         10003e6          10003e6        0     1                 
         10003e6          10003e6        0     1                 
         10003ea          10003ea        0     1                 
         10003ee          10003ee        0     1                 .LBB3_6
         10003ee          10003ee        0     1                 
         10003f0          10003f0        0     1                 
         10003f0          10003f0        0     1                 
         10003f8          10003f8        0     1                 
         10003f8          10003f8        0     1                 
         10003fe          10003fe        0     1                 
         1000404          1000404        0     1                 
         1000406          1000406        0     1                 
         100040a          100040a        0     1                 .LBB3_8
         100040a          100040a        0     1                 
         100040a          100040a        0     1                 
         100040e          100040e        0     1                 
         100040e          100040e        0     1                 
         1000414          1000414        0     1                 .LBB3_9
         1000414          1000414        0     1                 
         1000414          1000414        0     1                 
         1000416          1000416        0     1                 
         1000418          1000418        0     1                 
         1000418          1000418        0     1                 
         100041c          100041c        0     1                 
         100041c          100041c        0     1                 
         1000424          1000424        0     1                 
         100042c          100042c        0     1                 .LBB3_11
         100042c          100042c        0     1                 
         100042c          100042c        0     1                 
         1000430          1000430        0     1                 
         100043c          100043c        0     1                 .LBB3_14
         100043c          100043c        0     1                 
         1000440          1000440        0     1                 
         1000442          1000442        0     1                 
         1000442          1000442        0     1                 .LBB3_15
         1000442          1000442        0     1                 
         1000450          1000450        0     1                 
         1000450          1000450        0     1                 
         1000452          1000452        0     1                 
         1000454          1000454        0     1                 .LBB3_16
         1000454          1000454        0     1                 
         1000454          1000454        0     1                 
         1000456          1000456        0     1                 
         1000456          1000456        0     1                 
         1000458          1000458        0     1                 
         100045a          100045a        0     1                 
         100045a          100045a        0     1                 
         1000460          1000460        0     1                 
         1000462          1000462        0     1                 
         100046a          100046a        0     1                 
         100046a          100046a        0     1                 
         100046e          100046e        0     1                 
         1000472          1000472        0     1                 
         1000474          1000474        0     1                 
         1000476          1000476        0     1                 
         1000476          1000476        0     1                 
         100047a          100047a        0     1                 
         100047a          100047a        0     1                 
         100047a          100047a        0     1                 
         100047a          100047a        0     1                 
         100047a          100047a        0     1                 
         100047a          100047a      342     1                 printf
         1000498          1000498        0     1                 
         10004a8          10004a8        0     1                 
         10004cc          10004cc        0     1                 
         10004cc          10004cc        0     1                 .LBB4_1
         10004cc          10004cc        0     1                 
         10004ce          10004ce        0     1                 .LBB4_2
         10004d2          10004d2        0     1                 .LBB4_3
         10004d6          10004d6        0     1                 
         10004d6          10004d6        0     1                 
         10004da          10004da        0     1                 .LBB4_4
         10004da          10004da        0     1                 
         10004da          10004da        0     1                 
         10004de          10004de        0     1                 
         10004e6          10004e6        0     1                 
         10004e6          10004e6        0     1                 
         10004f2          10004f2        0     1                 
         10004f2          10004f2        0     1                 
         10004f4          10004f4        0     1                 
         10004f6          10004f6        0     1                 .LBB4_7
         10004f6          10004f6        0     1                 
         10004f6          10004f6        0     1                 
         10004fa          10004fa        0     1                 
         10004fe          10004fe        0     1                 
         10004fe          10004fe        0     1                 
         1000502          1000502        0     1                 
         1000504          1000504        0     1                 .LBB4_9
         1000504          1000504        0     1                 
         1000508          1000508        0     1                 .LBB4_10
         1000512          1000512        0     1                 
         1000512          1000512        0     1                 
         1000516          1000516        0     1                 
         1000524          1000524        0     1                 
         1000526          1000526        0     1                 
         1000526          1000526        0     1                 .LBB4_12
         1000526          1000526        0     1                 
         100052e          100052e        0     1                 
         1000532          1000532        0     1                 
         1000532          1000532        0     1                 
         1000534          1000534        0     1                 
         1000538          1000538        0     1                 
         1000538          1000538        0     1                 
         1000540          1000540        0     1                 
         1000544          1000544        0     1                 
         1000544          1000544        0     1                 
         1000546          1000546        0     1                 
         100054a          100054a        0     1                 .LBB4_13
         100054a          100054a        0     1                 
         100054a          100054a        0     1                 
         100054e          100054e        0     1                 
         100054e          100054e        0     1                 
         1000552          1000552        0     1                 
         1000556          1000556        0     1                 
         100055c          100055c        0     1                 
         100055e          100055e        0     1                 
         100055e          100055e        0     1                 
         1000560          1000560        0     1                 
         1000560          1000560        0     1                 
         100056a          100056a        0     1                 .LBB4_16
         100056a          100056a        0     1                 
         100056a          100056a        0     1                 
         100056e          100056e        0     1                 
         100056e          100056e        0     1                 
         1000576          1000576        0     1                 .LBB4_17
         1000578          1000578        0     1                 .Lpcrel_hi1
         1000584          1000584        0     1                 .Lpcrel_hi2
         100058e          100058e        0     1                 .LBB4_18
         100058e          100058e        0     1                 
         100059a          100059a        0     1                 
         100059c          100059c        0     1                 .LBB4_19
         100059c          100059c        0     1                 
         10005a0          10005a0        0     1                 
         10005a2          10005a2        0     1                 
         10005a2          10005a2        0     1                 
         10005aa          10005aa        0     1                 .LBB4_20
         10005ae          10005ae        0     1                 
         10005ae          10005ae        0     1                 
         10005b8          10005b8        0     1                 .LBB4_22
         10005b8          10005b8        0     1                 
         10005b8          10005b8        0     1                 
         10005c8          10005c8        0     1                 
         10005c8          10005c8        0     1                 
         10005cc          10005cc        0     1                 .LBB4_23
         10005cc          10005cc        0     1                 
         10005cc          10005cc        0     1                 
         10005d0          10005d0        0     1                 .LBB4_24
         10005d8          10005d8        0     1                 
         10005d8          10005d8        0     1                 
         10005dc          10005dc        0     1                 
         10005dc          10005dc        0     1                 
         10005de          10005de        0     1                 
         10005de          10005de        0     1                 .LBB4_25
         10005de          10005de        0     1                 .Lpcrel_hi4
         10005de          10005de        0     1                 
         10005e6          10005e6        0     1                 
         10005ec          10005ec        0     1                 
         10005ee          10005ee        0     1                 
         10005f6          10005f6        0     1                 
         10005f6          10005f6        0     1                 
         1000600          1000600        0     1                 
         1000600          1000600        0     1                 
         1000604          1000604        0     1                 
         1000604          1000604        0     1                 
         1000606          1000606        0     1                 
         1000606          1000606        0     1                 
         100060a          100060a        0     1                 
         100060a          100060a        0     1                 .LBB4_27
         100060c          100060c        0     1                 
         100060c          100060c        0     1                 
         100060e          100060e        0     1                 
         1000614          1000614        0     1                 
         1000614          1000614        0     1                 
         100061c          100061c        0     1                 
         100061c          100061c        0     1                 
         1000620          1000620        0     1                 
         1000622          1000622        0     1                 
         1000626          1000626        0     1                 
         1000626          1000626        0     1                 
         100062a          100062a        0     1                 .LBB4_29
         100062a          100062a        0     1                 
         100062a          100062a        0     1                 
         1000632          1000632        0     1                 
         1000632          1000632        0     1                 
         1000638          1000638        0     1                 
         1000638          1000638        0     1                 .LBB4_30
         1000638          1000638        0     1                 
         100063a          100063a        0     1                 
         100063c          100063c        0     1                 
         1000646          1000646        0     1                 
         1000648          1000648        0     1                 
         1000648          1000648        0     1                 
         100064a          100064a        0     1                 
         100064a          100064a        0     1                 
         100064e          100064e        0     1                 
         100064e          100064e        0     1                 
         1000650          1000650        0     1                 
         1000654          1000654        0     1                 
         1000654          1000654        0     1                 .LBB4_33
         1000656          1000656        0     1                 
         1000656          1000656        0     1                 
         1000658          1000658        0     1                 
         100065e          100065e        0     1                 
         100065e          100065e        0     1                 
         1000666          1000666        0     1                 
         1000666          1000666        0     1                 
         100066a          100066a        0     1                 
         100066c          100066c        0     1                 
         1000670          1000670        0     1                 
         1000670          1000670        0     1                 
         1000676          1000676        0     1                 
         1000676          1000676        0     1                 .LBB4_35
         1000676          1000676        0     1                 
         1000680          1000680        0     1                 
         1000680          1000680        0     1                 
         1000682          1000682        0     1                 .Lpcrel_hi3
         1000682          1000682        0     1                 
         100068a          100068a        0     1                 .LBB4_37
         100068a          100068a        0     1                 
         100068a          100068a        0     1                 
         1000690          1000690        0     1                 
         1000692          1000692        0     1                 
         100069a          100069a        0     1                 
         100069a          100069a        0     1                 
         100069e          100069e        0     1                 
         100069e          100069e        0     1                 
         10006a0          10006a0        0     1                 
         10006a0          10006a0        0     1                 .LBB4_38
         10006a8          10006a8        0     1                 
         10006ac          10006ac        0     1                 
         10006b0          10006b0        0     1                 
         10006b4          10006b4        0     1                 .LBB4_41
         10006b4          10006b4        0     1                 
         10006bc          10006bc        0     1                 
         10006be          10006be        0     1                 
         10006c0          10006c0        0     1                 .LBB4_43
         10006c0          10006c0        0     1                 
         10006c4          10006c4        0     1                 .LBB4_44
         10006c4          10006c4        0     1                 
         10006c4          10006c4        0     1                 
         10006c8          10006c8        0     1                 
         10006c8          10006c8        0     1                 
         10006cc          10006cc        0     1                 
         10006cc          10006cc        0     1                 
         10006ce          10006ce        0     1                 
         10006d0          10006d0        0     1                 
         10006d2          10006d2        0     1                 
         10006d2          10006d2        0     1                 .LBB4_46
         10006d4          10006d4        0     1                 
         10006d4          10006d4        0     1                 
         10006d6          10006d6        0     1                 
         10006dc          10006dc        0     1                 
         10006dc          10006dc        0     1                 
         10006e4          10006e4        0     1                 
         10006e4          10006e4        0     1                 
         10006e8          10006e8        0     1                 
         10006ea          10006ea        0     1                 
         10006ee          10006ee        0     1                 
         10006ee          10006ee        0     1                 
         10006f4          10006f4        0     1                 .LBB4_48
         10006f4          10006f4        0     1                 
         10006f4          10006f4        0     1                 
         10006fc          10006fc        0     1                 
         10006fc          10006fc        0     1                 
         10006fe          10006fe        0     1                 .LBB4_49
         10006fe          10006fe        0     1                 
         10006fe          10006fe        0     1                 
         1000700          1000700        0     1                 
         1000700          1000700        0     1                 .LBB4_50
         1000700          1000700        0     1                 
         1000710          1000710        0     1                 
         1000710          1000710        0     1                 
         1000712          1000712        0     1                 
         1000714          1000714        0     1                 .LBB4_51
         1000714          1000714        0     1                 
         1000714          1000714        0     1                 
         1000716          1000716        0     1                 
         1000716          1000716        0     1                 
         100071c          100071c        0     1                 
         100071e          100071e        0     1                 
         1000726          1000726        0     1                 
         1000726          1000726        0     1                 
         100072a          100072a        0     1                 
         100072a          100072a        0     1                 
         100072e          100072e        0     1                 .LBB4_52
         100072e          100072e        0     1                 
         100072e          100072e        0     1                 
         1000732          1000732        0     1                 .LBB4_53
         1000732          1000732        0     1                 
         1000738          1000738        0     1                 .LBB4_54
         1000738          1000738        0     1                 
         1000738          1000738        0     1                 
         100073e          100073e        0     1                 .LBB4_55
         100073e          100073e        0     1                 
         100073e          100073e        0     1                 
         1000740          1000740        0     1                 
         1000744          1000744        0     1                 
         1000744          1000744        0     1                 
         1000748          1000748        0     1                 
         1000748          1000748        0     1                 .LBB4_56
         1000748          1000748        0     1                 
         1000758          1000758        0     1                 
         1000758          1000758        0     1                 
         100075a          100075a        0     1                 
         100075e          100075e        0     1                 .LBB4_57
         100075e          100075e        0     1                 
         100075e          100075e        0     1                 
         1000764          1000764        0     1                 .LBB4_58
         1000764          1000764        0     1                 
         1000764          1000764        0     1                 
         1000766          1000766        0     1                 
         100076a          100076a        0     1                 
         100076a          100076a        0     1                 
         100076e          100076e        0     1                 
         100076e          100076e        0     1                 .LBB4_59
         100076e          100076e        0     1                 
         100077e          100077e        0     1                 
         100077e          100077e        0     1                 
         1000780          1000780        0     1                 
         1000782          1000782        0     1                 .LBB4_60
         1000782          1000782        0     1                 
         1000782          1000782        0     1                 
         1000784          1000784        0     1                 
         1000788          1000788        0     1                 
         1000788          1000788        0     1                 
         100078e          100078e        0     1                 
         1000790          1000790        0     1                 
         1000798          1000798        0     1                 
         1000798          1000798        0     1                 
         100079e          100079e        0     1                 .LBB4_61
         100079e          100079e        0     1                 
         10007b0          10007b0        0     1                 
         10007b8          10007b8        0     1                 
         10007bc          10007bc        0     1                 
         10007bc          10007bc        0     1                 
         10007bc          10007bc      230     2         user/lib/libuser.a(string.o):(.text)
         10007bc          10007bc        0     1                 
         10007bc          10007bc        0     1                 
         10007bc          10007bc        0     1                 $x.0
         10007bc          10007bc        0     1                 
         10007bc          10007bc       2e     1                 strcmp
         10007c0          10007c0        0     1                 
         10007c2          10007c2        0     1                 
         10007c4          10007c4        0     1                 
         10007c4          10007c4        0     1                 .LBB0_2
         10007c4          10007c4        0     1                 
         10007c8          10007c8        0     1                 
         10007cc          10007cc        0     1                 
         10007d0          10007d0        0     1                 
         10007d0          10007d0        0     1                 
         10007d4          10007d4        0     1                 
         10007d6          10007d6        0     1                 
         10007d8          10007d8        0     1                 
         10007da          10007da        0     1                 .LBB0_4
         10007da          10007da        0     1                 
         10007e0          10007e0        0     1                 .LBB0_5
         10007e0          10007e0        0     1                 
         10007e0          10007e0        0     1                 
         10007e2          10007e2        0     1                 .LBB0_6
         10007e2          10007e2        0     1                 
         10007e2          10007e2        0     1                 
         10007e6          10007e6        0     1                 
         10007e6          10007e6        0     1                 
         10007e8          10007e8        0     1                 
         10007ea          10007ea        0     1                 
         10007ea          10007ea        0     1                 
         10007ea          10007ea        0     1                 
         10007ea          10007ea        0     1                 
         10007ea          10007ea        0     1                 
         10007ea          10007ea       2e     1                 strncmp
         10007ec          10007ec        0     1                 
         10007ee          10007ee        0     1                 
         10007f0          10007f0        0     1                 
         10007f4          10007f4        0     1                 
         10007f4          10007f4        0     1                 .LBB1_2
         10007f4          10007f4        0     1                 
         10007f8          10007f8        0     1                 
         10007fc          10007fc        0     1                 
         1000800          1000800        0     1                 
         1000802          1000802        0     1                 
         1000804          1000804        0     1                 
         1000806          1000806        0     1                 
         100080e          100080e        0     1                 .LBB1_5
         100080e          100080e        0     1                 
         100080e          100080e        0     1                 
         1000812          1000812        0     1                 .LBB1_6
         1000812          1000812        0     1                 
         1000812          1000812        0     1                 
         1000816          1000816        0     1                 
         1000816          1000816        0     1                 
         1000818          1000818        0     1                 
         1000818          1000818        0     1                 
         1000818          1000818        0     1                 
         1000818          1000818        0     1                 
         1000818          1000818        0     1                 
         1000818          1000818       14     1                 strlen
         100081a          100081a        0     1                 
         100081a          100081a        0     1                 .LBB2_1
         100081a          100081a        0     1                 
         1000822          1000822        0     1                 
         1000824          1000824        0     1                 
         1000826          1000826        0     1                 
         100082a          100082a        0     1                 
         100082c          100082c        0     1                 
         100082c          100082c        0     1                 
         100082c          100082c        0     1                 
         100082c          100082c        0     1                 
         100082c          100082c        0     1                 
         100082c          100082c       1e     1                 strnlen
         100082e          100082e        0     1                 
         1000830          1000830        0     1                 
         1000832          1000832        0     1                 
         1000832          1000832        0     1                 .LBB3_2
         1000832          1000832        0     1                 
         100083a          100083a        0     1                 
         100083c          100083c        0     1                 
         100083e          100083e        0     1                 
         1000842          1000842        0     1                 
         1000844          1000844        0     1                 .LBB3_5
         1000844          1000844        0     1                 
         1000844          1000844        0     1                 
         1000846          1000846        0     1                 .LBB3_6
         1000846          1000846        0     1                 
         1000846          1000846        0     1                 
         1000848          1000848        0     1                 
         1000848          1000848        0     1                 
         100084a          100084a        0     1                 
         100084a          100084a        0     1                 
         100084a          100084a        0     1                 
         100084a          100084a        0     1                 
         100084a          100084a        0     1                 
         100084a          100084a       24     1                 strcpy
         1000850          1000850        0     1                 
         1000854          1000854        0     1                 
         1000854          1000854        0     1                 
         1000856          1000856        0     1                 
         1000856          1000856        0     1                 .LBB4_2
         1000856          1000856        0     1                 
         100085a          100085a        0     1                 
         100085e          100085e        0     1                 
         1000862          1000862        0     1                 
         1000862          1000862        0     1                 
         1000864          1000864        0     1                 
         1000864          1000864        0     1                 
         1000866          1000866        0     1                 
         1000868          1000868        0     1                 .LBB4_3
         1000868          1000868        0     1                 
         1000868          1000868        0     1                 
         100086c          100086c        0     1                 
         100086e          100086e        0     1                 
         100086e          100086e        0     1                 
         100086e          100086e        0     1                 
         100086e          100086e        0     1                 
         100086e          100086e        0     1                 
         100086e          100086e       32     1                 strncpy
         1000870          1000870        0     1                 
         1000872          1000872        0     1                 
         1000872          1000872        0     1                 .LBB5_1
         1000872          1000872        0     1                 
         100087a          100087a        0     1                 
         100087c          100087c        0     1                 
         1000880          1000880        0     1                 
         1000882          1000882        0     1                 
         1000886          1000886        0     1                 
         100088c          100088c        0     1                 .LBB5_3
         100088c          100088c        0     1                 
         1000890          1000890        0     1                 
         1000892          1000892        0     1                 
         1000894          1000894        0     1                 
         1000894          1000894        0     1                 .LBB5_5
         1000894          1000894        0     1                 
         1000898          1000898        0     1                 
         100089a          100089a        0     1                 
         100089e          100089e        0     1                 .LBB5_6
         100089e          100089e        0     1                 
         10008a0          10008a0        0     1                 
         10008a0          10008a0        0     1                 
         10008a0          10008a0        0     1                 
         10008a0          10008a0        0     1                 
         10008a0          10008a0        0     1                 
         10008a0          10008a0       3e     1                 strstr
         10008a4          10008a4        0     1                 
         10008a6          10008a6        0     1                 
         10008aa          10008aa        0     1                 
         10008b0          10008b0        0     1                 .LBB6_3
         10008b0          10008b0        0     1                 
         10008b4          10008b4        0     1                 
         10008b4          10008b4        0     1                 .LBB6_4
         10008b4          10008b4        0     1                 
         10008bc          10008bc        0     1                 
         10008c0          10008c0        0     1                 
         10008c4          10008c4        0     1                 
         10008c6          10008c6        0     1                 
         10008ca          10008ca        0     1                 
         10008ce          10008ce        0     1                 .LBB6_7
         10008ce          10008ce        0     1                 
         10008ce          10008ce        0     1                 
         10008d0          10008d0        0     1                 
         10008d4          10008d4        0     1                 
         10008d6          10008d6        0     1                 
         10008da          10008da        0     1                 .LBB6_9
         10008da          10008da        0     1                 
         10008dc          10008dc        0     1                 .LBB6_10
         10008dc          10008dc        0     1                 
         10008dc          10008dc        0     1                 
         10008de          10008de        0     1                 
         10008de          10008de        0     1                 
         10008de          10008de        0     1                 
         10008de          10008de        0     1                 
         10008de          10008de        0     1                 
         10008de          10008de       32     1                 strcat
         10008e2          10008e2        0     1                 
         10008e2          10008e2        0     1                 .LBB7_1
         10008e2          10008e2        0     1                 
         10008e6          10008e6        0     1                 
         10008e8          10008e8        0     1                 
         10008e8          10008e8        0     1                 
         10008ea          10008ea        0     1                 
         10008ee          10008ee        0     1                 
         10008f2          10008f2        0     1                 
         10008f2          10008f2        0     1                 .LBB7_4
         10008f2          10008f2        0     1                 
         10008f6          10008f6        0     1                 
         10008fa          10008fa        0     1                 
         10008fe          10008fe        0     1                 
         10008fe          10008fe        0     1                 
         1000900          1000900        0     1                 
         1000900          1000900        0     1                 
         1000902          1000902        0     1                 
         1000904          1000904        0     1                 
         1000908          1000908        0     1                 
         100090a          100090a        0     1                 .LBB7_6
         100090a          100090a        0     1                 
         100090a          100090a        0     1                 
         100090e          100090e        0     1                 
         1000910          1000910        0     1                 
         1000910          1000910        0     1                 
         1000910          1000910        0     1                 
         1000910          1000910        0     1                 
         1000910          1000910        0     1                 
         1000910          1000910       1e     1                 strchr
         1000914          1000914        0     1                 
         1000914          1000914        0     1                 
         1000916          1000916        0     1                 
         100091a          100091a        0     1                 
         100091a          100091a        0     1                 .LBB8_2
         100091a          100091a        0     1                 
         100091e          100091e        0     1                 
         1000922          1000922        0     1                 
         1000926          1000926        0     1                 
         1000928          1000928        0     1                 
         100092a          100092a        0     1                 .LBB8_4
         100092a          100092a        0     1                 
         100092c          100092c        0     1                 .LBB8_5
         100092c          100092c        0     1                 
         100092c          100092c        0     1                 
         100092e          100092e        0     1                 
         100092e          100092e        0     1                 
         100092e          100092e        0     1                 
         100092e          100092e        0     1                 
         100092e          100092e        0     1                 .Lpcrel_hi0
         100092e          100092e        0     1                 
         100092e          100092e       94     1                 strtok
         1000932          1000932        0     1                 
         1000934          1000934        0     1                 
         100093a          100093a        0     1                 .LBB9_2
         100093a          100093a        0     1                 
         100093e          100093e        0     1                 
         100093e          100093e        0     1                 
         1000940          1000940        0     1                 .LBB9_3
         1000940          1000940        0     1                 
         1000944          1000944        0     1                 
         1000946          1000946        0     1                 
         100094a          100094a        0     1                 
         1000950          1000950        0     1                 
         1000950          1000950        0     1                 .LBB9_5
         1000950          1000950        0     1                 
         1000954          1000954        0     1                 
         100095c          100095c        0     1                 
         100095c          100095c        0     1                 .LBB9_7
         100095c          100095c        0     1                 
         1000960          1000960        0     1                 
         1000964          1000964        0     1                 
         1000964          1000964        0     1                 
         1000968          1000968        0     1                 
         100096a          100096a        0     1                 
         100096e          100096e        0     1                 .LBB9_9
         100096e          100096e        0     1                 
         100096e          100096e        0     1                 
         1000976          1000976        0     1                 
         100097c          100097c        0     1                 
         100097e          100097e        0     1                 .LBB9_10
         100097e          100097e        0     1                 
         1000980          1000980        0     1                 
         1000982          1000982        0     1                 .LBB9_11
         1000982          1000982        0     1                 
         1000984          1000984        0     1                 .LBB9_12
         1000984          1000984        0     1                 
         100098a          100098a        0     1                 
         100098a          100098a        0     1                 .LBB9_13
         100098a          100098a        0     1                 
         100098e          100098e        0     1                 
         1000992          1000992        0     1                 .LBB9_14
         1000992          1000992        0     1                 
         10009a2          10009a2        0     1                 .LBB9_16
         10009a2          10009a2        0     1                 
         10009a2          10009a2        0     1                 
         10009aa          10009aa        0     1                 
         10009aa          10009aa        0     1                 
         10009ae          10009ae        0     1                 
         10009b0          10009b0        0     1                 
         10009b0          10009b0        0     1                 
         10009b4          10009b4        0     1                 .LBB9_18
         10009b4          10009b4        0     1                 
         10009b4          10009b4        0     1                 
         10009b8          10009b8        0     1                 .LBB9_19
         10009b8          10009b8        0     1                 
         10009bc          10009bc        0     1                 .LBB9_20
         10009bc          10009bc        0     1                 
         10009be          10009be        0     1                 .LBB9_21
         10009be          10009be        0     1                 
         10009c2          10009c2        0     1                 
         10009c2          10009c2        0     1                 
         10009c2          10009c2        0     1                 
         10009c2          10009c2        0     1                 
         10009c2          10009c2        0     1                 
         10009c2          10009c2       18     1                 memcpy
         10009c6          10009c6        0     1                 
         10009c6          10009c6        0     1                 
         10009c8          10009c8        0     1                 
         10009c8          10009c8        0     1                 .LBB10_2
         10009c8          10009c8        0     1                 
         10009cc          10009cc        0     1                 
         10009d0          10009d0        0     1                 
         10009d0          10009d0        0     1                 
         10009d2          10009d2        0     1                 
         10009d4          10009d4        0     1                 
         10009d8          10009d8        0     1                 .LBB10_3
         10009d8          10009d8        0     1                 
         10009d8          10009d8        0     1                 
         10009da          10009da        0     1                 
         10009da          10009da        0     1                 
         10009da          10009da        0     1                 
         10009da          10009da        0     1                 
         10009da          10009da        0     1                 
         10009da          10009da       12     1                 memset
         10009de          10009de        0     1                 
         10009de          10009de        0     1                 
         10009e0          10009e0        0     1                 
         10009e0          10009e0        0     1                 .LBB11_2
         10009e0          10009e0        0     1                 
         10009e4          10009e4        0     1                 
         10009e4          10009e4        0     1                 
         10009e6          10009e6        0     1                 
         10009e6          10009e6        0     1                 
         10009ea          10009ea        0     1                 .LBB11_3
         10009ea          10009ea        0     1                 
         10009ea          10009ea        0     1                 
         10009ec          10009ec        0     1                 
         10009ec          10009ec        0     1                 
         10009ec          10009ec       b6     2         user/lib/libuser.a(syscall.o):(.text)
         10009ec          10009ec        0     1                 
         10009ec          10009ec        0     1                 
         10009ec          10009ec        0     1                 $x.0
         10009ec          10009ec        0     1                 
         10009ec          10009ec       10     1                 syscall
         10009ee          10009ee        0     1                 
         10009fa          10009fa        0     1                 
         10009fc          10009fc        0     1                 
         10009fc          10009fc        0     1                 
         10009fc          10009fc        0     1                 
         10009fc          10009fc        a     1                 read
         1000a04          1000a04        0     1                 
         1000a06          1000a06        0     1                 
         1000a06          1000a06        0     1                 
         1000a06          1000a06        0     1                 
         1000a06          1000a06        c     1                 write
         1000a0e          1000a0e        0     1                 
         1000a12          1000a12        0     1                 
         1000a12          1000a12        0     1                 
         1000a12          1000a12        0     1                 
         1000a12          1000a12       10     1                 cls
         1000a20          1000a20        0     1                 
         1000a22          1000a22        0     1                 
         1000a22          1000a22        0     1                 
         1000a22          1000a22        0     1                 
         1000a22          1000a22       10     1                 yield
         1000a30          1000a30        0     1                 
         1000a32          1000a32        0     1                 
         1000a32          1000a32        0     1                 
         1000a32          1000a32        0     1                 
         1000a32          1000a32       12     1                 fork
         1000a40          1000a40        0     1                 
         1000a44          1000a44        0     1                 
         1000a44          1000a44        0     1                 
         1000a44          1000a44        0     1                 
         1000a44          1000a44       10     1                 exec
         1000a50          1000a50        0     1                 
         1000a54          1000a54        0     1                 
         1000a54          1000a54        0     1                 
         1000a54          1000a54        0     1                 
         1000a54          1000a54        e     1                 exit
         1000a60          1000a60        0     1                 .LBB7_1
         1000a60          1000a60        0     1                 
         1000a62          1000a62        0     1                 
         1000a62          1000a62        0     1                 
         1000a62          1000a62        0     1                 
         1000a62          1000a62        0     1                 
         1000a62          1000a62        0     1                 
         1000a62          1000a62       10     1                 wait
         1000a6e          1000a6e        0     1                 
         1000a6e          1000a6e        0     1                 
         1000a72          1000a72        0     1                 
         1000a72          1000a72        0     1                 
         1000a72          1000a72        0     1                 
         1000a72          1000a72       10     1                 tarfs_exists
         1000a7e          1000a7e        0     1                 
         1000a7e          1000a7e        0     1                 
         1000a82          1000a82        0     1                 
         1000a82          1000a82        0     1                 
         1000a82          1000a82        0     1                 
         1000a82          1000a82       10     1                 ps
         1000a90          1000a90        0     1                 
         1000a90          1000a90        0     1                 
         1000a92          1000a92        0     1                 
         1000a92          1000a92        0     1                 
         1000a92          1000a92        0     1                 
         1000a92          1000a92       10     1                 ls
         1000aa0          1000aa0        0     1                 
         1000aa0          1000aa0        0     1                 
         1000aa2          1000aa2        0     1                 
         1000aa8          1000aa8      2e8     8 .rodata
         1000aa8          1000aa8      238     1         <internal>:(.rodata.str1.1)
         1000ce0          1000ce0       b0     8         user/lib/libuser.a(printf.o):(.rodata)
         1000ce0          1000ce0        0     1                 .LJTI4_0
         1000ce0          1000ce0        0     1                 $d.1
         1000d90          1000d90        8     8 .bss
         1000d90          1000d90        8     8         user/lib/libuser.a(string.o):(.sbss)
         1000d90          1000d90        8     1                 strtok.saved
         1000d90          1000d90        0     1                 $d.1
         1000d98          1000d98        0     1         
         1000d98          1000d98     f268     1 . = 0x1010000
         1010000          1010000    10000     1 .stack
         1010000          1010000        0     1         __user_stack_bottom = .
         1010000          1010000    10000     1         . += 64 * 1024
         1020000          1020000        0     1         __user_stack_top = .
         1020000          1020000        0     1 . = ALIGN ( 4096 )
         1020000          1020000        0     1 __user_heap_start = 0x03000000
         1020000          1020000  2000000     1 . += 32 * 1024 * 1024
         3020000          3020000        0     1 __user_heap_end = .
               0                0     19dc     1 .debug_info
               0                0       96     1         user/bin/init_crt0.o:(.debug_info)
               0                0        0     1                 
               0                0        0     1                 $d.4
              96               96      6e3     1         user/bin/shell.o:(.debug_info)
              96               96        0     1                 $d.4
             779              779      79d     1         user/lib/libuser.a(printf.o):(.debug_info)
             779              779        0     1                 $d.5
             f16              f16      49c     1         user/lib/libuser.a(string.o):(.debug_info)
             f16              f16        0     1                 $d.4
            13b2             13b2      62a     1         user/lib/libuser.a(syscall.o):(.debug_info)
            13b2             13b2        0     1                 $d.3
               0                0      57b     1 .debug_abbrev
               0                0       21     1         user/bin/init_crt0.o:(.debug_abbrev)
               0                0        0     1                 
               0                0        0     1                 $d.3
              21               21      134     1         user/bin/shell.o:(.debug_abbrev)
              21               21        0     1                 $d.3
             155              155      1d2     1         user/lib/libuser.a(printf.o):(.debug_abbrev)
             155              155        0     1                 $d.4
             327              327      119     1         user/lib/libuser.a(string.o):(.debug_abbrev)
             327              327        0     1                 $d.3
             440              440      13b     1         user/lib/libuser.a(syscall.o):(.debug_abbrev)
             440              440        0     1                 $d.2
               0                0       30     1 .debug_aranges
               0                0       30     1         user/bin/init_crt0.o:(.debug_aranges)
               0                0        0     1                 $d.2
               0                0     11c8     1 .debug_line
               0                0       54     1         user/bin/init_crt0.o:(.debug_line)
               0                0        0     1                 .Lline_table_start0
               0                0        0     1                 $d.5
              54               54      3a0     1         user/bin/shell.o:(.debug_line)
              54               54        0     1                 .Lline_table_start0
              54               54        0     1                 $d.9
             3f4              3f4      6f9     1         user/lib/libuser.a(printf.o):(.debug_line)
             3f4              3f4        0     1                 .Lline_table_start0
             3f4              3f4        0     1                 $d.11
             aed              aed      581     1         user/lib/libuser.a(string.o):(.debug_line)
             aed              aed        0     1                 .Lline_table_start0
             aed              aed        0     1                 $d.10
            106e             106e      15a     1         user/lib/libuser.a(syscall.o):(.debug_line)
            106e             106e        0     1                 .Lline_table_start0
            106e             106e        0     1                 $d.8
               0                0     1636     1 .debug_loc
               0                0      1a8     1         user/bin/shell.o:(.debug_loc)
               0                0        0     1                 
               0                0        0     1                 $d.2
              38               38        0     1                 
              6e               6e        0     1                 
              a6               a6        0     1                 
              cb               cb        0     1                 
             103              103        0     1                 
             15f              15f        0     1                 
             1a8              1a8      b12     1         user/lib/libuser.a(printf.o):(.debug_loc)
             1a8              1a8        0     1                 
             1a8              1a8        0     1                 $d.3
             1de              1de        0     1                 
             214              214        0     1                 
             24a              24a        0     1                 
             26d              26d        0     1                 
             2cd              2cd        0     1                 
             2f5              2f5        0     1                 
             31a              31a        0     1                 
             33d              33d        0     1                 
             386              386        0     1                 
             3a9              3a9        0     1                 
             3df              3df        0     1                 
             415              415        0     1                 
             44b              44b        0     1                 
             4be              4be        0     1                 
             4e3              4e3        0     1                 
             506              506        0     1                 
             529              529        0     1                 
             54c              54c        0     1                 
             56f              56f        0     1                 
             6c2              6c2        0     1                 
             6e7              6e7        0     1                 
             732              732        0     1                 
             7ab              7ab        0     1                 
             7ce              7ce        0     1                 
             82e              82e        0     1                 
             868              868        0     1                 
             8e6              8e6        0     1                 
             942              942        0     1                 
             96a              96a        0     1                 
             9a4              9a4        0     1                 
             a04              a04        0     1                 
             a64              a64        0     1                 
             a9a              a9a        0     1                 
             ade              ade        0     1                 
             b3a              b3a        0     1                 
             b5d              b5d        0     1                 
             b93              b93        0     1                 
             bdc              bdc        0     1                 
             c20              c20        0     1                 
             c48              c48        0     1                 
             c6d              c6d        0     1                 
             c95              c95        0     1                 
             cba              cba      5ea     1         user/lib/libuser.a(string.o):(.debug_loc)
             cba              cba        0     1                 
             cba              cba        0     1                 $d.2
             d18              d18        0     1                 
             d3b              d3b        0     1                 
             d5e              d5e        0     1                 
             d81              d81        0     1                 
             da4              da4        0     1                 
             dc8              dc8        0     1                 
             deb              deb        0     1                 
             e22              e22        0     1                 
             e6b              e6b        0     1                 
             eb6              eb6        0     1                 
             eec              eec        0     1                 
             f35              f35        0     1                 
             f58              f58        0     1                 
             f8f              f8f        0     1                 
             fb2              fb2        0     1                 
             fe8              fe8        0     1                 
            105b             105b        0     1                 
            107e             107e        0     1                 
            10a1             10a1        0     1                 
            10c4             10c4        0     1                 
            10e7             10e7        0     1                 
            1132             1132        0     1                 
            116a             116a        0     1                 
            118d             118d        0     1                 
            11b0             11b0        0     1                 
            11d3             11d3        0     1                 
            122a             122a        0     1                 
            124d             124d        0     1                 
            12a4             12a4      392     1         user/lib/libuser.a(syscall.o):(.debug_loc)
            12a4             12a4        0     1                 
            12a4             12a4        0     1                 $d.1
            12da             12da        0     1                 
            1323             1323        0     1                 
            1359             1359        0     1                 
            138f             138f        0     1                 
            13d8             13d8        0     1                 
            140e             140e        0     1                 
            1444             1444        0     1                 
            147a             147a        0     1                 
            149d             149d        0     1                 
            14c0             14c0        0     1                 
            14e4             14e4        0     1                 
            1508             1508        0     1                 
            153f             153f        0     1                 
            1562             1562        0     1                 
            1585             1585        0     1                 
            15a8             15a8        0     1                 
            15cb             15cb        0     1                 
            15ee             15ee        0     1                 
            1612             1612        0     1                 
               0                0      30b     1 .debug_str
               0                0      30b     1         <internal>:(.debug_str)
               0                0       42     1 .comment
               0                0       42     1         <internal>:(.comment)
               0                0      3b8     8 .debug_frame
               0                0       70     8         user/bin/shell.o:(.debug_frame)
               0                0        0     1                 
               0                0        0     1                 $d.8
              70               70       d8     8         user/lib/libuser.a(printf.o):(.debug_frame)
              70               70        0     1                 
              70               70        0     1                 $d.10
             148              148      138     8         user/lib/libuser.a(string.o):(.debug_frame)
             148              148        0     1                 
             148              148        0     1                 $d.9
             280              280      138     8         user/lib/libuser.a(syscall.o):(.debug_frame)
             280              280        0     1                 
             280              280        0     1                 $d.7
               0                0      160     1 .debug_ranges
               0                0      130     1         user/lib/libuser.a(printf.o):(.debug_ranges)
               0                0        0     1                 
               0                0        0     1                 $d.6
              70               70        0     1                 
              a0               a0        0     1                 
              d0               d0        0     1                 
             100              100        0     1                 
             130              130       30     1         user/lib/libuser.a(string.o):(.debug_ranges)
             130              130        0     1                 
             130              130        0     1                 $d.5
               0                0     7200     8 .symtab
               0                0     7200     8         <internal>:(.symtab)
               0                0       a4     1 .shstrtab
               0                0       a4     1         <internal>:(.shstrtab)
               0                0      23c     1 .strtab
               0                0      23c     1         <internal>:(.strtab)
