             VMA              LMA     Size Align Out     In      Symbol
               0                0  1000000     1 . = 0x1000000
         1000000          1000000      ab8     2 .text
         1000000          1000000       10     1         user/bin/init_crt0.o:(.text.start)
         1000000          1000000        0     1                 
         1000000          1000000        0     1                 .Lpcrel_hi0
         1000000          1000000        0     1                 $x.0
         1000000          1000000        0     1                 
         1000000          1000000        0     1                 start
         1000008          1000008        0     1                 
         100000c          100000c        0     1                 
         1000010          1000010        0     1                 
         1000010          1000010        0     2         user/bin/init_crt0.o:(.text)
         1000010          1000010      2f4     2         user/bin/shell.o:(.text)
         1000010          1000010        0     1                 
         1000010          1000010        0     1                 
         1000010          1000010        0     1                 $x.0
         1000010          1000010        0     1                 
         1000010          1000010       72     1                 print_help
         1000014          1000014        0     1                 .Lpcrel_hi0
         1000014          1000014        0     1                 
         1000020          1000020        0     1                 
         1000020          1000020        0     1                 .Lpcrel_hi1
         1000020          1000020        0     1                 
         100002c          100002c        0     1                 
         100002c          100002c        0     1                 .Lpcrel_hi2
         100002c          100002c        0     1                 
         1000038          1000038        0     1                 
         1000038          1000038        0     1                 .Lpcrel_hi3
         1000038          1000038        0     1                 
         1000044          1000044        0     1                 
         1000044          1000044        0     1                 .Lpcrel_hi4
         1000044          1000044        0     1                 
         1000050          1000050        0     1                 
         1000050          1000050        0     1                 .Lpcrel_hi5
         1000050          1000050        0     1                 
         100005c          100005c        0     1                 
         100005c          100005c        0     1                 .Lpcrel_hi6
         100005c          100005c        0     1                 
         1000068          1000068        0     1                 
         1000068          1000068        0     1                 .Lpcrel_hi7
         1000068          1000068        0     1                 
         1000074          1000074        0     1                 
         1000074          1000074        0     1                 .Lpcrel_hi8
         1000074          1000074        0     1                 
         100007e          100007e        0     1                 
         1000082          1000082        0     1                 
         1000082          1000082        0     1                 
         1000082          1000082        0     1                 
         1000082          1000082        0     1                 
         1000082          1000082        0     1                 
         1000082          1000082        0     1                 
         1000082          1000082      282     1                 main
         10000b0          10000b0        0     1                 
         10000b4          10000b4        0     1                 .Lpcrel_hi9
         10000b4          10000b4        0     1                 
         10000bc          10000bc        0     1                 
         10000bc          10000bc        0     1                 
         10000be          10000be        0     1                 
         10000be          10000be        0     1                 
         10000c2          10000c2        0     1                 
         10000c2          10000c2        0     1                 .Lpcrel_hi10
         10000c2          10000c2        0     1                 
         10000d2          10000d2        0     1                 .Lpcrel_hi11
         10000dc          10000dc        0     1                 .Lpcrel_hi12
         10000e6          10000e6        0     1                 .Lpcrel_hi13
         10000f0          10000f0        0     1                 .Lpcrel_hi14
         10000fa          10000fa        0     1                 .Lpcrel_hi15
         1000104          1000104        0     1                 .Lpcrel_hi16
         100010e          100010e        0     1                 .Lpcrel_hi17
         1000118          1000118        0     1                 .Lpcrel_hi18
         1000122          1000122        0     1                 .Lpcrel_hi19
         100012c          100012c        0     1                 .Lpcrel_hi20
         1000136          1000136        0     1                 .Lpcrel_hi21
         1000140          1000140        0     1                 .Lpcrel_hi22
         100014a          100014a        0     1                 .Lpcrel_hi23
         1000154          1000154        0     1                 .Lpcrel_hi24
         100015e          100015e        0     1                 .Lpcrel_hi25
         100016a          100016a        0     1                 .Lpcrel_hi26
         100017a          100017a        0     1                 
         100017a          100017a        0     1                 .LBB1_1
         100017a          100017a        0     1                 
         100017e          100017e        0     1                 
         1000184          1000184        0     1                 .LBB1_2
         1000184          1000184        0     1                 
         1000184          1000184        0     1                 
         100018a          100018a        0     1                 
         100018a          100018a        0     1                 
         100018e          100018e        0     1                 
         100018e          100018e        0     1                 .LBB1_3
         100018e          100018e        0     1                 
         1000192          1000192        0     1                 .LBB1_4
         1000192          1000192        0     1                 
         100019e          100019e        0     1                 
         100019e          100019e        0     1                 
         10001a0          10001a0        0     1                 
         10001a0          10001a0        0     1                 
         10001a4          10001a4        0     1                 
         10001a8          10001a8        0     1                 
         10001ac          10001ac        0     1                 
         10001ac          10001ac        0     1                 
         10001b0          10001b0        0     1                 
         10001b8          10001b8        0     1                 
         10001c8          10001c8        0     1                 
         10001d0          10001d0        0     1                 
         10001d2          10001d2        0     1                 
         10001d4          10001d4        0     1                 
         10001d8          10001d8        0     1                 
         10001d8          10001d8        0     1                 
         10001da          10001da        0     1                 .LBB1_10
         10001da          10001da        0     1                 
         10001de          10001de        0     1                 
         10001e0          10001e0        0     1                 
         10001e6          10001e6        0     1                 .LBB1_11
         10001e6          10001e6        0     1                 
         10001ec          10001ec        0     1                 
         10001ec          10001ec        0     1                 
         10001ee          10001ee        0     1                 
         10001ee          10001ee        0     1                 
         10001f2          10001f2        0     1                 
         10001f6          10001f6        0     1                 
         10001f8          10001f8        0     1                 
         10001f8          10001f8        0     1                 
         1000200          1000200        0     1                 
         1000200          1000200        0     1                 
         1000202          1000202        0     1                 
         1000208          1000208        0     1                 
         1000208          1000208        0     1                 .LBB1_14
         100020a          100020a        0     1                 
         100020c          100020c        0     1                 
         100020e          100020e        0     1                 
         1000214          1000214        0     1                 
         1000214          1000214        0     1                 
         1000218          1000218        0     1                 
         100021c          100021c        0     1                 
         100021c          100021c        0     1                 
         1000222          1000222        0     1                 .LBB1_16
         1000222          1000222        0     1                 
         1000222          1000222        0     1                 
         1000224          1000224        0     1                 
         1000224          1000224        0     1                 
         1000226          1000226        0     1                 
         1000226          1000226        0     1                 
         1000228          1000228        0     1                 
         100022c          100022c        0     1                 
         100022c          100022c        0     1                 
         100022e          100022e        0     1                 
         1000236          1000236        0     1                 
         1000236          1000236        0     1                 
         1000238          1000238        0     1                 
         1000240          1000240        0     1                 
         1000240          1000240        0     1                 
         1000242          1000242        0     1                 
         100024a          100024a        0     1                 
         100024a          100024a        0     1                 
         100024c          100024c        0     1                 
         1000254          1000254        0     1                 
         1000254          1000254        0     1                 .Lpcrel_hi28
         1000254          1000254        0     1                 
         1000262          1000262        0     1                 
         1000262          1000262        0     1                 
         1000268          1000268        0     1                 
         1000268          1000268        0     1                 
         100026a          100026a        0     1                 
         100026e          100026e        0     1                 
         100026e          100026e        0     1                 
         1000270          1000270        0     1                 
         1000274          1000274        0     1                 
         1000274          1000274        0     1                 
         1000276          1000276        0     1                 
         100027a          100027a        0     1                 
         100027a          100027a        0     1                 
         100027c          100027c        0     1                 .LBB1_24
         100027c          100027c        0     1                 
         100027e          100027e        0     1                 
         100027e          100027e        0     1                 
         1000282          1000282        0     1                 
         1000282          1000282        0     1                 
         1000284          1000284        0     1                 
         1000288          1000288        0     1                 
         1000288          1000288        0     1                 
         100028a          100028a        0     1                 
         100028e          100028e        0     1                 
         100028e          100028e        0     1                 
         1000290          1000290        0     1                 
         1000294          1000294        0     1                 
         1000294          1000294        0     1                 
         1000296          1000296        0     1                 
         100029a          100029a        0     1                 
         100029a          100029a        0     1                 
         100029c          100029c        0     1                 
         10002a0          10002a0        0     1                 
         10002a0          10002a0        0     1                 
         10002a2          10002a2        0     1                 
         10002a6          10002a6        0     1                 
         10002a6          10002a6        0     1                 
         10002a8          10002a8        0     1                 
         10002ac          10002ac        0     1                 
         10002ac          10002ac        0     1                 
         10002ae          10002ae        0     1                 
         10002b2          10002b2        0     1                 
         10002b4          10002b4        0     1                 .LBB1_25
         10002b4          10002b4        0     1                 
         10002bc          10002bc        0     1                 
         10002bc          10002bc        0     1                 
         10002be          10002be        0     1                 .LBB1_26
         10002be          10002be        0     1                 .Lpcrel_hi27
         10002be          10002be        0     1                 
         10002c8          10002c8        0     1                 .LBB1_27
         10002c8          10002c8        0     1                 .Lpcrel_hi29
         10002c8          10002c8        0     1                 
         10002d0          10002d0        0     1                 .LBB1_28
         10002d0          10002d0        0     1                 
         10002d6          10002d6        0     1                 
         10002d8          10002d8        0     1                 .LBB1_29
         10002d8          10002d8        0     1                 
         10002d8          10002d8        0     1                 
         10002da          10002da        0     1                 
         10002e2          10002e2        0     1                 
         10002e2          10002e2        0     1                 .Lpcrel_hi30
         10002e2          10002e2        0     1                 
         10002ee          10002ee        0     1                 
         10002ee          10002ee        0     1                 
         10002f4          10002f4        0     1                 
         10002f4          10002f4        0     1                 
         10002f6          10002f6        0     1                 .LBB1_30
         10002f6          10002f6        0     1                 
         10002f6          10002f6        0     1                 .Lpcrel_hi31
         10002f6          10002f6        0     1                 
         10002fa          10002fa        0     1                 
         10002fe          10002fe        0     1                 
         1000302          1000302        0     1                 
         1000304          1000304        0     1                 
         1000304          1000304        0     1                 
         1000304          1000304        0     1                 
         1000304          1000304      4d2     2         user/lib/libuser.a(printf.o):(.text)
         1000304          1000304        0     1                 
         1000304          1000304        0     1                 
         1000304          1000304        0     1                 $x.0
         1000304          1000304        0     1                 
         1000304          1000304        c     1                 putc
         1000306          1000306        0     1                 
         1000310          1000310        0     1                 
         1000310          1000310        0     1                 
         1000310          1000310        0     1                 
         1000310          1000310        0     1                 
         1000310          1000310        0     1                 
         1000310          1000310        0     1                 
         1000310          1000310       1a     1                 puts
         1000318          1000318        0     1                 
         1000318          1000318        0     1                 
         100031c          100031c        0     1                 
         100031e          100031e        0     1                 
         1000326          1000326        0     1                 
         1000326          1000326        0     1                 
         100032a          100032a        0     1                 
         100032a          100032a        0     1                 
         100032a          100032a        0     1                 
         100032a          100032a        0     1                 
         100032a          100032a        0     1                 
         100032a          100032a        0     1                 
         100032a          100032a       8e     1                 puthex
         1000332          1000332        0     1                 
         1000332          1000332        0     1                 
         1000336          1000336        0     1                 
         1000338          1000338        0     1                 
         100033a          100033a        0     1                 .Lpcrel_hi0
         100034a          100034a        0     1                 
         100034a          100034a        0     1                 .LBB2_2
         100034a          100034a        0     1                 
         100034e          100034e        0     1                 
         1000354          1000354        0     1                 
         1000354          1000354        0     1                 
         100035c          100035c        0     1                 
         100035c          100035c        0     1                 
         1000362          1000362        0     1                 
         1000368          1000368        0     1                 
         100036a          100036a        0     1                 
         100036a          100036a        0     1                 
         100036e          100036e        0     1                 .LBB2_4
         100036e          100036e        0     1                 
         100036e          100036e        0     1                 
         1000372          1000372        0     1                 
         1000372          1000372        0     1                 
         1000378          1000378        0     1                 .LBB2_5
         1000378          1000378        0     1                 
         1000378          1000378        0     1                 
         100037a          100037a        0     1                 
         100037e          100037e        0     1                 
         100037e          100037e        0     1                 
         1000382          1000382        0     1                 
         1000382          1000382        0     1                 .LBB2_6
         1000382          1000382        0     1                 
         1000392          1000392        0     1                 
         1000392          1000392        0     1                 
         1000394          1000394        0     1                 
         1000396          1000396        0     1                 .LBB2_7
         1000396          1000396        0     1                 
         1000396          1000396        0     1                 
         1000398          1000398        0     1                 
         1000398          1000398        0     1                 
         100039c          100039c        0     1                 
         100039e          100039e        0     1                 
         100039e          100039e        0     1                 
         10003a4          10003a4        0     1                 
         10003a6          10003a6        0     1                 
         10003ae          10003ae        0     1                 
         10003ae          10003ae        0     1                 
         10003b2          10003b2        0     1                 
         10003b4          10003b4        0     1                 
         10003b4          10003b4        0     1                 
         10003b8          10003b8        0     1                 
         10003b8          10003b8        0     1                 
         10003b8          10003b8        0     1                 
         10003b8          10003b8        0     1                 
         10003b8          10003b8        0     1                 
         10003b8          10003b8       dc     1                 putpad
         10003c8          10003c8        0     1                 
         10003ca          10003ca        0     1                 
         10003ca          10003ca        0     1                 
         10003d6          10003d6        0     1                 
         10003da          10003da        0     1                 
         10003de          10003de        0     1                 
         10003de          10003de        0     1                 
         10003e2          10003e2        0     1                 
         10003e6          10003e6        0     1                 .LBB3_2
         10003e6          10003e6        0     1                 
         10003e6          10003e6        0     1                 
         10003e8          10003e8        0     1                 
         10003ee          10003ee        0     1                 
         10003f0          10003f0        0     1                 
         10003f0          10003f0        0     1                 .LBB3_4
         10003f0          10003f0        0     1                 
         1000400          1000400        0     1                 
         1000400          1000400        0     1                 
         1000404          1000404        0     1                 
         1000408          1000408        0     1                 .LBB3_6
         1000408          1000408        0     1                 
         100040a          100040a        0     1                 
         100040a          100040a        0     1                 
         1000412          1000412        0     1                 
         1000412          1000412        0     1                 
         1000418          1000418        0     1                 
         100041e          100041e        0     1                 
         1000420          1000420        0     1                 
         1000424          1000424        0     1                 .LBB3_8
         1000424          1000424        0     1                 
         1000424          1000424        0     1                 
         1000428          1000428        0     1                 
         1000428          1000428        0     1                 
         100042e          100042e        0     1                 .LBB3_9
         100042e          100042e        0     1                 
         100042e          100042e        0     1                 
         1000430          1000430        0     1                 
         1000432          1000432        0     1                 
         1000432          1000432        0     1                 
         1000436          1000436        0     1                 
         1000436          1000436        0     1                 
         100043e          100043e        0     1                 
         1000446          1000446        0     1                 .LBB3_11
         1000446          1000446        0     1                 
         1000446          1000446        0     1                 
         100044a          100044a        0     1                 
         1000456          1000456        0     1                 .LBB3_14
         1000456          1000456        0     1                 
         100045a          100045a        0     1                 
         100045c          100045c        0     1                 
         100045c          100045c        0     1                 .LBB3_15
         100045c          100045c        0     1                 
         100046a          100046a        0     1                 
         100046a          100046a        0     1                 
         100046c          100046c        0     1                 
         100046e          100046e        0     1                 .LBB3_16
         100046e          100046e        0     1                 
         100046e          100046e        0     1                 
         1000470          1000470        0     1                 
         1000470          1000470        0     1                 
         1000472          1000472        0     1                 
         1000474          1000474        0     1                 
         1000474          1000474        0     1                 
         100047a          100047a        0     1                 
         100047c          100047c        0     1                 
         1000484          1000484        0     1                 
         1000484          1000484        0     1                 
         1000488          1000488        0     1                 
         100048c          100048c        0     1                 
         100048e          100048e        0     1                 
         1000490          1000490        0     1                 
         1000490          1000490        0     1                 
         1000494          1000494        0     1                 
         1000494          1000494        0     1                 
         1000494          1000494        0     1                 
         1000494          1000494        0     1                 
         1000494          1000494        0     1                 
         1000494          1000494      342     1                 printf
         10004b2          10004b2        0     1                 
         10004c2          10004c2        0     1                 
         10004e6          10004e6        0     1                 
         10004e6          10004e6        0     1                 .LBB4_1
         10004e6          10004e6        0     1                 
         10004e8          10004e8        0     1                 .LBB4_2
         10004ec          10004ec        0     1                 .LBB4_3
         10004f0          10004f0        0     1                 
         10004f0          10004f0        0     1                 
         10004f4          10004f4        0     1                 .LBB4_4
         10004f4          10004f4        0     1                 
         10004f4          10004f4        0     1                 
         10004f8          10004f8        0     1                 
         1000500          1000500        0     1                 
         1000500          1000500        0     1                 
         100050c          100050c        0     1                 
         100050c          100050c        0     1                 
         100050e          100050e        0     1                 
         1000510          1000510        0     1                 .LBB4_7
         1000510          1000510        0     1                 
         1000510          1000510        0     1                 
         1000514          1000514        0     1                 
         1000518          1000518        0     1                 
         1000518          1000518        0     1                 
         100051c          100051c        0     1                 
         100051e          100051e        0     1                 .LBB4_9
         100051e          100051e        0     1                 
         1000522          1000522        0     1                 .LBB4_10
         100052c          100052c        0     1                 
         100052c          100052c        0     1                 
         1000530          1000530        0     1                 
         100053e          100053e        0     1                 
         1000540          1000540        0     1                 
         1000540          1000540        0     1                 .LBB4_12
         1000540          1000540        0     1                 
         1000548          1000548        0     1                 
         100054c          100054c        0     1                 
         100054c          100054c        0     1                 
         100054e          100054e        0     1                 
         1000552          1000552        0     1                 
         1000552          1000552        0     1                 
         100055a          100055a        0     1                 
         100055e          100055e        0     1                 
         100055e          100055e        0     1                 
         1000560          1000560        0     1                 
         1000564          1000564        0     1                 .LBB4_13
         1000564          1000564        0     1                 
         1000564          1000564        0     1                 
         1000568          1000568        0     1                 
         1000568          1000568        0     1                 
         100056c          100056c        0     1                 
         1000570          1000570        0     1                 
         1000576          1000576        0     1                 
         1000578          1000578        0     1                 
         1000578          1000578        0     1                 
         100057a          100057a        0     1                 
         100057a          100057a        0     1                 
         1000584          1000584        0     1                 .LBB4_16
         1000584          1000584        0     1                 
         1000584          1000584        0     1                 
         1000588          1000588        0     1                 
         1000588          1000588        0     1                 
         1000590          1000590        0     1                 .LBB4_17
         1000592          1000592        0     1                 .Lpcrel_hi1
         100059e          100059e        0     1                 .Lpcrel_hi2
         10005a8          10005a8        0     1                 .LBB4_18
         10005a8          10005a8        0     1                 
         10005b4          10005b4        0     1                 
         10005b6          10005b6        0     1                 .LBB4_19
         10005b6          10005b6        0     1                 
         10005ba          10005ba        0     1                 
         10005bc          10005bc        0     1                 
         10005bc          10005bc        0     1                 
         10005c4          10005c4        0     1                 .LBB4_20
         10005c8          10005c8        0     1                 
         10005c8          10005c8        0     1                 
         10005d2          10005d2        0     1                 .LBB4_22
         10005d2          10005d2        0     1                 
         10005d2          10005d2        0     1                 
         10005e2          10005e2        0     1                 
         10005e2          10005e2        0     1                 
         10005e6          10005e6        0     1                 .LBB4_23
         10005e6          10005e6        0     1                 
         10005e6          10005e6        0     1                 
         10005ea          10005ea        0     1                 .LBB4_24
         10005f2          10005f2        0     1                 
         10005f2          10005f2        0     1                 
         10005f6          10005f6        0     1                 
         10005f6          10005f6        0     1                 
         10005f8          10005f8        0     1                 
         10005f8          10005f8        0     1                 .LBB4_25
         10005f8          10005f8        0     1                 .Lpcrel_hi4
         10005f8          10005f8        0     1                 
         1000600          1000600        0     1                 
         1000606          1000606        0     1                 
         1000608          1000608        0     1                 
         1000610          1000610        0     1                 
         1000610          1000610        0     1                 
         100061a          100061a        0     1                 
         100061a          100061a        0     1                 
         100061e          100061e        0     1                 
         100061e          100061e        0     1                 
         1000620          1000620        0     1                 
         1000620          1000620        0     1                 
         1000624          1000624        0     1                 
         1000624          1000624        0     1                 .LBB4_27
         1000626          1000626        0     1                 
         1000626          1000626        0     1                 
         1000628          1000628        0     1                 
         100062e          100062e        0     1                 
         100062e          100062e        0     1                 
         1000636          1000636        0     1                 
         1000636          1000636        0     1                 
         100063a          100063a        0     1                 
         100063c          100063c        0     1                 
         1000640          1000640        0     1                 
         1000640          1000640        0     1                 
         1000644          1000644        0     1                 .LBB4_29
         1000644          1000644        0     1                 
         1000644          1000644        0     1                 
         100064c          100064c        0     1                 
         100064c          100064c        0     1                 
         1000652          1000652        0     1                 
         1000652          1000652        0     1                 .LBB4_30
         1000652          1000652        0     1                 
         1000654          1000654        0     1                 
         1000656          1000656        0     1                 
         1000660          1000660        0     1                 
         1000662          1000662        0     1                 
         1000662          1000662        0     1                 
         1000664          1000664        0     1                 
         1000664          1000664        0     1                 
         1000668          1000668        0     1                 
         1000668          1000668        0     1                 
         100066a          100066a        0     1                 
         100066e          100066e        0     1                 
         100066e          100066e        0     1                 .LBB4_33
         1000670          1000670        0     1                 
         1000670          1000670        0     1                 
         1000672          1000672        0     1                 
         1000678          1000678        0     1                 
         1000678          1000678        0     1                 
         1000680          1000680        0     1                 
         1000680          1000680        0     1                 
         1000684          1000684        0     1                 
         1000686          1000686        0     1                 
         100068a          100068a        0     1                 
         100068a          100068a        0     1                 
         1000690          1000690        0     1                 
         1000690          1000690        0     1                 .LBB4_35
         1000690          1000690        0     1                 
         100069a          100069a        0     1                 
         100069a          100069a        0     1                 
         100069c          100069c        0     1                 .Lpcrel_hi3
         100069c          100069c        0     1                 
         10006a4          10006a4        0     1                 .LBB4_37
         10006a4          10006a4        0     1                 
         10006a4          10006a4        0     1                 
         10006aa          10006aa        0     1                 
         10006ac          10006ac        0     1                 
         10006b4          10006b4        0     1                 
         10006b4          10006b4        0     1                 
         10006b8          10006b8        0     1                 
         10006b8          10006b8        0     1                 
         10006ba          10006ba        0     1                 
         10006ba          10006ba        0     1                 .LBB4_38
         10006c2          10006c2        0     1                 
         10006c6          10006c6        0     1                 
         10006ca          10006ca        0     1                 
         10006ce          10006ce        0     1                 .LBB4_41
         10006ce          10006ce        0     1                 
         10006d6          10006d6        0     1                 
         10006d8          10006d8        0     1                 
         10006da          10006da        0     1                 .LBB4_43
         10006da          10006da        0     1                 
         10006de          10006de        0     1                 .LBB4_44
         10006de          10006de        0     1                 
         10006de          10006de        0     1                 
         10006e2          10006e2        0     1                 
         10006e2          10006e2        0     1                 
         10006e6          10006e6        0     1                 
         10006e6          10006e6        0     1                 
         10006e8          10006e8        0     1                 
         10006ea          10006ea        0     1                 
         10006ec          10006ec        0     1                 
         10006ec          10006ec        0     1                 .LBB4_46
         10006ee          10006ee        0     1                 
         10006ee          10006ee        0     1                 
         10006f0          10006f0        0     1                 
         10006f6          10006f6        0     1                 
         10006f6          10006f6        0     1                 
         10006fe          10006fe        0     1                 
         10006fe          10006fe        0     1                 
         1000702          1000702        0     1                 
         1000704          1000704        0     1                 
         1000708          1000708        0     1                 
         1000708          1000708        0     1                 
         100070e          100070e        0     1                 .LBB4_48
         100070e          100070e        0     1                 
         100070e          100070e        0     1                 
         1000716          1000716        0     1                 
         1000716          1000716        0     1                 
         1000718          1000718        0     1                 .LBB4_49
         1000718          1000718        0     1                 
         1000718          1000718        0     1                 
         100071a          100071a        0     1                 
         100071a          100071a        0     1                 .LBB4_50
         100071a          100071a        0     1                 
         100072a          100072a        0     1                 
         100072a          100072a        0     1                 
         100072c          100072c        0     1                 
         100072e          100072e        0     1                 .LBB4_51
         100072e          100072e        0     1                 
         100072e          100072e        0     1                 
         1000730          1000730        0     1                 
         1000730          1000730        0     1                 
         1000736          1000736        0     1                 
         1000738          1000738        0     1                 
         1000740          1000740        0     1                 
         1000740          1000740        0     1                 
         1000744          1000744        0     1                 
         1000744          1000744        0     1                 
         1000748          1000748        0     1                 .LBB4_52
         1000748          1000748        0     1                 
         1000748          1000748        0     1                 
         100074c          100074c        0     1                 .LBB4_53
         100074c          100074c        0     1                 
         1000752          1000752        0     1                 .LBB4_54
         1000752          1000752        0     1                 
         1000752          1000752        0     1                 
         1000758          1000758        0     1                 .LBB4_55
         1000758          1000758        0     1                 
         1000758          1000758        0     1                 
         100075a          100075a        0     1                 
         100075e          100075e        0     1                 
         100075e          100075e        0     1                 
         1000762          1000762        0     1                 
         1000762          1000762        0     1                 .LBB4_56
         1000762          1000762        0     1                 
         1000772          1000772        0     1                 
         1000772          1000772        0     1                 
         1000774          1000774        0     1                 
         1000778          1000778        0     1                 .LBB4_57
         1000778          1000778        0     1                 
         1000778          1000778        0     1                 
         100077e          100077e        0     1                 .LBB4_58
         100077e          100077e        0     1                 
         100077e          100077e        0     1                 
         1000780          1000780        0     1                 
         1000784          1000784        0     1                 
         1000784          1000784        0     1                 
         1000788          1000788        0     1                 
         1000788          1000788        0     1                 .LBB4_59
         1000788          1000788        0     1                 
         1000798          1000798        0     1                 
         1000798          1000798        0     1                 
         100079a          100079a        0     1                 
         100079c          100079c        0     1                 .LBB4_60
         100079c          100079c        0     1                 
         100079c          100079c        0     1                 
         100079e          100079e        0     1                 
         10007a2          10007a2        0     1                 
         10007a2          10007a2        0     1                 
         10007a8          10007a8        0     1                 
         10007aa          10007aa        0     1                 
         10007b2          10007b2        0     1                 
         10007b2          10007b2        0     1                 
         10007b8          10007b8        0     1                 .LBB4_61
         10007b8          10007b8        0     1                 
         10007ca          10007ca        0     1                 
         10007d2          10007d2        0     1                 
         10007d6          10007d6        0     1                 
         10007d6          10007d6        0     1                 
         10007d6          10007d6      230     2         user/lib/libuser.a(string.o):(.text)
         10007d6          10007d6        0     1                 
         10007d6          10007d6        0     1                 
         10007d6          10007d6        0     1                 $x.0
         10007d6          10007d6        0     1                 
         10007d6          10007d6       2e     1                 strcmp
         10007da          10007da        0     1                 
         10007dc          10007dc        0     1                 
         10007de          10007de        0     1                 
         10007de          10007de        0     1                 .LBB0_2
         10007de          10007de        0     1                 
         10007e2          10007e2        0     1                 
         10007e6          10007e6        0     1                 
         10007ea          10007ea        0     1                 
         10007ea          10007ea        0     1                 
         10007ee          10007ee        0     1                 
         10007f0          10007f0        0     1                 
         10007f2          10007f2        0     1                 
         10007f4          10007f4        0     1                 .LBB0_4
         10007f4          10007f4        0     1                 
         10007fa          10007fa        0     1                 .LBB0_5
         10007fa          10007fa        0     1                 
         10007fa          10007fa        0     1                 
         10007fc          10007fc        0     1                 .LBB0_6
         10007fc          10007fc        0     1                 
         10007fc          10007fc        0     1                 
         1000800          1000800        0     1                 
         1000800          1000800        0     1                 
         1000802          1000802        0     1                 
         1000804          1000804        0     1                 
         1000804          1000804        0     1                 
         1000804          1000804        0     1                 
         1000804          1000804        0     1                 
         1000804          1000804        0     1                 
         1000804          1000804       2e     1                 strncmp
         1000806          1000806        0     1                 
         1000808          1000808        0     1                 
         100080a          100080a        0     1                 
         100080e          100080e        0     1                 
         100080e          100080e        0     1                 .LBB1_2
         100080e          100080e        0     1                 
         1000812          1000812        0     1                 
         1000816          1000816        0     1                 
         100081a          100081a        0     1                 
         100081c          100081c        0     1                 
         100081e          100081e        0     1                 
         1000820          1000820        0     1                 
         1000828          1000828        0     1                 .LBB1_5
         1000828          1000828        0     1                 
         1000828          1000828        0     1                 
         100082c          100082c        0     1                 .LBB1_6
         100082c          100082c        0     1                 
         100082c          100082c        0     1                 
         1000830          1000830        0     1                 
         1000830          1000830        0     1                 
         1000832          1000832        0     1                 
         1000832          1000832        0     1                 
         1000832          1000832        0     1                 
         1000832          1000832        0     1                 
         1000832          1000832        0     1                 
         1000832          1000832       14     1                 strlen
         1000834          1000834        0     1                 
         1000834          1000834        0     1                 .LBB2_1
         1000834          1000834        0     1                 
         100083c          100083c        0     1                 
         100083e          100083e        0     1                 
         1000840          1000840        0     1                 
         1000844          1000844        0     1                 
         1000846          1000846        0     1                 
         1000846          1000846        0     1                 
         1000846          1000846        0     1                 
         1000846          1000846        0     1                 
         1000846          1000846        0     1                 
         1000846          1000846       1e     1                 strnlen
         1000848          1000848        0     1                 
         100084a          100084a        0     1                 
         100084c          100084c        0     1                 
         100084c          100084c        0     1                 .LBB3_2
         100084c          100084c        0     1                 
         1000854          1000854        0     1                 
         1000856          1000856        0     1                 
         1000858          1000858        0     1                 
         100085c          100085c        0     1                 
         100085e          100085e        0     1                 .LBB3_5
         100085e          100085e        0     1                 
         100085e          100085e        0     1                 
         1000860          1000860        0     1                 .LBB3_6
         1000860          1000860        0     1                 
         1000860          1000860        0     1                 
         1000862          1000862        0     1                 
         1000862          1000862        0     1                 
         1000864          1000864        0     1                 
         1000864          1000864        0     1                 
         1000864          1000864        0     1                 
         1000864          1000864        0     1                 
         1000864          1000864        0     1                 
         1000864          1000864       24     1                 strcpy
         100086a          100086a        0     1                 
         100086e          100086e        0     1                 
         100086e          100086e        0     1                 
         1000870          1000870        0     1                 
         1000870          1000870        0     1                 .LBB4_2
         1000870          1000870        0     1                 
         1000874          1000874        0     1                 
         1000878          1000878        0     1                 
         100087c          100087c        0     1                 
         100087c          100087c        0     1                 
         100087e          100087e        0     1                 
         100087e          100087e        0     1                 
         1000880          1000880        0     1                 
         1000882          1000882        0     1                 .LBB4_3
         1000882          1000882        0     1                 
         1000882          1000882        0     1                 
         1000886          1000886        0     1                 
         1000888          1000888        0     1                 
         1000888          1000888        0     1                 
         1000888          1000888        0     1                 
         1000888          1000888        0     1                 
         1000888          1000888        0     1                 
         1000888          1000888       32     1                 strncpy
         100088a          100088a        0     1                 
         100088c          100088c        0     1                 
         100088c          100088c        0     1                 .LBB5_1
         100088c          100088c        0     1                 
         1000894          1000894        0     1                 
         1000896          1000896        0     1                 
         100089a          100089a        0     1                 
         100089c          100089c        0     1                 
         10008a0          10008a0        0     1                 
         10008a6          10008a6        0     1                 .LBB5_3
         10008a6          10008a6        0     1                 
         10008aa          10008aa        0     1                 
         10008ac          10008ac        0     1                 
         10008ae          10008ae        0     1                 
         10008ae          10008ae        0     1                 .LBB5_5
         10008ae          10008ae        0     1                 
         10008b2          10008b2        0     1                 
         10008b4          10008b4        0     1                 
         10008b8          10008b8        0     1                 .LBB5_6
         10008b8          10008b8        0     1                 
         10008ba          10008ba        0     1                 
         10008ba          10008ba        0     1                 
         10008ba          10008ba        0     1                 
         10008ba          10008ba        0     1                 
         10008ba          10008ba        0     1                 
         10008ba          10008ba       3e     1                 strstr
         10008be          10008be        0     1                 
         10008c0          10008c0        0     1                 
         10008c4          10008c4        0     1                 
         10008ca          10008ca        0     1                 .LBB6_3
         10008ca          10008ca        0     1                 
         10008ce          10008ce        0     1                 
         10008ce          10008ce        0     1                 .LBB6_4
         10008ce          10008ce        0     1                 
         10008d6          10008d6        0     1                 
         10008da          10008da        0     1                 
         10008de          10008de        0     1                 
         10008e0          10008e0        0     1                 
         10008e4          10008e4        0     1                 
         10008e8          10008e8        0     1                 .LBB6_7
         10008e8          10008e8        0     1                 
         10008e8          10008e8        0     1                 
         10008ea          10008ea        0     1                 
         10008ee          10008ee        0     1                 
         10008f0          10008f0        0     1                 
         10008f4          10008f4        0     1                 .LBB6_9
         10008f4          10008f4        0     1                 
         10008f6          10008f6        0     1                 .LBB6_10
         10008f6          10008f6        0     1                 
         10008f6          10008f6        0     1                 
         10008f8          10008f8        0     1                 
         10008f8          10008f8        0     1                 
         10008f8          10008f8        0     1                 
         10008f8          10008f8        0     1                 
         10008f8          10008f8        0     1                 
         10008f8          10008f8       32     1                 strcat
         10008fc          10008fc        0     1                 
         10008fc          10008fc        0     1                 .LBB7_1
         10008fc          10008fc        0     1                 
         1000900          1000900        0     1                 
         1000902          1000902        0     1                 
         1000902          1000902        0     1                 
         1000904          1000904        0     1                 
         1000908          1000908        0     1                 
         100090c          100090c        0     1                 
         100090c          100090c        0     1                 .LBB7_4
         100090c          100090c        0     1                 
         1000910          1000910        0     1                 
         1000914          1000914        0     1                 
         1000918          1000918        0     1                 
         1000918          1000918        0     1                 
         100091a          100091a        0     1                 
         100091a          100091a        0     1                 
         100091c          100091c        0     1                 
         100091e          100091e        0     1                 
         1000922          1000922        0     1                 
         1000924          1000924        0     1                 .LBB7_6
         1000924          1000924        0     1                 
         1000924          1000924        0     1                 
         1000928          1000928        0     1                 
         100092a          100092a        0     1                 
         100092a          100092a        0     1                 
         100092a          100092a        0     1                 
         100092a          100092a        0     1                 
         100092a          100092a        0     1                 
         100092a          100092a       1e     1                 strchr
         100092e          100092e        0     1                 
         100092e          100092e        0     1                 
         1000930          1000930        0     1                 
         1000934          1000934        0     1                 
         1000934          1000934        0     1                 .LBB8_2
         1000934          1000934        0     1                 
         1000938          1000938        0     1                 
         100093c          100093c        0     1                 
         1000940          1000940        0     1                 
         1000942          1000942        0     1                 
         1000944          1000944        0     1                 .LBB8_4
         1000944          1000944        0     1                 
         1000946          1000946        0     1                 .LBB8_5
         1000946          1000946        0     1                 
         1000946          1000946        0     1                 
         1000948          1000948        0     1                 
         1000948          1000948        0     1                 
         1000948          1000948        0     1                 
         1000948          1000948        0     1                 
         1000948          1000948        0     1                 .Lpcrel_hi0
         1000948          1000948        0     1                 
         1000948          1000948       94     1                 strtok
         100094c          100094c        0     1                 
         100094e          100094e        0     1                 
         1000954          1000954        0     1                 .LBB9_2
         1000954          1000954        0     1                 
         1000958          1000958        0     1                 
         1000958          1000958        0     1                 
         100095a          100095a        0     1                 .LBB9_3
         100095a          100095a        0     1                 
         100095e          100095e        0     1                 
         1000960          1000960        0     1                 
         1000964          1000964        0     1                 
         100096a          100096a        0     1                 
         100096a          100096a        0     1                 .LBB9_5
         100096a          100096a        0     1                 
         100096e          100096e        0     1                 
         1000976          1000976        0     1                 
         1000976          1000976        0     1                 .LBB9_7
         1000976          1000976        0     1                 
         100097a          100097a        0     1                 
         100097e          100097e        0     1                 
         100097e          100097e        0     1                 
         1000982          1000982        0     1                 
         1000984          1000984        0     1                 
         1000988          1000988        0     1                 .LBB9_9
         1000988          1000988        0     1                 
         1000988          1000988        0     1                 
         1000990          1000990        0     1                 
         1000996          1000996        0     1                 
         1000998          1000998        0     1                 .LBB9_10
         1000998          1000998        0     1                 
         100099a          100099a        0     1                 
         100099c          100099c        0     1                 .LBB9_11
         100099c          100099c        0     1                 
         100099e          100099e        0     1                 .LBB9_12
         100099e          100099e        0     1                 
         10009a4          10009a4        0     1                 
         10009a4          10009a4        0     1                 .LBB9_13
         10009a4          10009a4        0     1                 
         10009a8          10009a8        0     1                 
         10009ac          10009ac        0     1                 .LBB9_14
         10009ac          10009ac        0     1                 
         10009bc          10009bc        0     1                 .LBB9_16
         10009bc          10009bc        0     1                 
         10009bc          10009bc        0     1                 
         10009c4          10009c4        0     1                 
         10009c4          10009c4        0     1                 
         10009c8          10009c8        0     1                 
         10009ca          10009ca        0     1                 
         10009ca          10009ca        0     1                 
         10009ce          10009ce        0     1                 .LBB9_18
         10009ce          10009ce        0     1                 
         10009ce          10009ce        0     1                 
         10009d2          10009d2        0     1                 .LBB9_19
         10009d2          10009d2        0     1                 
         10009d6          10009d6        0     1                 .LBB9_20
         10009d6          10009d6        0     1                 
         10009d8          10009d8        0     1                 .LBB9_21
         10009d8          10009d8        0     1                 
         10009dc          10009dc        0     1                 
         10009dc          10009dc        0     1                 
         10009dc          10009dc        0     1                 
         10009dc          10009dc        0     1                 
         10009dc          10009dc        0     1                 
         10009dc          10009dc       18     1                 memcpy
         10009e0          10009e0        0     1                 
         10009e0          10009e0        0     1                 
         10009e2          10009e2        0     1                 
         10009e2          10009e2        0     1                 .LBB10_2
         10009e2          10009e2        0     1                 
         10009e6          10009e6        0     1                 
         10009ea          10009ea        0     1                 
         10009ea          10009ea        0     1                 
         10009ec          10009ec        0     1                 
         10009ee          10009ee        0     1                 
         10009f2          10009f2        0     1                 .LBB10_3
         10009f2          10009f2        0     1                 
         10009f2          10009f2        0     1                 
         10009f4          10009f4        0     1                 
         10009f4          10009f4        0     1                 
         10009f4          10009f4        0     1                 
         10009f4          10009f4        0     1                 
         10009f4          10009f4        0     1                 
         10009f4          10009f4       12     1                 memset
         10009f8          10009f8        0     1                 
         10009f8          10009f8        0     1                 
         10009fa          10009fa        0     1                 
         10009fa          10009fa        0     1                 .LBB11_2
         10009fa          10009fa        0     1                 
         10009fe          10009fe        0     1                 
         10009fe          10009fe        0     1                 
         1000a00          1000a00        0     1                 
         1000a00          1000a00        0     1                 
         1000a04          1000a04        0     1                 .LBB11_3
         1000a04          1000a04        0     1                 
         1000a04          1000a04        0     1                 
         1000a06          1000a06        0     1                 
         1000a06          1000a06        0     1                 
         1000a06          1000a06       b2     2         user/lib/libuser.a(syscall.o):(.text)
         1000a06          1000a06        0     1                 
         1000a06          1000a06        0     1                 
         1000a06          1000a06        0     1                 $x.0
         1000a06          1000a06        0     1                 
         1000a06          1000a06       10     1                 syscall
         1000a08          1000a08        0     1                 
         1000a14          1000a14        0     1                 
         1000a16          1000a16        0     1                 
         1000a16          1000a16        0     1                 
         1000a16          1000a16        0     1                 
         1000a16          1000a16        a     1                 read
         1000a1e          1000a1e        0     1                 
         1000a20          1000a20        0     1                 
         1000a20          1000a20        0     1                 
         1000a20          1000a20        0     1                 
         1000a20          1000a20        c     1                 write
         1000a28          1000a28        0     1                 
         1000a2c          1000a2c        0     1                 
         1000a2c          1000a2c        0     1                 
         1000a2c          1000a2c        0     1                 
         1000a2c          1000a2c       10     1                 cls
         1000a3a          1000a3a        0     1                 
         1000a3c          1000a3c        0     1                 
         1000a3c          1000a3c        0     1                 
         1000a3c          1000a3c        0     1                 
         1000a3c          1000a3c       10     1                 yield
         1000a4a          1000a4a        0     1                 
         1000a4c          1000a4c        0     1                 
         1000a4c          1000a4c        0     1                 
         1000a4c          1000a4c        0     1                 
         1000a4c          1000a4c       12     1                 fork
         1000a5a          1000a5a        0     1                 
         1000a5e          1000a5e        0     1                 
         1000a5e          1000a5e        0     1                 
         1000a5e          1000a5e        0     1                 
         1000a5e          1000a5e        c     1                 exec
         1000a66          1000a66        0     1                 
         1000a6a          1000a6a        0     1                 
         1000a6a          1000a6a        0     1                 
         1000a6a          1000a6a        0     1                 
         1000a6a          1000a6a        e     1                 exit
         1000a76          1000a76        0     1                 .LBB7_1
         1000a76          1000a76        0     1                 
         1000a78          1000a78        0     1                 
         1000a78          1000a78        0     1                 
         1000a78          1000a78        0     1                 
         1000a78          1000a78        0     1                 
         1000a78          1000a78        0     1                 
         1000a78          1000a78       10     1                 wait
         1000a84          1000a84        0     1                 
         1000a84          1000a84        0     1                 
         1000a88          1000a88        0     1                 
         1000a88          1000a88        0     1                 
         1000a88          1000a88        0     1                 
         1000a88          1000a88       10     1                 tarfs_exists
         1000a94          1000a94        0     1                 
         1000a94          1000a94        0     1                 
         1000a98          1000a98        0     1                 
         1000a98          1000a98        0     1                 
         1000a98          1000a98        0     1                 
         1000a98          1000a98       10     1                 ps
         1000aa6          1000aa6        0     1                 
         1000aa6          1000aa6        0     1                 
         1000aa8          1000aa8        0     1                 
         1000aa8          1000aa8        0     1                 
         1000aa8          1000aa8        0     1                 
         1000aa8          1000aa8       10     1                 ls
         1000ab6          1000ab6        0     1                 
         1000ab6          1000ab6        0     1                 
         1000ab8          1000ab8        0     1                 
         1000ab8          1000ab8      310     8 .rodata
         1000ab8          1000ab8      260     1         <internal>:(.rodata.str1.1)
         1000d18          1000d18       b0     8         user/lib/libuser.a(printf.o):(.rodata)
         1000d18          1000d18        0     1                 .LJTI4_0
         1000d18          1000d18        0     1                 $d.1
         1000dc8          1000dc8        8     8 .bss
         1000dc8          1000dc8        8     8         user/lib/libuser.a(string.o):(.sbss)
         1000dc8          1000dc8        8     1                 strtok.saved
         1000dc8          1000dc8        0     1                 $d.1
         1000dd0          1000dd0        0     1         
         1000dd0          1000dd0     f230     1 . = 0x1010000
         1010000          1010000    10000     1 .stack
         1010000          1010000        0     1         __user_stack_bottom = .
         1010000          1010000    10000     1         . += 64 * 1024
         1020000          1020000        0     1         __user_stack_top = .
         1020000          1020000        0     1 . = ALIGN ( 4096 )
         1020000          1020000        0     1 __user_heap_start = 0x03000000
         1020000          1020000  2000000     1 . += 32 * 1024 * 1024
         3020000          3020000        0     1 __user_heap_end = .
               0                0     1a4a     1 .debug_info
               0                0       96     1         user/bin/init_crt0.o:(.debug_info)
               0                0        0     1                 
               0                0        0     1                 $d.4
              96               96      729     1         user/bin/shell.o:(.debug_info)
              96               96        0     1                 $d.4
             7bf              7bf      79d     1         user/lib/libuser.a(printf.o):(.debug_info)
             7bf              7bf        0     1                 $d.5
             f5c              f5c      49c     1         user/lib/libuser.a(string.o):(.debug_info)
             f5c              f5c        0     1                 $d.4
            13f8             13f8      652     1         user/lib/libuser.a(syscall.o):(.debug_info)
            13f8             13f8        0     1                 $d.3
               0                0      57b     1 .debug_abbrev
               0                0       21     1         user/bin/init_crt0.o:(.debug_abbrev)
               0                0        0     1                 
               0                0        0     1                 $d.3
              21               21      134     1         user/bin/shell.o:(.debug_abbrev)
              21               21        0     1                 $d.3
             155              155      1d2     1         user/lib/libuser.a(printf.o):(.debug_abbrev)
             155              155        0     1                 $d.4
             327              327      119     1         user/lib/libuser.a(string.o):(.debug_abbrev)
             327              327        0     1                 $d.3
             440              440      13b     1         user/lib/libuser.a(syscall.o):(.debug_abbrev)
             440              440        0     1                 $d.2
               0                0       30     1 .debug_aranges
               0                0       30     1         user/bin/init_crt0.o:(.debug_aranges)
               0                0        0     1                 $d.2
               0                0     11ec     1 .debug_line
               0                0       54     1         user/bin/init_crt0.o:(.debug_line)
               0                0        0     1                 .Lline_table_start0
               0                0        0     1                 $d.5
              54               54      3c4     1         user/bin/shell.o:(.debug_line)
              54               54        0     1                 .Lline_table_start0
              54               54        0     1                 $d.9
             418              418      6f9     1         user/lib/libuser.a(printf.o):(.debug_line)
             418              418        0     1                 .Lline_table_start0
             418              418        0     1                 $d.11
             b11              b11      581     1         user/lib/libuser.a(string.o):(.debug_line)
             b11              b11        0     1                 .Lline_table_start0
             b11              b11        0     1                 $d.10
            1092             1092      15a     1         user/lib/libuser.a(syscall.o):(.debug_line)
            1092             1092        0     1                 .Lline_table_start0
            1092             1092        0     1                 $d.8
               0                0     1610     1 .debug_loc
               0                0      182     1         user/bin/shell.o:(.debug_loc)
               0                0        0     1                 
               0                0        0     1                 $d.2
              38               38        0     1                 
              6e               6e        0     1                 
              a6               a6        0     1                 
              cb               cb        0     1                 
             103              103        0     1                 
             139              139        0     1                 
             182              182      b12     1         user/lib/libuser.a(printf.o):(.debug_loc)
             182              182        0     1                 
             182              182        0     1                 $d.3
             1b8              1b8        0     1                 
             1ee              1ee        0     1                 
             224              224        0     1                 
             247              247        0     1                 
             2a7              2a7        0     1                 
             2cf              2cf        0     1                 
             2f4              2f4        0     1                 
             317              317        0     1                 
             360              360        0     1                 
             383              383        0     1                 
             3b9              3b9        0     1                 
             3ef              3ef        0     1                 
             425              425        0     1                 
             498              498        0     1                 
             4bd              4bd        0     1                 
             4e0              4e0        0     1                 
             503              503        0     1                 
             526              526        0     1                 
             549              549        0     1                 
             69c              69c        0     1                 
             6c1              6c1        0     1                 
             70c              70c        0     1                 
             785              785        0     1                 
             7a8              7a8        0     1                 
             808              808        0     1                 
             842              842        0     1                 
             8c0              8c0        0     1                 
             91c              91c        0     1                 
             944              944        0     1                 
             97e              97e        0     1                 
             9de              9de        0     1                 
             a3e              a3e        0     1                 
             a74              a74        0     1                 
             ab8              ab8        0     1                 
             b14              b14        0     1                 
             b37              b37        0     1                 
             b6d              b6d        0     1                 
             bb6              bb6        0     1                 
             bfa              bfa        0     1                 
             c22              c22        0     1                 
             c47              c47        0     1                 
             c6f              c6f        0     1                 
             c94              c94      5ea     1         user/lib/libuser.a(string.o):(.debug_loc)
             c94              c94        0     1                 
             c94              c94        0     1                 $d.2
             cf2              cf2        0     1                 
             d15              d15        0     1                 
             d38              d38        0     1                 
             d5b              d5b        0     1                 
             d7e              d7e        0     1                 
             da2              da2        0     1                 
             dc5              dc5        0     1                 
             dfc              dfc        0     1                 
             e45              e45        0     1                 
             e90              e90        0     1                 
             ec6              ec6        0     1                 
             f0f              f0f        0     1                 
             f32              f32        0     1                 
             f69              f69        0     1                 
             f8c              f8c        0     1                 
             fc2              fc2        0     1                 
            1035             1035        0     1                 
            1058             1058        0     1                 
            107b             107b        0     1                 
            109e             109e        0     1                 
            10c1             10c1        0     1                 
            110c             110c        0     1                 
            1144             1144        0     1                 
            1167             1167        0     1                 
            118a             118a        0     1                 
            11ad             11ad        0     1                 
            1204             1204        0     1                 
            1227             1227        0     1                 
            127e             127e      392     1         user/lib/libuser.a(syscall.o):(.debug_loc)
            127e             127e        0     1                 
            127e             127e        0     1                 $d.1
            12b4             12b4        0     1                 
            12fd             12fd        0     1                 
            1333             1333        0     1                 
            1369             1369        0     1                 
            13b2             13b2        0     1                 
            13e8             13e8        0     1                 
            141e             141e        0     1                 
            1454             1454        0     1                 
            1477             1477        0     1                 
            149a             149a        0     1                 
            14be             14be        0     1                 
            14e2             14e2        0     1                 
            1519             1519        0     1                 
            153c             153c        0     1                 
            155f             155f        0     1                 
            1582             1582        0     1                 
            15a5             15a5        0     1                 
            15c8             15c8        0     1                 
            15ec             15ec        0     1                 
               0                0      30b     1 .debug_str
               0                0      30b     1         <internal>:(.debug_str)
               0                0       42     1 .comment
               0                0       42     1         <internal>:(.comment)
               0                0      3b8     8 .debug_frame
               0                0       70     8         user/bin/shell.o:(.debug_frame)
               0                0        0     1                 
               0                0        0     1                 $d.8
              70               70       d8     8         user/lib/libuser.a(printf.o):(.debug_frame)
              70               70        0     1                 
              70               70        0     1                 $d.10
             148              148      138     8         user/lib/libuser.a(string.o):(.debug_frame)
             148              148        0     1                 
             148              148        0     1                 $d.9
             280              280      138     8         user/lib/libuser.a(syscall.o):(.debug_frame)
             280              280        0     1                 
             280              280        0     1                 $d.7
               0                0      160     1 .debug_ranges
               0                0      130     1         user/lib/libuser.a(printf.o):(.debug_ranges)
               0                0        0     1                 
               0                0        0     1                 $d.6
              70               70        0     1                 
              a0               a0        0     1                 
              d0               d0        0     1                 
             100              100        0     1                 
             130              130       30     1         user/lib/libuser.a(string.o):(.debug_ranges)
             130              130        0     1                 
             130              130        0     1                 $d.5
               0                0     72a8     8 .symtab
               0                0     72a8     8         <internal>:(.symtab)
               0                0       a4     1 .shstrtab
               0                0       a4     1         <internal>:(.shstrtab)
               0                0      23c     1 .strtab
               0                0      23c     1         <internal>:(.strtab)
