             VMA              LMA     Size Align Out     In      Symbol
               0                0  1000000     1 . = 0x1000000
         1000000          1000000      7d6     2 .text
         1000000          1000000        8     1         user/bin/crt0.o:(.text.start)
         1000000          1000000        0     1                 
         1000000          1000000        0     1                 $x.0
         1000000          1000000        0     1                 
         1000000          1000000        0     1                 start
         1000004          1000004        0     1                 
         1000008          1000008        0     1                 
         1000008          1000008        0     2         user/bin/crt0.o:(.text)
         1000008          1000008       1a     2         user/bin/testb.o:(.text)
         1000008          1000008        0     1                 
         1000008          1000008        0     1                 
         1000008          1000008        0     1                 $x.0
         1000008          1000008        0     1                 
         1000008          1000008       1a     1                 main
         100000c          100000c        0     1                 .Lpcrel_hi0
         100000c          100000c        0     1                 
         1000018          1000018        0     1                 
         1000018          1000018        0     1                 .LBB0_1
         1000018          1000018        0     1                 
         1000020          1000020        0     1                 
         1000020          1000020        0     1                 
         1000022          1000022        0     1                 
         1000022          1000022        0     1                 
         1000022          1000022      4d2     2         user/lib/libuser.a(printf.o):(.text)
         1000022          1000022        0     1                 
         1000022          1000022        0     1                 
         1000022          1000022        0     1                 $x.0
         1000022          1000022        0     1                 
         1000022          1000022        c     1                 putc
         1000024          1000024        0     1                 
         100002e          100002e        0     1                 
         100002e          100002e        0     1                 
         100002e          100002e        0     1                 
         100002e          100002e        0     1                 
         100002e          100002e        0     1                 
         100002e          100002e        0     1                 
         100002e          100002e       1a     1                 puts
         1000036          1000036        0     1                 
         1000036          1000036        0     1                 
         100003a          100003a        0     1                 
         100003c          100003c        0     1                 
         1000044          1000044        0     1                 
         1000044          1000044        0     1                 
         1000048          1000048        0     1                 
         1000048          1000048        0     1                 
         1000048          1000048        0     1                 
         1000048          1000048        0     1                 
         1000048          1000048        0     1                 
         1000048          1000048        0     1                 
         1000048          1000048       8e     1                 puthex
         1000050          1000050        0     1                 
         1000050          1000050        0     1                 
         1000054          1000054        0     1                 
         1000056          1000056        0     1                 
         1000058          1000058        0     1                 .Lpcrel_hi0
         1000068          1000068        0     1                 
         1000068          1000068        0     1                 .LBB2_2
         1000068          1000068        0     1                 
         100006c          100006c        0     1                 
         1000072          1000072        0     1                 
         1000072          1000072        0     1                 
         100007a          100007a        0     1                 
         100007a          100007a        0     1                 
         1000080          1000080        0     1                 
         1000086          1000086        0     1                 
         1000088          1000088        0     1                 
         1000088          1000088        0     1                 
         100008c          100008c        0     1                 .LBB2_4
         100008c          100008c        0     1                 
         100008c          100008c        0     1                 
         1000090          1000090        0     1                 
         1000090          1000090        0     1                 
         1000096          1000096        0     1                 .LBB2_5
         1000096          1000096        0     1                 
         1000096          1000096        0     1                 
         1000098          1000098        0     1                 
         100009c          100009c        0     1                 
         100009c          100009c        0     1                 
         10000a0          10000a0        0     1                 
         10000a0          10000a0        0     1                 .LBB2_6
         10000a0          10000a0        0     1                 
         10000b0          10000b0        0     1                 
         10000b0          10000b0        0     1                 
         10000b2          10000b2        0     1                 
         10000b4          10000b4        0     1                 .LBB2_7
         10000b4          10000b4        0     1                 
         10000b4          10000b4        0     1                 
         10000b6          10000b6        0     1                 
         10000b6          10000b6        0     1                 
         10000ba          10000ba        0     1                 
         10000bc          10000bc        0     1                 
         10000bc          10000bc        0     1                 
         10000c2          10000c2        0     1                 
         10000c4          10000c4        0     1                 
         10000cc          10000cc        0     1                 
         10000cc          10000cc        0     1                 
         10000d0          10000d0        0     1                 
         10000d2          10000d2        0     1                 
         10000d2          10000d2        0     1                 
         10000d6          10000d6        0     1                 
         10000d6          10000d6        0     1                 
         10000d6          10000d6        0     1                 
         10000d6          10000d6        0     1                 
         10000d6          10000d6        0     1                 
         10000d6          10000d6       dc     1                 putpad
         10000e6          10000e6        0     1                 
         10000e8          10000e8        0     1                 
         10000e8          10000e8        0     1                 
         10000f4          10000f4        0     1                 
         10000f8          10000f8        0     1                 
         10000fc          10000fc        0     1                 
         10000fc          10000fc        0     1                 
         1000100          1000100        0     1                 
         1000104          1000104        0     1                 .LBB3_2
         1000104          1000104        0     1                 
         1000104          1000104        0     1                 
         1000106          1000106        0     1                 
         100010c          100010c        0     1                 
         100010e          100010e        0     1                 
         100010e          100010e        0     1                 .LBB3_4
         100010e          100010e        0     1                 
         100011e          100011e        0     1                 
         100011e          100011e        0     1                 
         1000122          1000122        0     1                 
         1000126          1000126        0     1                 .LBB3_6
         1000126          1000126        0     1                 
         1000128          1000128        0     1                 
         1000128          1000128        0     1                 
         1000130          1000130        0     1                 
         1000130          1000130        0     1                 
         1000136          1000136        0     1                 
         100013c          100013c        0     1                 
         100013e          100013e        0     1                 
         1000142          1000142        0     1                 .LBB3_8
         1000142          1000142        0     1                 
         1000142          1000142        0     1                 
         1000146          1000146        0     1                 
         1000146          1000146        0     1                 
         100014c          100014c        0     1                 .LBB3_9
         100014c          100014c        0     1                 
         100014c          100014c        0     1                 
         100014e          100014e        0     1                 
         1000150          1000150        0     1                 
         1000150          1000150        0     1                 
         1000154          1000154        0     1                 
         1000154          1000154        0     1                 
         100015c          100015c        0     1                 
         1000164          1000164        0     1                 .LBB3_11
         1000164          1000164        0     1                 
         1000164          1000164        0     1                 
         1000168          1000168        0     1                 
         1000174          1000174        0     1                 .LBB3_14
         1000174          1000174        0     1                 
         1000178          1000178        0     1                 
         100017a          100017a        0     1                 
         100017a          100017a        0     1                 .LBB3_15
         100017a          100017a        0     1                 
         1000188          1000188        0     1                 
         1000188          1000188        0     1                 
         100018a          100018a        0     1                 
         100018c          100018c        0     1                 .LBB3_16
         100018c          100018c        0     1                 
         100018c          100018c        0     1                 
         100018e          100018e        0     1                 
         100018e          100018e        0     1                 
         1000190          1000190        0     1                 
         1000192          1000192        0     1                 
         1000192          1000192        0     1                 
         1000198          1000198        0     1                 
         100019a          100019a        0     1                 
         10001a2          10001a2        0     1                 
         10001a2          10001a2        0     1                 
         10001a6          10001a6        0     1                 
         10001aa          10001aa        0     1                 
         10001ac          10001ac        0     1                 
         10001ae          10001ae        0     1                 
         10001ae          10001ae        0     1                 
         10001b2          10001b2        0     1                 
         10001b2          10001b2        0     1                 
         10001b2          10001b2        0     1                 
         10001b2          10001b2        0     1                 
         10001b2          10001b2        0     1                 
         10001b2          10001b2      342     1                 printf
         10001d0          10001d0        0     1                 
         10001e0          10001e0        0     1                 
         1000204          1000204        0     1                 
         1000204          1000204        0     1                 .LBB4_1
         1000204          1000204        0     1                 
         1000206          1000206        0     1                 .LBB4_2
         100020a          100020a        0     1                 .LBB4_3
         100020e          100020e        0     1                 
         100020e          100020e        0     1                 
         1000212          1000212        0     1                 .LBB4_4
         1000212          1000212        0     1                 
         1000212          1000212        0     1                 
         1000216          1000216        0     1                 
         100021e          100021e        0     1                 
         100021e          100021e        0     1                 
         100022a          100022a        0     1                 
         100022a          100022a        0     1                 
         100022c          100022c        0     1                 
         100022e          100022e        0     1                 .LBB4_7
         100022e          100022e        0     1                 
         100022e          100022e        0     1                 
         1000232          1000232        0     1                 
         1000236          1000236        0     1                 
         1000236          1000236        0     1                 
         100023a          100023a        0     1                 
         100023c          100023c        0     1                 .LBB4_9
         100023c          100023c        0     1                 
         1000240          1000240        0     1                 .LBB4_10
         100024a          100024a        0     1                 
         100024a          100024a        0     1                 
         100024e          100024e        0     1                 
         100025c          100025c        0     1                 
         100025e          100025e        0     1                 
         100025e          100025e        0     1                 .LBB4_12
         100025e          100025e        0     1                 
         1000266          1000266        0     1                 
         100026a          100026a        0     1                 
         100026a          100026a        0     1                 
         100026c          100026c        0     1                 
         1000270          1000270        0     1                 
         1000270          1000270        0     1                 
         1000278          1000278        0     1                 
         100027c          100027c        0     1                 
         100027c          100027c        0     1                 
         100027e          100027e        0     1                 
         1000282          1000282        0     1                 .LBB4_13
         1000282          1000282        0     1                 
         1000282          1000282        0     1                 
         1000286          1000286        0     1                 
         1000286          1000286        0     1                 
         100028a          100028a        0     1                 
         100028e          100028e        0     1                 
         1000294          1000294        0     1                 
         1000296          1000296        0     1                 
         1000296          1000296        0     1                 
         1000298          1000298        0     1                 
         1000298          1000298        0     1                 
         10002a2          10002a2        0     1                 .LBB4_16
         10002a2          10002a2        0     1                 
         10002a2          10002a2        0     1                 
         10002a6          10002a6        0     1                 
         10002a6          10002a6        0     1                 
         10002ae          10002ae        0     1                 .LBB4_17
         10002b0          10002b0        0     1                 .Lpcrel_hi1
         10002bc          10002bc        0     1                 .Lpcrel_hi2
         10002c6          10002c6        0     1                 .LBB4_18
         10002c6          10002c6        0     1                 
         10002d2          10002d2        0     1                 
         10002d4          10002d4        0     1                 .LBB4_19
         10002d4          10002d4        0     1                 
         10002d8          10002d8        0     1                 
         10002da          10002da        0     1                 
         10002da          10002da        0     1                 
         10002e2          10002e2        0     1                 .LBB4_20
         10002e6          10002e6        0     1                 
         10002e6          10002e6        0     1                 
         10002f0          10002f0        0     1                 .LBB4_22
         10002f0          10002f0        0     1                 
         10002f0          10002f0        0     1                 
         1000300          1000300        0     1                 
         1000300          1000300        0     1                 
         1000304          1000304        0     1                 .LBB4_23
         1000304          1000304        0     1                 
         1000304          1000304        0     1                 
         1000308          1000308        0     1                 .LBB4_24
         1000310          1000310        0     1                 
         1000310          1000310        0     1                 
         1000314          1000314        0     1                 
         1000314          1000314        0     1                 
         1000316          1000316        0     1                 
         1000316          1000316        0     1                 .LBB4_25
         1000316          1000316        0     1                 .Lpcrel_hi4
         1000316          1000316        0     1                 
         100031e          100031e        0     1                 
         1000324          1000324        0     1                 
         1000326          1000326        0     1                 
         100032e          100032e        0     1                 
         100032e          100032e        0     1                 
         1000338          1000338        0     1                 
         1000338          1000338        0     1                 
         100033c          100033c        0     1                 
         100033c          100033c        0     1                 
         100033e          100033e        0     1                 
         100033e          100033e        0     1                 
         1000342          1000342        0     1                 
         1000342          1000342        0     1                 .LBB4_27
         1000344          1000344        0     1                 
         1000344          1000344        0     1                 
         1000346          1000346        0     1                 
         100034c          100034c        0     1                 
         100034c          100034c        0     1                 
         1000354          1000354        0     1                 
         1000354          1000354        0     1                 
         1000358          1000358        0     1                 
         100035a          100035a        0     1                 
         100035e          100035e        0     1                 
         100035e          100035e        0     1                 
         1000362          1000362        0     1                 .LBB4_29
         1000362          1000362        0     1                 
         1000362          1000362        0     1                 
         100036a          100036a        0     1                 
         100036a          100036a        0     1                 
         1000370          1000370        0     1                 
         1000370          1000370        0     1                 .LBB4_30
         1000370          1000370        0     1                 
         1000372          1000372        0     1                 
         1000374          1000374        0     1                 
         100037e          100037e        0     1                 
         1000380          1000380        0     1                 
         1000380          1000380        0     1                 
         1000382          1000382        0     1                 
         1000382          1000382        0     1                 
         1000386          1000386        0     1                 
         1000386          1000386        0     1                 
         1000388          1000388        0     1                 
         100038c          100038c        0     1                 
         100038c          100038c        0     1                 .LBB4_33
         100038e          100038e        0     1                 
         100038e          100038e        0     1                 
         1000390          1000390        0     1                 
         1000396          1000396        0     1                 
         1000396          1000396        0     1                 
         100039e          100039e        0     1                 
         100039e          100039e        0     1                 
         10003a2          10003a2        0     1                 
         10003a4          10003a4        0     1                 
         10003a8          10003a8        0     1                 
         10003a8          10003a8        0     1                 
         10003ae          10003ae        0     1                 
         10003ae          10003ae        0     1                 .LBB4_35
         10003ae          10003ae        0     1                 
         10003b8          10003b8        0     1                 
         10003b8          10003b8        0     1                 
         10003ba          10003ba        0     1                 .Lpcrel_hi3
         10003ba          10003ba        0     1                 
         10003c2          10003c2        0     1                 .LBB4_37
         10003c2          10003c2        0     1                 
         10003c2          10003c2        0     1                 
         10003c8          10003c8        0     1                 
         10003ca          10003ca        0     1                 
         10003d2          10003d2        0     1                 
         10003d2          10003d2        0     1                 
         10003d6          10003d6        0     1                 
         10003d6          10003d6        0     1                 
         10003d8          10003d8        0     1                 
         10003d8          10003d8        0     1                 .LBB4_38
         10003e0          10003e0        0     1                 
         10003e4          10003e4        0     1                 
         10003e8          10003e8        0     1                 
         10003ec          10003ec        0     1                 .LBB4_41
         10003ec          10003ec        0     1                 
         10003f4          10003f4        0     1                 
         10003f6          10003f6        0     1                 
         10003f8          10003f8        0     1                 .LBB4_43
         10003f8          10003f8        0     1                 
         10003fc          10003fc        0     1                 .LBB4_44
         10003fc          10003fc        0     1                 
         10003fc          10003fc        0     1                 
         1000400          1000400        0     1                 
         1000400          1000400        0     1                 
         1000404          1000404        0     1                 
         1000404          1000404        0     1                 
         1000406          1000406        0     1                 
         1000408          1000408        0     1                 
         100040a          100040a        0     1                 
         100040a          100040a        0     1                 .LBB4_46
         100040c          100040c        0     1                 
         100040c          100040c        0     1                 
         100040e          100040e        0     1                 
         1000414          1000414        0     1                 
         1000414          1000414        0     1                 
         100041c          100041c        0     1                 
         100041c          100041c        0     1                 
         1000420          1000420        0     1                 
         1000422          1000422        0     1                 
         1000426          1000426        0     1                 
         1000426          1000426        0     1                 
         100042c          100042c        0     1                 .LBB4_48
         100042c          100042c        0     1                 
         100042c          100042c        0     1                 
         1000434          1000434        0     1                 
         1000434          1000434        0     1                 
         1000436          1000436        0     1                 .LBB4_49
         1000436          1000436        0     1                 
         1000436          1000436        0     1                 
         1000438          1000438        0     1                 
         1000438          1000438        0     1                 .LBB4_50
         1000438          1000438        0     1                 
         1000448          1000448        0     1                 
         1000448          1000448        0     1                 
         100044a          100044a        0     1                 
         100044c          100044c        0     1                 .LBB4_51
         100044c          100044c        0     1                 
         100044c          100044c        0     1                 
         100044e          100044e        0     1                 
         100044e          100044e        0     1                 
         1000454          1000454        0     1                 
         1000456          1000456        0     1                 
         100045e          100045e        0     1                 
         100045e          100045e        0     1                 
         1000462          1000462        0     1                 
         1000462          1000462        0     1                 
         1000466          1000466        0     1                 .LBB4_52
         1000466          1000466        0     1                 
         1000466          1000466        0     1                 
         100046a          100046a        0     1                 .LBB4_53
         100046a          100046a        0     1                 
         1000470          1000470        0     1                 .LBB4_54
         1000470          1000470        0     1                 
         1000470          1000470        0     1                 
         1000476          1000476        0     1                 .LBB4_55
         1000476          1000476        0     1                 
         1000476          1000476        0     1                 
         1000478          1000478        0     1                 
         100047c          100047c        0     1                 
         100047c          100047c        0     1                 
         1000480          1000480        0     1                 
         1000480          1000480        0     1                 .LBB4_56
         1000480          1000480        0     1                 
         1000490          1000490        0     1                 
         1000490          1000490        0     1                 
         1000492          1000492        0     1                 
         1000496          1000496        0     1                 .LBB4_57
         1000496          1000496        0     1                 
         1000496          1000496        0     1                 
         100049c          100049c        0     1                 .LBB4_58
         100049c          100049c        0     1                 
         100049c          100049c        0     1                 
         100049e          100049e        0     1                 
         10004a2          10004a2        0     1                 
         10004a2          10004a2        0     1                 
         10004a6          10004a6        0     1                 
         10004a6          10004a6        0     1                 .LBB4_59
         10004a6          10004a6        0     1                 
         10004b6          10004b6        0     1                 
         10004b6          10004b6        0     1                 
         10004b8          10004b8        0     1                 
         10004ba          10004ba        0     1                 .LBB4_60
         10004ba          10004ba        0     1                 
         10004ba          10004ba        0     1                 
         10004bc          10004bc        0     1                 
         10004c0          10004c0        0     1                 
         10004c0          10004c0        0     1                 
         10004c6          10004c6        0     1                 
         10004c8          10004c8        0     1                 
         10004d0          10004d0        0     1                 
         10004d0          10004d0        0     1                 
         10004d6          10004d6        0     1                 .LBB4_61
         10004d6          10004d6        0     1                 
         10004e8          10004e8        0     1                 
         10004f0          10004f0        0     1                 
         10004f4          10004f4        0     1                 
         10004f4          10004f4        0     1                 
         10004f4          10004f4      230     2         user/lib/libuser.a(string.o):(.text)
         10004f4          10004f4        0     1                 
         10004f4          10004f4        0     1                 
         10004f4          10004f4        0     1                 $x.0
         10004f4          10004f4        0     1                 
         10004f4          10004f4       2e     1                 strcmp
         10004f8          10004f8        0     1                 
         10004fa          10004fa        0     1                 
         10004fc          10004fc        0     1                 
         10004fc          10004fc        0     1                 .LBB0_2
         10004fc          10004fc        0     1                 
         1000500          1000500        0     1                 
         1000504          1000504        0     1                 
         1000508          1000508        0     1                 
         1000508          1000508        0     1                 
         100050c          100050c        0     1                 
         100050e          100050e        0     1                 
         1000510          1000510        0     1                 
         1000512          1000512        0     1                 .LBB0_4
         1000512          1000512        0     1                 
         1000518          1000518        0     1                 .LBB0_5
         1000518          1000518        0     1                 
         1000518          1000518        0     1                 
         100051a          100051a        0     1                 .LBB0_6
         100051a          100051a        0     1                 
         100051a          100051a        0     1                 
         100051e          100051e        0     1                 
         100051e          100051e        0     1                 
         1000520          1000520        0     1                 
         1000522          1000522        0     1                 
         1000522          1000522        0     1                 
         1000522          1000522        0     1                 
         1000522          1000522        0     1                 
         1000522          1000522        0     1                 
         1000522          1000522       2e     1                 strncmp
         1000524          1000524        0     1                 
         1000526          1000526        0     1                 
         1000528          1000528        0     1                 
         100052c          100052c        0     1                 
         100052c          100052c        0     1                 .LBB1_2
         100052c          100052c        0     1                 
         1000530          1000530        0     1                 
         1000534          1000534        0     1                 
         1000538          1000538        0     1                 
         100053a          100053a        0     1                 
         100053c          100053c        0     1                 
         100053e          100053e        0     1                 
         1000546          1000546        0     1                 .LBB1_5
         1000546          1000546        0     1                 
         1000546          1000546        0     1                 
         100054a          100054a        0     1                 .LBB1_6
         100054a          100054a        0     1                 
         100054a          100054a        0     1                 
         100054e          100054e        0     1                 
         100054e          100054e        0     1                 
         1000550          1000550        0     1                 
         1000550          1000550        0     1                 
         1000550          1000550        0     1                 
         1000550          1000550        0     1                 
         1000550          1000550        0     1                 
         1000550          1000550       14     1                 strlen
         1000552          1000552        0     1                 
         1000552          1000552        0     1                 .LBB2_1
         1000552          1000552        0     1                 
         100055a          100055a        0     1                 
         100055c          100055c        0     1                 
         100055e          100055e        0     1                 
         1000562          1000562        0     1                 
         1000564          1000564        0     1                 
         1000564          1000564        0     1                 
         1000564          1000564        0     1                 
         1000564          1000564        0     1                 
         1000564          1000564        0     1                 
         1000564          1000564       1e     1                 strnlen
         1000566          1000566        0     1                 
         1000568          1000568        0     1                 
         100056a          100056a        0     1                 
         100056a          100056a        0     1                 .LBB3_2
         100056a          100056a        0     1                 
         1000572          1000572        0     1                 
         1000574          1000574        0     1                 
         1000576          1000576        0     1                 
         100057a          100057a        0     1                 
         100057c          100057c        0     1                 .LBB3_5
         100057c          100057c        0     1                 
         100057c          100057c        0     1                 
         100057e          100057e        0     1                 .LBB3_6
         100057e          100057e        0     1                 
         100057e          100057e        0     1                 
         1000580          1000580        0     1                 
         1000580          1000580        0     1                 
         1000582          1000582        0     1                 
         1000582          1000582        0     1                 
         1000582          1000582        0     1                 
         1000582          1000582        0     1                 
         1000582          1000582        0     1                 
         1000582          1000582       24     1                 strcpy
         1000588          1000588        0     1                 
         100058c          100058c        0     1                 
         100058c          100058c        0     1                 
         100058e          100058e        0     1                 
         100058e          100058e        0     1                 .LBB4_2
         100058e          100058e        0     1                 
         1000592          1000592        0     1                 
         1000596          1000596        0     1                 
         100059a          100059a        0     1                 
         100059a          100059a        0     1                 
         100059c          100059c        0     1                 
         100059c          100059c        0     1                 
         100059e          100059e        0     1                 
         10005a0          10005a0        0     1                 .LBB4_3
         10005a0          10005a0        0     1                 
         10005a0          10005a0        0     1                 
         10005a4          10005a4        0     1                 
         10005a6          10005a6        0     1                 
         10005a6          10005a6        0     1                 
         10005a6          10005a6        0     1                 
         10005a6          10005a6        0     1                 
         10005a6          10005a6        0     1                 
         10005a6          10005a6       32     1                 strncpy
         10005a8          10005a8        0     1                 
         10005aa          10005aa        0     1                 
         10005aa          10005aa        0     1                 .LBB5_1
         10005aa          10005aa        0     1                 
         10005b2          10005b2        0     1                 
         10005b4          10005b4        0     1                 
         10005b8          10005b8        0     1                 
         10005ba          10005ba        0     1                 
         10005be          10005be        0     1                 
         10005c4          10005c4        0     1                 .LBB5_3
         10005c4          10005c4        0     1                 
         10005c8          10005c8        0     1                 
         10005ca          10005ca        0     1                 
         10005cc          10005cc        0     1                 
         10005cc          10005cc        0     1                 .LBB5_5
         10005cc          10005cc        0     1                 
         10005d0          10005d0        0     1                 
         10005d2          10005d2        0     1                 
         10005d6          10005d6        0     1                 .LBB5_6
         10005d6          10005d6        0     1                 
         10005d8          10005d8        0     1                 
         10005d8          10005d8        0     1                 
         10005d8          10005d8        0     1                 
         10005d8          10005d8        0     1                 
         10005d8          10005d8        0     1                 
         10005d8          10005d8       3e     1                 strstr
         10005dc          10005dc        0     1                 
         10005de          10005de        0     1                 
         10005e2          10005e2        0     1                 
         10005e8          10005e8        0     1                 .LBB6_3
         10005e8          10005e8        0     1                 
         10005ec          10005ec        0     1                 
         10005ec          10005ec        0     1                 .LBB6_4
         10005ec          10005ec        0     1                 
         10005f4          10005f4        0     1                 
         10005f8          10005f8        0     1                 
         10005fc          10005fc        0     1                 
         10005fe          10005fe        0     1                 
         1000602          1000602        0     1                 
         1000606          1000606        0     1                 .LBB6_7
         1000606          1000606        0     1                 
         1000606          1000606        0     1                 
         1000608          1000608        0     1                 
         100060c          100060c        0     1                 
         100060e          100060e        0     1                 
         1000612          1000612        0     1                 .LBB6_9
         1000612          1000612        0     1                 
         1000614          1000614        0     1                 .LBB6_10
         1000614          1000614        0     1                 
         1000614          1000614        0     1                 
         1000616          1000616        0     1                 
         1000616          1000616        0     1                 
         1000616          1000616        0     1                 
         1000616          1000616        0     1                 
         1000616          1000616        0     1                 
         1000616          1000616       32     1                 strcat
         100061a          100061a        0     1                 
         100061a          100061a        0     1                 .LBB7_1
         100061a          100061a        0     1                 
         100061e          100061e        0     1                 
         1000620          1000620        0     1                 
         1000620          1000620        0     1                 
         1000622          1000622        0     1                 
         1000626          1000626        0     1                 
         100062a          100062a        0     1                 
         100062a          100062a        0     1                 .LBB7_4
         100062a          100062a        0     1                 
         100062e          100062e        0     1                 
         1000632          1000632        0     1                 
         1000636          1000636        0     1                 
         1000636          1000636        0     1                 
         1000638          1000638        0     1                 
         1000638          1000638        0     1                 
         100063a          100063a        0     1                 
         100063c          100063c        0     1                 
         1000640          1000640        0     1                 
         1000642          1000642        0     1                 .LBB7_6
         1000642          1000642        0     1                 
         1000642          1000642        0     1                 
         1000646          1000646        0     1                 
         1000648          1000648        0     1                 
         1000648          1000648        0     1                 
         1000648          1000648        0     1                 
         1000648          1000648        0     1                 
         1000648          1000648        0     1                 
         1000648          1000648       1e     1                 strchr
         100064c          100064c        0     1                 
         100064c          100064c        0     1                 
         100064e          100064e        0     1                 
         1000652          1000652        0     1                 
         1000652          1000652        0     1                 .LBB8_2
         1000652          1000652        0     1                 
         1000656          1000656        0     1                 
         100065a          100065a        0     1                 
         100065e          100065e        0     1                 
         1000660          1000660        0     1                 
         1000662          1000662        0     1                 .LBB8_4
         1000662          1000662        0     1                 
         1000664          1000664        0     1                 .LBB8_5
         1000664          1000664        0     1                 
         1000664          1000664        0     1                 
         1000666          1000666        0     1                 
         1000666          1000666        0     1                 
         1000666          1000666        0     1                 
         1000666          1000666        0     1                 
         1000666          1000666        0     1                 .Lpcrel_hi0
         1000666          1000666        0     1                 
         1000666          1000666       94     1                 strtok
         100066a          100066a        0     1                 
         100066c          100066c        0     1                 
         1000672          1000672        0     1                 .LBB9_2
         1000672          1000672        0     1                 
         1000676          1000676        0     1                 
         1000676          1000676        0     1                 
         1000678          1000678        0     1                 .LBB9_3
         1000678          1000678        0     1                 
         100067c          100067c        0     1                 
         100067e          100067e        0     1                 
         1000682          1000682        0     1                 
         1000688          1000688        0     1                 
         1000688          1000688        0     1                 .LBB9_5
         1000688          1000688        0     1                 
         100068c          100068c        0     1                 
         1000694          1000694        0     1                 
         1000694          1000694        0     1                 .LBB9_7
         1000694          1000694        0     1                 
         1000698          1000698        0     1                 
         100069c          100069c        0     1                 
         100069c          100069c        0     1                 
         10006a0          10006a0        0     1                 
         10006a2          10006a2        0     1                 
         10006a6          10006a6        0     1                 .LBB9_9
         10006a6          10006a6        0     1                 
         10006a6          10006a6        0     1                 
         10006ae          10006ae        0     1                 
         10006b4          10006b4        0     1                 
         10006b6          10006b6        0     1                 .LBB9_10
         10006b6          10006b6        0     1                 
         10006b8          10006b8        0     1                 
         10006ba          10006ba        0     1                 .LBB9_11
         10006ba          10006ba        0     1                 
         10006bc          10006bc        0     1                 .LBB9_12
         10006bc          10006bc        0     1                 
         10006c2          10006c2        0     1                 
         10006c2          10006c2        0     1                 .LBB9_13
         10006c2          10006c2        0     1                 
         10006c6          10006c6        0     1                 
         10006ca          10006ca        0     1                 .LBB9_14
         10006ca          10006ca        0     1                 
         10006da          10006da        0     1                 .LBB9_16
         10006da          10006da        0     1                 
         10006da          10006da        0     1                 
         10006e2          10006e2        0     1                 
         10006e2          10006e2        0     1                 
         10006e6          10006e6        0     1                 
         10006e8          10006e8        0     1                 
         10006e8          10006e8        0     1                 
         10006ec          10006ec        0     1                 .LBB9_18
         10006ec          10006ec        0     1                 
         10006ec          10006ec        0     1                 
         10006f0          10006f0        0     1                 .LBB9_19
         10006f0          10006f0        0     1                 
         10006f4          10006f4        0     1                 .LBB9_20
         10006f4          10006f4        0     1                 
         10006f6          10006f6        0     1                 .LBB9_21
         10006f6          10006f6        0     1                 
         10006fa          10006fa        0     1                 
         10006fa          10006fa        0     1                 
         10006fa          10006fa        0     1                 
         10006fa          10006fa        0     1                 
         10006fa          10006fa        0     1                 
         10006fa          10006fa       18     1                 memcpy
         10006fe          10006fe        0     1                 
         10006fe          10006fe        0     1                 
         1000700          1000700        0     1                 
         1000700          1000700        0     1                 .LBB10_2
         1000700          1000700        0     1                 
         1000704          1000704        0     1                 
         1000708          1000708        0     1                 
         1000708          1000708        0     1                 
         100070a          100070a        0     1                 
         100070c          100070c        0     1                 
         1000710          1000710        0     1                 .LBB10_3
         1000710          1000710        0     1                 
         1000710          1000710        0     1                 
         1000712          1000712        0     1                 
         1000712          1000712        0     1                 
         1000712          1000712        0     1                 
         1000712          1000712        0     1                 
         1000712          1000712        0     1                 
         1000712          1000712       12     1                 memset
         1000716          1000716        0     1                 
         1000716          1000716        0     1                 
         1000718          1000718        0     1                 
         1000718          1000718        0     1                 .LBB11_2
         1000718          1000718        0     1                 
         100071c          100071c        0     1                 
         100071c          100071c        0     1                 
         100071e          100071e        0     1                 
         100071e          100071e        0     1                 
         1000722          1000722        0     1                 .LBB11_3
         1000722          1000722        0     1                 
         1000722          1000722        0     1                 
         1000724          1000724        0     1                 
         1000724          1000724        0     1                 
         1000724          1000724       b2     2         user/lib/libuser.a(syscall.o):(.text)
         1000724          1000724        0     1                 
         1000724          1000724        0     1                 
         1000724          1000724        0     1                 $x.0
         1000724          1000724        0     1                 
         1000724          1000724       10     1                 syscall
         1000726          1000726        0     1                 
         1000732          1000732        0     1                 
         1000734          1000734        0     1                 
         1000734          1000734        0     1                 
         1000734          1000734        0     1                 
         1000734          1000734        a     1                 read
         100073c          100073c        0     1                 
         100073e          100073e        0     1                 
         100073e          100073e        0     1                 
         100073e          100073e        0     1                 
         100073e          100073e        c     1                 write
         1000746          1000746        0     1                 
         100074a          100074a        0     1                 
         100074a          100074a        0     1                 
         100074a          100074a        0     1                 
         100074a          100074a       10     1                 cls
         1000758          1000758        0     1                 
         100075a          100075a        0     1                 
         100075a          100075a        0     1                 
         100075a          100075a        0     1                 
         100075a          100075a       10     1                 yield
         1000768          1000768        0     1                 
         100076a          100076a        0     1                 
         100076a          100076a        0     1                 
         100076a          100076a        0     1                 
         100076a          100076a       12     1                 fork
         1000778          1000778        0     1                 
         100077c          100077c        0     1                 
         100077c          100077c        0     1                 
         100077c          100077c        0     1                 
         100077c          100077c        c     1                 exec
         1000784          1000784        0     1                 
         1000788          1000788        0     1                 
         1000788          1000788        0     1                 
         1000788          1000788        0     1                 
         1000788          1000788        e     1                 exit
         1000794          1000794        0     1                 .LBB7_1
         1000794          1000794        0     1                 
         1000796          1000796        0     1                 
         1000796          1000796        0     1                 
         1000796          1000796        0     1                 
         1000796          1000796        0     1                 
         1000796          1000796        0     1                 
         1000796          1000796       10     1                 wait
         10007a2          10007a2        0     1                 
         10007a2          10007a2        0     1                 
         10007a6          10007a6        0     1                 
         10007a6          10007a6        0     1                 
         10007a6          10007a6        0     1                 
         10007a6          10007a6       10     1                 tarfs_exists
         10007b2          10007b2        0     1                 
         10007b2          10007b2        0     1                 
         10007b6          10007b6        0     1                 
         10007b6          10007b6        0     1                 
         10007b6          10007b6        0     1                 
         10007b6          10007b6       10     1                 ps
         10007c4          10007c4        0     1                 
         10007c4          10007c4        0     1                 
         10007c6          10007c6        0     1                 
         10007c6          10007c6        0     1                 
         10007c6          10007c6        0     1                 
         10007c6          10007c6       10     1                 ls
         10007d4          10007d4        0     1                 
         10007d4          10007d4        0     1                 
         10007d6          10007d6        0     1                 
         10007d8          10007d8       e0     8 .rodata
         10007d8          10007d8       2f     1         <internal>:(.rodata.str1.1)
         1000808          1000808       b0     8         user/lib/libuser.a(printf.o):(.rodata)
         1000808          1000808        0     1                 .LJTI4_0
         1000808          1000808        0     1                 $d.1
         10008b8          10008b8        8     8 .bss
         10008b8          10008b8        8     8         user/lib/libuser.a(string.o):(.sbss)
         10008b8          10008b8        8     1                 strtok.saved
         10008b8          10008b8        0     1                 $d.1
         10008c0          10008c0        0     1         
         10008c0          10008c0     f740     1 . = 0x1010000
         1010000          1010000    10000     1 .stack
         1010000          1010000        0     1         __user_stack_bottom = .
         1010000          1010000    10000     1         . += 64 * 1024
         1020000          1020000        0     1         __user_stack_top = .
         1020000          1020000        0     1 . = ALIGN ( 4096 )
         1020000          1020000        0     1 __user_heap_start = 0x03000000
         1020000          1020000  2000000     1 . += 32 * 1024 * 1024
         3020000          3020000        0     1 __user_heap_end = .
               0                0     13c7     1 .debug_info
               0                0       91     1         user/bin/crt0.o:(.debug_info)
               0                0        0     1                 
               0                0        0     1                 $d.4
              91               91       ab     1         user/bin/testb.o:(.debug_info)
              91               91        0     1                 $d.3
             13c              13c      79d     1         user/lib/libuser.a(printf.o):(.debug_info)
             13c              13c        0     1                 $d.5
             8d9              8d9      49c     1         user/lib/libuser.a(string.o):(.debug_info)
             8d9              8d9        0     1                 $d.4
             d75              d75      652     1         user/lib/libuser.a(syscall.o):(.debug_info)
             d75              d75        0     1                 $d.3
               0                0      4da     1 .debug_abbrev
               0                0       21     1         user/bin/crt0.o:(.debug_abbrev)
               0                0        0     1                 
               0                0        0     1                 $d.3
              21               21       93     1         user/bin/testb.o:(.debug_abbrev)
              21               21        0     1                 $d.2
              b4               b4      1d2     1         user/lib/libuser.a(printf.o):(.debug_abbrev)
              b4               b4        0     1                 $d.4
             286              286      119     1         user/lib/libuser.a(string.o):(.debug_abbrev)
             286              286        0     1                 $d.3
             39f              39f      13b     1         user/lib/libuser.a(syscall.o):(.debug_abbrev)
             39f              39f        0     1                 $d.2
               0                0       30     1 .debug_aranges
               0                0       30     1         user/bin/crt0.o:(.debug_aranges)
               0                0        0     1                 $d.2
               0                0      e8e     1 .debug_line
               0                0       49     1         user/bin/crt0.o:(.debug_line)
               0                0        0     1                 .Lline_table_start0
               0                0        0     1                 $d.5
              49               49       71     1         user/bin/testb.o:(.debug_line)
              49               49        0     1                 .Lline_table_start0
              49               49        0     1                 $d.8
              ba               ba      6f9     1         user/lib/libuser.a(printf.o):(.debug_line)
              ba               ba        0     1                 .Lline_table_start0
              ba               ba        0     1                 $d.11
             7b3              7b3      581     1         user/lib/libuser.a(string.o):(.debug_line)
             7b3              7b3        0     1                 .Lline_table_start0
             7b3              7b3        0     1                 $d.10
             d34              d34      15a     1         user/lib/libuser.a(syscall.o):(.debug_line)
             d34              d34        0     1                 .Lline_table_start0
             d34              d34        0     1                 $d.8
               0                0      2e9     1 .debug_str
               0                0      2e9     1         <internal>:(.debug_str)
               0                0       42     1 .comment
               0                0       42     1         <internal>:(.comment)
               0                0      380     8 .debug_frame
               0                0       38     8         user/bin/testb.o:(.debug_frame)
               0                0        0     1                 
               0                0        0     1                 $d.7
              38               38       d8     8         user/lib/libuser.a(printf.o):(.debug_frame)
              38               38        0     1                 
              38               38        0     1                 $d.10
             110              110      138     8         user/lib/libuser.a(string.o):(.debug_frame)
             110              110        0     1                 
             110              110        0     1                 $d.9
             248              248      138     8         user/lib/libuser.a(syscall.o):(.debug_frame)
             248              248        0     1                 
             248              248        0     1                 $d.7
               0                0     148e     1 .debug_loc
               0                0      b12     1         user/lib/libuser.a(printf.o):(.debug_loc)
               0                0        0     1                 
               0                0        0     1                 $d.3
              36               36        0     1                 
              6c               6c        0     1                 
              a2               a2        0     1                 
              c5               c5        0     1                 
             125              125        0     1                 
             14d              14d        0     1                 
             172              172        0     1                 
             195              195        0     1                 
             1de              1de        0     1                 
             201              201        0     1                 
             237              237        0     1                 
             26d              26d        0     1                 
             2a3              2a3        0     1                 
             316              316        0     1                 
             33b              33b        0     1                 
             35e              35e        0     1                 
             381              381        0     1                 
             3a4              3a4        0     1                 
             3c7              3c7        0     1                 
             51a              51a        0     1                 
             53f              53f        0     1                 
             58a              58a        0     1                 
             603              603        0     1                 
             626              626        0     1                 
             686              686        0     1                 
             6c0              6c0        0     1                 
             73e              73e        0     1                 
             79a              79a        0     1                 
             7c2              7c2        0     1                 
             7fc              7fc        0     1                 
             85c              85c        0     1                 
             8bc              8bc        0     1                 
             8f2              8f2        0     1                 
             936              936        0     1                 
             992              992        0     1                 
             9b5              9b5        0     1                 
             9eb              9eb        0     1                 
             a34              a34        0     1                 
             a78              a78        0     1                 
             aa0              aa0        0     1                 
             ac5              ac5        0     1                 
             aed              aed        0     1                 
             b12              b12      5ea     1         user/lib/libuser.a(string.o):(.debug_loc)
             b12              b12        0     1                 
             b12              b12        0     1                 $d.2
             b70              b70        0     1                 
             b93              b93        0     1                 
             bb6              bb6        0     1                 
             bd9              bd9        0     1                 
             bfc              bfc        0     1                 
             c20              c20        0     1                 
             c43              c43        0     1                 
             c7a              c7a        0     1                 
             cc3              cc3        0     1                 
             d0e              d0e        0     1                 
             d44              d44        0     1                 
             d8d              d8d        0     1                 
             db0              db0        0     1                 
             de7              de7        0     1                 
             e0a              e0a        0     1                 
             e40              e40        0     1                 
             eb3              eb3        0     1                 
             ed6              ed6        0     1                 
             ef9              ef9        0     1                 
             f1c              f1c        0     1                 
             f3f              f3f        0     1                 
             f8a              f8a        0     1                 
             fc2              fc2        0     1                 
             fe5              fe5        0     1                 
            1008             1008        0     1                 
            102b             102b        0     1                 
            1082             1082        0     1                 
            10a5             10a5        0     1                 
            10fc             10fc      392     1         user/lib/libuser.a(syscall.o):(.debug_loc)
            10fc             10fc        0     1                 
            10fc             10fc        0     1                 $d.1
            1132             1132        0     1                 
            117b             117b        0     1                 
            11b1             11b1        0     1                 
            11e7             11e7        0     1                 
            1230             1230        0     1                 
            1266             1266        0     1                 
            129c             129c        0     1                 
            12d2             12d2        0     1                 
            12f5             12f5        0     1                 
            1318             1318        0     1                 
            133c             133c        0     1                 
            1360             1360        0     1                 
            1397             1397        0     1                 
            13ba             13ba        0     1                 
            13dd             13dd        0     1                 
            1400             1400        0     1                 
            1423             1423        0     1                 
            1446             1446        0     1                 
            146a             146a        0     1                 
               0                0      160     1 .debug_ranges
               0                0      130     1         user/lib/libuser.a(printf.o):(.debug_ranges)
               0                0        0     1                 
               0                0        0     1                 $d.6
              70               70        0     1                 
              a0               a0        0     1                 
              d0               d0        0     1                 
             100              100        0     1                 
             130              130       30     1         user/lib/libuser.a(string.o):(.debug_ranges)
             130              130        0     1                 
             130              130        0     1                 $d.5
               0                0     5fd0     8 .symtab
               0                0     5fd0     8         <internal>:(.symtab)
               0                0       a4     1 .shstrtab
               0                0       a4     1         <internal>:(.shstrtab)
               0                0      22c     1 .strtab
               0                0      22c     1         <internal>:(.strtab)
