             VMA              LMA     Size Align Out     In      Symbol
               0                0  1000000     1 . = 0x1000000
         1000000          1000000      f72     2 .text
         1000000          1000000        8     1         user/bin/crt0.o:(.text.start)
         1000000          1000000        0     1                 
         1000000          1000000        0     1                 $x.0
         1000000          1000000        0     1                 
         1000000          1000000        0     1                 start
         1000004          1000004        0     1                 
         1000008          1000008        0     1                 
         1000008          1000008        0     2         user/bin/crt0.o:(.text)
         1000008          1000008       fc     2         user/bin/window_server.o:(.text)
         1000008          1000008        0     1                 
         1000008          1000008        0     1                 
         1000008          1000008        0     1                 $x.0
         1000008          1000008        0     1                 
         1000008          1000008       fc     1                 main
         1000024          1000024        0     1                 .Lpcrel_hi0
         1000024          1000024        0     1                 
         1000030          1000030        0     1                 
         1000030          1000030        0     1                 .Lpcrel_hi1
         1000030          1000030        0     1                 
         1000038          1000038        0     1                 .Lpcrel_hi2
         1000044          1000044        0     1                 .Lpcrel_hi3
         100004c          100004c        0     1                 .Lpcrel_hi4
         1000054          1000054        0     1                 .Lpcrel_hi5
         100005c          100005c        0     1                 .Lpcrel_hi6
         1000064          1000064        0     1                 .Lpcrel_hi7
         100006c          100006c        0     1                 .Lpcrel_hi8
         1000076          1000076        0     1                 .Lpcrel_hi9
         1000080          1000080        0     1                 .Lpcrel_hi10
         1000088          1000088        0     1                 .Lpcrel_hi11
         1000092          1000092        0     1                 .LBB0_1
         1000092          1000092        0     1                 
         1000092          1000092        0     1                 
         1000098          1000098        0     1                 
         1000098          1000098        0     1                 
         100009e          100009e        0     1                 .LBB0_2
         100009e          100009e        0     1                 
         100009e          100009e        0     1                 
         10000a4          10000a4        0     1                 
         10000a4          10000a4        0     1                 
         10000aa          10000aa        0     1                 
         10000aa          10000aa        0     1                 
         10000b6          10000b6        0     1                 
         10000b8          10000b8        0     1                 
         10000b8          10000b8        0     1                 
         10000be          10000be        0     1                 
         10000be          10000be        0     1                 
         10000c4          10000c4        0     1                 
         10000c4          10000c4        0     1                 
         10000c8          10000c8        0     1                 
         10000ca          10000ca        0     1                 
         10000cc          10000cc        0     1                 
         10000cc          10000cc        0     1                 
         10000d0          10000d0        0     1                 
         10000d8          10000d8        0     1                 
         10000d8          10000d8        0     1                 
         10000da          10000da        0     1                 
         10000e2          10000e2        0     1                 
         10000e2          10000e2        0     1                 
         10000ec          10000ec        0     1                 
         10000ec          10000ec        0     1                 
         10000ee          10000ee        0     1                 
         10000f4          10000f4        0     1                 
         10000fa          10000fa        0     1                 
         10000fa          10000fa        0     1                 
         10000fc          10000fc        0     1                 
         1000102          1000102        0     1                 
         1000102          1000102        0     1                 
         1000104          1000104        0     1                 
         1000104          1000104        0     1                 
         1000104          1000104        0     1                 
         1000104          1000104       8a     2         user/lib/libuser.a(ipc.o):(.text)
         1000104          1000104        0     1                 
         1000104          1000104        0     1                 
         1000104          1000104        0     1                 $x.0
         1000104          1000104        0     1                 
         1000104          1000104       1a     1                 ipc_send
         100010e          100010e        0     1                 
         1000116          1000116        0     1                 
         1000116          1000116        0     1                 
         100011a          100011a        0     1                 
         100011e          100011e        0     1                 
         100011e          100011e        0     1                 
         100011e          100011e        0     1                 
         100011e          100011e        0     1                 
         100011e          100011e        0     1                 
         100011e          100011e       70     1                 ipc_recv
         1000130          1000130        0     1                 
         1000132          1000132        0     1                 
         1000134          1000134        0     1                 
         1000134          1000134        0     1                 .Lpcrel_hi0
         100013c          100013c        0     1                 .Lpcrel_hi1
         1000144          1000144        0     1                 
         1000144          1000144        0     1                 .LBB1_1
         1000144          1000144        0     1                 
         100014a          100014a        0     1                 
         100014a          100014a        0     1                 
         1000158          1000158        0     1                 
         100015c          100015c        0     1                 
         100015e          100015e        0     1                 
         1000164          1000164        0     1                 
         1000164          1000164        0     1                 
         1000168          1000168        0     1                 .Lpcrel_hi2
         1000168          1000168        0     1                 
         100017a          100017a        0     1                 
         100017a          100017a        0     1                 
         1000184          1000184        0     1                 
         1000184          1000184        0     1                 
         1000186          1000186        0     1                 
         1000188          1000188        0     1                 
         100018a          100018a        0     1                 
         100018e          100018e        0     1                 
         100018e          100018e        0     1                 
         100018e          100018e       3a     2         user/lib/libuser.a(log.o):(.text)
         100018e          100018e        0     1                 
         100018e          100018e        0     1                 
         100018e          100018e        0     1                 $x.0
         100018e          100018e        0     1                 
         100018e          100018e       3a     1                 ulog
         10001a4          10001a4        0     1                 
         10001a6          10001a6        0     1                 
         10001b4          10001b4        0     1                 
         10001b4          10001b4        0     1                 
         10001c2          10001c2        0     1                 
         10001c2          10001c2        0     1                 
         10001c4          10001c4        0     1                 
         10001c8          10001c8        0     1                 
         10001c8          10001c8        0     1                 
         10001c8          10001c8      5f6     2         user/lib/libuser.a(common.o):(.text)
         10001c8          10001c8        0     1                 
         10001c8          10001c8        0     1                 
         10001c8          10001c8        0     1                 $x.0
         10001c8          10001c8        0     1                 
         10001c8          10001c8       88     1                 itoa_unsigned
         10001ca          10001ca        0     1                 
         10001d4          10001d4        0     1                 
         10001d8          10001d8        0     1                 .LBB0_2
         10001da          10001da        0     1                 .Lpcrel_hi0
         10001e6          10001e6        0     1                 
         10001e6          10001e6        0     1                 .LBB0_3
         10001e8          10001e8        0     1                 
         10001ec          10001ec        0     1                 
         10001ec          10001ec        0     1                 
         10001f4          10001f4        0     1                 
         10001fc          10001fc        0     1                 
         10001fc          10001fc        0     1                 
         10001fe          10001fe        0     1                 
         10001fe          10001fe        0     1                 
         1000206          1000206        0     1                 
         1000206          1000206        0     1                 
         100020a          100020a        0     1                 
         100020c          100020c        0     1                 
         100020c          100020c        0     1                 
         1000214          1000214        0     1                 
         1000218          1000218        0     1                 
         100021a          100021a        0     1                 .LBB0_6
         100021a          100021a        0     1                 
         100022e          100022e        0     1                 
         100022e          100022e        0     1                 .LBB0_7
         100022e          100022e        0     1                 
         1000232          1000232        0     1                 
         1000238          1000238        0     1                 
         100023c          100023c        0     1                 
         100023c          100023c        0     1                 
         1000240          1000240        0     1                 
         1000244          1000244        0     1                 
         1000248          1000248        0     1                 .LBB0_8
         1000248          1000248        0     1                 
         1000248          1000248        0     1                 
         100024c          100024c        0     1                 
         1000250          1000250        0     1                 
         1000250          1000250        0     1                 
         1000250          1000250        0     1                 
         1000250          1000250        0     1                 
         1000250          1000250        0     1                 
         1000250          1000250      124     1                 itoa_signed
         100025a          100025a        0     1                 
         100025e          100025e        0     1                 
         1000260          1000260        0     1                 .LBB1_2
         1000262          1000262        0     1                 
         1000268          1000268        0     1                 
         100026c          100026c        0     1                 
         100026e          100026e        0     1                 
         1000272          1000272        0     1                 
         1000278          1000278        0     1                 
         1000278          1000278        0     1                 
         100027c          100027c        0     1                 
         1000284          1000284        0     1                 
         1000284          1000284        0     1                 
         100028c          100028c        0     1                 .Lpcrel_hi1
         100029a          100029a        0     1                 
         100029a          100029a        0     1                 .LBB1_5
         100029c          100029c        0     1                 
         100029c          100029c        0     1                 
         10002a6          10002a6        0     1                 
         10002a6          10002a6        0     1                 
         10002ae          10002ae        0     1                 
         10002b6          10002b6        0     1                 
         10002b6          10002b6        0     1                 
         10002b8          10002b8        0     1                 
         10002b8          10002b8        0     1                 
         10002c0          10002c0        0     1                 
         10002c4          10002c4        0     1                 
         10002c4          10002c4        0     1                 
         10002ce          10002ce        0     1                 
         10002ce          10002ce        0     1                 
         10002d0          10002d0        0     1                 .LBB1_8
         10002d0          10002d0        0     1                 
         10002d4          10002d4        0     1                 
         10002d4          10002d4        0     1                 
         10002e6          10002e6        0     1                 
         10002e6          10002e6        0     1                 .LBB1_9
         10002e6          10002e6        0     1                 
         10002ea          10002ea        0     1                 
         10002f0          10002f0        0     1                 
         10002f4          10002f4        0     1                 
         10002f6          10002f6        0     1                 
         10002f8          10002f8        0     1                 
         10002fc          10002fc        0     1                 
         1000302          1000302        0     1                 
         1000302          1000302        0     1                 
         1000304          1000304        0     1                 .LBB1_11
         1000304          1000304        0     1                 
         1000304          1000304        0     1                 
         1000306          1000306        0     1                 .Lpcrel_hi2
         1000312          1000312        0     1                 
         1000312          1000312        0     1                 .LBB1_12
         1000314          1000314        0     1                 
         1000314          1000314        0     1                 
         1000318          1000318        0     1                 
         1000318          1000318        0     1                 
         1000320          1000320        0     1                 
         1000328          1000328        0     1                 
         1000328          1000328        0     1                 
         100032a          100032a        0     1                 
         100032a          100032a        0     1                 
         1000332          1000332        0     1                 
         1000332          1000332        0     1                 
         1000336          1000336        0     1                 
         100033c          100033c        0     1                 
         1000340          1000340        0     1                 
         1000342          1000342        0     1                 .LBB1_15
         1000342          1000342        0     1                 
         1000356          1000356        0     1                 
         1000356          1000356        0     1                 .LBB1_16
         1000356          1000356        0     1                 
         100035a          100035a        0     1                 
         1000360          1000360        0     1                 
         1000364          1000364        0     1                 
         1000366          1000366        0     1                 
         1000368          1000368        0     1                 
         100036c          100036c        0     1                 
         1000372          1000372        0     1                 
         1000372          1000372        0     1                 
         1000374          1000374        0     1                 
         1000374          1000374        0     1                 
         1000374          1000374        0     1                 
         1000374          1000374        0     1                 
         1000374          1000374        0     1                 
         1000374          1000374      3da     1                 kvnprintf
         1000390          1000390        0     1                 
         1000394          1000394        0     1                 
         1000394          1000394        0     1                 
         1000396          1000396        0     1                 
         100039a          100039a        0     1                 
         100039e          100039e        0     1                 
         10003a2          10003a2        0     1                 
         10003a6          10003a6        0     1                 
         10003ae          10003ae        0     1                 
         10003b8          10003b8        0     1                 .Lpcrel_hi3
         10003d6          10003d6        0     1                 .Lpcrel_hi4
         10003ec          10003ec        0     1                 
         10003ec          10003ec        0     1                 .LBB2_3
         10003ec          10003ec        0     1                 
         10003f0          10003f0        0     1                 
         10003f4          10003f4        0     1                 
         10003f8          10003f8        0     1                 
         10003fa          10003fa        0     1                 
         10003fa          10003fa        0     1                 
         10003fe          10003fe        0     1                 
         1000400          1000400        0     1                 
         100040c          100040c        0     1                 
         100040c          100040c        0     1                 .LBB2_7
         100040c          100040c        0     1                 
         1000410          1000410        0     1                 
         1000412          1000412        0     1                 
         1000416          1000416        0     1                 
         1000418          1000418        0     1                 
         100041e          100041e        0     1                 .LBB2_8
         100041e          100041e        0     1                 
         100041e          100041e        0     1                 
         1000420          1000420        0     1                 
         1000424          1000424        0     1                 
         1000426          1000426        0     1                 
         100042a          100042a        0     1                 .LBB2_9
         100042a          100042a        0     1                 
         100042e          100042e        0     1                 
         1000438          1000438        0     1                 .LBB2_11
         1000438          1000438        0     1                 
         1000438          1000438        0     1                 
         100043c          100043c        0     1                 
         1000440          1000440        0     1                 
         1000440          1000440        0     1                 
         1000442          1000442        0     1                 
         1000448          1000448        0     1                 .LBB2_13
         1000448          1000448        0     1                 
         1000448          1000448        0     1                 
         100044c          100044c        0     1                 
         100044c          100044c        0     1                 
         1000450          1000450        0     1                 
         1000454          1000454        0     1                 
         1000458          1000458        0     1                 
         100045a          100045a        0     1                 
         100045a          100045a        0     1                 
         100045c          100045c        0     1                 
         1000462          1000462        0     1                 
         1000462          1000462        0     1                 .LBB2_15
         1000462          1000462        0     1                 
         1000464          1000464        0     1                 
         1000464          1000464        0     1                 
         1000468          1000468        0     1                 
         1000468          1000468        0     1                 
         100046c          100046c        0     1                 
         1000470          1000470        0     1                 
         1000474          1000474        0     1                 
         1000478          1000478        0     1                 
         100047c          100047c        0     1                 
         1000480          1000480        0     1                 .LBB2_17
         1000480          1000480        0     1                 
         1000480          1000480        0     1                 
         1000484          1000484        0     1                 
         1000488          1000488        0     1                 
         1000488          1000488        0     1                 .LBB2_18
         1000488          1000488        0     1                 
         1000492          1000492        0     1                 
         1000494          1000494        0     1                 
         1000494          1000494        0     1                 
         1000498          1000498        0     1                 
         100049c          100049c        0     1                 
         10004a2          10004a2        0     1                 
         10004a6          10004a6        0     1                 
         10004aa          10004aa        0     1                 
         10004b0          10004b0        0     1                 
         10004b0          10004b0        0     1                 .LBB2_20
         10004b0          10004b0        0     1                 
         10004b4          10004b4        0     1                 
         10004b4          10004b4        0     1                 
         10004ba          10004ba        0     1                 
         10004ba          10004ba        0     1                 
         10004be          10004be        0     1                 
         10004c0          10004c0        0     1                 
         10004c2          10004c2        0     1                 
         10004c2          10004c2        0     1                 
         10004c4          10004c4        0     1                 
         10004c6          10004c6        0     1                 
         10004c6          10004c6        0     1                 
         10004ca          10004ca        0     1                 
         10004ca          10004ca        0     1                 
         10004ce          10004ce        0     1                 
         10004ce          10004ce        0     1                 
         10004d0          10004d0        0     1                 
         10004d4          10004d4        0     1                 
         10004d6          10004d6        0     1                 
         10004d6          10004d6        0     1                 .LBB2_24
         10004d6          10004d6        0     1                 
         10004da          10004da        0     1                 
         10004de          10004de        0     1                 
         10004e2          10004e2        0     1                 
         10004e4          10004e4        0     1                 
         10004e8          10004e8        0     1                 
         10004ec          10004ec        0     1                 .LBB2_26
         10004ec          10004ec        0     1                 
         10004ec          10004ec        0     1                 
         10004ee          10004ee        0     1                 
         10004f0          10004f0        0     1                 
         10004f0          10004f0        0     1                 .LBB2_27
         10004f0          10004f0        0     1                 
         10004f2          10004f2        0     1                 
         10004f2          10004f2        0     1                 
         10004f8          10004f8        0     1                 
         10004f8          10004f8        0     1                 .LBB2_28
         10004f8          10004f8        0     1                 
         1000502          1000502        0     1                 
         1000504          1000504        0     1                 
         1000504          1000504        0     1                 
         1000508          1000508        0     1                 
         100050c          100050c        0     1                 
         1000512          1000512        0     1                 
         1000516          1000516        0     1                 
         1000520          1000520        0     1                 
         1000520          1000520        0     1                 .LBB2_30
         1000520          1000520        0     1                 
         1000524          1000524        0     1                 
         1000524          1000524        0     1                 
         100052a          100052a        0     1                 
         100052a          100052a        0     1                 
         100052e          100052e        0     1                 
         1000530          1000530        0     1                 
         1000532          1000532        0     1                 
         1000532          1000532        0     1                 
         1000534          1000534        0     1                 
         1000536          1000536        0     1                 
         1000536          1000536        0     1                 
         100053a          100053a        0     1                 
         100053a          100053a        0     1                 
         100053e          100053e        0     1                 
         100053e          100053e        0     1                 
         1000542          1000542        0     1                 
         1000546          1000546        0     1                 
         1000548          1000548        0     1                 
         1000548          1000548        0     1                 .LBB2_34
         1000548          1000548        0     1                 
         100054c          100054c        0     1                 
         1000550          1000550        0     1                 
         1000554          1000554        0     1                 
         1000556          1000556        0     1                 
         100055c          100055c        0     1                 
         1000562          1000562        0     1                 
         1000562          1000562        0     1                 .LBB2_36
         1000562          1000562        0     1                 
         1000564          1000564        0     1                 
         1000566          1000566        0     1                 
         100056a          100056a        0     1                 
         100056e          100056e        0     1                 
         100056e          100056e        0     1                 
         1000576          1000576        0     1                 
         1000578          1000578        0     1                 .LBB2_40
         1000578          1000578        0     1                 
         100057c          100057c        0     1                 
         1000580          1000580        0     1                 
         1000584          1000584        0     1                 
         1000586          1000586        0     1                 
         100058c          100058c        0     1                 
         1000592          1000592        0     1                 
         1000592          1000592        0     1                 .LBB2_42
         1000592          1000592        0     1                 
         1000596          1000596        0     1                 
         1000596          1000596        0     1                 
         100059a          100059a        0     1                 
         10005a0          10005a0        0     1                 
         10005a0          10005a0        0     1                 .LBB2_44
         10005a2          10005a2        0     1                 
         10005a2          10005a2        0     1                 
         10005ae          10005ae        0     1                 
         10005ae          10005ae        0     1                 
         10005b6          10005b6        0     1                 
         10005c0          10005c0        0     1                 
         10005c0          10005c0        0     1                 
         10005c2          10005c2        0     1                 
         10005c2          10005c2        0     1                 
         10005ca          10005ca        0     1                 
         10005d2          10005d2        0     1                 
         10005d6          10005d6        0     1                 
         10005da          10005da        0     1                 
         10005dc          10005dc        0     1                 .LBB2_47
         10005dc          10005dc        0     1                 
         10005ea          10005ea        0     1                 
         10005ea          10005ea        0     1                 .LBB2_48
         10005ea          10005ea        0     1                 
         10005ee          10005ee        0     1                 
         10005f4          10005f4        0     1                 
         10005f4          10005f4        0     1                 
         10005f8          10005f8        0     1                 
         10005fa          10005fa        0     1                 
         10005fc          10005fc        0     1                 
         1000602          1000602        0     1                 
         1000602          1000602        0     1                 .LBB2_49
         1000602          1000602        0     1                 
         1000604          1000604        0     1                 
         100060a          100060a        0     1                 
         100060a          100060a        0     1                 .LBB2_50
         100060c          100060c        0     1                 
         100060c          100060c        0     1                 
         1000616          1000616        0     1                 
         1000616          1000616        0     1                 
         100061e          100061e        0     1                 
         1000628          1000628        0     1                 
         1000628          1000628        0     1                 
         100062a          100062a        0     1                 
         100062a          100062a        0     1                 
         1000632          1000632        0     1                 
         100063a          100063a        0     1                 
         1000642          1000642        0     1                 
         1000644          1000644        0     1                 .LBB2_53
         1000644          1000644        0     1                 
         1000652          1000652        0     1                 
         1000652          1000652        0     1                 .LBB2_54
         1000652          1000652        0     1                 
         1000656          1000656        0     1                 
         100065c          100065c        0     1                 
         100065c          100065c        0     1                 
         1000660          1000660        0     1                 
         1000662          1000662        0     1                 
         1000664          1000664        0     1                 
         1000668          1000668        0     1                 
         1000668          1000668        0     1                 
         100066c          100066c        0     1                 
         100066c          100066c        0     1                 
         1000670          1000670        0     1                 
         1000672          1000672        0     1                 
         1000676          1000676        0     1                 
         1000678          1000678        0     1                 
         1000678          1000678        0     1                 .LBB2_58
         1000678          1000678        0     1                 
         100067c          100067c        0     1                 
         1000680          1000680        0     1                 
         1000684          1000684        0     1                 
         1000686          1000686        0     1                 
         100068a          100068a        0     1                 
         1000690          1000690        0     1                 .LBB2_60
         1000690          1000690        0     1                 
         1000690          1000690        0     1                 
         1000692          1000692        0     1                 
         1000694          1000694        0     1                 .LBB2_61
         1000694          1000694        0     1                 
         1000696          1000696        0     1                 
         1000696          1000696        0     1                 
         100069a          100069a        0     1                 
         10006a0          10006a0        0     1                 
         10006a0          10006a0        0     1                 .LBB2_62
         10006a0          10006a0        0     1                 
         10006a2          10006a2        0     1                 
         10006a2          10006a2        0     1                 
         10006ac          10006ac        0     1                 
         10006ac          10006ac        0     1                 
         10006b4          10006b4        0     1                 
         10006be          10006be        0     1                 
         10006be          10006be        0     1                 
         10006c0          10006c0        0     1                 
         10006c0          10006c0        0     1                 
         10006c8          10006c8        0     1                 
         10006d0          10006d0        0     1                 
         10006d8          10006d8        0     1                 
         10006da          10006da        0     1                 .LBB2_65
         10006da          10006da        0     1                 
         10006e4          10006e4        0     1                 
         10006e4          10006e4        0     1                 .LBB2_66
         10006e4          10006e4        0     1                 
         10006e8          10006e8        0     1                 
         10006ee          10006ee        0     1                 
         10006ee          10006ee        0     1                 
         10006f2          10006f2        0     1                 
         10006f4          10006f4        0     1                 
         10006f6          10006f6        0     1                 
         10006fa          10006fa        0     1                 .LBB2_67
         10006fa          10006fa        0     1                 
         10006fa          10006fa        0     1                 
         10006fe          10006fe        0     1                 
         10006fe          10006fe        0     1                 
         1000702          1000702        0     1                 
         1000704          1000704        0     1                 
         1000708          1000708        0     1                 
         100070a          100070a        0     1                 
         100070a          100070a        0     1                 .LBB2_70
         100070a          100070a        0     1                 
         100070e          100070e        0     1                 
         1000712          1000712        0     1                 
         1000716          1000716        0     1                 
         1000718          1000718        0     1                 
         100071c          100071c        0     1                 
         1000720          1000720        0     1                 .LBB2_72
         1000720          1000720        0     1                 
         1000720          1000720        0     1                 
         1000722          1000722        0     1                 
         1000724          1000724        0     1                 .LBB2_73
         1000724          1000724        0     1                 
         1000724          1000724        0     1                 
         1000728          1000728        0     1                 
         100072c          100072c        0     1                 
         100072c          100072c        0     1                 
         100074a          100074a        0     1                 
         100074e          100074e        0     1                 
         100074e          100074e        0     1                 
         100074e          100074e        0     1                 
         100074e          100074e        0     1                 
         100074e          100074e        0     1                 
         100074e          100074e       1c     1                 ksnprintf
         100075e          100075e        0     1                 
         1000760          1000760        0     1                 
         1000764          1000764        0     1                 
         1000764          1000764        0     1                 
         1000766          1000766        0     1                 
         100076a          100076a        0     1                 
         100076a          100076a        0     1                 
         100076a          100076a        0     1                 
         100076a          100076a        0     1                 
         100076a          100076a        0     1                 
         100076a          100076a       54     1                 strip_elf_extension
         100076e          100076e        0     1                 
         1000776          1000776        0     1                 
         100077a          100077a        0     1                 
         100077c          100077c        0     1                 
         100077c          100077c        0     1                 
         1000780          1000780        0     1                 
         1000784          1000784        0     1                 
         1000788          1000788        0     1                 
         1000788          1000788        0     1                 
         100078a          100078a        0     1                 
         100078e          100078e        0     1                 .Lpcrel_hi5
         100078e          100078e        0     1                 
         100079c          100079c        0     1                 
         100079c          100079c        0     1                 
         100079e          100079e        0     1                 
         10007a0          10007a0        0     1                 
         10007a0          10007a0        0     1                 .Lpcrel_hi6
         10007a0          10007a0        0     1                 
         10007ae          10007ae        0     1                 
         10007ae          10007ae        0     1                 
         10007b0          10007b0        0     1                 
         10007b4          10007b4        0     1                 .LBB4_6
         10007b4          10007b4        0     1                 
         10007b4          10007b4        0     1                 
         10007bc          10007bc        0     1                 .LBB4_7
         10007bc          10007bc        0     1                 
         10007be          10007be        0     1                 
         10007be          10007be        0     1                 
         10007be          10007be      4d2     2         user/lib/libuser.a(printf.o):(.text)
         10007be          10007be        0     1                 
         10007be          10007be        0     1                 
         10007be          10007be        0     1                 $x.0
         10007be          10007be        0     1                 
         10007be          10007be        c     1                 putc
         10007c0          10007c0        0     1                 
         10007ca          10007ca        0     1                 
         10007ca          10007ca        0     1                 
         10007ca          10007ca        0     1                 
         10007ca          10007ca        0     1                 
         10007ca          10007ca        0     1                 
         10007ca          10007ca        0     1                 
         10007ca          10007ca       1a     1                 puts
         10007d2          10007d2        0     1                 
         10007d2          10007d2        0     1                 
         10007d6          10007d6        0     1                 
         10007d8          10007d8        0     1                 
         10007e0          10007e0        0     1                 
         10007e0          10007e0        0     1                 
         10007e4          10007e4        0     1                 
         10007e4          10007e4        0     1                 
         10007e4          10007e4        0     1                 
         10007e4          10007e4        0     1                 
         10007e4          10007e4        0     1                 
         10007e4          10007e4        0     1                 
         10007e4          10007e4       8e     1                 puthex
         10007ec          10007ec        0     1                 
         10007ec          10007ec        0     1                 
         10007f0          10007f0        0     1                 
         10007f2          10007f2        0     1                 
         10007f4          10007f4        0     1                 .Lpcrel_hi0
         1000804          1000804        0     1                 
         1000804          1000804        0     1                 .LBB2_2
         1000804          1000804        0     1                 
         1000808          1000808        0     1                 
         100080e          100080e        0     1                 
         100080e          100080e        0     1                 
         1000816          1000816        0     1                 
         1000816          1000816        0     1                 
         100081c          100081c        0     1                 
         1000822          1000822        0     1                 
         1000824          1000824        0     1                 
         1000824          1000824        0     1                 
         1000828          1000828        0     1                 .LBB2_4
         1000828          1000828        0     1                 
         1000828          1000828        0     1                 
         100082c          100082c        0     1                 
         100082c          100082c        0     1                 
         1000832          1000832        0     1                 .LBB2_5
         1000832          1000832        0     1                 
         1000832          1000832        0     1                 
         1000834          1000834        0     1                 
         1000838          1000838        0     1                 
         1000838          1000838        0     1                 
         100083c          100083c        0     1                 
         100083c          100083c        0     1                 .LBB2_6
         100083c          100083c        0     1                 
         100084c          100084c        0     1                 
         100084c          100084c        0     1                 
         100084e          100084e        0     1                 
         1000850          1000850        0     1                 .LBB2_7
         1000850          1000850        0     1                 
         1000850          1000850        0     1                 
         1000852          1000852        0     1                 
         1000852          1000852        0     1                 
         1000856          1000856        0     1                 
         1000858          1000858        0     1                 
         1000858          1000858        0     1                 
         100085e          100085e        0     1                 
         1000860          1000860        0     1                 
         1000868          1000868        0     1                 
         1000868          1000868        0     1                 
         100086c          100086c        0     1                 
         100086e          100086e        0     1                 
         100086e          100086e        0     1                 
         1000872          1000872        0     1                 
         1000872          1000872        0     1                 
         1000872          1000872        0     1                 
         1000872          1000872        0     1                 
         1000872          1000872        0     1                 
         1000872          1000872       dc     1                 putpad
         1000882          1000882        0     1                 
         1000884          1000884        0     1                 
         1000884          1000884        0     1                 
         1000890          1000890        0     1                 
         1000894          1000894        0     1                 
         1000898          1000898        0     1                 
         1000898          1000898        0     1                 
         100089c          100089c        0     1                 
         10008a0          10008a0        0     1                 .LBB3_2
         10008a0          10008a0        0     1                 
         10008a0          10008a0        0     1                 
         10008a2          10008a2        0     1                 
         10008a8          10008a8        0     1                 
         10008aa          10008aa        0     1                 
         10008aa          10008aa        0     1                 .LBB3_4
         10008aa          10008aa        0     1                 
         10008ba          10008ba        0     1                 
         10008ba          10008ba        0     1                 
         10008be          10008be        0     1                 
         10008c2          10008c2        0     1                 .LBB3_6
         10008c2          10008c2        0     1                 
         10008c4          10008c4        0     1                 
         10008c4          10008c4        0     1                 
         10008cc          10008cc        0     1                 
         10008cc          10008cc        0     1                 
         10008d2          10008d2        0     1                 
         10008d8          10008d8        0     1                 
         10008da          10008da        0     1                 
         10008de          10008de        0     1                 .LBB3_8
         10008de          10008de        0     1                 
         10008de          10008de        0     1                 
         10008e2          10008e2        0     1                 
         10008e2          10008e2        0     1                 
         10008e8          10008e8        0     1                 .LBB3_9
         10008e8          10008e8        0     1                 
         10008e8          10008e8        0     1                 
         10008ea          10008ea        0     1                 
         10008ec          10008ec        0     1                 
         10008ec          10008ec        0     1                 
         10008f0          10008f0        0     1                 
         10008f0          10008f0        0     1                 
         10008f8          10008f8        0     1                 
         1000900          1000900        0     1                 .LBB3_11
         1000900          1000900        0     1                 
         1000900          1000900        0     1                 
         1000904          1000904        0     1                 
         1000910          1000910        0     1                 .LBB3_14
         1000910          1000910        0     1                 
         1000914          1000914        0     1                 
         1000916          1000916        0     1                 
         1000916          1000916        0     1                 .LBB3_15
         1000916          1000916        0     1                 
         1000924          1000924        0     1                 
         1000924          1000924        0     1                 
         1000926          1000926        0     1                 
         1000928          1000928        0     1                 .LBB3_16
         1000928          1000928        0     1                 
         1000928          1000928        0     1                 
         100092a          100092a        0     1                 
         100092a          100092a        0     1                 
         100092c          100092c        0     1                 
         100092e          100092e        0     1                 
         100092e          100092e        0     1                 
         1000934          1000934        0     1                 
         1000936          1000936        0     1                 
         100093e          100093e        0     1                 
         100093e          100093e        0     1                 
         1000942          1000942        0     1                 
         1000946          1000946        0     1                 
         1000948          1000948        0     1                 
         100094a          100094a        0     1                 
         100094a          100094a        0     1                 
         100094e          100094e        0     1                 
         100094e          100094e        0     1                 
         100094e          100094e        0     1                 
         100094e          100094e        0     1                 
         100094e          100094e        0     1                 
         100094e          100094e      342     1                 printf
         100096c          100096c        0     1                 
         100097c          100097c        0     1                 
         10009a0          10009a0        0     1                 
         10009a0          10009a0        0     1                 .LBB4_1
         10009a0          10009a0        0     1                 
         10009a2          10009a2        0     1                 .LBB4_2
         10009a6          10009a6        0     1                 .LBB4_3
         10009aa          10009aa        0     1                 
         10009aa          10009aa        0     1                 
         10009ae          10009ae        0     1                 .LBB4_4
         10009ae          10009ae        0     1                 
         10009ae          10009ae        0     1                 
         10009b2          10009b2        0     1                 
         10009ba          10009ba        0     1                 
         10009ba          10009ba        0     1                 
         10009c6          10009c6        0     1                 
         10009c6          10009c6        0     1                 
         10009c8          10009c8        0     1                 
         10009ca          10009ca        0     1                 .LBB4_7
         10009ca          10009ca        0     1                 
         10009ca          10009ca        0     1                 
         10009ce          10009ce        0     1                 
         10009d2          10009d2        0     1                 
         10009d2          10009d2        0     1                 
         10009d6          10009d6        0     1                 
         10009d8          10009d8        0     1                 .LBB4_9
         10009d8          10009d8        0     1                 
         10009dc          10009dc        0     1                 .LBB4_10
         10009e6          10009e6        0     1                 
         10009e6          10009e6        0     1                 
         10009ea          10009ea        0     1                 
         10009f8          10009f8        0     1                 
         10009fa          10009fa        0     1                 
         10009fa          10009fa        0     1                 .LBB4_12
         10009fa          10009fa        0     1                 
         1000a02          1000a02        0     1                 
         1000a06          1000a06        0     1                 
         1000a06          1000a06        0     1                 
         1000a08          1000a08        0     1                 
         1000a0c          1000a0c        0     1                 
         1000a0c          1000a0c        0     1                 
         1000a14          1000a14        0     1                 
         1000a18          1000a18        0     1                 
         1000a18          1000a18        0     1                 
         1000a1a          1000a1a        0     1                 
         1000a1e          1000a1e        0     1                 .LBB4_13
         1000a1e          1000a1e        0     1                 
         1000a1e          1000a1e        0     1                 
         1000a22          1000a22        0     1                 
         1000a22          1000a22        0     1                 
         1000a26          1000a26        0     1                 
         1000a2a          1000a2a        0     1                 
         1000a30          1000a30        0     1                 
         1000a32          1000a32        0     1                 
         1000a32          1000a32        0     1                 
         1000a34          1000a34        0     1                 
         1000a34          1000a34        0     1                 
         1000a3e          1000a3e        0     1                 .LBB4_16
         1000a3e          1000a3e        0     1                 
         1000a3e          1000a3e        0     1                 
         1000a42          1000a42        0     1                 
         1000a42          1000a42        0     1                 
         1000a4a          1000a4a        0     1                 .LBB4_17
         1000a4c          1000a4c        0     1                 .Lpcrel_hi1
         1000a58          1000a58        0     1                 .Lpcrel_hi2
         1000a62          1000a62        0     1                 .LBB4_18
         1000a62          1000a62        0     1                 
         1000a6e          1000a6e        0     1                 
         1000a70          1000a70        0     1                 .LBB4_19
         1000a70          1000a70        0     1                 
         1000a74          1000a74        0     1                 
         1000a76          1000a76        0     1                 
         1000a76          1000a76        0     1                 
         1000a7e          1000a7e        0     1                 .LBB4_20
         1000a82          1000a82        0     1                 
         1000a82          1000a82        0     1                 
         1000a8c          1000a8c        0     1                 .LBB4_22
         1000a8c          1000a8c        0     1                 
         1000a8c          1000a8c        0     1                 
         1000a9c          1000a9c        0     1                 
         1000a9c          1000a9c        0     1                 
         1000aa0          1000aa0        0     1                 .LBB4_23
         1000aa0          1000aa0        0     1                 
         1000aa0          1000aa0        0     1                 
         1000aa4          1000aa4        0     1                 .LBB4_24
         1000aac          1000aac        0     1                 
         1000aac          1000aac        0     1                 
         1000ab0          1000ab0        0     1                 
         1000ab0          1000ab0        0     1                 
         1000ab2          1000ab2        0     1                 
         1000ab2          1000ab2        0     1                 .LBB4_25
         1000ab2          1000ab2        0     1                 .Lpcrel_hi4
         1000ab2          1000ab2        0     1                 
         1000aba          1000aba        0     1                 
         1000ac0          1000ac0        0     1                 
         1000ac2          1000ac2        0     1                 
         1000aca          1000aca        0     1                 
         1000aca          1000aca        0     1                 
         1000ad4          1000ad4        0     1                 
         1000ad4          1000ad4        0     1                 
         1000ad8          1000ad8        0     1                 
         1000ad8          1000ad8        0     1                 
         1000ada          1000ada        0     1                 
         1000ada          1000ada        0     1                 
         1000ade          1000ade        0     1                 
         1000ade          1000ade        0     1                 .LBB4_27
         1000ae0          1000ae0        0     1                 
         1000ae0          1000ae0        0     1                 
         1000ae2          1000ae2        0     1                 
         1000ae8          1000ae8        0     1                 
         1000ae8          1000ae8        0     1                 
         1000af0          1000af0        0     1                 
         1000af0          1000af0        0     1                 
         1000af4          1000af4        0     1                 
         1000af6          1000af6        0     1                 
         1000afa          1000afa        0     1                 
         1000afa          1000afa        0     1                 
         1000afe          1000afe        0     1                 .LBB4_29
         1000afe          1000afe        0     1                 
         1000afe          1000afe        0     1                 
         1000b06          1000b06        0     1                 
         1000b06          1000b06        0     1                 
         1000b0c          1000b0c        0     1                 
         1000b0c          1000b0c        0     1                 .LBB4_30
         1000b0c          1000b0c        0     1                 
         1000b0e          1000b0e        0     1                 
         1000b10          1000b10        0     1                 
         1000b1a          1000b1a        0     1                 
         1000b1c          1000b1c        0     1                 
         1000b1c          1000b1c        0     1                 
         1000b1e          1000b1e        0     1                 
         1000b1e          1000b1e        0     1                 
         1000b22          1000b22        0     1                 
         1000b22          1000b22        0     1                 
         1000b24          1000b24        0     1                 
         1000b28          1000b28        0     1                 
         1000b28          1000b28        0     1                 .LBB4_33
         1000b2a          1000b2a        0     1                 
         1000b2a          1000b2a        0     1                 
         1000b2c          1000b2c        0     1                 
         1000b32          1000b32        0     1                 
         1000b32          1000b32        0     1                 
         1000b3a          1000b3a        0     1                 
         1000b3a          1000b3a        0     1                 
         1000b3e          1000b3e        0     1                 
         1000b40          1000b40        0     1                 
         1000b44          1000b44        0     1                 
         1000b44          1000b44        0     1                 
         1000b4a          1000b4a        0     1                 
         1000b4a          1000b4a        0     1                 .LBB4_35
         1000b4a          1000b4a        0     1                 
         1000b54          1000b54        0     1                 
         1000b54          1000b54        0     1                 
         1000b56          1000b56        0     1                 .Lpcrel_hi3
         1000b56          1000b56        0     1                 
         1000b5e          1000b5e        0     1                 .LBB4_37
         1000b5e          1000b5e        0     1                 
         1000b5e          1000b5e        0     1                 
         1000b64          1000b64        0     1                 
         1000b66          1000b66        0     1                 
         1000b6e          1000b6e        0     1                 
         1000b6e          1000b6e        0     1                 
         1000b72          1000b72        0     1                 
         1000b72          1000b72        0     1                 
         1000b74          1000b74        0     1                 
         1000b74          1000b74        0     1                 .LBB4_38
         1000b7c          1000b7c        0     1                 
         1000b80          1000b80        0     1                 
         1000b84          1000b84        0     1                 
         1000b88          1000b88        0     1                 .LBB4_41
         1000b88          1000b88        0     1                 
         1000b90          1000b90        0     1                 
         1000b92          1000b92        0     1                 
         1000b94          1000b94        0     1                 .LBB4_43
         1000b94          1000b94        0     1                 
         1000b98          1000b98        0     1                 .LBB4_44
         1000b98          1000b98        0     1                 
         1000b98          1000b98        0     1                 
         1000b9c          1000b9c        0     1                 
         1000b9c          1000b9c        0     1                 
         1000ba0          1000ba0        0     1                 
         1000ba0          1000ba0        0     1                 
         1000ba2          1000ba2        0     1                 
         1000ba4          1000ba4        0     1                 
         1000ba6          1000ba6        0     1                 
         1000ba6          1000ba6        0     1                 .LBB4_46
         1000ba8          1000ba8        0     1                 
         1000ba8          1000ba8        0     1                 
         1000baa          1000baa        0     1                 
         1000bb0          1000bb0        0     1                 
         1000bb0          1000bb0        0     1                 
         1000bb8          1000bb8        0     1                 
         1000bb8          1000bb8        0     1                 
         1000bbc          1000bbc        0     1                 
         1000bbe          1000bbe        0     1                 
         1000bc2          1000bc2        0     1                 
         1000bc2          1000bc2        0     1                 
         1000bc8          1000bc8        0     1                 .LBB4_48
         1000bc8          1000bc8        0     1                 
         1000bc8          1000bc8        0     1                 
         1000bd0          1000bd0        0     1                 
         1000bd0          1000bd0        0     1                 
         1000bd2          1000bd2        0     1                 .LBB4_49
         1000bd2          1000bd2        0     1                 
         1000bd2          1000bd2        0     1                 
         1000bd4          1000bd4        0     1                 
         1000bd4          1000bd4        0     1                 .LBB4_50
         1000bd4          1000bd4        0     1                 
         1000be4          1000be4        0     1                 
         1000be4          1000be4        0     1                 
         1000be6          1000be6        0     1                 
         1000be8          1000be8        0     1                 .LBB4_51
         1000be8          1000be8        0     1                 
         1000be8          1000be8        0     1                 
         1000bea          1000bea        0     1                 
         1000bea          1000bea        0     1                 
         1000bf0          1000bf0        0     1                 
         1000bf2          1000bf2        0     1                 
         1000bfa          1000bfa        0     1                 
         1000bfa          1000bfa        0     1                 
         1000bfe          1000bfe        0     1                 
         1000bfe          1000bfe        0     1                 
         1000c02          1000c02        0     1                 .LBB4_52
         1000c02          1000c02        0     1                 
         1000c02          1000c02        0     1                 
         1000c06          1000c06        0     1                 .LBB4_53
         1000c06          1000c06        0     1                 
         1000c0c          1000c0c        0     1                 .LBB4_54
         1000c0c          1000c0c        0     1                 
         1000c0c          1000c0c        0     1                 
         1000c12          1000c12        0     1                 .LBB4_55
         1000c12          1000c12        0     1                 
         1000c12          1000c12        0     1                 
         1000c14          1000c14        0     1                 
         1000c18          1000c18        0     1                 
         1000c18          1000c18        0     1                 
         1000c1c          1000c1c        0     1                 
         1000c1c          1000c1c        0     1                 .LBB4_56
         1000c1c          1000c1c        0     1                 
         1000c2c          1000c2c        0     1                 
         1000c2c          1000c2c        0     1                 
         1000c2e          1000c2e        0     1                 
         1000c32          1000c32        0     1                 .LBB4_57
         1000c32          1000c32        0     1                 
         1000c32          1000c32        0     1                 
         1000c38          1000c38        0     1                 .LBB4_58
         1000c38          1000c38        0     1                 
         1000c38          1000c38        0     1                 
         1000c3a          1000c3a        0     1                 
         1000c3e          1000c3e        0     1                 
         1000c3e          1000c3e        0     1                 
         1000c42          1000c42        0     1                 
         1000c42          1000c42        0     1                 .LBB4_59
         1000c42          1000c42        0     1                 
         1000c52          1000c52        0     1                 
         1000c52          1000c52        0     1                 
         1000c54          1000c54        0     1                 
         1000c56          1000c56        0     1                 .LBB4_60
         1000c56          1000c56        0     1                 
         1000c56          1000c56        0     1                 
         1000c58          1000c58        0     1                 
         1000c5c          1000c5c        0     1                 
         1000c5c          1000c5c        0     1                 
         1000c62          1000c62        0     1                 
         1000c64          1000c64        0     1                 
         1000c6c          1000c6c        0     1                 
         1000c6c          1000c6c        0     1                 
         1000c72          1000c72        0     1                 .LBB4_61
         1000c72          1000c72        0     1                 
         1000c84          1000c84        0     1                 
         1000c8c          1000c8c        0     1                 
         1000c90          1000c90        0     1                 
         1000c90          1000c90        0     1                 
         1000c90          1000c90      230     2         user/lib/libuser.a(string.o):(.text)
         1000c90          1000c90        0     1                 
         1000c90          1000c90        0     1                 
         1000c90          1000c90        0     1                 $x.0
         1000c90          1000c90        0     1                 
         1000c90          1000c90       2e     1                 strcmp
         1000c94          1000c94        0     1                 
         1000c96          1000c96        0     1                 
         1000c98          1000c98        0     1                 
         1000c98          1000c98        0     1                 .LBB0_2
         1000c98          1000c98        0     1                 
         1000c9c          1000c9c        0     1                 
         1000ca0          1000ca0        0     1                 
         1000ca4          1000ca4        0     1                 
         1000ca4          1000ca4        0     1                 
         1000ca8          1000ca8        0     1                 
         1000caa          1000caa        0     1                 
         1000cac          1000cac        0     1                 
         1000cae          1000cae        0     1                 .LBB0_4
         1000cae          1000cae        0     1                 
         1000cb4          1000cb4        0     1                 .LBB0_5
         1000cb4          1000cb4        0     1                 
         1000cb4          1000cb4        0     1                 
         1000cb6          1000cb6        0     1                 .LBB0_6
         1000cb6          1000cb6        0     1                 
         1000cb6          1000cb6        0     1                 
         1000cba          1000cba        0     1                 
         1000cba          1000cba        0     1                 
         1000cbc          1000cbc        0     1                 
         1000cbe          1000cbe        0     1                 
         1000cbe          1000cbe        0     1                 
         1000cbe          1000cbe        0     1                 
         1000cbe          1000cbe        0     1                 
         1000cbe          1000cbe        0     1                 
         1000cbe          1000cbe       2e     1                 strncmp
         1000cc0          1000cc0        0     1                 
         1000cc2          1000cc2        0     1                 
         1000cc4          1000cc4        0     1                 
         1000cc8          1000cc8        0     1                 
         1000cc8          1000cc8        0     1                 .LBB1_2
         1000cc8          1000cc8        0     1                 
         1000ccc          1000ccc        0     1                 
         1000cd0          1000cd0        0     1                 
         1000cd4          1000cd4        0     1                 
         1000cd6          1000cd6        0     1                 
         1000cd8          1000cd8        0     1                 
         1000cda          1000cda        0     1                 
         1000ce2          1000ce2        0     1                 .LBB1_5
         1000ce2          1000ce2        0     1                 
         1000ce2          1000ce2        0     1                 
         1000ce6          1000ce6        0     1                 .LBB1_6
         1000ce6          1000ce6        0     1                 
         1000ce6          1000ce6        0     1                 
         1000cea          1000cea        0     1                 
         1000cea          1000cea        0     1                 
         1000cec          1000cec        0     1                 
         1000cec          1000cec        0     1                 
         1000cec          1000cec        0     1                 
         1000cec          1000cec        0     1                 
         1000cec          1000cec        0     1                 
         1000cec          1000cec       14     1                 strlen
         1000cee          1000cee        0     1                 
         1000cee          1000cee        0     1                 .LBB2_1
         1000cee          1000cee        0     1                 
         1000cf6          1000cf6        0     1                 
         1000cf8          1000cf8        0     1                 
         1000cfa          1000cfa        0     1                 
         1000cfe          1000cfe        0     1                 
         1000d00          1000d00        0     1                 
         1000d00          1000d00        0     1                 
         1000d00          1000d00        0     1                 
         1000d00          1000d00        0     1                 
         1000d00          1000d00        0     1                 
         1000d00          1000d00       1e     1                 strnlen
         1000d02          1000d02        0     1                 
         1000d04          1000d04        0     1                 
         1000d06          1000d06        0     1                 
         1000d06          1000d06        0     1                 .LBB3_2
         1000d06          1000d06        0     1                 
         1000d0e          1000d0e        0     1                 
         1000d10          1000d10        0     1                 
         1000d12          1000d12        0     1                 
         1000d16          1000d16        0     1                 
         1000d18          1000d18        0     1                 .LBB3_5
         1000d18          1000d18        0     1                 
         1000d18          1000d18        0     1                 
         1000d1a          1000d1a        0     1                 .LBB3_6
         1000d1a          1000d1a        0     1                 
         1000d1a          1000d1a        0     1                 
         1000d1c          1000d1c        0     1                 
         1000d1c          1000d1c        0     1                 
         1000d1e          1000d1e        0     1                 
         1000d1e          1000d1e        0     1                 
         1000d1e          1000d1e        0     1                 
         1000d1e          1000d1e        0     1                 
         1000d1e          1000d1e        0     1                 
         1000d1e          1000d1e       24     1                 strcpy
         1000d24          1000d24        0     1                 
         1000d28          1000d28        0     1                 
         1000d28          1000d28        0     1                 
         1000d2a          1000d2a        0     1                 
         1000d2a          1000d2a        0     1                 .LBB4_2
         1000d2a          1000d2a        0     1                 
         1000d2e          1000d2e        0     1                 
         1000d32          1000d32        0     1                 
         1000d36          1000d36        0     1                 
         1000d36          1000d36        0     1                 
         1000d38          1000d38        0     1                 
         1000d38          1000d38        0     1                 
         1000d3a          1000d3a        0     1                 
         1000d3c          1000d3c        0     1                 .LBB4_3
         1000d3c          1000d3c        0     1                 
         1000d3c          1000d3c        0     1                 
         1000d40          1000d40        0     1                 
         1000d42          1000d42        0     1                 
         1000d42          1000d42        0     1                 
         1000d42          1000d42        0     1                 
         1000d42          1000d42        0     1                 
         1000d42          1000d42        0     1                 
         1000d42          1000d42       32     1                 strncpy
         1000d44          1000d44        0     1                 
         1000d46          1000d46        0     1                 
         1000d46          1000d46        0     1                 .LBB5_1
         1000d46          1000d46        0     1                 
         1000d4e          1000d4e        0     1                 
         1000d50          1000d50        0     1                 
         1000d54          1000d54        0     1                 
         1000d56          1000d56        0     1                 
         1000d5a          1000d5a        0     1                 
         1000d60          1000d60        0     1                 .LBB5_3
         1000d60          1000d60        0     1                 
         1000d64          1000d64        0     1                 
         1000d66          1000d66        0     1                 
         1000d68          1000d68        0     1                 
         1000d68          1000d68        0     1                 .LBB5_5
         1000d68          1000d68        0     1                 
[...]
              91               91        0     1                 $d.4
             3b1              3b1      1f4     1         user/lib/libuser.a(ipc.o):(.debug_info)
             3b1              3b1        0     1                 $d.4
             5a5              5a5      13c     1         user/lib/libuser.a(log.o):(.debug_info)
             5a5              5a5        0     1                 $d.3
             6e1              6e1      628     1         user/lib/libuser.a(common.o):(.debug_info)
             6e1              6e1        0     1                 $d.5
             d09              d09      79d     1         user/lib/libuser.a(printf.o):(.debug_info)
             d09              d09        0     1                 $d.5
            14a6             14a6      49c     1         user/lib/libuser.a(string.o):(.debug_info)
            14a6             14a6        0     1                 $d.4
            1942             1942      652     1         user/lib/libuser.a(syscall.o):(.debug_info)
            1942             1942        0     1                 $d.3
               0                0      89e     1 .debug_abbrev
               0                0       21     1         user/bin/crt0.o:(.debug_abbrev)
               0                0        0     1                 
               0                0        0     1                 $d.3
              21               21       ea     1         user/bin/window_server.o:(.debug_abbrev)
              21               21        0     1                 $d.3
             10b              10b       ec     1         user/lib/libuser.a(ipc.o):(.debug_abbrev)
             10b              10b        0     1                 $d.3
             1f7              1f7       c3     1         user/lib/libuser.a(log.o):(.debug_abbrev)
             1f7              1f7        0     1                 $d.2
             2ba              2ba      1be     1         user/lib/libuser.a(common.o):(.debug_abbrev)
             2ba              2ba        0     1                 $d.4
             478              478      1d2     1         user/lib/libuser.a(printf.o):(.debug_abbrev)
             478              478        0     1                 $d.4
             64a              64a      119     1         user/lib/libuser.a(string.o):(.debug_abbrev)
             64a              64a        0     1                 $d.3
             763              763      13b     1         user/lib/libuser.a(syscall.o):(.debug_abbrev)
             763              763        0     1                 $d.2
               0                0       30     1 .debug_aranges
               0                0       30     1         user/bin/crt0.o:(.debug_aranges)
               0                0        0     1                 $d.2
               0                0     1ad1     1 .debug_line
               0                0       49     1         user/bin/crt0.o:(.debug_line)
               0                0        0     1                 .Lline_table_start0
               0                0        0     1                 $d.5
              49               49      191     1         user/bin/window_server.o:(.debug_line)
              49               49        0     1                 .Lline_table_start0
              49               49        0     1                 $d.9
             1da              1da      11b     1         user/lib/libuser.a(ipc.o):(.debug_line)
             1da              1da        0     1                 .Lline_table_start0
             1da              1da        0     1                 $d.9
             2f5              2f5       f4     1         user/lib/libuser.a(log.o):(.debug_line)
             2f5              2f5        0     1                 .Lline_table_start0
             2f5              2f5        0     1                 $d.8
             3e9              3e9      914     1         user/lib/libuser.a(common.o):(.debug_line)
             3e9              3e9        0     1                 .Lline_table_start0
             3e9              3e9        0     1                 $d.11
             cfd              cfd      6f9     1         user/lib/libuser.a(printf.o):(.debug_line)
             cfd              cfd        0     1                 .Lline_table_start0
             cfd              cfd        0     1                 $d.11
            13f6             13f6      581     1         user/lib/libuser.a(string.o):(.debug_line)
            13f6             13f6        0     1                 .Lline_table_start0
            13f6             13f6        0     1                 $d.10
            1977             1977      15a     1         user/lib/libuser.a(syscall.o):(.debug_line)
            1977             1977        0     1                 .Lline_table_start0
            1977             1977        0     1                 $d.8
               0                0     221c     1 .debug_loc
               0                0       23     1         user/bin/window_server.o:(.debug_loc)
               0                0        0     1                 
               0                0        0     1                 $d.2
              23               23      17c     1         user/lib/libuser.a(ipc.o):(.debug_loc)
              23               23        0     1                 
              23               23        0     1                 $d.2
              59               59        0     1                 
              8f               8f        0     1                 
              c5               c5        0     1                 
              fb               fb        0     1                 
             131              131        0     1                 
             167              167        0     1                 
             19f              19f       49     1         user/lib/libuser.a(log.o):(.debug_loc)
             19f              19f        0     1                 
             19f              19f        0     1                 $d.1
             1e8              1e8      ba6     1         user/lib/libuser.a(common.o):(.debug_loc)
             1e8              1e8        0     1                 
             1e8              1e8        0     1                 $d.3
             231              231        0     1                 
             267              267        0     1                 
             28a              28a        0     1                 
             2d5              2d5        0     1                 
             30b              30b        0     1                 
             354              354        0     1                 
             38a              38a        0     1                 
             3d3              3d3        0     1                 
             40d              40d        0     1                 
             445              445        0     1                 
             47b              47b        0     1                 
             49e              49e        0     1                 
             4e7              4e7        0     1                 
             50a              50a        0     1                 
             540              540        0     1                 
             563              563        0     1                 
             586              586        0     1                 
             608              608        0     1                 
             6b1              6b1        0     1                 
             759              759        0     1                 
             77c              77c        0     1                 
             79f              79f        0     1                 
             7d7              7d7        0     1                 
             7fa              7fa        0     1                 
             850              850        0     1                 
             888              888        0     1                 
             8c0              8c0        0     1                 
             8e3              8e3        0     1                 
             939              939        0     1                 
             971              971        0     1                 
             994              994        0     1                 
             9ce              9ce        0     1                 
             a06              a06        0     1                 
             a3c              a3c        0     1                 
             a74              a74        0     1                 
             aaa              aaa        0     1                 
             ae2              ae2        0     1                 
             b18              b18        0     1                 
             b4e              b4e        0     1                 
             b86              b86        0     1                 
             bbc              bbc        0     1                 
             bf2              bf2        0     1                 
             c28              c28        0     1                 
             c60              c60        0     1                 
             c83              c83        0     1                 
             ca6              ca6        0     1                 
             cc9              cc9        0     1                 
             cff              cff        0     1                 
             d35              d35        0     1                 
             d58              d58        0     1                 
             d8e              d8e      b12     1         user/lib/libuser.a(printf.o):(.debug_loc)
             d8e              d8e        0     1                 
             d8e              d8e        0     1                 $d.3
             dc4              dc4        0     1                 
             dfa              dfa        0     1                 
             e30              e30        0     1                 
             e53              e53        0     1                 
             eb3              eb3        0     1                 
             edb              edb        0     1                 
             f00              f00        0     1                 
             f23              f23        0     1                 
             f6c              f6c        0     1                 
             f8f              f8f        0     1                 
             fc5              fc5        0     1                 
             ffb              ffb        0     1                 
            1031             1031        0     1                 
            10a4             10a4        0     1                 
            10c9             10c9        0     1                 
            10ec             10ec        0     1                 
            110f             110f        0     1                 
            1132             1132        0     1                 
            1155             1155        0     1                 
            12a8             12a8        0     1                 
            12cd             12cd        0     1                 
            1318             1318        0     1                 
            1391             1391        0     1                 
            13b4             13b4        0     1                 
            1414             1414        0     1                 
            144e             144e        0     1                 
            14cc             14cc        0     1                 
            1528             1528        0     1                 
            1550             1550        0     1                 
            158a             158a        0     1                 
            15ea             15ea        0     1                 
            164a             164a        0     1                 
            1680             1680        0     1                 
            16c4             16c4        0     1                 
            1720             1720        0     1                 
            1743             1743        0     1                 
            1779             1779        0     1                 
            17c2             17c2        0     1                 
            1806             1806        0     1                 
            182e             182e        0     1                 
            1853             1853        0     1                 
            187b             187b        0     1                 
            18a0             18a0      5ea     1         user/lib/libuser.a(string.o):(.debug_loc)
            18a0             18a0        0     1                 
            18a0             18a0        0     1                 $d.2
            18fe             18fe        0     1                 
            1921             1921        0     1                 
            1944             1944        0     1                 
            1967             1967        0     1                 
            198a             198a        0     1                 
            19ae             19ae        0     1                 
            19d1             19d1        0     1                 
            1a08             1a08        0     1                 
            1a51             1a51        0     1                 
            1a9c             1a9c        0     1                 
            1ad2             1ad2        0     1                 
            1b1b             1b1b        0     1                 
            1b3e             1b3e        0     1                 
            1b75             1b75        0     1                 
            1b98             1b98        0     1                 
            1bce             1bce        0     1                 
            1c41             1c41        0     1                 
            1c64             1c64        0     1                 
            1c87             1c87        0     1                 
            1caa             1caa        0     1                 
            1ccd             1ccd        0     1                 
            1d18             1d18        0     1                 
            1d50             1d50        0     1                 
            1d73             1d73        0     1                 
            1d96             1d96        0     1                 
            1db9             1db9        0     1                 
            1e10             1e10        0     1                 
            1e33             1e33        0     1                 
            1e8a             1e8a      392     1         user/lib/libuser.a(syscall.o):(.debug_loc)
            1e8a             1e8a        0     1                 
            1e8a             1e8a        0     1                 $d.1
            1ec0             1ec0        0     1                 
            1f09             1f09        0     1                 
            1f3f             1f3f        0     1                 
            1f75             1f75        0     1                 
            1fbe             1fbe        0     1                 
            1ff4             1ff4        0     1                 
            202a             202a        0     1                 
            2060             2060        0     1                 
            2083             2083        0     1                 
            20a6             20a6        0     1                 
            20ca             20ca        0     1                 
            20ee             20ee        0     1                 
            2125             2125        0     1                 
            2148             2148        0     1                 
            216b             216b        0     1                 
            218e             218e        0     1                 
            21b1             21b1        0     1                 
            21d4             21d4        0     1                 
            21f8             21f8        0     1                 
               0                0      3de     1 .debug_str
               0                0      3de     1         <internal>:(.debug_str)
               0                0       42     1 .comment
               0                0       42     1         <internal>:(.comment)
               0                0      510     8 .debug_frame
               0                0       50     8         user/bin/window_server.o:(.debug_frame)
               0                0        0     1                 
               0                0        0     1                 $d.8
              50               50       68     8         user/lib/libuser.a(ipc.o):(.debug_frame)
              50               50        0     1                 
              50               50        0     1                 $d.8
              b8               b8       38     8         user/lib/libuser.a(log.o):(.debug_frame)
              b8               b8        0     1                 
              b8               b8        0     1                 $d.7
              f0               f0       d8     8         user/lib/libuser.a(common.o):(.debug_frame)
              f0               f0        0     1                 
              f0               f0        0     1                 $d.10
             1c8              1c8       d8     8         user/lib/libuser.a(printf.o):(.debug_frame)
             1c8              1c8        0     1                 
             1c8              1c8        0     1                 $d.10
             2a0              2a0      138     8         user/lib/libuser.a(string.o):(.debug_frame)
             2a0              2a0        0     1                 
             2a0              2a0        0     1                 $d.9
             3d8              3d8      138     8         user/lib/libuser.a(syscall.o):(.debug_frame)
             3d8              3d8        0     1                 
             3d8              3d8        0     1                 $d.7
               0                0      2c0     1 .debug_ranges
               0                0      160     1         user/lib/libuser.a(common.o):(.debug_ranges)
               0                0        0     1                 
               0                0        0     1                 $d.6
              30               30        0     1                 
              70               70        0     1                 
              a0               a0        0     1                 
              d0               d0        0     1                 
             100              100        0     1                 
             130              130        0     1                 
             160              160      130     1         user/lib/libuser.a(printf.o):(.debug_ranges)
             160              160        0     1                 
             160              160        0     1                 $d.6
             1d0              1d0        0     1                 
             200              200        0     1                 
             230              230        0     1                 
             260              260        0     1                 
             290              290       30     1         user/lib/libuser.a(string.o):(.debug_ranges)
             290              290        0     1                 
             290              290        0     1                 $d.5
               0                0     a260     8 .symtab
               0                0     a260     8         <internal>:(.symtab)
               0                0       a4     1 .shstrtab
               0                0       a4     1         <internal>:(.shstrtab)
               0                0      34b     1 .strtab
               0                0      34b     1         <internal>:(.strtab)
